model XiaomiMiMo/MiMo-V2.6-Flash-RL
warm 0: status 200 tokens 64
== prose concurrency 1: 13:49:42.830 .. 13:49:46.388  wall 3.6 s
   req 0: status 200 finish=length tokens 256 chunks 256 ttft 153 ms  client update pace 13.35 ms/update
   aggregate wall: 256 tokens in 3.56 s = 71.95 tok/s (prefill included)
   legacy output-span aggregate: 75.20096565351992 tok/s (initial TTFT excluded; later admissions included)
   engine decode: 75.141 tok/s
== prose concurrency 1: 13:49:46.389 .. 13:49:49.943  wall 3.6 s
   req 0: status 200 finish=length tokens 256 chunks 256 ttft 153 ms  client update pace 13.34 ms/update
   aggregate wall: 256 tokens in 3.55 s = 72.03 tok/s (prefill included)
   legacy output-span aggregate: 75.2724971284914 tok/s (initial TTFT excluded; later admissions included)
   engine decode: 75.359 tok/s
== prose concurrency 1: 13:49:49.944 .. 13:49:53.473  wall 3.5 s
   req 0: status 200 finish=length tokens 256 chunks 256 ttft 153 ms  client update pace 13.23 ms/update
   aggregate wall: 256 tokens in 3.53 s = 72.55 tok/s (prefill included)
   legacy output-span aggregate: 75.85697414309158 tok/s (initial TTFT excluded; later admissions included)
   engine decode: 75.656 tok/s
== prose concurrency 2: 13:49:53.474 .. 13:49:58.609  wall 5.1 s
   req 0: status 200 finish=length tokens 256 chunks 256 ttft 203 ms  client update pace 18.44 ms/update
   req 1: status 200 finish=length tokens 256 chunks 256 ttft 203 ms  client update pace 19.34 ms/update
   aggregate wall: 512 tokens in 5.14 s = 99.70 tok/s (prefill included)
   legacy output-span aggregate: 103.82795925280053 tok/s (initial TTFT excluded; later admissions included)
   engine decode: 103.358 tok/s
== prose concurrency 2: 13:49:58.610 .. 13:50:03.761  wall 5.2 s
   req 0: status 200 finish=length tokens 256 chunks 256 ttft 203 ms  client update pace 18.40 ms/update
   req 1: status 200 finish=length tokens 256 chunks 256 ttft 204 ms  client update pace 19.40 ms/update
   aggregate wall: 512 tokens in 5.15 s = 99.39 tok/s (prefill included)
   legacy output-span aggregate: 103.48900561474923 tok/s (initial TTFT excluded; later admissions included)
   engine decode: 103.182 tok/s
== prose concurrency 2: 13:50:03.762 .. 13:50:08.914  wall 5.2 s
   req 0: status 200 finish=length tokens 256 chunks 256 ttft 204 ms  client update pace 18.51 ms/update
   req 1: status 200 finish=length tokens 256 chunks 256 ttft 204 ms  client update pace 19.40 ms/update
   aggregate wall: 512 tokens in 5.15 s = 99.38 tok/s (prefill included)
   legacy output-span aggregate: 103.48470155954689 tok/s (initial TTFT excluded; later admissions included)
   engine decode: 103.268 tok/s
== prose concurrency 4: 13:50:08.916 .. 13:50:16.393  wall 7.5 s
   req 0: status 200 finish=length tokens 256 chunks 256 ttft 254 ms  client update pace 28.22 ms/update
   req 1: status 200 finish=length tokens 256 chunks 256 ttft 255 ms  client update pace 28.01 ms/update
   req 2: status 200 finish=length tokens 256 chunks 256 ttft 254 ms  client update pace 28.32 ms/update
   req 3: status 200 finish=length tokens 256 chunks 256 ttft 253 ms  client update pace 27.82 ms/update
   aggregate wall: 1024 tokens in 7.48 s = 136.95 tok/s (prefill included)
   legacy output-span aggregate: 141.78475025675132 tok/s (initial TTFT excluded; later admissions included)
   engine decode: 141.368 tok/s
== prose concurrency 4: 13:50:16.394 .. 13:50:23.912  wall 7.5 s
   req 0: status 200 finish=length tokens 256 chunks 256 ttft 255 ms  client update pace 28.18 ms/update
   req 1: status 200 finish=length tokens 256 chunks 256 ttft 255 ms  client update pace 27.98 ms/update
   req 2: status 200 finish=length tokens 256 chunks 256 ttft 255 ms  client update pace 28.48 ms/update
   req 3: status 200 finish=length tokens 256 chunks 256 ttft 255 ms  client update pace 27.97 ms/update
   aggregate wall: 1024 tokens in 7.52 s = 136.21 tok/s (prefill included)
   legacy output-span aggregate: 141.00167461564146 tok/s (initial TTFT excluded; later admissions included)
   engine decode: 140.857 tok/s
== prose concurrency 4: 13:50:23.913 .. 13:50:31.439  wall 7.5 s
   req 0: status 200 finish=length tokens 256 chunks 256 ttft 255 ms  client update pace 28.21 ms/update
   req 1: status 200 finish=length tokens 256 chunks 256 ttft 255 ms  client update pace 28.01 ms/update
   req 2: status 200 finish=length tokens 256 chunks 256 ttft 255 ms  client update pace 28.41 ms/update
   req 3: status 200 finish=length tokens 256 chunks 256 ttft 255 ms  client update pace 28.00 ms/update
   aggregate wall: 1024 tokens in 7.53 s = 136.06 tok/s (prefill included)
   legacy output-span aggregate: 141.34120866658486 tok/s (initial TTFT excluded; later admissions included)
   engine decode: 140.999 tok/s
== prose concurrency 8: 13:50:31.443 .. 13:50:47.079  wall 15.6 s
   req 0: status 200 finish=length tokens 256 chunks 256 ttft 231 ms  client update pace 28.49 ms/update
   req 1: status 200 finish=length tokens 256 chunks 256 ttft 231 ms  client update pace 29.39 ms/update
   req 2: status 200 finish=length tokens 256 chunks 256 ttft 7089 ms  client update pace 31.50 ms/update
   req 3: status 200 finish=length tokens 256 chunks 256 ttft 230 ms  client update pace 31.29 ms/update
   req 4: status 200 finish=length tokens 256 chunks 256 ttft 230 ms  client update pace 26.39 ms/update
   req 5: status 200 finish=length tokens 256 chunks 256 ttft 7622 ms  client update pace 30.01 ms/update
   req 6: status 200 finish=length tokens 256 chunks 256 ttft 7851 ms  client update pace 29.71 ms/update
   req 7: status 200 finish=length tokens 256 chunks 256 ttft 8337 ms  client update pace 28.61 ms/update
   aggregate wall: 2048 tokens in 15.64 s = 130.98 tok/s (prefill included)
   legacy output-span aggregate: 132.9446437802656 tok/s (initial TTFT excluded; later admissions included)
   engine decode: 137.319 tok/s
== prose concurrency 8: 13:50:47.080 .. 13:51:02.738  wall 15.7 s
   req 0: status 200 finish=length tokens 256 chunks 256 ttft 233 ms  client update pace 28.23 ms/update
   req 1: status 200 finish=length tokens 256 chunks 256 ttft 233 ms  client update pace 29.54 ms/update
   req 2: status 200 finish=length tokens 256 chunks 256 ttft 7070 ms  client update pace 31.56 ms/update
   req 3: status 200 finish=length tokens 256 chunks 256 ttft 233 ms  client update pace 31.04 ms/update
   req 4: status 200 finish=length tokens 256 chunks 256 ttft 233 ms  client update pace 26.31 ms/update
   req 5: status 200 finish=length tokens 256 chunks 256 ttft 7918 ms  client update pace 29.64 ms/update
   req 6: status 200 finish=length tokens 256 chunks 256 ttft 7559 ms  client update pace 30.64 ms/update
   req 7: status 200 finish=length tokens 256 chunks 256 ttft 8301 ms  client update pace 28.84 ms/update
   aggregate wall: 2048 tokens in 15.66 s = 130.80 tok/s (prefill included)
   legacy output-span aggregate: 132.7833675949977 tok/s (initial TTFT excluded; later admissions included)
   engine decode: 137.278 tok/s
== prose concurrency 8: 13:51:02.738 .. 13:51:18.378  wall 15.6 s
   req 0: status 200 finish=length tokens 256 chunks 256 ttft 231 ms  client update pace 28.31 ms/update
   req 1: status 200 finish=length tokens 256 chunks 256 ttft 231 ms  client update pace 29.70 ms/update
   req 2: status 200 finish=length tokens 256 chunks 256 ttft 7097 ms  client update pace 31.51 ms/update
   req 3: status 200 finish=length tokens 256 chunks 256 ttft 231 ms  client update pace 31.18 ms/update
   req 4: status 200 finish=length tokens 256 chunks 256 ttft 231 ms  client update pace 26.42 ms/update
   req 5: status 200 finish=length tokens 256 chunks 256 ttft 8309 ms  client update pace 28.74 ms/update
   req 6: status 200 finish=length tokens 256 chunks 256 ttft 7929 ms  client update pace 29.93 ms/update
   req 7: status 200 finish=length tokens 256 chunks 256 ttft 7574 ms  client update pace 30.82 ms/update
   aggregate wall: 2048 tokens in 15.64 s = 130.95 tok/s (prefill included)
   legacy output-span aggregate: 132.91891939284076 tok/s (initial TTFT excluded; later admissions included)
   engine decode: 137.143 tok/s
== code concurrency 1: 13:51:18.387 .. 13:51:21.712  wall 3.3 s
   req 0: status 200 finish=length tokens 256 chunks 256 ttft 178 ms  client update pace 12.34 ms/update
   aggregate wall: 256 tokens in 3.33 s = 76.97 tok/s (prefill included)
   legacy output-span aggregate: 81.34653400420895 tok/s (initial TTFT excluded; later admissions included)
   engine decode: 80.991 tok/s
== code concurrency 1: 13:51:21.713 .. 13:51:25.044  wall 3.3 s
   req 0: status 200 finish=length tokens 256 chunks 256 ttft 178 ms  client update pace 12.36 ms/update
   aggregate wall: 256 tokens in 3.33 s = 76.86 tok/s (prefill included)
   legacy output-span aggregate: 81.22098267225282 tok/s (initial TTFT excluded; later admissions included)
   engine decode: 81.340 tok/s
== code concurrency 1: 13:51:25.045 .. 13:51:28.351  wall 3.3 s
   req 0: status 200 finish=length tokens 256 chunks 256 ttft 178 ms  client update pace 12.27 ms/update
   aggregate wall: 256 tokens in 3.31 s = 77.42 tok/s (prefill included)
   legacy output-span aggregate: 81.834942331868 tok/s (initial TTFT excluded; later admissions included)
   engine decode: 81.610 tok/s
== code concurrency 2: 13:51:28.359 .. 13:51:33.113  wall 4.8 s
   req 0: status 200 finish=length tokens 256 chunks 256 ttft 229 ms  client update pace 17.74 ms/update
   req 1: status 200 finish=length tokens 256 chunks 256 ttft 229 ms  client update pace 17.64 ms/update
   aggregate wall: 512 tokens in 4.75 s = 107.72 tok/s (prefill included)
   legacy output-span aggregate: 113.17762247130742 tok/s (initial TTFT excluded; later admissions included)
   engine decode: 112.700 tok/s
== code concurrency 2: 13:51:33.113 .. 13:51:37.911  wall 4.8 s
   req 0: status 200 finish=length tokens 256 chunks 256 ttft 228 ms  client update pace 17.92 ms/update
   req 1: status 200 finish=length tokens 256 chunks 256 ttft 228 ms  client update pace 17.62 ms/update
   aggregate wall: 512 tokens in 4.80 s = 106.72 tok/s (prefill included)
   legacy output-span aggregate: 112.06103465321507 tok/s (initial TTFT excluded; later admissions included)
   engine decode: 112.063 tok/s
== code concurrency 2: 13:51:37.912 .. 13:51:42.695  wall 4.8 s
   req 0: status 200 finish=length tokens 256 chunks 256 ttft 230 ms  client update pace 17.85 ms/update
   req 1: status 200 finish=length tokens 256 chunks 256 ttft 229 ms  client update pace 17.55 ms/update
   aggregate wall: 512 tokens in 4.78 s = 107.06 tok/s (prefill included)
   legacy output-span aggregate: 112.46210653569567 tok/s (initial TTFT excluded; later admissions included)
   engine decode: 112.115 tok/s
== code concurrency 4: 13:51:42.706 .. 13:51:49.905  wall 7.2 s
   req 0: status 200 finish=length tokens 256 chunks 256 ttft 254 ms  client update pace 27.03 ms/update
   req 1: status 200 finish=length tokens 256 chunks 256 ttft 254 ms  client update pace 27.03 ms/update
   req 2: status 200 finish=length tokens 256 chunks 256 ttft 254 ms  client update pace 27.23 ms/update
   req 3: status 200 finish=length tokens 256 chunks 256 ttft 254 ms  client update pace 26.82 ms/update
   aggregate wall: 1024 tokens in 7.20 s = 142.24 tok/s (prefill included)
   legacy output-span aggregate: 147.46308003743846 tok/s (initial TTFT excluded; later admissions included)
   engine decode: 147.657 tok/s
== code concurrency 4: 13:51:49.906 .. 13:51:57.122  wall 7.2 s
   req 0: status 200 finish=length tokens 256 chunks 256 ttft 256 ms  client update pace 27.09 ms/update
   req 1: status 200 finish=length tokens 256 chunks 256 ttft 257 ms  client update pace 27.09 ms/update
   req 2: status 200 finish=length tokens 256 chunks 256 ttft 256 ms  client update pace 27.29 ms/update
   req 3: status 200 finish=length tokens 256 chunks 256 ttft 256 ms  client update pace 26.89 ms/update
   aggregate wall: 1024 tokens in 7.22 s = 141.90 tok/s (prefill included)
   legacy output-span aggregate: 147.13828066938152 tok/s (initial TTFT excluded; later admissions included)
   engine decode: 147.193 tok/s
== code concurrency 4: 13:51:57.123 .. 13:52:04.312  wall 7.2 s
   req 0: status 200 finish=length tokens 256 chunks 256 ttft 256 ms  client update pace 26.99 ms/update
   req 1: status 200 finish=length tokens 256 chunks 256 ttft 256 ms  client update pace 26.98 ms/update
   req 2: status 200 finish=length tokens 256 chunks 256 ttft 256 ms  client update pace 27.19 ms/update
   req 3: status 200 finish=length tokens 256 chunks 256 ttft 255 ms  client update pace 26.58 ms/update
   aggregate wall: 1024 tokens in 7.19 s = 142.43 tok/s (prefill included)
   legacy output-span aggregate: 147.70391880535274 tok/s (initial TTFT excluded; later admissions included)
   engine decode: 147.740 tok/s
== code concurrency 8: 13:52:04.323 .. 13:52:19.244  wall 14.9 s
   req 0: status 200 finish=length tokens 256 chunks 256 ttft 259 ms  client update pace 29.72 ms/update
   req 1: status 200 finish=length tokens 256 chunks 256 ttft 258 ms  client update pace 28.12 ms/update
   req 2: status 200 finish=length tokens 256 chunks 256 ttft 258 ms  client update pace 26.53 ms/update
   req 3: status 200 finish=length tokens 256 chunks 256 ttft 258 ms  client update pace 28.82 ms/update
   req 4: status 200 finish=length tokens 256 chunks 256 ttft 7735 ms  client update pace 28.17 ms/update
   req 5: status 200 finish=length tokens 256 chunks 256 ttft 7963 ms  client update pace 26.88 ms/update
   req 6: status 200 finish=length tokens 256 chunks 256 ttft 7555 ms  client update pace 28.08 ms/update
   req 7: status 200 finish=length tokens 256 chunks 256 ttft 7147 ms  client update pace 29.87 ms/update
   aggregate wall: 2048 tokens in 14.92 s = 137.26 tok/s (prefill included)
   legacy output-span aggregate: 139.6822401724047 tok/s (initial TTFT excluded; later admissions included)
   engine decode: 144.439 tok/s
== code concurrency 8: 13:52:19.245 .. 13:52:34.194  wall 14.9 s
   req 0: status 200 finish=length tokens 256 chunks 256 ttft 257 ms  client update pace 29.59 ms/update
   req 1: status 200 finish=length tokens 256 chunks 256 ttft 256 ms  client update pace 27.79 ms/update
   req 2: status 200 finish=length tokens 256 chunks 256 ttft 256 ms  client update pace 26.19 ms/update
   req 3: status 200 finish=length tokens 256 chunks 256 ttft 7751 ms  client update pace 27.42 ms/update
   req 4: status 200 finish=length tokens 256 chunks 256 ttft 255 ms  client update pace 28.89 ms/update
   req 5: status 200 finish=length tokens 256 chunks 256 ttft 7087 ms  client update pace 28.42 ms/update
   req 6: status 200 finish=length tokens 256 chunks 256 ttft 7469 ms  client update pace 28.12 ms/update
   req 7: status 200 finish=length tokens 256 chunks 256 ttft 7928 ms  client update pace 27.52 ms/update
   aggregate wall: 2048 tokens in 14.95 s = 137.00 tok/s (prefill included)
   legacy output-span aggregate: 139.39465701415193 tok/s (initial TTFT excluded; later admissions included)
   engine decode: 144.533 tok/s
== code concurrency 8: 13:52:34.195 .. 13:52:49.076  wall 14.9 s
   req 0: status 200 finish=length tokens 256 chunks 256 ttft 256 ms  client update pace 29.71 ms/update
   req 1: status 200 finish=length tokens 256 chunks 256 ttft 256 ms  client update pace 27.43 ms/update
   req 2: status 200 finish=length tokens 256 chunks 256 ttft 7376 ms  client update pace 27.73 ms/update
   req 3: status 200 finish=length tokens 256 chunks 256 ttft 256 ms  client update pace 28.12 ms/update
   req 4: status 200 finish=length tokens 256 chunks 256 ttft 256 ms  client update pace 28.82 ms/update
   req 5: status 200 finish=length tokens 256 chunks 256 ttft 7553 ms  client update pace 27.63 ms/update
   req 6: status 200 finish=length tokens 256 chunks 256 ttft 7730 ms  client update pace 27.34 ms/update
   req 7: status 200 finish=length tokens 256 chunks 256 ttft 7957 ms  client update pace 27.14 ms/update
   aggregate wall: 2048 tokens in 14.88 s = 137.62 tok/s (prefill included)
   legacy output-span aggregate: 140.03413117685758 tok/s (initial TTFT excluded; later admissions included)
   engine decode: 144.746 tok/s
== json concurrency 1: 13:52:49.091 .. 13:52:52.273  wall 3.2 s
   req 0: status 200 finish=length tokens 256 chunks 256 ttft 180 ms  client update pace 11.77 ms/update
   aggregate wall: 256 tokens in 3.18 s = 80.46 tok/s (prefill included)
   legacy output-span aggregate: 85.28381309055713 tok/s (initial TTFT excluded; later admissions included)
   engine decode: 84.698 tok/s
== json concurrency 1: 13:52:52.273 .. 13:52:55.430  wall 3.2 s
   req 0: status 200 finish=length tokens 256 chunks 256 ttft 178 ms  client update pace 11.68 ms/update
   aggregate wall: 256 tokens in 3.16 s = 81.09 tok/s (prefill included)
   legacy output-span aggregate: 85.956080351129 tok/s (initial TTFT excluded; later admissions included)
   engine decode: 85.364 tok/s
== json concurrency 1: 13:52:55.431 .. 13:52:58.613  wall 3.2 s
   req 0: status 200 finish=length tokens 256 chunks 256 ttft 178 ms  client update pace 11.78 ms/update
   aggregate wall: 256 tokens in 3.18 s = 80.46 tok/s (prefill included)
   legacy output-span aggregate: 85.25433363135951 tok/s (initial TTFT excluded; later admissions included)
   engine decode: 84.836 tok/s
== json concurrency 2: 13:52:58.628 .. 13:53:03.132  wall 4.5 s
   req 0: status 200 finish=length tokens 256 chunks 256 ttft 231 ms  client update pace 16.76 ms/update
   req 1: status 200 finish=length tokens 256 chunks 256 ttft 231 ms  client update pace 16.65 ms/update
   aggregate wall: 512 tokens in 4.50 s = 113.67 tok/s (prefill included)
   legacy output-span aggregate: 119.82827543567126 tok/s (initial TTFT excluded; later admissions included)
   engine decode: 119.360 tok/s
== json concurrency 2: 13:53:03.133 .. 13:53:07.633  wall 4.5 s
   req 0: status 200 finish=length tokens 256 chunks 256 ttft 229 ms  client update pace 16.75 ms/update
   req 1: status 200 finish=length tokens 256 chunks 256 ttft 229 ms  client update pace 16.64 ms/update
   aggregate wall: 512 tokens in 4.50 s = 113.78 tok/s (prefill included)
   legacy output-span aggregate: 119.89379838698318 tok/s (initial TTFT excluded; later admissions included)
   engine decode: 119.410 tok/s
== json concurrency 2: 13:53:07.633 .. 13:53:12.125  wall 4.5 s
   req 0: status 200 finish=length tokens 256 chunks 256 ttft 229 ms  client update pace 16.72 ms/update
   req 1: status 200 finish=length tokens 256 chunks 256 ttft 229 ms  client update pace 16.62 ms/update
   aggregate wall: 512 tokens in 4.49 s = 113.98 tok/s (prefill included)
   legacy output-span aggregate: 120.11829749031192 tok/s (initial TTFT excluded; later admissions included)
   engine decode: 119.634 tok/s
== json concurrency 4: 13:53:12.141 .. 13:53:19.124  wall 7.0 s
   req 0: status 200 finish=length tokens 256 chunks 256 ttft 281 ms  client update pace 25.58 ms/update
   req 1: status 200 finish=length tokens 256 chunks 256 ttft 282 ms  client update pace 25.47 ms/update
   req 2: status 200 finish=length tokens 256 chunks 256 ttft 281 ms  client update pace 25.48 ms/update
   req 3: status 200 finish=length tokens 256 chunks 256 ttft 280 ms  client update pace 26.28 ms/update
   aggregate wall: 1024 tokens in 6.98 s = 146.65 tok/s (prefill included)
   legacy output-span aggregate: 152.82152825077887 tok/s (initial TTFT excluded; later admissions included)
   engine decode: 152.475 tok/s
== json concurrency 4: 13:53:19.125 .. 13:53:26.120  wall 7.0 s
   req 0: status 200 finish=length tokens 256 chunks 256 ttft 279 ms  client update pace 25.64 ms/update
   req 1: status 200 finish=length tokens 256 chunks 256 ttft 279 ms  client update pace 25.44 ms/update
   req 2: status 200 finish=length tokens 256 chunks 256 ttft 279 ms  client update pace 25.54 ms/update
   req 3: status 200 finish=length tokens 256 chunks 256 ttft 278 ms  client update pace 26.24 ms/update
   aggregate wall: 1024 tokens in 7.00 s = 146.38 tok/s (prefill included)
   legacy output-span aggregate: 153.0470775829164 tok/s (initial TTFT excluded; later admissions included)
   engine decode: 152.378 tok/s
== json concurrency 4: 13:53:26.121 .. 13:53:33.145  wall 7.0 s
   req 0: status 200 finish=length tokens 256 chunks 256 ttft 282 ms  client update pace 25.83 ms/update
   req 1: status 200 finish=length tokens 256 chunks 256 ttft 282 ms  client update pace 25.53 ms/update
   req 2: status 200 finish=length tokens 256 chunks 256 ttft 282 ms  client update pace 25.52 ms/update
   req 3: status 200 finish=length tokens 256 chunks 256 ttft 281 ms  client update pace 26.43 ms/update
   aggregate wall: 1024 tokens in 7.02 s = 145.79 tok/s (prefill included)
   legacy output-span aggregate: 151.91334763759363 tok/s (initial TTFT excluded; later admissions included)
   engine decode: 151.286 tok/s
== json concurrency 8: 13:53:33.165 .. 13:53:47.042  wall 13.9 s
   req 0: status 200 finish=length tokens 256 chunks 256 ttft 258 ms  client update pace 26.24 ms/update
   req 1: status 200 finish=length tokens 256 chunks 256 ttft 258 ms  client update pace 24.64 ms/update
   req 2: status 200 finish=length tokens 256 chunks 256 ttft 258 ms  client update pace 25.54 ms/update
   req 3: status 200 finish=length tokens 256 chunks 256 ttft 258 ms  client update pace 26.34 ms/update
   req 4: status 200 finish=length tokens 256 chunks 256 ttft 6899 ms  client update pace 27.26 ms/update
   req 5: status 200 finish=length tokens 256 chunks 256 ttft 6668 ms  client update pace 27.66 ms/update
   req 6: status 200 finish=length tokens 256 chunks 256 ttft 7125 ms  client update pace 26.47 ms/update
   req 7: status 200 finish=length tokens 256 chunks 256 ttft 7125 ms  client update pace 26.37 ms/update
   aggregate wall: 2048 tokens in 13.88 s = 147.58 tok/s (prefill included)
   legacy output-span aggregate: 150.38544056053237 tok/s (initial TTFT excluded; later admissions included)
   engine decode: 155.140 tok/s
== json concurrency 8: 13:53:47.043 .. 13:54:00.872  wall 13.8 s
   req 0: status 200 finish=length tokens 256 chunks 256 ttft 257 ms  client update pace 26.28 ms/update
   req 1: status 200 finish=length tokens 256 chunks 256 ttft 257 ms  client update pace 24.69 ms/update
   req 2: status 200 finish=length tokens 256 chunks 256 ttft 257 ms  client update pace 25.58 ms/update
   req 3: status 200 finish=length tokens 256 chunks 256 ttft 256 ms  client update pace 26.38 ms/update
   req 4: status 200 finish=length tokens 256 chunks 256 ttft 6679 ms  client update pace 27.63 ms/update
   req 5: status 200 finish=length tokens 256 chunks 256 ttft 6906 ms  client update pace 27.04 ms/update
   req 6: status 200 finish=length tokens 256 chunks 256 ttft 7134 ms  client update pace 26.25 ms/update
   req 7: status 200 finish=length tokens 256 chunks 256 ttft 7133 ms  client update pace 26.25 ms/update
   aggregate wall: 2048 tokens in 13.83 s = 148.09 tok/s (prefill included)
   legacy output-span aggregate: 150.89814407817994 tok/s (initial TTFT excluded; later admissions included)
   engine decode: 155.373 tok/s
== json concurrency 8: 13:54:00.873 .. 13:54:14.568  wall 13.7 s
   req 0: status 200 finish=length tokens 256 chunks 256 ttft 257 ms  client update pace 25.87 ms/update
   req 1: status 200 finish=length tokens 256 chunks 256 ttft 257 ms  client update pace 24.78 ms/update
   req 2: status 200 finish=length tokens 256 chunks 256 ttft 7058 ms  client update pace 25.92 ms/update
   req 3: status 200 finish=length tokens 256 chunks 256 ttft 256 ms  client update pace 25.88 ms/update
   req 4: status 200 finish=length tokens 256 chunks 256 ttft 256 ms  client update pace 25.87 ms/update
   req 5: status 200 finish=length tokens 256 chunks 256 ttft 6701 ms  client update pace 26.92 ms/update
   req 6: status 200 finish=length tokens 256 chunks 256 ttft 7058 ms  client update pace 26.02 ms/update
   req 7: status 200 finish=length tokens 256 chunks 256 ttft 7057 ms  client update pace 25.92 ms/update
   aggregate wall: 2048 tokens in 13.70 s = 149.54 tok/s (prefill included)
   legacy output-span aggregate: 152.40986769609992 tok/s (initial TTFT excluded; later admissions included)
   engine decode: 156.009 tok/s
== math concurrency 1: 13:54:14.646 .. 13:54:17.924  wall 3.3 s
   req 0: status 200 finish=length tokens 256 chunks 256 ttft 205 ms  client update pace 11.95 ms/update
   aggregate wall: 256 tokens in 3.28 s = 78.09 tok/s (prefill included)
   legacy output-span aggregate: 84.01324229662981 tok/s (initial TTFT excluded; later admissions included)
   engine decode: 83.683 tok/s
== math concurrency 1: 13:54:17.925 .. 13:54:21.171  wall 3.2 s
   req 0: status 200 finish=length tokens 256 chunks 256 ttft 205 ms  client update pace 11.92 ms/update
   aggregate wall: 256 tokens in 3.25 s = 78.86 tok/s (prefill included)
   legacy output-span aggregate: 84.19327198558162 tok/s (initial TTFT excluded; later admissions included)
   engine decode: 84.415 tok/s
== math concurrency 1: 13:54:21.172 .. 13:54:24.448  wall 3.3 s
   req 0: status 200 finish=length tokens 256 chunks 256 ttft 206 ms  client update pace 11.94 ms/update
   aggregate wall: 256 tokens in 3.28 s = 78.15 tok/s (prefill included)
   legacy output-span aggregate: 84.10212117365441 tok/s (initial TTFT excluded; later admissions included)
   engine decode: 83.708 tok/s
== math concurrency 2: 13:54:24.470 .. 13:54:29.021  wall 4.6 s
   req 0: status 200 finish=length tokens 256 chunks 256 ttft 257 ms  client update pace 16.84 ms/update
   req 1: status 200 finish=length tokens 256 chunks 256 ttft 257 ms  client update pace 16.74 ms/update
   aggregate wall: 512 tokens in 4.55 s = 112.48 tok/s (prefill included)
   legacy output-span aggregate: 119.21095970812122 tok/s (initial TTFT excluded; later admissions included)
   engine decode: 118.895 tok/s
== math concurrency 2: 13:54:29.022 .. 13:54:33.565  wall 4.5 s
   req 0: status 200 finish=length tokens 256 chunks 256 ttft 255 ms  client update pace 16.81 ms/update
   req 1: status 200 finish=length tokens 256 chunks 256 ttft 255 ms  client update pace 16.71 ms/update
   aggregate wall: 512 tokens in 4.54 s = 112.71 tok/s (prefill included)
   legacy output-span aggregate: 119.4279151209525 tok/s (initial TTFT excluded; later admissions included)
   engine decode: 118.887 tok/s
== math concurrency 2: 13:54:33.566 .. 13:54:38.113  wall 4.5 s
   req 0: status 200 finish=length tokens 256 chunks 256 ttft 256 ms  client update pace 16.82 ms/update
   req 1: status 200 finish=length tokens 256 chunks 256 ttft 256 ms  client update pace 16.82 ms/update
   aggregate wall: 512 tokens in 4.55 s = 112.59 tok/s (prefill included)
   legacy output-span aggregate: 119.35177731619879 tok/s (initial TTFT excluded; later admissions included)
   engine decode: 118.770 tok/s
== math concurrency 4: 13:54:38.138 .. 13:54:45.313  wall 7.2 s
   req 0: status 200 finish=length tokens 256 chunks 256 ttft 306 ms  client update pace 25.74 ms/update
   req 1: status 200 finish=length tokens 256 chunks 256 ttft 306 ms  client update pace 26.14 ms/update
   req 2: status 200 finish=length tokens 256 chunks 256 ttft 306 ms  client update pace 26.83 ms/update
   req 3: status 200 finish=length tokens 256 chunks 256 ttft 306 ms  client update pace 26.93 ms/update
   aggregate wall: 1024 tokens in 7.18 s = 142.70 tok/s (prefill included)
   legacy output-span aggregate: 149.08620523360153 tok/s (initial TTFT excluded; later admissions included)
   engine decode: 148.586 tok/s
== math concurrency 4: 13:54:45.314 .. 13:54:52.455  wall 7.1 s
   req 0: status 200 finish=length tokens 256 chunks 256 ttft 306 ms  client update pace 25.79 ms/update
   req 1: status 200 finish=length tokens 256 chunks 256 ttft 306 ms  client update pace 26.20 ms/update
   req 2: status 200 finish=length tokens 256 chunks 256 ttft 306 ms  client update pace 26.80 ms/update
   req 3: status 200 finish=length tokens 256 chunks 256 ttft 305 ms  client update pace 26.80 ms/update
   aggregate wall: 1024 tokens in 7.14 s = 143.41 tok/s (prefill included)
   legacy output-span aggregate: 149.84407466651453 tok/s (initial TTFT excluded; later admissions included)
   engine decode: 149.475 tok/s
== math concurrency 4: 13:54:52.456 .. 13:54:59.636  wall 7.2 s
   req 0: status 200 finish=length tokens 256 chunks 256 ttft 307 ms  client update pace 25.76 ms/update
   req 1: status 200 finish=length tokens 256 chunks 256 ttft 307 ms  client update pace 26.16 ms/update
   req 2: status 200 finish=length tokens 256 chunks 256 ttft 306 ms  client update pace 26.85 ms/update
   req 3: status 200 finish=length tokens 256 chunks 256 ttft 306 ms  client update pace 26.95 ms/update
   aggregate wall: 1024 tokens in 7.18 s = 142.62 tok/s (prefill included)
   legacy output-span aggregate: 148.99785220309042 tok/s (initial TTFT excluded; later admissions included)
   engine decode: 148.439 tok/s
== math concurrency 8: 13:54:59.684 .. 13:55:14.067  wall 14.4 s
   req 0: status 200 finish=length tokens 256 chunks 256 ttft 285 ms  client update pace 25.90 ms/update
   req 1: status 200 finish=length tokens 256 chunks 256 ttft 285 ms  client update pace 26.99 ms/update
   req 2: status 200 finish=length tokens 256 chunks 256 ttft 7321 ms  client update pace 26.39 ms/update
   req 3: status 200 finish=length tokens 256 chunks 256 ttft 7067 ms  client update pace 27.99 ms/update
   req 4: status 200 finish=length tokens 256 chunks 256 ttft 284 ms  client update pace 25.90 ms/update
   req 5: status 200 finish=length tokens 256 chunks 256 ttft 7907 ms  client update pace 25.29 ms/update
   req 6: status 200 finish=length tokens 256 chunks 256 ttft 283 ms  client update pace 29.29 ms/update
   req 7: status 200 finish=length tokens 256 chunks 256 ttft 7065 ms  client update pace 27.79 ms/update
   aggregate wall: 2048 tokens in 14.38 s = 142.39 tok/s (prefill included)
   legacy output-span aggregate: 145.53131294195035 tok/s (initial TTFT excluded; later admissions included)
   engine decode: 150.205 tok/s
== math concurrency 8: 13:55:14.068 .. 13:55:28.411  wall 14.3 s
   req 0: status 200 finish=length tokens 256 chunks 256 ttft 279 ms  client update pace 25.67 ms/update
   req 1: status 200 finish=length tokens 256 chunks 256 ttft 279 ms  client update pace 26.87 ms/update
   req 2: status 200 finish=length tokens 256 chunks 256 ttft 279 ms  client update pace 26.87 ms/update
   req 3: status 200 finish=length tokens 256 chunks 256 ttft 279 ms  client update pace 28.17 ms/update
   req 4: status 200 finish=length tokens 256 chunks 256 ttft 6977 ms  client update pace 27.87 ms/update
   req 5: status 200 finish=length tokens 256 chunks 256 ttft 7336 ms  client update pace 26.66 ms/update
   req 6: status 200 finish=length tokens 256 chunks 256 ttft 7335 ms  client update pace 27.27 ms/update
   req 7: status 200 finish=length tokens 256 chunks 256 ttft 7616 ms  client update pace 26.37 ms/update
   aggregate wall: 2048 tokens in 14.34 s = 142.79 tok/s (prefill included)
   legacy output-span aggregate: 145.6270612400657 tok/s (initial TTFT excluded; later admissions included)
   engine decode: 150.542 tok/s
== math concurrency 8: 13:55:28.412 .. 13:55:42.648  wall 14.2 s
   req 0: status 200 finish=length tokens 256 chunks 256 ttft 309 ms  client update pace 25.91 ms/update
   req 1: status 200 finish=length tokens 256 chunks 256 ttft 7068 ms  client update pace 27.81 ms/update
   req 2: status 200 finish=length tokens 256 chunks 256 ttft 7068 ms  client update pace 27.11 ms/update
   req 3: status 200 finish=length tokens 256 chunks 256 ttft 309 ms  client update pace 28.01 ms/update
   req 4: status 200 finish=length tokens 256 chunks 256 ttft 308 ms  client update pace 25.91 ms/update
   req 5: status 200 finish=length tokens 256 chunks 256 ttft 309 ms  client update pace 26.70 ms/update
   req 6: status 200 finish=length tokens 256 chunks 256 ttft 7269 ms  client update pace 27.01 ms/update
   req 7: status 200 finish=length tokens 256 chunks 256 ttft 7577 ms  client update pace 26.10 ms/update
   aggregate wall: 2048 tokens in 14.24 s = 143.86 tok/s (prefill included)
   legacy output-span aggregate: 147.05748387110054 tok/s (initial TTFT excluded; later admissions included)
   engine decode: 151.588 tok/s
== chat concurrency 1: 13:55:42.679 .. 13:55:46.295  wall 3.6 s
   req 0: status 200 finish=length tokens 256 chunks 256 ttft 180 ms  client update pace 13.47 ms/update
   aggregate wall: 256 tokens in 3.62 s = 70.81 tok/s (prefill included)
   legacy output-span aggregate: 74.52426070572183 tok/s (initial TTFT excluded; later admissions included)
   engine decode: 74.165 tok/s
== chat concurrency 1: 13:55:46.295 .. 13:55:49.906  wall 3.6 s
   req 0: status 200 finish=length tokens 256 chunks 256 ttft 177 ms  client update pace 13.46 ms/update
   aggregate wall: 256 tokens in 3.61 s = 70.89 tok/s (prefill included)
   legacy output-span aggregate: 74.56338639480595 tok/s (initial TTFT excluded; later admissions included)
   engine decode: 74.251 tok/s
== chat concurrency 1: 13:55:49.907 .. 13:55:53.517  wall 3.6 s
   req 0: status 200 finish=length tokens 256 chunks 256 ttft 178 ms  client update pace 13.45 ms/update
   aggregate wall: 256 tokens in 3.61 s = 70.92 tok/s (prefill included)
   legacy output-span aggregate: 74.6136460203396 tok/s (initial TTFT excluded; later admissions included)
   engine decode: 74.262 tok/s
== chat concurrency 2: 13:55:53.548 .. 13:55:58.716  wall 5.2 s
   req 0: status 200 finish=length tokens 256 chunks 256 ttft 230 ms  client update pace 19.36 ms/update
   req 1: status 200 finish=length tokens 256 chunks 256 ttft 230 ms  client update pace 18.76 ms/update
   aggregate wall: 512 tokens in 5.17 s = 99.08 tok/s (prefill included)
   legacy output-span aggregate: 103.71113851158606 tok/s (initial TTFT excluded; later admissions included)
   engine decode: 103.128 tok/s
== chat concurrency 2: 13:55:58.716 .. 13:56:03.917  wall 5.2 s
   req 0: status 200 finish=length tokens 256 chunks 256 ttft 229 ms  client update pace 19.50 ms/update
   req 1: status 200 finish=length tokens 256 chunks 256 ttft 228 ms  client update pace 18.79 ms/update
   aggregate wall: 512 tokens in 5.20 s = 98.44 tok/s (prefill included)
   legacy output-span aggregate: 102.97911365318018 tok/s (initial TTFT excluded; later admissions included)
   engine decode: 102.843 tok/s
== chat concurrency 2: 13:56:03.918 .. 13:56:09.089  wall 5.2 s
   req 0: status 200 finish=length tokens 256 chunks 256 ttft 231 ms  client update pace 19.37 ms/update
   req 1: status 200 finish=length tokens 256 chunks 256 ttft 231 ms  client update pace 18.77 ms/update
   aggregate wall: 512 tokens in 5.17 s = 99.02 tok/s (prefill included)
   legacy output-span aggregate: 103.67096006886699 tok/s (initial TTFT excluded; later admissions included)
   engine decode: 102.966 tok/s
== chat concurrency 4: 13:56:09.121 .. 13:56:16.621  wall 7.5 s
   req 0: status 200 finish=length tokens 256 chunks 256 ttft 256 ms  client update pace 28.41 ms/update
   req 1: status 200 finish=length tokens 256 chunks 256 ttft 255 ms  client update pace 27.91 ms/update
   req 2: status 200 finish=length tokens 256 chunks 256 ttft 255 ms  client update pace 27.32 ms/update
   req 3: status 200 finish=length tokens 256 chunks 256 ttft 255 ms  client update pace 28.21 ms/update
   aggregate wall: 1024 tokens in 7.50 s = 136.53 tok/s (prefill included)
   legacy output-span aggregate: 141.35910576787887 tok/s (initial TTFT excluded; later admissions included)
   engine decode: 141.204 tok/s
== chat concurrency 4: 13:56:16.622 .. 13:56:24.223  wall 7.6 s
   req 0: status 200 finish=length tokens 256 chunks 256 ttft 253 ms  client update pace 28.82 ms/update
   req 1: status 200 finish=length tokens 256 chunks 256 ttft 253 ms  client update pace 28.41 ms/update
   req 2: status 200 finish=length tokens 256 chunks 256 ttft 253 ms  client update pace 27.52 ms/update
   req 3: status 200 finish=length tokens 256 chunks 256 ttft 253 ms  client update pace 28.61 ms/update
   aggregate wall: 1024 tokens in 7.60 s = 134.71 tok/s (prefill included)
   legacy output-span aggregate: 139.35820180861052 tok/s (initial TTFT excluded; later admissions included)
   engine decode: 139.493 tok/s
== chat concurrency 4: 13:56:24.224 .. 13:56:31.785  wall 7.6 s
   req 0: status 200 finish=length tokens 256 chunks 256 ttft 256 ms  client update pace 28.64 ms/update
   req 1: status 200 finish=length tokens 256 chunks 256 ttft 257 ms  client update pace 28.03 ms/update
   req 2: status 200 finish=length tokens 256 chunks 256 ttft 257 ms  client update pace 27.63 ms/update
   req 3: status 200 finish=length tokens 256 chunks 256 ttft 256 ms  client update pace 28.43 ms/update
   aggregate wall: 1024 tokens in 7.56 s = 135.44 tok/s (prefill included)
   legacy output-span aggregate: 140.210447535231 tok/s (initial TTFT excluded; later admissions included)
   engine decode: 140.046 tok/s
== chat concurrency 8: 13:56:31.858 .. 13:56:47.300  wall 15.4 s
   req 0: status 200 finish=length tokens 256 chunks 256 ttft 235 ms  client update pace 28.87 ms/update
   req 1: status 200 finish=length tokens 256 chunks 256 ttft 235 ms  client update pace 29.67 ms/update
   req 2: status 200 finish=length tokens 256 chunks 256 ttft 7750 ms  client update pace 29.86 ms/update
   req 3: status 200 finish=length tokens 256 chunks 256 ttft 234 ms  client update pace 30.37 ms/update
   req 4: status 200 finish=length tokens 256 chunks 256 ttft 234 ms  client update pace 28.87 ms/update
   req 5: status 200 finish=length tokens 256 chunks 256 ttft 7927 ms  client update pace 29.16 ms/update
   req 6: status 200 finish=length tokens 256 chunks 256 ttft 7749 ms  client update pace 30.16 ms/update
   req 7: status 200 finish=length tokens 256 chunks 256 ttft 8105 ms  client update pace 28.16 ms/update
   aggregate wall: 2048 tokens in 15.44 s = 132.63 tok/s (prefill included)
   legacy output-span aggregate: 134.68254885737085 tok/s (initial TTFT excluded; later admissions included)
   engine decode: 138.008 tok/s
== chat concurrency 8: 13:56:47.300 .. 13:57:02.991  wall 15.7 s
   req 0: status 200 finish=length tokens 256 chunks 256 ttft 231 ms  client update pace 29.12 ms/update
   req 1: status 200 finish=length tokens 256 chunks 256 ttft 231 ms  client update pace 29.82 ms/update
   req 2: status 200 finish=length tokens 256 chunks 256 ttft 7962 ms  client update pace 30.30 ms/update
   req 3: status 200 finish=length tokens 256 chunks 256 ttft 231 ms  client update pace 30.52 ms/update
   req 4: status 200 finish=length tokens 256 chunks 256 ttft 8394 ms  client update pace 28.61 ms/update
   req 5: status 200 finish=length tokens 256 chunks 256 ttft 7784 ms  client update pace 30.20 ms/update
   req 6: status 200 finish=length tokens 256 chunks 256 ttft 229 ms  client update pace 31.61 ms/update
   req 7: status 200 finish=length tokens 256 chunks 256 ttft 8138 ms  client update pace 28.91 ms/update
   aggregate wall: 2048 tokens in 15.69 s = 130.52 tok/s (prefill included)
   legacy output-span aggregate: 132.47480379392547 tok/s (initial TTFT excluded; later admissions included)
   engine decode: 136.559 tok/s
== chat concurrency 8: 13:57:02.992 .. 13:57:18.535  wall 15.5 s
   req 0: status 200 finish=length tokens 256 chunks 256 ttft 231 ms  client update pace 29.32 ms/update
   req 1: status 200 finish=length tokens 256 chunks 256 ttft 7605 ms  client update pace 29.73 ms/update
   req 2: status 200 finish=length tokens 256 chunks 256 ttft 231 ms  client update pace 30.01 ms/update
   req 3: status 200 finish=length tokens 256 chunks 256 ttft 231 ms  client update pace 30.61 ms/update
   req 4: status 200 finish=length tokens 256 chunks 256 ttft 231 ms  client update pace 28.42 ms/update
   req 5: status 200 finish=length tokens 256 chunks 256 ttft 8163 ms  client update pace 28.73 ms/update
   req 6: status 200 finish=length tokens 256 chunks 256 ttft 8010 ms  client update pace 29.53 ms/update
   req 7: status 200 finish=length tokens 256 chunks 256 ttft 7831 ms  client update pace 29.23 ms/update
   aggregate wall: 2048 tokens in 15.54 s = 131.77 tok/s (prefill included)
   legacy output-span aggregate: 133.7618383028149 tok/s (initial TTFT excluded; later admissions included)
   engine decode: 138.034 tok/s
== per-class wall aggregate tokens/s (prefill included), greedy, max_tokens 256
| class | c=1 | c=2 | c=4 | c=8 |
|---|---|---|---|---|
| prose | 72.0 | 99.4 | 136.2 | 130.9 |
| code | 77.0 | 107.1 | 142.2 | 137.3 |
| json | 80.5 | 113.8 | 146.4 | 148.1 |
| math | 78.1 | 112.6 | 142.7 | 142.8 |
| chat | 70.9 | 99.0 | 135.4 | 131.8 |
