2026-10-06 13:44:46.557 INFO  dgpp-serve 0.1.0+g50309fdcf51d.dirty (git 50309fdcf51d)
2026-10-06 13:44:46.557 INFO  config /tmp/bus4/deployments/889cdfc69878f248/cluster.json: model HawkBearPig/GLM-5.3-Flash-NVFP4-FP8, world 4, rank 3, http :18080, fabric :29970, journal :29971
2026-10-06 13:44:46.558 INFO  model HawkBearPig/GLM-5.3-Flash-NVFP4-FP8 -> /home/stephen/.cache/huggingface/hub/models--HawkBearPig--GLM-5.3-Flash-NVFP4-FP8/snapshots/17b8d4d83e33e836e9549d7e1a8d25b5117203c1
2026-10-06 13:44:46.559 INFO  journal: connected to rank 0 at 192.168.88.11:29971 (120000 attempt window)
2026-10-06 13:44:46.576 INFO  rank 3: settings from rank 0: model=HawkBearPig/GLM-5.3-Flash-NVFP4-FP8 world=4 fabric=29970 journal=29971 conc=4 kv=786432 kvdt=bf16 ngt=resident dw=checkpoint mtpef=fp8 bfw=bf12+bf16 fp8head=gemv pf=bounded emsh=replicated maxtok=32768 queue=8 eos=1 graph=1 compact=0 mtp=0 mtpd=1 mss=0 msrow=8 msbase=28 mslam=0 msmin=1 msad=1 msss=0.93 mdr=auto mdt=1 mvf=token dbr=0 batchmin=2 cand=128 pcgib=22 adm=full win=256 pfbudget=256 pfidle=2048 pmin=1024 phead=1 pace=-1 inflight=-1 reasoning_in_content=0 rs=off dflash=off dfw=checkpoint
2026-10-06 13:44:46.577 INFO  config: model=HawkBearPig/GLM-5.3-Flash-NVFP4-FP8 world=4 fabric=29970 journal=29971 conc=4 kv=786432 kvdt=bf16 ngt=resident dw=checkpoint mtpef=fp8 bfw=bf12+bf16 fp8head=gemv pf=bounded emsh=replicated maxtok=32768 queue=8 eos=1 graph=1 compact=0 mtp=0 mtpd=1 mss=0 msrow=8 msbase=28 mslam=0 msmin=1 msad=1 msss=0.93 mdr=auto mdt=1 mvf=token dbr=0 batchmin=2 cand=128 pcgib=22 adm=full win=256 pfbudget=256 pfidle=2048 pmin=1024 phead=1 pace=-1 inflight=-1 reasoning_in_content=0 rs=off dflash=off dfw=checkpoint (digest 14bdad8532bbc12f)
2026-10-06 13:44:46.704 INFO  serve: model family glm5 (/home/stephen/.cache/huggingface/hub/models--HawkBearPig--GLM-5.3-Flash-NVFP4-FP8/snapshots/17b8d4d83e33e836e9549d7e1a8d25b5117203c1)
2026-10-06 13:44:46.704 INFO  serve: decode rows 8 (4 slot(s) x 1 row(s) per request, floor 8, the glm5 family's cap 8)
2026-10-06 13:44:46.704 WARN  generation config /home/stephen/.cache/huggingface/hub/models--HawkBearPig--GLM-5.3-Flash-NVFP4-FP8/snapshots/17b8d4d83e33e836e9549d7e1a8d25b5117203c1/generation_config.json omits top_k, min_p, repetition_penalty; using greedy-safe/neutral fallbacks for those fields
2026-10-06 13:44:46.704 INFO  generation defaults: temperature=1 top_p=0.95 top_k=0 min_p=0 repetition_penalty=1
2026-10-06 13:44:46.704 INFO  serve: sampling defaults temperature 1 top_p 0.95 top_k 0 min_p 0 repetition_penalty 1 (from generation_config.json; overrides: none)
2026-10-06 13:44:46.704 INFO  serve: request context limit 786432 tokens (the 786432-token K/V pool from engine.kv_capacity 786432; this family states no positional ceiling of its own)
2026-10-06 13:44:46.704 INFO  rank 3: prefix cache plan — 22 GiB budget, 639 slots of 35.217 MiB, 21.976 GiB allocated; cached K/V blocks share the 786432-token pool
2026-10-06 13:44:46.882 INFO  tokenizer: loaded vocab 154820 merges 321649 added 36 (revision 0x700b4469fc43f23b; glm pattern, no normalizer, ignore_merges true)
2026-10-06 13:44:46.892 INFO  serve: grammar vocabulary built (154880 ids, tool markers present, call-turn EOS 154829)
2026-10-06 13:44:46.996 INFO  serve: JSON grammar tables built in 0.10 s
2026-10-06 13:44:47.225 INFO  bus: globaltimer offset 20707488080 ns (+-2 us)
2026-10-06 13:44:47.229 INFO  verbs: device roceP2p1s0f0 port 1 gid_index 3
2026-10-06 13:44:47.232 INFO  verbs: device rocep1s0f0 port 1 gid_index 3
2026-10-06 13:44:48.364 INFO  bus: rank 3 up — 3 peer(s) x 2 lane(s), lat 8x65536B, bulk 8x262144B, bulk pace 28.3 Gb/s per QP, window 4 per lane
2026-10-06 13:44:48.364 INFO  rank 3: boundary reducer host-driven
2026-10-06 13:44:48.527 INFO  rank 3: process memory locked (mlockall MCL_CURRENT, 14546 MiB)
2026-10-06 13:44:48.527 INFO  rank 3: resident image cache at /home/stephen/.cache/dgpp/resident
2026-10-06 13:44:48.528 INFO  bus engine: rank 3 pinned to cpu 19
2026-10-06 13:44:48.584 INFO  rank 3: memory plan for a 786432-token context — vision weights (replicated) 1.05 GiB; vision workspace (bounded image prefill) 0.33 GiB; model weights (resident) 46.46 GiB (1.81 GiB pinned); tensor-parallel slice views 0.67 GiB; bf16 decode packing (12-bit companions) 1.92 GiB; gemm workspace (at least) 0.06 GiB; kda scratch 0.08 GiB; kv cache pool (bf16) 8.52 GiB; dsa scratch 0.23 GiB; moe scratch 0.68 GiB (0.00 GiB pinned); kda state (request slots) 0.14 GiB; kda speculative snapshots 0.27 GiB; activations (per-forward rows) 0.32 GiB (0.00 GiB pinned); route-trace staging 0.10 GiB (0.10 GiB pinned); prefix cache 21.98 GiB; engine 0.08 GiB
2026-10-06 13:44:48.584 INFO  rank 3: memory plan total 82.87 GiB (58.90 GiB device + 23.97 GiB pinned) + 4.00 GiB headroom against 116.52 GiB free (device free 116.06 GiB of 121.69 GiB, host available 116.52 GiB)
2026-10-06 13:44:48.584 INFO  memory ledger: rank 3 after the plan check — rss 1.18 GiB (anon 0.42, shmem 0.09, file 0.67; locked 14.21); device free 116.06 GiB, node available 116.52 GiB
2026-10-06 13:44:48.584 INFO  memory ledger: rank 3 after the bus — rss 1.18 GiB (anon 0.42, shmem 0.09, file 0.67; locked 14.21); device free 116.06 GiB, node available 116.52 GiB
2026-10-06 13:44:48.926 INFO  glm loader: rank 3 resident footprint 44.6 GiB; device free 116.0 of 121.7 GiB, host available 116.5 GiB
2026-10-06 13:44:49.899 INFO  glm loader: rank 3 resident image /home/stephen/.cache/dgpp/resident/efd379dc08601610.img — 46/46 layers present, direct I/O
2026-10-06 13:44:49.943 INFO  l2 prefetch: on, window budget 12 MiB, boundary rate light, layer rate light
2026-10-06 13:44:49.943 INFO  glm loader: rank 3 boot digest from the resident image (713 tensors, 2.91 GiB)
2026-10-06 13:44:59.351 INFO  glm loader: rank 3 resident load complete — released 40 shard mappings (181.7 GiB) and evicted their page cache; image: 45 layers restored, 0 captured
2026-10-06 13:44:59.699 INFO  rank 3 bf12: 69 decode matrices packed (2.49 GiB of bf16 -> 1.87 GiB, 207067 escapes, widest row 64, 39 rows kept raw; 0 matrices kept bf16) in 1.3 s
2026-10-06 13:45:05.066 INFO  rank 3 boot phases: digest 0.0 s (3.96 GiB hashed), globals 1.3 s, layers 13.4 s
2026-10-06 13:45:05.066 INFO  memory ledger: rank 3 after the model — rss 3.09 GiB (anon 0.41, shmem 2.01, file 0.67; locked 14.19); device free 54.74 GiB, node available 55.18 GiB
2026-10-06 13:45:05.066 INFO  rank 3: model constructed in 16.5s (resident, 4 request slots, 786432-token pool in bf16, 2048-row forwards)
2026-10-06 13:45:05.066 INFO  rank 3: prefix cache on — 639 snapshot slot(s) of 35.2 MiB (22.00 GiB asked)
2026-10-06 13:45:05.812 INFO  rank 3: graph engine samples on the device — 128 candidates per rank (4 rows x 4 ranks in a 65536-byte latency slot; the planned width is 128); constrained decoding available
2026-10-06 13:45:05.812 INFO  rank 3: prefill budget 256 tokens/tick (0 = full prompt), 2048 with nothing decoding
2026-10-06 13:45:08.488 INFO  memory ledger: rank 3 after the graph engine — rss 3.10 GiB (anon 0.41, shmem 2.02, file 0.67; locked 14.19); device free 32.47 GiB, node available 32.91 GiB
2026-10-06 13:45:08.766 INFO  allreduce: device clock rate 2418000 kHz (stamps conversion)
2026-10-06 13:45:08.766 INFO  allreduce: rank 3 seq 1 launched (3 peers)
2026-10-06 13:45:08.766 INFO  allreduce: rank 3 seq 1 ready after 43.6us
2026-10-06 13:45:08.882 INFO  allreduce: rank 3 seq 1 done status=0 after 115604.9us
2026-10-06 13:45:08.928 INFO  allreduce: rank 3 seq 2 launched (3 peers)
2026-10-06 13:45:08.928 INFO  allreduce: rank 3 seq 2 ready after 11.0us
2026-10-06 13:45:08.930 INFO  allreduce: rank 3 seq 2 done status=0 after 2178.5us
2026-10-06 13:45:08.930 INFO  allreduce: rank 3 seq 3 launched (3 peers)
2026-10-06 13:45:08.930 INFO  allreduce: rank 3 seq 3 ready after 11.2us
2026-10-06 13:45:08.930 INFO  allreduce: rank 3 seq 3 done status=0 after 66.4us
2026-10-06 13:45:08.931 INFO  allreduce: rank 3 seq 4 launched (3 peers)
2026-10-06 13:45:08.931 INFO  allreduce: rank 3 seq 4 ready after 11.0us
2026-10-06 13:45:08.931 INFO  allreduce: rank 3 seq 4 done status=0 after 51.7us
2026-10-06 13:45:08.931 INFO  allreduce: rank 3 seq 5 launched (3 peers)
2026-10-06 13:45:08.931 INFO  allreduce: rank 3 seq 5 ready after 11.2us
2026-10-06 13:45:08.931 INFO  allreduce: rank 3 seq 5 done status=0 after 55.8us
2026-10-06 13:45:08.931 INFO  allreduce: rank 3 seq 6 launched (3 peers)
2026-10-06 13:45:08.931 INFO  allreduce: rank 3 seq 6 ready after 10.8us
2026-10-06 13:45:08.931 INFO  allreduce: rank 3 seq 6 done status=0 after 83.0us
2026-10-06 13:45:08.935 INFO  allreduce: rank 3 seq 7 launched (3 peers)
2026-10-06 13:45:08.935 INFO  allreduce: rank 3 seq 7 ready after 13.2us
2026-10-06 13:45:08.935 INFO  allreduce: rank 3 seq 7 done status=0 after 160.8us
2026-10-06 13:45:08.936 INFO  allreduce: rank 3 seq 8 launched (3 peers)
2026-10-06 13:45:08.936 INFO  allreduce: rank 3 seq 8 ready after 10.9us
2026-10-06 13:45:08.936 INFO  allreduce: rank 3 seq 8 done status=0 after 69.2us
2026-10-06 13:45:08.936 INFO  allreduce: rank 3 seq 9 launched (3 peers)
2026-10-06 13:45:08.936 INFO  allreduce: rank 3 seq 9 ready after 10.6us
2026-10-06 13:45:08.936 INFO  allreduce: rank 3 seq 9 done status=0 after 74.2us
2026-10-06 13:45:08.937 INFO  allreduce: rank 3 seq 10 launched (3 peers)
2026-10-06 13:45:08.937 INFO  allreduce: rank 3 seq 10 ready after 16.1us
2026-10-06 13:45:08.937 INFO  allreduce: rank 3 seq 10 done status=0 after 59.5us
2026-10-06 13:45:08.937 INFO  allreduce: rank 3 seq 11 launched (3 peers)
2026-10-06 13:45:08.937 INFO  allreduce: rank 3 seq 11 ready after 10.8us
2026-10-06 13:45:08.937 INFO  allreduce: rank 3 seq 11 done status=0 after 64.4us
2026-10-06 13:45:08.938 INFO  allreduce: rank 3 seq 12 launched (3 peers)
2026-10-06 13:45:08.938 INFO  allreduce: rank 3 seq 12 ready after 10.7us
2026-10-06 13:45:08.938 INFO  allreduce: rank 3 seq 12 done status=0 after 50.9us
2026-10-06 13:45:08.938 INFO  allreduce: rank 3 seq 13 launched (3 peers)
2026-10-06 13:45:08.938 INFO  allreduce: rank 3 seq 13 ready after 10.8us
2026-10-06 13:45:08.938 INFO  allreduce: rank 3 seq 13 done status=0 after 67.5us
2026-10-06 13:45:08.939 INFO  allreduce: rank 3 seq 14 launched (3 peers)
2026-10-06 13:45:08.939 INFO  allreduce: rank 3 seq 14 ready after 12.2us
2026-10-06 13:45:08.939 INFO  allreduce: rank 3 seq 14 done status=0 after 51.8us
2026-10-06 13:45:08.940 INFO  allreduce: rank 3 seq 15 launched (3 peers)
2026-10-06 13:45:08.940 INFO  allreduce: rank 3 seq 15 ready after 9.2us
2026-10-06 13:45:08.940 INFO  allreduce: rank 3 seq 15 done status=0 after 70.4us
2026-10-06 13:45:08.940 INFO  allreduce: rank 3 seq 16 launched (3 peers)
2026-10-06 13:45:08.941 INFO  allreduce: rank 3 seq 16 ready after 9.0us
2026-10-06 13:45:08.941 INFO  allreduce: rank 3 seq 16 done status=0 after 56.6us
2026-10-06 13:45:08.994 INFO  bus graph era: variant 0 recorded with 91 collective node(s)
2026-10-06 13:45:08.994 INFO  rank 3: graph variant 0 shape: 1208 nodes, 1521 edges: kernel 1208 empty 0 memcpy 0 memset 0 host 0 event 0 other 0; max in-degree 2
2026-10-06 13:45:09.010 INFO  rank 3: graph variant 0 instantiated — 166.5 MiB of device memory (32.0 GiB free)
2026-10-06 13:45:09.012 INFO  bus graph era: variant 1 recorded with 91 collective node(s)
2026-10-06 13:45:09.012 INFO  rank 3: graph variant 1 shape: 1208 nodes, 1521 edges: kernel 1208 empty 0 memcpy 0 memset 0 host 0 event 0 other 0; max in-degree 2
2026-10-06 13:45:09.016 INFO  rank 3: graph variant 1 instantiated — 20.7 MiB of device memory (32.0 GiB free)
2026-10-06 13:45:09.016 INFO  rank 3: serving scalar graph variants 0/1 captured for request slot 0 (1 rows)
2026-10-06 13:45:09.017 INFO  bus graph era: variant 8 recorded with 91 collective node(s)
2026-10-06 13:45:09.017 INFO  rank 3: graph variant 8 shape: 1251 nodes, 1564 edges: kernel 1251 empty 0 memcpy 0 memset 0 host 0 event 0 other 0; max in-degree 2
2026-10-06 13:45:09.023 INFO  rank 3: graph variant 8 instantiated — 28.1 MiB of device memory (32.0 GiB free)
2026-10-06 13:45:09.024 INFO  bus graph era: variant 9 recorded with 91 collective node(s)
2026-10-06 13:45:09.025 INFO  rank 3: graph variant 9 shape: 1251 nodes, 1564 edges: kernel 1251 empty 0 memcpy 0 memset 0 host 0 event 0 other 0; max in-degree 2
2026-10-06 13:45:09.032 INFO  rank 3: graph variant 9 instantiated — 33.7 MiB of device memory (31.9 GiB free)
2026-10-06 13:45:09.032 INFO  rank 3: serving row-batched graph variants 8/9 captured for 2 slots x 1 rows = 2 fixed rows (a batch is selected at 2+ live requests, the smallest that covers the live slots)
2026-10-06 13:45:09.033 INFO  bus graph era: variant 10 recorded with 91 collective node(s)
2026-10-06 13:45:09.033 INFO  rank 3: graph variant 10 shape: 1252 nodes, 1565 edges: kernel 1252 empty 0 memcpy 0 memset 0 host 0 event 0 other 0; max in-degree 2
2026-10-06 13:45:09.040 INFO  rank 3: graph variant 10 instantiated — 30.7 MiB of device memory (31.9 GiB free)
2026-10-06 13:45:09.041 INFO  bus graph era: variant 11 recorded with 91 collective node(s)
2026-10-06 13:45:09.041 INFO  rank 3: graph variant 11 shape: 1252 nodes, 1565 edges: kernel 1252 empty 0 memcpy 0 memset 0 host 0 event 0 other 0; max in-degree 2
2026-10-06 13:45:09.047 INFO  rank 3: graph variant 11 instantiated — 33.6 MiB of device memory (31.9 GiB free)
2026-10-06 13:45:09.047 INFO  rank 3: serving row-batched graph variants 10/11 captured for 3 slots x 1 rows = 3 fixed rows (a batch is selected at 2+ live requests, the smallest that covers the live slots)
2026-10-06 13:45:09.049 INFO  bus graph era: variant 12 recorded with 91 collective node(s)
2026-10-06 13:45:09.049 INFO  rank 3: graph variant 12 shape: 1253 nodes, 1566 edges: kernel 1253 empty 0 memcpy 0 memset 0 host 0 event 0 other 0; max in-degree 2
2026-10-06 13:45:09.056 INFO  rank 3: graph variant 12 instantiated — 34.1 MiB of device memory (31.8 GiB free)
2026-10-06 13:45:09.057 INFO  bus graph era: variant 13 recorded with 91 collective node(s)
2026-10-06 13:45:09.057 INFO  rank 3: graph variant 13 shape: 1253 nodes, 1566 edges: kernel 1253 empty 0 memcpy 0 memset 0 host 0 event 0 other 0; max in-degree 2
2026-10-06 13:45:09.063 INFO  rank 3: graph variant 13 instantiated — 30.6 MiB of device memory (31.8 GiB free)
2026-10-06 13:45:09.063 INFO  rank 3: serving row-batched graph variants 12/13 captured for 4 slots x 1 rows = 4 fixed rows (a batch is selected at 2+ live requests, the smallest that covers the live slots)
2026-10-06 13:45:09.125 INFO  bus graph era: variant 2 recorded with 91 collective node(s)
2026-10-06 13:45:09.125 INFO  rank 3: graph variant 2 shape: 1208 nodes, 1521 edges: kernel 1208 empty 0 memcpy 0 memset 0 host 0 event 0 other 0; max in-degree 2
2026-10-06 13:45:09.132 INFO  rank 3: graph variant 2 instantiated — 31.9 MiB of device memory (31.8 GiB free)
2026-10-06 13:45:09.133 INFO  bus graph era: variant 3 recorded with 91 collective node(s)
2026-10-06 13:45:09.133 INFO  rank 3: graph variant 3 shape: 1208 nodes, 1521 edges: kernel 1208 empty 0 memcpy 0 memset 0 host 0 event 0 other 0; max in-degree 2
2026-10-06 13:45:09.140 INFO  rank 3: graph variant 3 instantiated — 33.6 MiB of device memory (31.7 GiB free)
2026-10-06 13:45:09.140 INFO  rank 3: serving scalar graph variants 2/3 captured for request slot 1 (1 rows)
2026-10-06 13:45:09.202 INFO  bus graph era: variant 4 recorded with 91 collective node(s)
2026-10-06 13:45:09.202 INFO  rank 3: graph variant 4 shape: 1208 nodes, 1521 edges: kernel 1208 empty 0 memcpy 0 memset 0 host 0 event 0 other 0; max in-degree 2
2026-10-06 13:45:09.209 INFO  rank 3: graph variant 4 instantiated — 30.3 MiB of device memory (31.7 GiB free)
2026-10-06 13:45:09.210 INFO  bus graph era: variant 5 recorded with 91 collective node(s)
2026-10-06 13:45:09.210 INFO  rank 3: graph variant 5 shape: 1208 nodes, 1521 edges: kernel 1208 empty 0 memcpy 0 memset 0 host 0 event 0 other 0; max in-degree 2
2026-10-06 13:45:09.219 INFO  rank 3: graph variant 5 instantiated — 38.5 MiB of device memory (31.7 GiB free)
2026-10-06 13:45:09.219 INFO  rank 3: serving scalar graph variants 4/5 captured for request slot 2 (1 rows)
2026-10-06 13:45:09.280 INFO  bus graph era: variant 6 recorded with 91 collective node(s)
2026-10-06 13:45:09.280 INFO  rank 3: graph variant 6 shape: 1208 nodes, 1521 edges: kernel 1208 empty 0 memcpy 0 memset 0 host 0 event 0 other 0; max in-degree 2
2026-10-06 13:45:09.287 INFO  rank 3: graph variant 6 instantiated — 29.8 MiB of device memory (31.6 GiB free)
2026-10-06 13:45:09.288 INFO  bus graph era: variant 7 recorded with 91 collective node(s)
2026-10-06 13:45:09.288 INFO  rank 3: graph variant 7 shape: 1208 nodes, 1521 edges: kernel 1208 empty 0 memcpy 0 memset 0 host 0 event 0 other 0; max in-degree 2
2026-10-06 13:45:09.295 INFO  rank 3: graph variant 7 instantiated — 33.8 MiB of device memory (31.6 GiB free)
2026-10-06 13:45:09.295 INFO  rank 3: serving scalar graph variants 6/7 captured for request slot 3 (1 rows)
2026-10-06 13:45:09.296 INFO  rank 3: warm capture complete — 4 scalar variants and the row batches for 2 slots, 3 slots, 4 slots recorded before the first request
2026-10-06 13:45:09.296 INFO  memory ledger: rank 3 after the warm capture — rss 3.57 GiB (anon 0.88, shmem 2.02, file 0.68; locked 14.19); device free 31.60 GiB, node available 32.04 GiB
2026-10-06 13:45:09.296 INFO  rank 3: graph variants warm-captured in 0.81s
2026-10-06 13:45:09.296 INFO  rank 3: following rank 0's journal (admission full, window 256)
2026-10-06 13:45:09.640 INFO  sched: request 'chatcmpl-1b936c0a97fcf9c5' starting prefill in slot 0 (62 prompt tokens)
2026-10-06 13:45:09.838 INFO  sched: request 'chatcmpl-1b936c0a97fcf9c5' prefix cache miss — 2 cut(s), the cache is empty
2026-10-06 13:45:09.838 INFO  sched: request 'chatcmpl-1b936c0a97fcf9c5' admitted to slot 0 (reserve 1 blocks; pool 1/6144 blocks in use) — first token 785
2026-10-06 13:45:11.437 INFO  sched: request 'chatcmpl-1b936c0a97fcf9c5' retired (steps): 64 tok in 1.8 s — prefill 62 tok (0 cached) in 199 ms; decode 63 tok / 63 passes in 1.6 s: 39.4 tok/s, 25.4 ms/tok, 25 ms/pass, 1.00 tok/pass
2026-10-06 13:45:11.457 INFO  sched: request 'chatcmpl-1b936c0a97fcf9c6' starting prefill in slot 0 (37 prompt tokens)
2026-10-06 13:45:11.609 INFO  sched: request 'chatcmpl-1b936c0a97fcf9c6' prefix cache miss — 2 cut(s), the cache is empty
2026-10-06 13:45:11.609 INFO  sched: request 'chatcmpl-1b936c0a97fcf9c6' admitted to slot 0 (reserve 3 blocks; pool 3/6144 blocks in use) — first token 785
2026-10-06 13:45:18.031 INFO  sched: request 'chatcmpl-1b936c0a97fcf9c6' retired (steps): 256 tok in 6.6 s — prefill 37 tok (0 cached) in 152 ms; decode 255 tok / 255 passes in 6.4 s: 39.7 tok/s, 25.2 ms/tok, 25 ms/pass, 1.00 tok/pass
2026-10-06 13:45:18.046 INFO  sched: request 'chatcmpl-1b936c0a97fcf9c7' starting prefill in slot 0 (37 prompt tokens)
2026-10-06 13:45:18.194 INFO  sched: request 'chatcmpl-1b936c0a97fcf9c7' prefix cache miss — 2 cut(s), the cache is empty
2026-10-06 13:45:18.194 INFO  sched: request 'chatcmpl-1b936c0a97fcf9c7' admitted to slot 0 (reserve 3 blocks; pool 3/6144 blocks in use) — first token 785
2026-10-06 13:45:19.478 INFO  stats: rank 3 | 10.0 s | decode 37.1 tok/s, 24.4 ms/tok, 24.6 ms/step (369 steps / 372 tok, 91 % of wall) | prefill 3 prompts / 136 tok, 14 tok/s, 3.66 ms/tok, 166 ms avg (5 % of wall), 0 tok cached (0/3 hits) | live 1, queued 0 | pool 3/6144 blocks (0 %) | prefix cache 0/639 entries
2026-10-06 13:45:24.605 INFO  sched: request 'chatcmpl-1b936c0a97fcf9c7' retired (steps): 256 tok in 6.6 s — prefill 37 tok (0 cached) in 148 ms; decode 255 tok / 255 passes in 6.4 s: 39.8 tok/s, 25.1 ms/tok, 25 ms/pass, 1.00 tok/pass
2026-10-06 13:45:24.631 INFO  sched: request 'chatcmpl-1b936c0a97fcf9c8' starting prefill in slot 0 (37 prompt tokens)
2026-10-06 13:45:24.778 INFO  sched: request 'chatcmpl-1b936c0a97fcf9c8' prefix cache miss — 2 cut(s), the cache is empty
2026-10-06 13:45:24.778 INFO  sched: request 'chatcmpl-1b936c0a97fcf9c8' admitted to slot 0 (reserve 3 blocks; pool 3/6144 blocks in use) — first token 785
2026-10-06 13:45:29.490 INFO  stats: rank 3 | 10.0 s | decode 39.2 tok/s, 24.5 ms/tok, 24.6 ms/step (391 steps / 392 tok, 96 % of wall) | prefill 1 prompt / 37 tok, 4 tok/s, 3.98 ms/tok, 147 ms avg (1 % of wall), 0 tok cached (0/1 hit) | live 1, queued 0 | pool 3/6144 blocks (0 %) | prefix cache 0/639 entries
2026-10-06 13:45:31.199 INFO  sched: request 'chatcmpl-1b936c0a97fcf9c8' retired (steps): 256 tok in 6.6 s — prefill 37 tok (0 cached) in 147 ms; decode 255 tok / 255 passes in 6.4 s: 39.7 tok/s, 25.2 ms/tok, 25 ms/pass, 1.00 tok/pass
2026-10-06 13:45:31.245 INFO  sched: request 'chatcmpl-1b936c0a97fcf9c9' starting prefill in slot 0 (51 prompt tokens)
2026-10-06 13:45:31.425 INFO  sched: request 'chatcmpl-1b936c0a97fcf9c9' prefix cache miss — 2 cut(s), the cache is empty
2026-10-06 13:45:31.425 INFO  sched: request 'chatcmpl-1b936c0a97fcf9c9' admitted to slot 0 (reserve 3 blocks; pool 3/6144 blocks in use) — first token 785
2026-10-06 13:45:37.855 INFO  sched: request 'chatcmpl-1b936c0a97fcf9c9' retired (steps): 256 tok in 6.6 s — prefill 51 tok (0 cached) in 180 ms; decode 255 tok / 255 passes in 6.4 s: 39.7 tok/s, 25.2 ms/tok, 25 ms/pass, 1.00 tok/pass
2026-10-06 13:45:37.886 INFO  sched: request 'chatcmpl-1b936c0a97fcf9ca' starting prefill in slot 0 (51 prompt tokens)
2026-10-06 13:45:38.059 INFO  sched: request 'chatcmpl-1b936c0a97fcf9ca' prefix cache miss — 2 cut(s), the cache is empty
2026-10-06 13:45:38.059 INFO  sched: request 'chatcmpl-1b936c0a97fcf9ca' admitted to slot 0 (reserve 3 blocks; pool 3/6144 blocks in use) — first token 785
2026-10-06 13:45:39.496 INFO  stats: rank 3 | 10.0 s | decode 38.2 tok/s, 24.5 ms/tok, 24.7 ms/step (380 steps / 382 tok, 94 % of wall) | prefill 2 prompts / 102 tok, 10 tok/s, 3.46 ms/tok, 176 ms avg (4 % of wall), 0 tok cached (0/2 hits) | live 1, queued 0 | pool 3/6144 blocks (0 %) | prefix cache 0/639 entries
2026-10-06 13:45:44.481 INFO  sched: request 'chatcmpl-1b936c0a97fcf9ca' retired (steps): 256 tok in 6.6 s — prefill 51 tok (0 cached) in 173 ms; decode 255 tok / 255 passes in 6.4 s: 39.7 tok/s, 25.2 ms/tok, 25 ms/pass, 1.00 tok/pass
2026-10-06 13:45:44.501 INFO  sched: request 'chatcmpl-1b936c0a97fcf9cb' starting prefill in slot 0 (51 prompt tokens)
2026-10-06 13:45:44.676 INFO  sched: request 'chatcmpl-1b936c0a97fcf9cb' prefix cache miss — 2 cut(s), the cache is empty
2026-10-06 13:45:44.676 INFO  sched: request 'chatcmpl-1b936c0a97fcf9cb' admitted to slot 0 (reserve 3 blocks; pool 3/6144 blocks in use) — first token 785
2026-10-06 13:45:49.507 INFO  stats: rank 3 | 10.0 s | decode 39.0 tok/s, 24.6 ms/tok, 24.7 ms/step (389 steps / 390 tok, 96 % of wall) | prefill 1 prompt / 51 tok, 5 tok/s, 3.42 ms/tok, 174 ms avg (2 % of wall), 0 tok cached (0/1 hit) | live 1, queued 0 | pool 3/6144 blocks (0 %) | prefix cache 0/639 entries
2026-10-06 13:45:51.118 INFO  sched: request 'chatcmpl-1b936c0a97fcf9cb' retired (steps): 256 tok in 6.6 s — prefill 51 tok (0 cached) in 174 ms; decode 255 tok / 255 passes in 6.4 s: 39.6 tok/s, 25.3 ms/tok, 25 ms/pass, 1.00 tok/pass
2026-10-06 13:45:51.143 INFO  sched: request 'chatcmpl-1b936c0a97fcf9cc' starting prefill in slot 0 (46 prompt tokens)
2026-10-06 13:45:51.313 INFO  sched: request 'chatcmpl-1b936c0a97fcf9cc' prefix cache miss — 2 cut(s), the cache is empty
2026-10-06 13:45:51.313 INFO  sched: request 'chatcmpl-1b936c0a97fcf9cc' admitted to slot 0 (reserve 3 blocks; pool 3/6144 blocks in use) — first token 785
2026-10-06 13:45:57.761 INFO  sched: request 'chatcmpl-1b936c0a97fcf9cc' retired (steps): 256 tok in 6.6 s — prefill 46 tok (0 cached) in 169 ms; decode 255 tok / 255 passes in 6.4 s: 39.5 tok/s, 25.3 ms/tok, 25 ms/pass, 1.00 tok/pass
2026-10-06 13:45:57.787 INFO  sched: request 'chatcmpl-1b936c0a97fcf9cd' starting prefill in slot 0 (46 prompt tokens)
2026-10-06 13:45:57.952 INFO  sched: request 'chatcmpl-1b936c0a97fcf9cd' prefix cache miss — 2 cut(s), the cache is empty
2026-10-06 13:45:57.952 INFO  sched: request 'chatcmpl-1b936c0a97fcf9cd' admitted to slot 0 (reserve 3 blocks; pool 3/6144 blocks in use) — first token 785
2026-10-06 13:45:59.520 INFO  stats: rank 3 | 10.0 s | decode 38.2 tok/s, 24.6 ms/tok, 24.8 ms/step (381 steps / 383 tok, 94 % of wall) | prefill 2 prompts / 92 tok, 9 tok/s, 3.63 ms/tok, 167 ms avg (3 % of wall), 0 tok cached (0/2 hits) | live 1, queued 0 | pool 3/6144 blocks (0 %) | prefix cache 0/639 entries
2026-10-06 13:46:04.404 INFO  sched: request 'chatcmpl-1b936c0a97fcf9cd' retired (steps): 256 tok in 6.6 s — prefill 46 tok (0 cached) in 165 ms; decode 255 tok / 255 passes in 6.5 s: 39.5 tok/s, 25.3 ms/tok, 25 ms/pass, 1.00 tok/pass
2026-10-06 13:46:04.435 INFO  sched: request 'chatcmpl-1b936c0a97fcf9ce' starting prefill in slot 0 (46 prompt tokens)
2026-10-06 13:46:04.601 INFO  sched: request 'chatcmpl-1b936c0a97fcf9ce' prefix cache miss — 2 cut(s), the cache is empty
2026-10-06 13:46:04.601 INFO  sched: request 'chatcmpl-1b936c0a97fcf9ce' admitted to slot 0 (reserve 3 blocks; pool 3/6144 blocks in use) — first token 785
2026-10-06 13:46:09.540 INFO  stats: rank 3 | 10.0 s | decode 38.8 tok/s, 24.7 ms/tok, 24.8 ms/step (388 steps / 389 tok, 96 % of wall) | prefill 1 prompt / 46 tok, 5 tok/s, 3.60 ms/tok, 165 ms avg (2 % of wall), 0 tok cached (0/1 hit) | live 1, queued 0 | pool 3/6144 blocks (0 %) | prefix cache 0/639 entries
2026-10-06 13:46:11.041 INFO  sched: request 'chatcmpl-1b936c0a97fcf9ce' retired (steps): 256 tok in 6.6 s — prefill 46 tok (0 cached) in 165 ms; decode 255 tok / 255 passes in 6.4 s: 39.6 tok/s, 25.3 ms/tok, 25 ms/pass, 1.00 tok/pass
2026-10-06 13:46:11.073 INFO  sched: request 'chatcmpl-1b936c0a97fcf9cf' starting prefill in slot 0 (68 prompt tokens)
2026-10-06 13:46:11.265 INFO  sched: request 'chatcmpl-1b936c0a97fcf9cf' prefix cache miss — 2 cut(s), the cache is empty
2026-10-06 13:46:11.265 INFO  sched: request 'chatcmpl-1b936c0a97fcf9cf' admitted to slot 0 (reserve 3 blocks; pool 3/6144 blocks in use) — first token 785
2026-10-06 13:46:17.711 INFO  sched: request 'chatcmpl-1b936c0a97fcf9cf' retired (steps): 256 tok in 6.6 s — prefill 68 tok (0 cached) in 192 ms; decode 255 tok / 255 passes in 6.4 s: 39.6 tok/s, 25.3 ms/tok, 25 ms/pass, 1.00 tok/pass
2026-10-06 13:46:17.741 INFO  sched: request 'chatcmpl-1b936c0a97fcf9d0' starting prefill in slot 0 (68 prompt tokens)
2026-10-06 13:46:17.936 INFO  sched: request 'chatcmpl-1b936c0a97fcf9d0' prefix cache miss — 2 cut(s), the cache is empty
2026-10-06 13:46:17.936 INFO  sched: request 'chatcmpl-1b936c0a97fcf9d0' admitted to slot 0 (reserve 3 blocks; pool 3/6144 blocks in use) — first token 785
2026-10-06 13:46:19.563 INFO  stats: rank 3 | 10.0 s | decode 38.0 tok/s, 24.7 ms/tok, 24.8 ms/step (379 steps / 381 tok, 94 % of wall) | prefill 2 prompts / 136 tok, 14 tok/s, 2.85 ms/tok, 194 ms avg (4 % of wall), 0 tok cached (0/2 hits) | live 1, queued 0 | pool 3/6144 blocks (0 %) | prefix cache 0/639 entries
2026-10-06 13:46:24.402 INFO  sched: request 'chatcmpl-1b936c0a97fcf9d0' retired (steps): 256 tok in 6.7 s — prefill 68 tok (0 cached) in 195 ms; decode 255 tok / 255 passes in 6.5 s: 39.4 tok/s, 25.4 ms/tok, 25 ms/pass, 1.00 tok/pass
2026-10-06 13:46:24.422 INFO  sched: request 'chatcmpl-1b936c0a97fcf9d1' starting prefill in slot 0 (68 prompt tokens)
2026-10-06 13:46:24.613 INFO  sched: request 'chatcmpl-1b936c0a97fcf9d1' prefix cache miss — 2 cut(s), the cache is empty
2026-10-06 13:46:24.613 INFO  sched: request 'chatcmpl-1b936c0a97fcf9d1' admitted to slot 0 (reserve 3 blocks; pool 3/6144 blocks in use) — first token 785
2026-10-06 13:46:29.568 INFO  stats: rank 3 | 10.0 s | decode 38.8 tok/s, 24.7 ms/tok, 24.8 ms/step (387 steps / 388 tok, 96 % of wall) | prefill 1 prompt / 68 tok, 7 tok/s, 2.81 ms/tok, 191 ms avg (2 % of wall), 0 tok cached (0/1 hit) | live 1, queued 0 | pool 3/6144 blocks (0 %) | prefix cache 0/639 entries
2026-10-06 13:46:31.046 INFO  sched: request 'chatcmpl-1b936c0a97fcf9d1' retired (steps): 256 tok in 6.6 s — prefill 68 tok (0 cached) in 191 ms; decode 255 tok / 255 passes in 6.4 s: 39.6 tok/s, 25.2 ms/tok, 25 ms/pass, 1.00 tok/pass
2026-10-06 13:46:31.066 INFO  sched: request 'chatcmpl-1b936c0a97fcf9d2' starting prefill in slot 0 (40 prompt tokens)
2026-10-06 13:46:31.228 INFO  sched: request 'chatcmpl-1b936c0a97fcf9d2' prefix cache miss — 2 cut(s), the cache is empty
2026-10-06 13:46:31.228 INFO  sched: request 'chatcmpl-1b936c0a97fcf9d2' admitted to slot 0 (reserve 3 blocks; pool 3/6144 blocks in use) — first token 785
2026-10-06 13:46:37.677 INFO  sched: request 'chatcmpl-1b936c0a97fcf9d2' retired (steps): 256 tok in 6.6 s — prefill 40 tok (0 cached) in 162 ms; decode 255 tok / 255 passes in 6.4 s: 39.5 tok/s, 25.3 ms/tok, 25 ms/pass, 1.00 tok/pass
2026-10-06 13:46:37.702 INFO  sched: request 'chatcmpl-1b936c0a97fcf9d3' starting prefill in slot 0 (40 prompt tokens)
2026-10-06 13:46:37.862 INFO  sched: request 'chatcmpl-1b936c0a97fcf9d3' prefix cache miss — 2 cut(s), the cache is empty
2026-10-06 13:46:37.862 INFO  sched: request 'chatcmpl-1b936c0a97fcf9d3' admitted to slot 0 (reserve 3 blocks; pool 3/6144 blocks in use) — first token 785
2026-10-06 13:46:39.589 INFO  stats: rank 3 | 10.0 s | decode 38.3 tok/s, 24.6 ms/tok, 24.8 ms/step (382 steps / 384 tok, 94 % of wall) | prefill 2 prompts / 80 tok, 8 tok/s, 4.02 ms/tok, 161 ms avg (3 % of wall), 0 tok cached (0/2 hits) | live 1, queued 0 | pool 3/6144 blocks (0 %) | prefix cache 0/639 entries
2026-10-06 13:46:44.302 INFO  sched: request 'chatcmpl-1b936c0a97fcf9d3' retired (steps): 256 tok in 6.6 s — prefill 40 tok (0 cached) in 160 ms; decode 255 tok / 255 passes in 6.4 s: 39.6 tok/s, 25.3 ms/tok, 25 ms/pass, 1.00 tok/pass
2026-10-06 13:46:44.311 INFO  sched: request 'chatcmpl-1b936c0a97fcf9d4' starting prefill in slot 0 (40 prompt tokens)
2026-10-06 13:46:44.472 INFO  sched: request 'chatcmpl-1b936c0a97fcf9d4' prefix cache miss — 2 cut(s), the cache is empty
2026-10-06 13:46:44.472 INFO  sched: request 'chatcmpl-1b936c0a97fcf9d4' admitted to slot 0 (reserve 3 blocks; pool 3/6144 blocks in use) — first token 785
2026-10-06 13:46:49.593 INFO  stats: rank 3 | 10.0 s | decode 39.1 tok/s, 24.7 ms/tok, 24.7 ms/step (390 steps / 391 tok, 96 % of wall) | prefill 1 prompt / 40 tok, 4 tok/s, 4.02 ms/tok, 161 ms avg (2 % of wall), 0 tok cached (0/1 hit) | live 1, queued 0 | pool 3/6144 blocks (0 %) | prefix cache 0/639 entries
2026-10-06 13:46:50.898 INFO  sched: request 'chatcmpl-1b936c0a97fcf9d4' retired (steps): 256 tok in 6.6 s — prefill 40 tok (0 cached) in 161 ms; decode 255 tok / 255 passes in 6.4 s: 39.7 tok/s, 25.2 ms/tok, 25 ms/pass, 1.00 tok/pass
2026-10-06 13:46:52.070 INFO  journal: stop record — exiting
2026-10-06 13:46:52.094 INFO  rank 3: graph engine sampling summary — 0 sampled decode steps, 0 served by the exact gather fallback (0.0%), 128 candidates per rank
2026-10-06 13:46:53.467 INFO  rank 3: exited cleanly
