2026-10-06 13:46:11.785 INFO  dgpp-serve 0.1.0+g50309fdcf51d.dirty (git 50309fdcf51d)
2026-10-06 13:46:11.785 INFO  config /tmp/bus4/deployments/889cdfc69878f248/cluster.json: model HawkBearPig/GLM-5.3-Flash-NVFP4-FP8, world 4, rank 1, http :18080, fabric :29970, journal :29971
2026-10-06 13:46:11.785 INFO  model HawkBearPig/GLM-5.3-Flash-NVFP4-FP8 -> /home/stephen/.cache/huggingface/hub/models--HawkBearPig--GLM-5.3-Flash-NVFP4-FP8/snapshots/17b8d4d83e33e836e9549d7e1a8d25b5117203c1
2026-10-06 13:46:11.786 INFO  journal: connected to rank 0 at 192.168.88.11:29971 (120000 attempt window)
2026-10-06 13:46:11.787 INFO  rank 1: settings from rank 0: model=HawkBearPig/GLM-5.3-Flash-NVFP4-FP8 world=4 fabric=29970 journal=29971 conc=4 kv=786432 kvdt=bf16 ngt=resident dw=checkpoint mtpef=fp8 bfw=bf12+bf16 fp8head=gemv pf=bounded emsh=replicated maxtok=32768 queue=8 eos=1 graph=1 compact=0 mtp=0 mtpd=1 mss=0 msrow=8 msbase=28 mslam=0 msmin=1 msad=1 msss=0.93 mdr=auto mdt=1 mvf=token dbr=0 batchmin=2 cand=128 pcgib=22 adm=full win=256 pfbudget=256 pfidle=2048 pmin=1024 phead=1 pace=-1 inflight=-1 reasoning_in_content=0 rs=off dflash=off dfw=checkpoint
2026-10-06 13:46:11.787 INFO  config: model=HawkBearPig/GLM-5.3-Flash-NVFP4-FP8 world=4 fabric=29970 journal=29971 conc=4 kv=786432 kvdt=bf16 ngt=resident dw=checkpoint mtpef=fp8 bfw=bf12+bf16 fp8head=gemv pf=bounded emsh=replicated maxtok=32768 queue=8 eos=1 graph=1 compact=0 mtp=0 mtpd=1 mss=0 msrow=8 msbase=28 mslam=0 msmin=1 msad=1 msss=0.93 mdr=auto mdt=1 mvf=token dbr=0 batchmin=2 cand=128 pcgib=22 adm=full win=256 pfbudget=256 pfidle=2048 pmin=1024 phead=1 pace=-1 inflight=-1 reasoning_in_content=0 rs=off dflash=off dfw=checkpoint (digest 14bdad8532bbc12f)
2026-10-06 13:46:11.907 INFO  serve: model family glm5 (/home/stephen/.cache/huggingface/hub/models--HawkBearPig--GLM-5.3-Flash-NVFP4-FP8/snapshots/17b8d4d83e33e836e9549d7e1a8d25b5117203c1)
2026-10-06 13:46:11.907 INFO  serve: decode rows 8 (4 slot(s) x 1 row(s) per request, floor 8, the glm5 family's cap 8)
2026-10-06 13:46:11.907 WARN  generation config /home/stephen/.cache/huggingface/hub/models--HawkBearPig--GLM-5.3-Flash-NVFP4-FP8/snapshots/17b8d4d83e33e836e9549d7e1a8d25b5117203c1/generation_config.json omits top_k, min_p, repetition_penalty; using greedy-safe/neutral fallbacks for those fields
2026-10-06 13:46:11.907 INFO  generation defaults: temperature=1 top_p=0.95 top_k=0 min_p=0 repetition_penalty=1
2026-10-06 13:46:11.907 INFO  serve: sampling defaults temperature 1 top_p 0.95 top_k 0 min_p 0 repetition_penalty 1 (from generation_config.json; overrides: none)
2026-10-06 13:46:11.907 INFO  serve: request context limit 786432 tokens (the 786432-token K/V pool from engine.kv_capacity 786432; this family states no positional ceiling of its own)
2026-10-06 13:46:11.907 INFO  rank 1: prefix cache plan — 22 GiB budget, 639 slots of 35.217 MiB, 21.976 GiB allocated; cached K/V blocks share the 786432-token pool
2026-10-06 13:46:12.085 INFO  tokenizer: loaded vocab 154820 merges 321649 added 36 (revision 0x700b4469fc43f23b; glm pattern, no normalizer, ignore_merges true)
2026-10-06 13:46:12.095 INFO  serve: grammar vocabulary built (154880 ids, tool markers present, call-turn EOS 154829)
2026-10-06 13:46:12.197 INFO  serve: JSON grammar tables built in 0.10 s
2026-10-06 13:46:12.430 INFO  bus: globaltimer offset -61473301222 ns (+-2 us)
2026-10-06 13:46:12.439 INFO  verbs: device roceP2p1s0f0 port 1 gid_index 3
2026-10-06 13:46:12.444 INFO  verbs: device rocep1s0f0 port 1 gid_index 3
2026-10-06 13:46:13.575 INFO  bus: rank 1 up — 3 peer(s) x 2 lane(s), lat 8x65536B, bulk 8x262144B, bulk pace 28.3 Gb/s per QP, window 4 per lane
2026-10-06 13:46:13.575 INFO  rank 1: boundary reducer host-driven
2026-10-06 13:46:13.718 INFO  rank 1: process memory locked (mlockall MCL_CURRENT, 14546 MiB)
2026-10-06 13:46:13.719 INFO  rank 1: resident image cache at /home/stephen/.cache/dgpp/resident
2026-10-06 13:46:13.719 INFO  bus engine: rank 1 pinned to cpu 19
2026-10-06 13:46:13.776 INFO  rank 1: memory plan for a 786432-token context — vision weights (replicated) 1.05 GiB; vision workspace (bounded image prefill) 0.33 GiB; model weights (resident) 46.46 GiB (1.81 GiB pinned); tensor-parallel slice views 0.67 GiB; bf16 decode packing (12-bit companions) 1.92 GiB; gemm workspace (at least) 0.06 GiB; kda scratch 0.08 GiB; kv cache pool (bf16) 8.52 GiB; dsa scratch 0.23 GiB; moe scratch 0.68 GiB (0.00 GiB pinned); kda state (request slots) 0.14 GiB; kda speculative snapshots 0.27 GiB; activations (per-forward rows) 0.32 GiB (0.00 GiB pinned); route-trace staging 0.10 GiB (0.10 GiB pinned); prefix cache 21.98 GiB; engine 0.08 GiB
2026-10-06 13:46:13.776 INFO  rank 1: memory plan total 82.87 GiB (58.90 GiB device + 23.97 GiB pinned) + 4.00 GiB headroom against 116.69 GiB free (device free 115.05 GiB of 121.69 GiB, host available 116.69 GiB)
2026-10-06 13:46:13.776 INFO  memory ledger: rank 1 after the plan check — rss 1.18 GiB (anon 0.42, shmem 0.09, file 0.67; locked 14.21); device free 115.05 GiB, node available 116.69 GiB
2026-10-06 13:46:13.776 INFO  memory ledger: rank 1 after the bus — rss 1.18 GiB (anon 0.42, shmem 0.09, file 0.67; locked 14.21); device free 115.05 GiB, node available 116.69 GiB
2026-10-06 13:46:14.119 INFO  glm loader: rank 1 resident footprint 44.6 GiB; device free 115.0 of 121.7 GiB, host available 116.6 GiB
2026-10-06 13:46:15.102 INFO  glm loader: rank 1 resident image /home/stephen/.cache/dgpp/resident/44076e8b908aed4a.img — 46/46 layers present, direct I/O
2026-10-06 13:46:15.146 INFO  l2 prefetch: on, window budget 12 MiB, boundary rate light, layer rate light
2026-10-06 13:46:15.146 INFO  glm loader: rank 1 boot digest from the resident image (713 tensors, 2.91 GiB)
2026-10-06 13:46:24.542 INFO  glm loader: rank 1 resident load complete — released 40 shard mappings (181.7 GiB) and evicted their page cache; image: 45 layers restored, 0 captured
2026-10-06 13:46:24.893 INFO  rank 1 bf12: 69 decode matrices packed (2.49 GiB of bf16 -> 1.87 GiB, 203123 escapes, widest row 64, 3 rows kept raw; 0 matrices kept bf16) in 1.3 s
2026-10-06 13:46:29.968 INFO  rank 1 boot phases: digest 0.0 s (3.96 GiB hashed), globals 1.5 s, layers 12.9 s
2026-10-06 13:46:29.968 INFO  memory ledger: rank 1 after the model — rss 3.09 GiB (anon 0.42, shmem 2.01, file 0.67; locked 14.19); device free 53.70 GiB, node available 55.32 GiB
2026-10-06 13:46:29.969 INFO  rank 1: model constructed in 16.2s (resident, 4 request slots, 786432-token pool in bf16, 2048-row forwards)
2026-10-06 13:46:29.969 INFO  rank 1: prefix cache on — 639 snapshot slot(s) of 35.2 MiB (22.00 GiB asked)
2026-10-06 13:46:30.785 INFO  rank 1: graph engine samples on the device — 128 candidates per rank (4 rows x 4 ranks in a 65536-byte latency slot; the planned width is 128); constrained decoding available
2026-10-06 13:46:30.786 INFO  rank 1: prefill budget 256 tokens/tick (0 = full prompt), 2048 with nothing decoding
2026-10-06 13:46:33.700 INFO  memory ledger: rank 1 after the graph engine — rss 3.10 GiB (anon 0.42, shmem 2.02, file 0.67; locked 14.19); device free 31.47 GiB, node available 33.08 GiB
2026-10-06 13:46:33.984 INFO  allreduce: device clock rate 2418000 kHz (stamps conversion)
2026-10-06 13:46:33.984 INFO  allreduce: rank 1 seq 1 launched (3 peers)
2026-10-06 13:46:33.984 INFO  allreduce: rank 1 seq 1 ready after 38.7us
2026-10-06 13:46:34.095 INFO  allreduce: rank 1 seq 1 done status=0 after 110813.0us
2026-10-06 13:46:34.142 INFO  allreduce: rank 1 seq 2 launched (3 peers)
2026-10-06 13:46:34.142 INFO  allreduce: rank 1 seq 2 ready after 11.1us
2026-10-06 13:46:34.142 INFO  allreduce: rank 1 seq 2 done status=0 after 49.4us
2026-10-06 13:46:34.143 INFO  allreduce: rank 1 seq 3 launched (3 peers)
2026-10-06 13:46:34.143 INFO  allreduce: rank 1 seq 3 ready after 11.2us
2026-10-06 13:46:34.143 INFO  allreduce: rank 1 seq 3 done status=0 after 90.7us
2026-10-06 13:46:34.143 INFO  allreduce: rank 1 seq 4 launched (3 peers)
2026-10-06 13:46:34.143 INFO  allreduce: rank 1 seq 4 ready after 11.2us
2026-10-06 13:46:34.143 INFO  allreduce: rank 1 seq 4 done status=0 after 49.3us
2026-10-06 13:46:34.144 INFO  allreduce: rank 1 seq 5 launched (3 peers)
2026-10-06 13:46:34.144 INFO  allreduce: rank 1 seq 5 ready after 11.0us
2026-10-06 13:46:34.144 INFO  allreduce: rank 1 seq 5 done status=0 after 52.9us
2026-10-06 13:46:34.144 INFO  allreduce: rank 1 seq 6 launched (3 peers)
2026-10-06 13:46:34.144 INFO  allreduce: rank 1 seq 6 ready after 11.0us
2026-10-06 13:46:34.144 INFO  allreduce: rank 1 seq 6 done status=0 after 99.8us
2026-10-06 13:46:34.148 INFO  allreduce: rank 1 seq 7 launched (3 peers)
2026-10-06 13:46:34.148 INFO  allreduce: rank 1 seq 7 ready after 14.2us
2026-10-06 13:46:34.148 INFO  allreduce: rank 1 seq 7 done status=0 after 54.5us
2026-10-06 13:46:34.148 INFO  allreduce: rank 1 seq 8 launched (3 peers)
2026-10-06 13:46:34.148 INFO  allreduce: rank 1 seq 8 ready after 11.2us
2026-10-06 13:46:34.148 INFO  allreduce: rank 1 seq 8 done status=0 after 60.4us
2026-10-06 13:46:34.149 INFO  allreduce: rank 1 seq 9 launched (3 peers)
2026-10-06 13:46:34.149 INFO  allreduce: rank 1 seq 9 ready after 10.8us
2026-10-06 13:46:34.149 INFO  allreduce: rank 1 seq 9 done status=0 after 64.7us
2026-10-06 13:46:34.149 INFO  allreduce: rank 1 seq 10 launched (3 peers)
2026-10-06 13:46:34.149 INFO  allreduce: rank 1 seq 10 ready after 11.0us
2026-10-06 13:46:34.149 INFO  allreduce: rank 1 seq 10 done status=0 after 65.9us
2026-10-06 13:46:34.150 INFO  allreduce: rank 1 seq 11 launched (3 peers)
2026-10-06 13:46:34.150 INFO  allreduce: rank 1 seq 11 ready after 10.8us
2026-10-06 13:46:34.150 INFO  allreduce: rank 1 seq 11 done status=0 after 50.8us
2026-10-06 13:46:34.151 INFO  allreduce: rank 1 seq 12 launched (3 peers)
2026-10-06 13:46:34.151 INFO  allreduce: rank 1 seq 12 ready after 11.0us
2026-10-06 13:46:34.151 INFO  allreduce: rank 1 seq 12 done status=0 after 56.5us
2026-10-06 13:46:34.151 INFO  allreduce: rank 1 seq 13 launched (3 peers)
2026-10-06 13:46:34.151 INFO  allreduce: rank 1 seq 13 ready after 11.0us
2026-10-06 13:46:34.151 INFO  allreduce: rank 1 seq 13 done status=0 after 48.6us
2026-10-06 13:46:34.152 INFO  allreduce: rank 1 seq 14 launched (3 peers)
2026-10-06 13:46:34.152 INFO  allreduce: rank 1 seq 14 ready after 12.2us
2026-10-06 13:46:34.152 INFO  allreduce: rank 1 seq 14 done status=0 after 56.3us
2026-10-06 13:46:34.152 INFO  allreduce: rank 1 seq 15 launched (3 peers)
2026-10-06 13:46:34.152 INFO  allreduce: rank 1 seq 15 ready after 8.9us
2026-10-06 13:46:34.152 INFO  allreduce: rank 1 seq 15 done status=0 after 44.0us
2026-10-06 13:46:34.153 INFO  allreduce: rank 1 seq 16 launched (3 peers)
2026-10-06 13:46:34.153 INFO  allreduce: rank 1 seq 16 ready after 9.1us
2026-10-06 13:46:34.153 INFO  allreduce: rank 1 seq 16 done status=0 after 44.1us
2026-10-06 13:46:34.207 INFO  bus graph era: variant 0 recorded with 91 collective node(s)
2026-10-06 13:46:34.207 INFO  rank 1: graph variant 0 shape: 1208 nodes, 1521 edges: kernel 1208 empty 0 memcpy 0 memset 0 host 0 event 0 other 0; max in-degree 2
2026-10-06 13:46:34.223 INFO  rank 1: graph variant 0 instantiated — 169.0 MiB of device memory (31.0 GiB free)
2026-10-06 13:46:34.224 INFO  bus graph era: variant 1 recorded with 91 collective node(s)
2026-10-06 13:46:34.224 INFO  rank 1: graph variant 1 shape: 1208 nodes, 1521 edges: kernel 1208 empty 0 memcpy 0 memset 0 host 0 event 0 other 0; max in-degree 2
2026-10-06 13:46:34.229 INFO  rank 1: graph variant 1 instantiated — 21.5 MiB of device memory (30.9 GiB free)
2026-10-06 13:46:34.229 INFO  rank 1: serving scalar graph variants 0/1 captured for request slot 0 (1 rows)
2026-10-06 13:46:34.230 INFO  bus graph era: variant 8 recorded with 91 collective node(s)
2026-10-06 13:46:34.230 INFO  rank 1: graph variant 8 shape: 1251 nodes, 1564 edges: kernel 1251 empty 0 memcpy 0 memset 0 host 0 event 0 other 0; max in-degree 2
2026-10-06 13:46:34.237 INFO  rank 1: graph variant 8 instantiated — 32.4 MiB of device memory (30.9 GiB free)
2026-10-06 13:46:34.238 INFO  bus graph era: variant 9 recorded with 91 collective node(s)
2026-10-06 13:46:34.238 INFO  rank 1: graph variant 9 shape: 1251 nodes, 1564 edges: kernel 1251 empty 0 memcpy 0 memset 0 host 0 event 0 other 0; max in-degree 2
2026-10-06 13:46:34.245 INFO  rank 1: graph variant 9 instantiated — 33.7 MiB of device memory (30.9 GiB free)
2026-10-06 13:46:34.245 INFO  rank 1: serving row-batched graph variants 8/9 captured for 2 slots x 1 rows = 2 fixed rows (a batch is selected at 2+ live requests, the smallest that covers the live slots)
2026-10-06 13:46:34.247 INFO  bus graph era: variant 10 recorded with 91 collective node(s)
2026-10-06 13:46:34.247 INFO  rank 1: graph variant 10 shape: 1252 nodes, 1565 edges: kernel 1252 empty 0 memcpy 0 memset 0 host 0 event 0 other 0; max in-degree 2
2026-10-06 13:46:34.253 INFO  rank 1: graph variant 10 instantiated — 30.7 MiB of device memory (30.8 GiB free)
2026-10-06 13:46:34.254 INFO  bus graph era: variant 11 recorded with 91 collective node(s)
2026-10-06 13:46:34.254 INFO  rank 1: graph variant 11 shape: 1252 nodes, 1565 edges: kernel 1252 empty 0 memcpy 0 memset 0 host 0 event 0 other 0; max in-degree 2
2026-10-06 13:46:34.261 INFO  rank 1: graph variant 11 instantiated — 32.3 MiB of device memory (30.8 GiB free)
2026-10-06 13:46:34.261 INFO  rank 1: serving row-batched graph variants 10/11 captured for 3 slots x 1 rows = 3 fixed rows (a batch is selected at 2+ live requests, the smallest that covers the live slots)
2026-10-06 13:46:34.262 INFO  bus graph era: variant 12 recorded with 91 collective node(s)
2026-10-06 13:46:34.262 INFO  rank 1: graph variant 12 shape: 1253 nodes, 1566 edges: kernel 1253 empty 0 memcpy 0 memset 0 host 0 event 0 other 0; max in-degree 2
2026-10-06 13:46:34.269 INFO  rank 1: graph variant 12 instantiated — 34.2 MiB of device memory (30.8 GiB free)
2026-10-06 13:46:34.270 INFO  bus graph era: variant 13 recorded with 91 collective node(s)
2026-10-06 13:46:34.271 INFO  rank 1: graph variant 13 shape: 1253 nodes, 1566 edges: kernel 1253 empty 0 memcpy 0 memset 0 host 0 event 0 other 0; max in-degree 2
2026-10-06 13:46:34.277 INFO  rank 1: graph variant 13 instantiated — 31.1 MiB of device memory (30.7 GiB free)
2026-10-06 13:46:34.277 INFO  rank 1: serving row-batched graph variants 12/13 captured for 4 slots x 1 rows = 4 fixed rows (a batch is selected at 2+ live requests, the smallest that covers the live slots)
2026-10-06 13:46:34.338 INFO  bus graph era: variant 2 recorded with 91 collective node(s)
2026-10-06 13:46:34.338 INFO  rank 1: graph variant 2 shape: 1208 nodes, 1521 edges: kernel 1208 empty 0 memcpy 0 memset 0 host 0 event 0 other 0; max in-degree 2
2026-10-06 13:46:34.344 INFO  rank 1: graph variant 2 instantiated — 32.9 MiB of device memory (30.7 GiB free)
2026-10-06 13:46:34.346 INFO  bus graph era: variant 3 recorded with 91 collective node(s)
2026-10-06 13:46:34.346 INFO  rank 1: graph variant 3 shape: 1208 nodes, 1521 edges: kernel 1208 empty 0 memcpy 0 memset 0 host 0 event 0 other 0; max in-degree 2
2026-10-06 13:46:34.353 INFO  rank 1: graph variant 3 instantiated — 33.2 MiB of device memory (30.7 GiB free)
2026-10-06 13:46:34.353 INFO  rank 1: serving scalar graph variants 2/3 captured for request slot 1 (1 rows)
2026-10-06 13:46:34.415 INFO  bus graph era: variant 4 recorded with 91 collective node(s)
2026-10-06 13:46:34.415 INFO  rank 1: graph variant 4 shape: 1208 nodes, 1521 edges: kernel 1208 empty 0 memcpy 0 memset 0 host 0 event 0 other 0; max in-degree 2
2026-10-06 13:46:34.421 INFO  rank 1: graph variant 4 instantiated — 30.3 MiB of device memory (30.6 GiB free)
2026-10-06 13:46:34.423 INFO  bus graph era: variant 5 recorded with 91 collective node(s)
2026-10-06 13:46:34.423 INFO  rank 1: graph variant 5 shape: 1208 nodes, 1521 edges: kernel 1208 empty 0 memcpy 0 memset 0 host 0 event 0 other 0; max in-degree 2
2026-10-06 13:46:34.432 INFO  rank 1: graph variant 5 instantiated — 38.0 MiB of device memory (30.6 GiB free)
2026-10-06 13:46:34.432 INFO  rank 1: serving scalar graph variants 4/5 captured for request slot 2 (1 rows)
2026-10-06 13:46:34.493 INFO  bus graph era: variant 6 recorded with 91 collective node(s)
2026-10-06 13:46:34.493 INFO  rank 1: graph variant 6 shape: 1208 nodes, 1521 edges: kernel 1208 empty 0 memcpy 0 memset 0 host 0 event 0 other 0; max in-degree 2
2026-10-06 13:46:34.500 INFO  rank 1: graph variant 6 instantiated — 29.8 MiB of device memory (30.6 GiB free)
2026-10-06 13:46:34.501 INFO  bus graph era: variant 7 recorded with 91 collective node(s)
2026-10-06 13:46:34.501 INFO  rank 1: graph variant 7 shape: 1208 nodes, 1521 edges: kernel 1208 empty 0 memcpy 0 memset 0 host 0 event 0 other 0; max in-degree 2
2026-10-06 13:46:34.508 INFO  rank 1: graph variant 7 instantiated — 33.7 MiB of device memory (30.5 GiB free)
2026-10-06 13:46:34.508 INFO  rank 1: serving scalar graph variants 6/7 captured for request slot 3 (1 rows)
2026-10-06 13:46:34.508 INFO  rank 1: warm capture complete — 4 scalar variants and the row batches for 2 slots, 3 slots, 4 slots recorded before the first request
2026-10-06 13:46:34.508 INFO  memory ledger: rank 1 after the warm capture — rss 3.57 GiB (anon 0.88, shmem 2.02, file 0.68; locked 14.19); device free 30.55 GiB, node available 32.16 GiB
2026-10-06 13:46:34.508 INFO  rank 1: graph variants warm-captured in 0.81s
2026-10-06 13:46:34.508 INFO  rank 1: following rank 0's journal (admission full, window 256)
2026-10-06 13:46:34.852 INFO  sched: request 'chatcmpl-1b936c0a97fcf9c5' starting prefill in slot 0 (62 prompt tokens)
2026-10-06 13:46:35.051 INFO  sched: request 'chatcmpl-1b936c0a97fcf9c5' prefix cache miss — 2 cut(s), the cache is empty
2026-10-06 13:46:35.051 INFO  sched: request 'chatcmpl-1b936c0a97fcf9c5' admitted to slot 0 (reserve 1 blocks; pool 1/6144 blocks in use) — first token 785
2026-10-06 13:46:36.650 INFO  sched: request 'chatcmpl-1b936c0a97fcf9c5' retired (steps): 64 tok in 1.8 s — prefill 62 tok (0 cached) in 199 ms; decode 63 tok / 63 passes in 1.6 s: 39.4 tok/s, 25.4 ms/tok, 25 ms/pass, 1.00 tok/pass
2026-10-06 13:46:36.670 INFO  sched: request 'chatcmpl-1b936c0a97fcf9c6' starting prefill in slot 0 (37 prompt tokens)
2026-10-06 13:46:36.822 INFO  sched: request 'chatcmpl-1b936c0a97fcf9c6' prefix cache miss — 2 cut(s), the cache is empty
2026-10-06 13:46:36.822 INFO  sched: request 'chatcmpl-1b936c0a97fcf9c6' admitted to slot 0 (reserve 3 blocks; pool 3/6144 blocks in use) — first token 785
2026-10-06 13:46:43.244 INFO  sched: request 'chatcmpl-1b936c0a97fcf9c6' retired (steps): 256 tok in 6.6 s — prefill 37 tok (0 cached) in 152 ms; decode 255 tok / 255 passes in 6.4 s: 39.7 tok/s, 25.2 ms/tok, 25 ms/pass, 1.00 tok/pass
2026-10-06 13:46:43.259 INFO  sched: request 'chatcmpl-1b936c0a97fcf9c7' starting prefill in slot 0 (37 prompt tokens)
2026-10-06 13:46:43.407 INFO  sched: request 'chatcmpl-1b936c0a97fcf9c7' prefix cache miss — 2 cut(s), the cache is empty
2026-10-06 13:46:43.407 INFO  sched: request 'chatcmpl-1b936c0a97fcf9c7' admitted to slot 0 (reserve 3 blocks; pool 3/6144 blocks in use) — first token 785
2026-10-06 13:46:44.691 INFO  stats: rank 1 | 10.0 s | decode 37.1 tok/s, 24.8 ms/tok, 25.0 ms/step (369 steps / 372 tok, 92 % of wall) | prefill 3 prompts / 136 tok, 14 tok/s, 3.67 ms/tok, 166 ms avg (5 % of wall), 0 tok cached (0/3 hits) | live 1, queued 0 | pool 3/6144 blocks (0 %) | prefix cache 0/639 entries
2026-10-06 13:46:49.819 INFO  sched: request 'chatcmpl-1b936c0a97fcf9c7' retired (steps): 256 tok in 6.6 s — prefill 37 tok (0 cached) in 148 ms; decode 255 tok / 255 passes in 6.4 s: 39.8 tok/s, 25.1 ms/tok, 25 ms/pass, 1.00 tok/pass
2026-10-06 13:46:49.845 INFO  sched: request 'chatcmpl-1b936c0a97fcf9c8' starting prefill in slot 0 (37 prompt tokens)
2026-10-06 13:46:49.992 INFO  sched: request 'chatcmpl-1b936c0a97fcf9c8' prefix cache miss — 2 cut(s), the cache is empty
2026-10-06 13:46:49.992 INFO  sched: request 'chatcmpl-1b936c0a97fcf9c8' admitted to slot 0 (reserve 3 blocks; pool 3/6144 blocks in use) — first token 785
2026-10-06 13:46:54.704 INFO  stats: rank 1 | 10.0 s | decode 39.1 tok/s, 24.9 ms/tok, 25.0 ms/step (391 steps / 392 tok, 98 % of wall) | prefill 1 prompt / 37 tok, 4 tok/s, 3.98 ms/tok, 147 ms avg (1 % of wall), 0 tok cached (0/1 hit) | live 1, queued 0 | pool 3/6144 blocks (0 %) | prefix cache 0/639 entries
2026-10-06 13:46:56.413 INFO  sched: request 'chatcmpl-1b936c0a97fcf9c8' retired (steps): 256 tok in 6.6 s — prefill 37 tok (0 cached) in 147 ms; decode 255 tok / 255 passes in 6.4 s: 39.7 tok/s, 25.2 ms/tok, 25 ms/pass, 1.00 tok/pass
2026-10-06 13:46:56.460 INFO  sched: request 'chatcmpl-1b936c0a97fcf9c9' starting prefill in slot 0 (51 prompt tokens)
2026-10-06 13:46:56.639 INFO  sched: request 'chatcmpl-1b936c0a97fcf9c9' prefix cache miss — 2 cut(s), the cache is empty
2026-10-06 13:46:56.639 INFO  sched: request 'chatcmpl-1b936c0a97fcf9c9' admitted to slot 0 (reserve 3 blocks; pool 3/6144 blocks in use) — first token 785
2026-10-06 13:47:03.069 INFO  sched: request 'chatcmpl-1b936c0a97fcf9c9' retired (steps): 256 tok in 6.6 s — prefill 51 tok (0 cached) in 180 ms; decode 255 tok / 255 passes in 6.4 s: 39.7 tok/s, 25.2 ms/tok, 25 ms/pass, 1.00 tok/pass
2026-10-06 13:47:03.100 INFO  sched: request 'chatcmpl-1b936c0a97fcf9ca' starting prefill in slot 0 (51 prompt tokens)
2026-10-06 13:47:03.273 INFO  sched: request 'chatcmpl-1b936c0a97fcf9ca' prefix cache miss — 2 cut(s), the cache is empty
2026-10-06 13:47:03.273 INFO  sched: request 'chatcmpl-1b936c0a97fcf9ca' admitted to slot 0 (reserve 3 blocks; pool 3/6144 blocks in use) — first token 785
2026-10-06 13:47:04.711 INFO  stats: rank 1 | 10.0 s | decode 38.2 tok/s, 24.9 ms/tok, 25.0 ms/step (380 steps / 382 tok, 95 % of wall) | prefill 2 prompts / 102 tok, 10 tok/s, 3.46 ms/tok, 176 ms avg (4 % of wall), 0 tok cached (0/2 hits) | live 1, queued 0 | pool 3/6144 blocks (0 %) | prefix cache 0/639 entries
2026-10-06 13:47:09.696 INFO  sched: request 'chatcmpl-1b936c0a97fcf9ca' retired (steps): 256 tok in 6.6 s — prefill 51 tok (0 cached) in 173 ms; decode 255 tok / 255 passes in 6.4 s: 39.7 tok/s, 25.2 ms/tok, 25 ms/pass, 1.00 tok/pass
2026-10-06 13:47:09.716 INFO  sched: request 'chatcmpl-1b936c0a97fcf9cb' starting prefill in slot 0 (51 prompt tokens)
2026-10-06 13:47:09.891 INFO  sched: request 'chatcmpl-1b936c0a97fcf9cb' prefix cache miss — 2 cut(s), the cache is empty
2026-10-06 13:47:09.891 INFO  sched: request 'chatcmpl-1b936c0a97fcf9cb' admitted to slot 0 (reserve 3 blocks; pool 3/6144 blocks in use) — first token 785
2026-10-06 13:47:14.722 INFO  stats: rank 1 | 10.0 s | decode 39.0 tok/s, 24.7 ms/tok, 24.8 ms/step (389 steps / 390 tok, 96 % of wall) | prefill 1 prompt / 51 tok, 5 tok/s, 3.43 ms/tok, 175 ms avg (2 % of wall), 0 tok cached (0/1 hit) | live 1, queued 0 | pool 3/6144 blocks (0 %) | prefix cache 0/639 entries
2026-10-06 13:47:16.333 INFO  sched: request 'chatcmpl-1b936c0a97fcf9cb' retired (steps): 256 tok in 6.6 s — prefill 51 tok (0 cached) in 175 ms; decode 255 tok / 255 passes in 6.4 s: 39.6 tok/s, 25.3 ms/tok, 25 ms/pass, 1.00 tok/pass
2026-10-06 13:47:16.358 INFO  sched: request 'chatcmpl-1b936c0a97fcf9cc' starting prefill in slot 0 (46 prompt tokens)
2026-10-06 13:47:16.528 INFO  sched: request 'chatcmpl-1b936c0a97fcf9cc' prefix cache miss — 2 cut(s), the cache is empty
2026-10-06 13:47:16.528 INFO  sched: request 'chatcmpl-1b936c0a97fcf9cc' admitted to slot 0 (reserve 3 blocks; pool 3/6144 blocks in use) — first token 785
2026-10-06 13:47:22.977 INFO  sched: request 'chatcmpl-1b936c0a97fcf9cc' retired (steps): 256 tok in 6.6 s — prefill 46 tok (0 cached) in 170 ms; decode 255 tok / 255 passes in 6.4 s: 39.5 tok/s, 25.3 ms/tok, 25 ms/pass, 1.00 tok/pass
2026-10-06 13:47:23.002 INFO  sched: request 'chatcmpl-1b936c0a97fcf9cd' starting prefill in slot 0 (46 prompt tokens)
2026-10-06 13:47:23.168 INFO  sched: request 'chatcmpl-1b936c0a97fcf9cd' prefix cache miss — 2 cut(s), the cache is empty
2026-10-06 13:47:23.168 INFO  sched: request 'chatcmpl-1b936c0a97fcf9cd' admitted to slot 0 (reserve 3 blocks; pool 3/6144 blocks in use) — first token 785
2026-10-06 13:47:24.736 INFO  stats: rank 1 | 10.0 s | decode 38.2 tok/s, 24.7 ms/tok, 24.8 ms/step (381 steps / 383 tok, 94 % of wall) | prefill 2 prompts / 92 tok, 9 tok/s, 3.65 ms/tok, 168 ms avg (3 % of wall), 0 tok cached (0/2 hits) | live 1, queued 0 | pool 3/6144 blocks (0 %) | prefix cache 0/639 entries
2026-10-06 13:47:29.620 INFO  sched: request 'chatcmpl-1b936c0a97fcf9cd' retired (steps): 256 tok in 6.6 s — prefill 46 tok (0 cached) in 166 ms; decode 255 tok / 255 passes in 6.5 s: 39.5 tok/s, 25.3 ms/tok, 25 ms/pass, 1.00 tok/pass
2026-10-06 13:47:29.651 INFO  sched: request 'chatcmpl-1b936c0a97fcf9ce' starting prefill in slot 0 (46 prompt tokens)
2026-10-06 13:47:29.817 INFO  sched: request 'chatcmpl-1b936c0a97fcf9ce' prefix cache miss — 2 cut(s), the cache is empty
2026-10-06 13:47:29.817 INFO  sched: request 'chatcmpl-1b936c0a97fcf9ce' admitted to slot 0 (reserve 3 blocks; pool 3/6144 blocks in use) — first token 785
2026-10-06 13:47:34.757 INFO  stats: rank 1 | 10.0 s | decode 38.8 tok/s, 24.7 ms/tok, 24.8 ms/step (388 steps / 389 tok, 96 % of wall) | prefill 1 prompt / 46 tok, 5 tok/s, 3.61 ms/tok, 166 ms avg (2 % of wall), 0 tok cached (0/1 hit) | live 1, queued 0 | pool 3/6144 blocks (0 %) | prefix cache 0/639 entries
2026-10-06 13:47:36.258 INFO  sched: request 'chatcmpl-1b936c0a97fcf9ce' retired (steps): 256 tok in 6.6 s — prefill 46 tok (0 cached) in 166 ms; decode 255 tok / 255 passes in 6.4 s: 39.6 tok/s, 25.3 ms/tok, 25 ms/pass, 1.00 tok/pass
2026-10-06 13:47:36.289 INFO  sched: request 'chatcmpl-1b936c0a97fcf9cf' starting prefill in slot 0 (68 prompt tokens)
2026-10-06 13:47:36.481 INFO  sched: request 'chatcmpl-1b936c0a97fcf9cf' prefix cache miss — 2 cut(s), the cache is empty
2026-10-06 13:47:36.481 INFO  sched: request 'chatcmpl-1b936c0a97fcf9cf' admitted to slot 0 (reserve 3 blocks; pool 3/6144 blocks in use) — first token 785
2026-10-06 13:47:42.928 INFO  sched: request 'chatcmpl-1b936c0a97fcf9cf' retired (steps): 256 tok in 6.6 s — prefill 68 tok (0 cached) in 193 ms; decode 255 tok / 255 passes in 6.4 s: 39.6 tok/s, 25.3 ms/tok, 25 ms/pass, 1.00 tok/pass
2026-10-06 13:47:42.958 INFO  sched: request 'chatcmpl-1b936c0a97fcf9d0' starting prefill in slot 0 (68 prompt tokens)
2026-10-06 13:47:43.153 INFO  sched: request 'chatcmpl-1b936c0a97fcf9d0' prefix cache miss — 2 cut(s), the cache is empty
2026-10-06 13:47:43.153 INFO  sched: request 'chatcmpl-1b936c0a97fcf9d0' admitted to slot 0 (reserve 3 blocks; pool 3/6144 blocks in use) — first token 785
2026-10-06 13:47:44.780 INFO  stats: rank 1 | 10.0 s | decode 38.0 tok/s, 24.7 ms/tok, 24.8 ms/step (379 steps / 381 tok, 94 % of wall) | prefill 2 prompts / 136 tok, 14 tok/s, 2.85 ms/tok, 194 ms avg (4 % of wall), 0 tok cached (0/2 hits) | live 1, queued 0 | pool 3/6144 blocks (0 %) | prefix cache 0/639 entries
2026-10-06 13:47:49.619 INFO  sched: request 'chatcmpl-1b936c0a97fcf9d0' retired (steps): 256 tok in 6.7 s — prefill 68 tok (0 cached) in 195 ms; decode 255 tok / 255 passes in 6.5 s: 39.4 tok/s, 25.4 ms/tok, 25 ms/pass, 1.00 tok/pass
2026-10-06 13:47:49.639 INFO  sched: request 'chatcmpl-1b936c0a97fcf9d1' starting prefill in slot 0 (68 prompt tokens)
2026-10-06 13:47:49.830 INFO  sched: request 'chatcmpl-1b936c0a97fcf9d1' prefix cache miss — 2 cut(s), the cache is empty
2026-10-06 13:47:49.830 INFO  sched: request 'chatcmpl-1b936c0a97fcf9d1' admitted to slot 0 (reserve 3 blocks; pool 3/6144 blocks in use) — first token 785
2026-10-06 13:47:54.786 INFO  stats: rank 1 | 10.0 s | decode 38.8 tok/s, 24.8 ms/tok, 24.8 ms/step (387 steps / 388 tok, 96 % of wall) | prefill 1 prompt / 68 tok, 7 tok/s, 2.82 ms/tok, 192 ms avg (2 % of wall), 0 tok cached (0/1 hit) | live 1, queued 0 | pool 3/6144 blocks (0 %) | prefix cache 0/639 entries
2026-10-06 13:47:56.264 INFO  sched: request 'chatcmpl-1b936c0a97fcf9d1' retired (steps): 256 tok in 6.6 s — prefill 68 tok (0 cached) in 192 ms; decode 255 tok / 255 passes in 6.4 s: 39.6 tok/s, 25.2 ms/tok, 25 ms/pass, 1.00 tok/pass
2026-10-06 13:47:56.284 INFO  sched: request 'chatcmpl-1b936c0a97fcf9d2' starting prefill in slot 0 (40 prompt tokens)
2026-10-06 13:47:56.446 INFO  sched: request 'chatcmpl-1b936c0a97fcf9d2' prefix cache miss — 2 cut(s), the cache is empty
2026-10-06 13:47:56.446 INFO  sched: request 'chatcmpl-1b936c0a97fcf9d2' admitted to slot 0 (reserve 3 blocks; pool 3/6144 blocks in use) — first token 785
2026-10-06 13:48:02.895 INFO  sched: request 'chatcmpl-1b936c0a97fcf9d2' retired (steps): 256 tok in 6.6 s — prefill 40 tok (0 cached) in 162 ms; decode 255 tok / 255 passes in 6.4 s: 39.5 tok/s, 25.3 ms/tok, 25 ms/pass, 1.00 tok/pass
2026-10-06 13:48:02.919 INFO  sched: request 'chatcmpl-1b936c0a97fcf9d3' starting prefill in slot 0 (40 prompt tokens)
2026-10-06 13:48:03.080 INFO  sched: request 'chatcmpl-1b936c0a97fcf9d3' prefix cache miss — 2 cut(s), the cache is empty
2026-10-06 13:48:03.080 INFO  sched: request 'chatcmpl-1b936c0a97fcf9d3' admitted to slot 0 (reserve 3 blocks; pool 3/6144 blocks in use) — first token 785
2026-10-06 13:48:04.807 INFO  stats: rank 1 | 10.0 s | decode 38.3 tok/s, 24.7 ms/tok, 24.8 ms/step (382 steps / 384 tok, 95 % of wall) | prefill 2 prompts / 80 tok, 8 tok/s, 4.03 ms/tok, 161 ms avg (3 % of wall), 0 tok cached (0/2 hits) | live 1, queued 0 | pool 3/6144 blocks (0 %) | prefix cache 0/639 entries
2026-10-06 13:48:09.521 INFO  sched: request 'chatcmpl-1b936c0a97fcf9d3' retired (steps): 256 tok in 6.6 s — prefill 40 tok (0 cached) in 160 ms; decode 255 tok / 255 passes in 6.4 s: 39.6 tok/s, 25.3 ms/tok, 25 ms/pass, 1.00 tok/pass
2026-10-06 13:48:09.529 INFO  sched: request 'chatcmpl-1b936c0a97fcf9d4' starting prefill in slot 0 (40 prompt tokens)
2026-10-06 13:48:09.691 INFO  sched: request 'chatcmpl-1b936c0a97fcf9d4' prefix cache miss — 2 cut(s), the cache is empty
2026-10-06 13:48:09.691 INFO  sched: request 'chatcmpl-1b936c0a97fcf9d4' admitted to slot 0 (reserve 3 blocks; pool 3/6144 blocks in use) — first token 785
2026-10-06 13:48:14.812 INFO  stats: rank 1 | 10.0 s | decode 39.1 tok/s, 24.7 ms/tok, 24.8 ms/step (390 steps / 391 tok, 97 % of wall) | prefill 1 prompt / 40 tok, 4 tok/s, 4.03 ms/tok, 161 ms avg (2 % of wall), 0 tok cached (0/1 hit) | live 1, queued 0 | pool 3/6144 blocks (0 %) | prefix cache 0/639 entries
2026-10-06 13:48:16.117 INFO  sched: request 'chatcmpl-1b936c0a97fcf9d4' retired (steps): 256 tok in 6.6 s — prefill 40 tok (0 cached) in 161 ms; decode 255 tok / 255 passes in 6.4 s: 39.7 tok/s, 25.2 ms/tok, 25 ms/pass, 1.00 tok/pass
2026-10-06 13:48:17.289 INFO  journal: stop record — exiting
2026-10-06 13:48:17.337 INFO  rank 1: graph engine sampling summary — 0 sampled decode steps, 0 served by the exact gather fallback (0.0%), 128 candidates per rank
2026-10-06 13:48:18.574 INFO  rank 1: exited cleanly
