2026-10-07 05:09:06.410 INFO  dgpp-serve 0.1.0+g21b91a39f999.dirty (git 21b91a39f999)
2026-10-07 05:09:06.411 INFO  config /tmp/bus4/deployments/b2225a2ec0edeaa6/cluster.json: model HawkBearPig/GLM-5.3-Int4-Int8Mix-RTN-g64, world 4, rank 1, http :18080, fabric :29970, journal :29971
2026-10-07 05:09:06.411 INFO  model HawkBearPig/GLM-5.3-Int4-Int8Mix-RTN-g64 -> /home/stephen/.cache/huggingface/hub/models--HawkBearPig--GLM-5.3-Int4-Int8Mix-RTN-g64/snapshots/147684fbad20c1e283ddff46fd07cb9d4ccbb3da
2026-10-07 05:09:06.412 INFO  journal: connected to rank 0 at 192.168.88.11:29971 (120000 attempt window)
2026-10-07 05:09:06.422 INFO  rank 1: settings from rank 0: model=HawkBearPig/GLM-5.3-Int4-Int8Mix-RTN-g64 world=4 fabric=29970 journal=29971 conc=8 kv=262144 kvdt=fp4 ngt=resident dw=checkpoint mtpef=fp8 bfw=bf12 fp8head=gemv pf=bounded emsh=vocab maxtok=32768 queue=8 eos=1 graph=1 compact=0 mtp=1 mtpd=2 mss=0 msrow=8 msbase=28 mslam=0 msmin=1 msad=1 msss=0.93 mdr=auto mdt=1 mvf=token dbr=0 batchmin=2 cand=128 pcgib=1.5 adm=full win=256 pfbudget=-1 pfidle=0 pmin=1024 phead=1 pace=-1 inflight=-1 reasoning_in_content=0 rs=off dflash=off dfw=checkpoint
2026-10-07 05:09:06.423 INFO  config: model=HawkBearPig/GLM-5.3-Int4-Int8Mix-RTN-g64 world=4 fabric=29970 journal=29971 conc=8 kv=262144 kvdt=fp4 ngt=resident dw=checkpoint mtpef=fp8 bfw=bf12 fp8head=gemv pf=bounded emsh=vocab maxtok=32768 queue=8 eos=1 graph=1 compact=0 mtp=1 mtpd=2 mss=0 msrow=8 msbase=28 mslam=0 msmin=1 msad=1 msss=0.93 mdr=auto mdt=1 mvf=token dbr=0 batchmin=2 cand=128 pcgib=1.5 adm=full win=256 pfbudget=-1 pfidle=0 pmin=1024 phead=1 pace=-1 inflight=-1 reasoning_in_content=0 rs=off dflash=off dfw=checkpoint (digest 24b5c389761e480e)
2026-10-07 05:09:06.552 INFO  serve: model family glm_moe_dsa (/home/stephen/.cache/huggingface/hub/models--HawkBearPig--GLM-5.3-Int4-Int8Mix-RTN-g64/snapshots/147684fbad20c1e283ddff46fd07cb9d4ccbb3da)
2026-10-07 05:09:06.552 INFO  serve: 8 slots x 3 rows exceed the glm_moe_dsa family's 16-row decode ceiling; depth 2 uses fitting batch families where supported, otherwise scalar graphs
2026-10-07 05:09:06.552 INFO  serve: decode rows 16 (8 slot(s) x 3 row(s) per request, floor 8, the glm_moe_dsa family's cap 16)
2026-10-07 05:09:06.552 WARN  generation config /home/stephen/.cache/huggingface/hub/models--HawkBearPig--GLM-5.3-Int4-Int8Mix-RTN-g64/snapshots/147684fbad20c1e283ddff46fd07cb9d4ccbb3da/generation_config.json omits top_k, min_p, repetition_penalty; using greedy-safe/neutral fallbacks for those fields
2026-10-07 05:09:06.552 INFO  generation defaults: temperature=1 top_p=0.95 top_k=0 min_p=0 repetition_penalty=1
2026-10-07 05:09:06.552 INFO  serve: sampling defaults temperature 1 top_p 0.95 top_k 0 min_p 0 repetition_penalty 1 (from generation_config.json; overrides: none)
2026-10-07 05:09:06.552 INFO  serve: request context limit 262144 tokens (the 262144-token K/V pool from engine.kv_capacity 262144; this family states no positional ceiling of its own)
2026-10-07 05:09:06.552 INFO  rank 1: prefix cache plan — 1.5 GiB budget, 4096 slots of 0.012 MiB, 0.047 GiB allocated; cached K/V blocks share the 262144-token pool
2026-10-07 05:09:06.727 INFO  tokenizer: loaded vocab 154820 merges 321649 added 36 (revision 0x700b4469fc43f23b; glm pattern, no normalizer, ignore_merges true)
2026-10-07 05:09:06.736 INFO  serve: grammar vocabulary built (154880 ids, tool markers present, call-turn EOS 154829)
2026-10-07 05:09:06.839 INFO  serve: JSON grammar tables built in 0.10 s
2026-10-07 05:09:07.065 INFO  bus: globaltimer offset -64558609393 ns (+-2 us)
2026-10-07 05:09:07.073 INFO  verbs: device roceP2p1s0f0 port 1 gid_index 3
2026-10-07 05:09:07.077 INFO  verbs: device rocep1s0f0 port 1 gid_index 3
2026-10-07 05:09:08.201 INFO  bus: rank 1 up — 3 peer(s) x 2 lane(s), lat 8x196608B, bulk 8x262144B, bulk pace 28.3 Gb/s per QP, window 4 per lane
2026-10-07 05:09:08.201 INFO  rank 1: boundary reducer host-driven
2026-10-07 05:09:08.233 INFO  bus engine: rank 1 pinned to cpu 19
2026-10-07 05:09:08.349 INFO  rank 1: process memory locked (mlockall MCL_CURRENT, 14547 MiB)
2026-10-07 05:09:08.349 INFO  rank 1: resident image cache at /home/stephen/.cache/dgpp/resident
2026-10-07 05:09:08.485 INFO  rank 1: memory plan for a 262144-token context — model weights (resident, packed bf16 matrices released) 96.32 GiB; bf16 decode packing (12-bit companions) 1.27 GiB; bf16 prefill expansion scratch 0.05 GiB; gemm workspace (at least) 0.06 GiB; dsa cache pool (latent fp4 + rope keys on every layer, fp8 index caches on the indexed layers) 8.81 GiB; dsa scratch (projections, selection, attention, the prefill dot tiles) 0.27 GiB; rotary table (bf16 cos/sin per position) 0.03 GiB; activations (session core, residual, block io, dense scratch, route staging) 0.14 GiB (0.01 GiB pinned); moe scratch (routed slots, shared expert, graph tables) 0.75 GiB (0.01 GiB pinned); draft block (gathered hidden, the fused input, its residual, the sharded embedding's rows) 0.12 GiB; prefix cache 0.05 GiB; engine 0.08 GiB
2026-10-07 05:09:08.485 INFO  rank 1: memory plan total 107.95 GiB (107.81 GiB device + 0.14 GiB pinned) + 4.00 GiB headroom against 116.56 GiB free (device free 114.27 GiB of 121.69 GiB, host available 116.56 GiB)
2026-10-07 05:09:08.485 INFO  memory ledger: rank 1 after the plan check — rss 1.19 GiB (anon 0.42, shmem 0.11, file 0.67; locked 14.21); device free 114.27 GiB, node available 116.56 GiB
2026-10-07 05:09:08.485 INFO  memory ledger: rank 1 after the bus — rss 1.19 GiB (anon 0.42, shmem 0.11, file 0.67; locked 14.21); device free 114.27 GiB, node available 116.56 GiB
2026-10-07 05:09:09.002 INFO  glm_dsa loader: rank 1 resident footprint 98.0 GiB; device free 114.2 of 121.7 GiB, host available 116.5 GiB
2026-10-07 05:09:09.785 INFO  glm_dsa loader: rank 1 resident image /home/stephen/.cache/dgpp/resident/6ee138872b1f659a.img — 79/79 layers present, direct I/O
2026-10-07 05:09:09.798 INFO  l2 prefetch: on, window budget 12 MiB, boundary rate light, layer rate light
2026-10-07 05:09:09.798 INFO  memory ledger: glm_dsa: loader opened — rss 2.76 GiB (anon 0.49, shmem 1.57, file 0.69; locked 14.21); device free 112.26 GiB, node available 114.55 GiB
2026-10-07 05:09:10.797 INFO  memory ledger: glm_dsa: globals resident — rss 3.65 GiB (anon 0.49, shmem 1.57, file 1.58; locked 14.21); device free 110.92 GiB, node available 114.10 GiB
2026-10-07 05:09:25.640 INFO  rank 1 bf12: 89 decode matrices packed (1.65 GiB of bf16 -> 1.24 GiB, 163739 escapes, widest row 12, 0 rows kept raw; 0 matrices kept bf16) in 0.9 s
2026-10-07 05:09:25.640 INFO  rank 1 bf12: 89 of them released their bf16 bytes (1.71 GiB returned; prefill expands through a 48 MiB scratch)
2026-10-07 05:09:25.921 INFO  glm_dsa loader: rank 1 resident load complete — released 79 shard mappings (398.1 GiB) and evicted their page cache, freed the 1.46 GiB pinned staging mirror; image: 79 layers restored, 0 captured
2026-10-07 05:09:25.965 INFO  memory ledger: glm_dsa: layers resident, sources released — rss 1.26 GiB (anon 0.48, shmem 0.11, file 0.67; locked 14.19); device free 14.46 GiB, node available 16.71 GiB
2026-10-07 05:09:26.262 INFO  memory ledger: glm_dsa: arena, pool and scratch — rss 1.26 GiB (anon 0.48, shmem 0.11, file 0.67; locked 14.19); device free 5.16 GiB, node available 7.41 GiB
2026-10-07 05:09:26.371 INFO  memory ledger: rank 1 after the model — rss 1.27 GiB (anon 0.48, shmem 0.12, file 0.67; locked 14.19); device free 4.90 GiB, node available 7.15 GiB
2026-10-07 05:09:26.371 INFO  rank 1: model constructed in 17.9s (resident, 8 request slots, 262144-token pool in fp4, 2048-row forwards)
2026-10-07 05:09:26.371 INFO  rank 1: prefix cache on — 4096 snapshot slot(s) of 0.0 MiB (1.50 GiB asked)
2026-10-07 05:09:26.376 INFO  rank 1: graph engine samples on the device — 112 candidates per rank (24 rows x 4 ranks in a 196608-byte latency slot; the planned width is 128); constrained decoding available
2026-10-07 05:09:26.376 INFO  rank 1: prefill budget 0 tokens/tick (0 = full prompt), 0 with nothing decoding
2026-10-07 05:09:26.376 INFO  rank 1: sampled requests draft a draw from the draft's distribution under the ratio verify (engine.mtp_draft auto)
2026-10-07 05:09:36.035 INFO  memory ledger: rank 1 after the graph engine — rss 1.28 GiB (anon 0.48, shmem 0.13, file 0.67; locked 14.19); device free 4.97 GiB, node available 7.23 GiB
2026-10-07 05:09:36.039 INFO  allreduce: device clock rate 2418000 kHz (stamps conversion)
2026-10-07 05:09:36.039 INFO  allreduce: rank 1 seq 1 launched (3 peers)
2026-10-07 05:09:36.039 INFO  allreduce: rank 1 seq 1 ready after 44.2us
2026-10-07 05:09:36.040 INFO  allreduce: rank 1 seq 1 done status=0 after 607.8us
2026-10-07 05:09:36.293 INFO  allreduce: rank 1 seq 2 launched (3 peers)
2026-10-07 05:09:36.293 INFO  allreduce: rank 1 seq 2 ready after 23.6us
2026-10-07 05:09:36.298 INFO  allreduce: rank 1 seq 2 done status=0 after 5289.5us
2026-10-07 05:09:36.299 INFO  allreduce: rank 1 seq 3 launched (3 peers)
2026-10-07 05:09:36.299 INFO  allreduce: rank 1 seq 3 ready after 21.9us
2026-10-07 05:09:36.299 INFO  allreduce: rank 1 seq 3 done status=0 after 67.7us
2026-10-07 05:09:36.300 INFO  allreduce: rank 1 seq 4 launched (3 peers)
2026-10-07 05:09:36.300 INFO  allreduce: rank 1 seq 4 ready after 19.9us
2026-10-07 05:09:36.300 INFO  allreduce: rank 1 seq 4 done status=0 after 77.8us
2026-10-07 05:09:36.300 INFO  allreduce: rank 1 seq 5 launched (3 peers)
2026-10-07 05:09:36.300 INFO  allreduce: rank 1 seq 5 ready after 21.8us
2026-10-07 05:09:36.300 INFO  allreduce: rank 1 seq 5 done status=0 after 96.0us
2026-10-07 05:09:36.301 INFO  allreduce: rank 1 seq 6 launched (3 peers)
2026-10-07 05:09:36.301 INFO  allreduce: rank 1 seq 6 ready after 22.9us
2026-10-07 05:09:36.301 INFO  allreduce: rank 1 seq 6 done status=0 after 181.5us
2026-10-07 05:09:36.302 INFO  allreduce: rank 1 seq 7 launched (3 peers)
2026-10-07 05:09:36.302 INFO  allreduce: rank 1 seq 7 ready after 23.1us
2026-10-07 05:09:36.302 INFO  allreduce: rank 1 seq 7 done status=0 after 68.5us
2026-10-07 05:09:36.344 INFO  allreduce: rank 1 seq 8 launched (3 peers)
2026-10-07 05:09:36.344 INFO  allreduce: rank 1 seq 8 ready after 28.5us
2026-10-07 05:09:36.345 INFO  allreduce: rank 1 seq 8 done status=0 after 1315.8us
2026-10-07 05:09:36.389 INFO  allreduce: rank 1 seq 9 launched (3 peers)
2026-10-07 05:09:36.389 INFO  allreduce: rank 1 seq 9 ready after 22.1us
2026-10-07 05:09:36.390 INFO  allreduce: rank 1 seq 9 done status=0 after 479.2us
2026-10-07 05:09:36.390 INFO  allreduce: rank 1 seq 10 launched (3 peers)
2026-10-07 05:09:36.390 INFO  allreduce: rank 1 seq 10 ready after 19.2us
2026-10-07 05:09:36.390 INFO  allreduce: rank 1 seq 10 done status=0 after 95.3us
2026-10-07 05:09:36.391 INFO  allreduce: rank 1 seq 11 launched (3 peers)
2026-10-07 05:09:36.391 INFO  allreduce: rank 1 seq 11 ready after 22.0us
2026-10-07 05:09:36.391 INFO  allreduce: rank 1 seq 11 done status=0 after 70.4us
2026-10-07 05:09:36.391 INFO  allreduce: rank 1 seq 12 launched (3 peers)
2026-10-07 05:09:36.391 INFO  allreduce: rank 1 seq 12 ready after 19.7us
2026-10-07 05:09:36.391 INFO  allreduce: rank 1 seq 12 done status=0 after 85.0us
2026-10-07 05:09:36.392 INFO  allreduce: rank 1 seq 13 launched (3 peers)
2026-10-07 05:09:36.392 INFO  allreduce: rank 1 seq 13 ready after 22.2us
2026-10-07 05:09:36.392 INFO  allreduce: rank 1 seq 13 done status=0 after 75.3us
2026-10-07 05:09:36.393 INFO  allreduce: rank 1 seq 14 launched (3 peers)
2026-10-07 05:09:36.393 INFO  allreduce: rank 1 seq 14 ready after 19.7us
2026-10-07 05:09:36.393 INFO  allreduce: rank 1 seq 14 done status=0 after 90.4us
2026-10-07 05:09:36.393 INFO  allreduce: rank 1 seq 15 launched (3 peers)
2026-10-07 05:09:36.393 INFO  allreduce: rank 1 seq 15 ready after 22.4us
2026-10-07 05:09:36.393 INFO  allreduce: rank 1 seq 15 done status=0 after 78.5us
2026-10-07 05:09:36.394 INFO  allreduce: rank 1 seq 16 launched (3 peers)
2026-10-07 05:09:36.394 INFO  allreduce: rank 1 seq 16 ready after 20.0us
2026-10-07 05:09:36.394 INFO  allreduce: rank 1 seq 16 done status=0 after 70.3us
2026-10-07 05:09:36.522 INFO  bus graph era: variant 0 recorded with 166 collective node(s)
2026-10-07 05:09:36.522 INFO  rank 1: graph variant 0 shape: 2547 nodes, 2788 edges: kernel 2547 empty 0 memcpy 0 memset 0 host 0 event 0 other 0; max in-degree 2
2026-10-07 05:09:36.527 INFO  rank 1: graph variant 0 instantiated — 15.4 MiB of device memory (4.1 GiB free)
2026-10-07 05:09:36.529 INFO  bus graph era: variant 1 recorded with 166 collective node(s)
2026-10-07 05:09:36.529 INFO  rank 1: graph variant 1 shape: 2547 nodes, 2788 edges: kernel 2547 empty 0 memcpy 0 memset 0 host 0 event 0 other 0; max in-degree 2
2026-10-07 05:09:36.534 INFO  rank 1: graph variant 1 instantiated — 15.4 MiB of device memory (4.0 GiB free)
2026-10-07 05:09:36.534 INFO  rank 1: serving scalar graph variants 0/1 captured for request slot 0 (3 rows, MTP)
2026-10-07 05:09:36.536 INFO  bus graph era: variant 16 recorded with 166 collective node(s)
2026-10-07 05:09:36.537 INFO  rank 1: graph variant 16 shape: 2774 nodes, 3015 edges: kernel 2774 empty 0 memcpy 0 memset 0 host 0 event 0 other 0; max in-degree 2
2026-10-07 05:09:36.544 INFO  rank 1: graph variant 16 instantiated — 15.8 MiB of device memory (4.0 GiB free)
2026-10-07 05:09:36.546 INFO  bus graph era: variant 17 recorded with 166 collective node(s)
2026-10-07 05:09:36.547 INFO  rank 1: graph variant 17 shape: 2774 nodes, 3015 edges: kernel 2774 empty 0 memcpy 0 memset 0 host 0 event 0 other 0; max in-degree 2
2026-10-07 05:09:36.556 INFO  rank 1: graph variant 17 instantiated — 13.6 MiB of device memory (4.0 GiB free)
2026-10-07 05:09:36.556 INFO  rank 1: serving row-batched graph variants 16/17 captured for 2 slots x 3 rows = 6 fixed rows, MTP (a batch is selected at 2+ live requests, the smallest that covers the live slots)
2026-10-07 05:09:36.558 INFO  bus graph era: variant 18 recorded with 166 collective node(s)
2026-10-07 05:09:36.558 INFO  rank 1: graph variant 18 shape: 3134 nodes, 3375 edges: kernel 3134 empty 0 memcpy 0 memset 0 host 0 event 0 other 0; max in-degree 2
2026-10-07 05:09:36.568 INFO  rank 1: graph variant 18 instantiated — 18.4 MiB of device memory (4.0 GiB free)
2026-10-07 05:09:36.570 INFO  bus graph era: variant 19 recorded with 166 collective node(s)
2026-10-07 05:09:36.571 INFO  rank 1: graph variant 19 shape: 3134 nodes, 3375 edges: kernel 3134 empty 0 memcpy 0 memset 0 host 0 event 0 other 0; max in-degree 2
2026-10-07 05:09:36.581 INFO  rank 1: graph variant 19 instantiated — 18.9 MiB of device memory (4.0 GiB free)
2026-10-07 05:09:36.581 INFO  rank 1: serving row-batched graph variants 18/19 captured for 3 slots x 3 rows = 9 fixed rows, MTP (a batch is selected at 2+ live requests, the smallest that covers the live slots)
2026-10-07 05:09:36.583 INFO  bus graph era: variant 20 recorded with 166 collective node(s)
2026-10-07 05:09:36.583 INFO  rank 1: graph variant 20 shape: 3135 nodes, 3376 edges: kernel 3135 empty 0 memcpy 0 memset 0 host 0 event 0 other 0; max in-degree 2
2026-10-07 05:09:36.592 INFO  rank 1: graph variant 20 instantiated — 14.5 MiB of device memory (4.0 GiB free)
2026-10-07 05:09:36.594 INFO  bus graph era: variant 21 recorded with 166 collective node(s)
2026-10-07 05:09:36.595 INFO  rank 1: graph variant 21 shape: 3135 nodes, 3376 edges: kernel 3135 empty 0 memcpy 0 memset 0 host 0 event 0 other 0; max in-degree 2
2026-10-07 05:09:36.605 INFO  rank 1: graph variant 21 instantiated — 18.4 MiB of device memory (3.9 GiB free)
2026-10-07 05:09:36.605 INFO  rank 1: serving row-batched graph variants 20/21 captured for 4 slots x 3 rows = 12 fixed rows, MTP (a batch is selected at 2+ live requests, the smallest that covers the live slots)
2026-10-07 05:09:36.607 INFO  bus graph era: variant 22 recorded with 166 collective node(s)
2026-10-07 05:09:36.607 INFO  rank 1: graph variant 22 shape: 3361 nodes, 3602 edges: kernel 3361 empty 0 memcpy 0 memset 0 host 0 event 0 other 0; max in-degree 2
2026-10-07 05:09:36.618 INFO  rank 1: graph variant 22 instantiated — 17.1 MiB of device memory (3.9 GiB free)
2026-10-07 05:09:36.620 INFO  bus graph era: variant 23 recorded with 166 collective node(s)
2026-10-07 05:09:36.620 INFO  rank 1: graph variant 23 shape: 3361 nodes, 3602 edges: kernel 3361 empty 0 memcpy 0 memset 0 host 0 event 0 other 0; max in-degree 2
2026-10-07 05:09:36.631 INFO  rank 1: graph variant 23 instantiated — 18.8 MiB of device memory (3.9 GiB free)
2026-10-07 05:09:36.631 INFO  rank 1: serving row-batched graph variants 22/23 captured for 5 slots x 3 rows = 15 fixed rows, MTP (a batch is selected at 2+ live requests, the smallest that covers the live slots)
2026-10-07 05:09:36.747 INFO  bus graph era: variant 2 recorded with 166 collective node(s)
2026-10-07 05:09:36.748 INFO  rank 1: graph variant 2 shape: 2547 nodes, 2788 edges: kernel 2547 empty 0 memcpy 0 memset 0 host 0 event 0 other 0; max in-degree 2
2026-10-07 05:09:36.756 INFO  rank 1: graph variant 2 instantiated — 21.0 MiB of device memory (3.9 GiB free)
2026-10-07 05:09:36.757 INFO  bus graph era: variant 3 recorded with 166 collective node(s)
2026-10-07 05:09:36.758 INFO  rank 1: graph variant 3 shape: 2547 nodes, 2788 edges: kernel 2547 empty 0 memcpy 0 memset 0 host 0 event 0 other 0; max in-degree 2
2026-10-07 05:09:36.767 INFO  rank 1: graph variant 3 instantiated — 35.5 MiB of device memory (3.9 GiB free)
2026-10-07 05:09:36.767 INFO  rank 1: serving scalar graph variants 2/3 captured for request slot 1 (3 rows, MTP)
2026-10-07 05:09:36.882 INFO  bus graph era: variant 4 recorded with 166 collective node(s)
2026-10-07 05:09:36.882 INFO  rank 1: graph variant 4 shape: 2547 nodes, 2788 edges: kernel 2547 empty 0 memcpy 0 memset 0 host 0 event 0 other 0; max in-degree 2
2026-10-07 05:09:36.892 INFO  rank 1: graph variant 4 instantiated — 34.1 MiB of device memory (3.8 GiB free)
2026-10-07 05:09:36.894 INFO  bus graph era: variant 5 recorded with 166 collective node(s)
2026-10-07 05:09:36.894 INFO  rank 1: graph variant 5 shape: 2547 nodes, 2788 edges: kernel 2547 empty 0 memcpy 0 memset 0 host 0 event 0 other 0; max in-degree 2
2026-10-07 05:09:36.902 INFO  rank 1: graph variant 5 instantiated — 28.8 MiB of device memory (3.8 GiB free)
2026-10-07 05:09:36.902 INFO  rank 1: serving scalar graph variants 4/5 captured for request slot 2 (3 rows, MTP)
2026-10-07 05:09:37.012 INFO  bus graph era: variant 6 recorded with 166 collective node(s)
2026-10-07 05:09:37.012 INFO  rank 1: graph variant 6 shape: 2547 nodes, 2788 edges: kernel 2547 empty 0 memcpy 0 memset 0 host 0 event 0 other 0; max in-degree 2
2026-10-07 05:09:37.021 INFO  rank 1: graph variant 6 instantiated — 34.9 MiB of device memory (3.8 GiB free)
2026-10-07 05:09:37.023 INFO  bus graph era: variant 7 recorded with 166 collective node(s)
2026-10-07 05:09:37.023 INFO  rank 1: graph variant 7 shape: 2547 nodes, 2788 edges: kernel 2547 empty 0 memcpy 0 memset 0 host 0 event 0 other 0; max in-degree 2
2026-10-07 05:09:37.032 INFO  rank 1: graph variant 7 instantiated — 32.4 MiB of device memory (3.7 GiB free)
2026-10-07 05:09:37.032 INFO  rank 1: serving scalar graph variants 6/7 captured for request slot 3 (3 rows, MTP)
2026-10-07 05:09:37.163 INFO  bus graph era: variant 8 recorded with 166 collective node(s)
2026-10-07 05:09:37.163 INFO  rank 1: graph variant 8 shape: 2547 nodes, 2788 edges: kernel 2547 empty 0 memcpy 0 memset 0 host 0 event 0 other 0; max in-degree 2
2026-10-07 05:09:37.171 INFO  rank 1: graph variant 8 instantiated — 30.1 MiB of device memory (3.7 GiB free)
2026-10-07 05:09:37.173 INFO  bus graph era: variant 9 recorded with 166 collective node(s)
2026-10-07 05:09:37.173 INFO  rank 1: graph variant 9 shape: 2547 nodes, 2788 edges: kernel 2547 empty 0 memcpy 0 memset 0 host 0 event 0 other 0; max in-degree 2
2026-10-07 05:09:37.182 INFO  rank 1: graph variant 9 instantiated — 32.7 MiB of device memory (3.7 GiB free)
2026-10-07 05:09:37.182 INFO  rank 1: serving scalar graph variants 8/9 captured for request slot 4 (3 rows, MTP)
2026-10-07 05:09:37.299 INFO  bus graph era: variant 10 recorded with 166 collective node(s)
2026-10-07 05:09:37.300 INFO  rank 1: graph variant 10 shape: 2547 nodes, 2788 edges: kernel 2547 empty 0 memcpy 0 memset 0 host 0 event 0 other 0; max in-degree 2
2026-10-07 05:09:37.308 INFO  rank 1: graph variant 10 instantiated — 30.6 MiB of device memory (3.6 GiB free)
2026-10-07 05:09:37.309 INFO  bus graph era: variant 11 recorded with 166 collective node(s)
2026-10-07 05:09:37.310 INFO  rank 1: graph variant 11 shape: 2547 nodes, 2788 edges: kernel 2547 empty 0 memcpy 0 memset 0 host 0 event 0 other 0; max in-degree 2
2026-10-07 05:09:37.318 INFO  rank 1: graph variant 11 instantiated — 34.0 MiB of device memory (3.6 GiB free)
2026-10-07 05:09:37.318 INFO  rank 1: serving scalar graph variants 10/11 captured for request slot 5 (3 rows, MTP)
2026-10-07 05:09:37.429 INFO  bus graph era: variant 12 recorded with 166 collective node(s)
2026-10-07 05:09:37.429 INFO  rank 1: graph variant 12 shape: 2547 nodes, 2788 edges: kernel 2547 empty 0 memcpy 0 memset 0 host 0 event 0 other 0; max in-degree 2
2026-10-07 05:09:37.438 INFO  rank 1: graph variant 12 instantiated — 33.3 MiB of device memory (3.6 GiB free)
2026-10-07 05:09:37.440 INFO  bus graph era: variant 13 recorded with 166 collective node(s)
2026-10-07 05:09:37.440 INFO  rank 1: graph variant 13 shape: 2547 nodes, 2788 edges: kernel 2547 empty 0 memcpy 0 memset 0 host 0 event 0 other 0; max in-degree 2
2026-10-07 05:09:37.448 INFO  rank 1: graph variant 13 instantiated — 31.5 MiB of device memory (3.5 GiB free)
2026-10-07 05:09:37.448 INFO  rank 1: serving scalar graph variants 12/13 captured for request slot 6 (3 rows, MTP)
2026-10-07 05:09:37.558 INFO  bus graph era: variant 14 recorded with 166 collective node(s)
2026-10-07 05:09:37.558 INFO  rank 1: graph variant 14 shape: 2547 nodes, 2788 edges: kernel 2547 empty 0 memcpy 0 memset 0 host 0 event 0 other 0; max in-degree 2
2026-10-07 05:09:37.567 INFO  rank 1: graph variant 14 instantiated — 31.9 MiB of device memory (3.5 GiB free)
2026-10-07 05:09:37.569 INFO  bus graph era: variant 15 recorded with 166 collective node(s)
2026-10-07 05:09:37.569 INFO  rank 1: graph variant 15 shape: 2547 nodes, 2788 edges: kernel 2547 empty 0 memcpy 0 memset 0 host 0 event 0 other 0; max in-degree 2
2026-10-07 05:09:37.578 INFO  rank 1: graph variant 15 instantiated — 34.6 MiB of device memory (3.5 GiB free)
2026-10-07 05:09:37.578 INFO  rank 1: serving scalar graph variants 14/15 captured for request slot 7 (3 rows, MTP)
2026-10-07 05:09:37.578 INFO  rank 1: warm capture complete — 8 scalar variants and the row batches for 2 slots, 3 slots, 4 slots, 5 slots recorded before the first request
2026-10-07 05:09:37.578 INFO  memory ledger: rank 1 after the warm capture — rss 2.01 GiB (anon 1.20, shmem 0.13, file 0.67; locked 14.19); device free 3.47 GiB, node available 5.72 GiB
2026-10-07 05:09:37.578 INFO  rank 1: graph variants warm-captured in 1.54s
2026-10-07 05:09:37.578 INFO  rank 1: following rank 0's journal (admission full, window 256)
2026-10-07 05:09:39.480 INFO  sched: request 'chatcmpl-9886d86e3d2bb2d7' starting prefill in slot 0 (62 prompt tokens)
2026-10-07 05:09:40.122 INFO  sched: request 'chatcmpl-9886d86e3d2bb2d7' prefix cache miss — 3 cut(s), the cache is empty
2026-10-07 05:09:40.122 INFO  sched: request 'chatcmpl-9886d86e3d2bb2d7' admitted to slot 0 (reserve 1 blocks; pool 1/2048 blocks in use) — first token 785
2026-10-07 05:09:42.135 INFO  sched: request 'chatcmpl-9886d86e3d2bb2d7' retired (steps): 64 tok in 2.7 s — prefill 62 tok (0 cached) in 642 ms; decode 63 tok / 25 passes in 2.0 s: 31.3 tok/s, 32.0 ms/tok, 81 ms/pass, 2.52 tok/pass, accept p1 84 % p2 68 %
2026-10-07 05:09:42.154 INFO  sched: request 'chatcmpl-9886d86e3d2bb2d8' starting prefill in slot 0 (37 prompt tokens)
2026-10-07 05:09:42.595 INFO  sched: request 'chatcmpl-9886d86e3d2bb2d8' prefix cache miss — 3 cut(s), the cache is empty
2026-10-07 05:09:42.595 INFO  sched: request 'chatcmpl-9886d86e3d2bb2d8' admitted to slot 0 (reserve 3 blocks; pool 3/2048 blocks in use) — first token 785
2026-10-07 05:09:47.759 INFO  stats: rank 1 | 10.0 s | decode 22.9 tok/s, 31.1 ms/tok, 78.5 ms/step (91 steps / 230 tok, 71 % of wall) | mtp 2.53 tok/step/req, accept p1 89 % p2 62 % | prefill 2 prompts / 99 tok, 10 tok/s, 10.94 ms/tok, 541 ms avg (11 % of wall), 0 tok cached (0/2 hits) | live 1, queued 0 | pool 3/2048 blocks (0 %) | prefix cache 0/4096 entries
2026-10-07 05:09:50.443 INFO  sched: request 'chatcmpl-9886d86e3d2bb2d8' retired (steps): 256 tok in 8.3 s — prefill 37 tok (0 cached) in 441 ms; decode 255 tok / 100 passes in 7.8 s: 32.5 tok/s, 30.8 ms/tok, 78 ms/pass, 2.55 tok/pass, accept p1 93 % p2 62 %
2026-10-07 05:09:50.451 INFO  sched: request 'chatcmpl-9886d86e3d2bb2d9' starting prefill in slot 0 (37 prompt tokens)
2026-10-07 05:09:50.896 INFO  sched: request 'chatcmpl-9886d86e3d2bb2d9' prefix cache miss — 3 cut(s), the cache is empty
2026-10-07 05:09:50.896 INFO  sched: request 'chatcmpl-9886d86e3d2bb2d9' admitted to slot 0 (reserve 3 blocks; pool 3/2048 blocks in use) — first token 785
2026-10-07 05:09:57.801 INFO  stats: rank 1 | 10.0 s | decode 31.2 tok/s, 30.5 ms/tok, 78.2 ms/step (122 steps / 313 tok, 95 % of wall) | mtp 2.57 tok/step/req, accept p1 93 % p2 62 % | prefill 1 prompt / 37 tok, 4 tok/s, 12.01 ms/tok, 445 ms avg (4 % of wall), 0 tok cached (0/1 hit) | live 1, queued 0 | pool 3/2048 blocks (0 %) | prefix cache 0/4096 entries
2026-10-07 05:09:58.749 INFO  sched: request 'chatcmpl-9886d86e3d2bb2d9' retired (steps): 256 tok in 8.3 s — prefill 37 tok (0 cached) in 445 ms; decode 255 tok / 100 passes in 7.9 s: 32.5 tok/s, 30.8 ms/tok, 79 ms/pass, 2.55 tok/pass, accept p1 93 % p2 62 %
2026-10-07 05:09:58.774 INFO  sched: request 'chatcmpl-9886d86e3d2bb2da' starting prefill in slot 0 (37 prompt tokens)
2026-10-07 05:09:59.215 INFO  sched: request 'chatcmpl-9886d86e3d2bb2da' prefix cache miss — 3 cut(s), the cache is empty
2026-10-07 05:09:59.215 INFO  sched: request 'chatcmpl-9886d86e3d2bb2da' admitted to slot 0 (reserve 3 blocks; pool 3/2048 blocks in use) — first token 785
2026-10-07 05:10:07.061 INFO  sched: request 'chatcmpl-9886d86e3d2bb2da' retired (steps): 256 tok in 8.3 s — prefill 37 tok (0 cached) in 442 ms; decode 255 tok / 100 passes in 7.8 s: 32.5 tok/s, 30.8 ms/tok, 78 ms/pass, 2.55 tok/pass, accept p1 93 % p2 62 %
2026-10-07 05:10:07.075 INFO  sched: request 'chatcmpl-9886d86e3d2bb2db' starting prefill in slot 0 (51 prompt tokens)
2026-10-07 05:10:07.621 INFO  sched: request 'chatcmpl-9886d86e3d2bb2db' prefix cache miss — 3 cut(s), the cache is empty
2026-10-07 05:10:07.621 INFO  sched: request 'chatcmpl-9886d86e3d2bb2db' admitted to slot 0 (reserve 3 blocks; pool 3/2048 blocks in use) — first token 785
2026-10-07 05:10:07.853 INFO  stats: rank 1 | 10.1 s | decode 29.5 tok/s, 30.2 ms/tok, 78.1 ms/step (115 steps / 297 tok, 89 % of wall) | mtp 2.58 tok/step/req, accept p1 93 % p2 63 % | prefill 2 prompts / 88 tok, 9 tok/s, 11.23 ms/tok, 494 ms avg (10 % of wall), 0 tok cached (0/2 hits) | live 1, queued 0 | pool 3/2048 blocks (0 %) | prefix cache 0/4096 entries
2026-10-07 05:10:15.650 INFO  sched: request 'chatcmpl-9886d86e3d2bb2db' retired (steps): 256 tok in 8.6 s — prefill 51 tok (0 cached) in 546 ms; decode 255 tok / 99 passes in 8.0 s: 31.8 tok/s, 31.5 ms/tok, 81 ms/pass, 2.58 tok/pass, accept p1 88 % p2 72 %
2026-10-07 05:10:15.674 INFO  sched: request 'chatcmpl-9886d86e3d2bb2dc' starting prefill in slot 0 (51 prompt tokens)
2026-10-07 05:10:16.215 INFO  sched: request 'chatcmpl-9886d86e3d2bb2dc' prefix cache miss — 3 cut(s), the cache is empty
2026-10-07 05:10:16.215 INFO  sched: request 'chatcmpl-9886d86e3d2bb2dc' admitted to slot 0 (reserve 3 blocks; pool 3/2048 blocks in use) — first token 785
2026-10-07 05:10:17.892 INFO  stats: rank 1 | 10.0 s | decode 30.4 tok/s, 30.9 ms/tok, 80.6 ms/step (117 steps / 305 tok, 94 % of wall) | mtp 2.61 tok/step/req, accept p1 89 % p2 73 % | prefill 1 prompt / 51 tok, 5 tok/s, 10.62 ms/tok, 542 ms avg (5 % of wall), 0 tok cached (0/1 hit) | live 1, queued 0 | pool 3/2048 blocks (0 %) | prefix cache 0/4096 entries
2026-10-07 05:10:24.211 INFO  sched: request 'chatcmpl-9886d86e3d2bb2dc' retired (steps): 256 tok in 8.5 s — prefill 51 tok (0 cached) in 542 ms; decode 255 tok / 99 passes in 8.0 s: 31.9 tok/s, 31.4 ms/tok, 81 ms/pass, 2.58 tok/pass, accept p1 88 % p2 72 %
2026-10-07 05:10:24.220 INFO  sched: request 'chatcmpl-9886d86e3d2bb2dd' starting prefill in slot 0 (51 prompt tokens)
2026-10-07 05:10:24.758 INFO  sched: request 'chatcmpl-9886d86e3d2bb2dd' prefix cache miss — 3 cut(s), the cache is empty
2026-10-07 05:10:24.758 INFO  sched: request 'chatcmpl-9886d86e3d2bb2dd' admitted to slot 0 (reserve 3 blocks; pool 3/2048 blocks in use) — first token 785
2026-10-07 05:10:27.957 INFO  stats: rank 1 | 10.1 s | decode 30.4 tok/s, 31.0 ms/tok, 80.4 ms/step (118 steps / 306 tok, 94 % of wall) | mtp 2.59 tok/step/req, accept p1 88 % p2 72 % | prefill 1 prompt / 51 tok, 5 tok/s, 10.56 ms/tok, 538 ms avg (5 % of wall), 0 tok cached (0/1 hit) | live 1, queued 0 | pool 3/2048 blocks (0 %) | prefix cache 0/4096 entries
2026-10-07 05:10:32.756 INFO  sched: request 'chatcmpl-9886d86e3d2bb2dd' retired (steps): 256 tok in 8.5 s — prefill 51 tok (0 cached) in 538 ms; decode 255 tok / 99 passes in 8.0 s: 31.9 tok/s, 31.4 ms/tok, 81 ms/pass, 2.58 tok/pass, accept p1 88 % p2 72 %
2026-10-07 05:10:32.791 INFO  sched: request 'chatcmpl-9886d86e3d2bb2de' starting prefill in slot 0 (46 prompt tokens)
2026-10-07 05:10:33.297 INFO  sched: request 'chatcmpl-9886d86e3d2bb2de' prefix cache miss — 3 cut(s), the cache is empty
2026-10-07 05:10:33.297 INFO  sched: request 'chatcmpl-9886d86e3d2bb2de' admitted to slot 0 (reserve 3 blocks; pool 3/2048 blocks in use) — first token 785
2026-10-07 05:10:38.002 INFO  stats: rank 1 | 10.0 s | decode 31.0 tok/s, 30.4 ms/tok, 80.1 ms/step (118 steps / 311 tok, 94 % of wall) | mtp 2.64 tok/step/req, accept p1 92 % p2 72 % | prefill 1 prompt / 46 tok, 5 tok/s, 11.00 ms/tok, 506 ms avg (5 % of wall), 0 tok cached (0/1 hit) | live 1, queued 0 | pool 3/2048 blocks (0 %) | prefix cache 0/4096 entries
2026-10-07 05:10:40.795 INFO  sched: request 'chatcmpl-9886d86e3d2bb2de' retired (steps): 256 tok in 8.0 s — prefill 46 tok (0 cached) in 506 ms; decode 255 tok / 94 passes in 7.5 s: 34.0 tok/s, 29.4 ms/tok, 80 ms/pass, 2.71 tok/pass, accept p1 98 % p2 74 %
2026-10-07 05:10:40.819 INFO  sched: request 'chatcmpl-9886d86e3d2bb2df' starting prefill in slot 0 (46 prompt tokens)
2026-10-07 05:10:41.329 INFO  sched: request 'chatcmpl-9886d86e3d2bb2df' prefix cache miss — 3 cut(s), the cache is empty
2026-10-07 05:10:41.329 INFO  sched: request 'chatcmpl-9886d86e3d2bb2df' admitted to slot 0 (reserve 3 blocks; pool 3/2048 blocks in use) — first token 785
2026-10-07 05:10:48.022 INFO  stats: rank 1 | 10.0 s | decode 32.7 tok/s, 28.8 ms/tok, 79.3 ms/step (119 steps / 328 tok, 94 % of wall) | mtp 2.76 tok/step/req, accept p1 98 % p2 77 % | prefill 1 prompt / 46 tok, 5 tok/s, 11.09 ms/tok, 510 ms avg (5 % of wall), 0 tok cached (0/1 hit) | live 1, queued 0 | pool 3/2048 blocks (0 %) | prefix cache 0/4096 entries
2026-10-07 05:10:48.821 INFO  sched: request 'chatcmpl-9886d86e3d2bb2df' retired (steps): 256 tok in 8.0 s — prefill 46 tok (0 cached) in 510 ms; decode 255 tok / 94 passes in 7.5 s: 34.0 tok/s, 29.4 ms/tok, 80 ms/pass, 2.71 tok/pass, accept p1 98 % p2 74 %
2026-10-07 05:10:48.881 INFO  sched: request 'chatcmpl-9886d86e3d2bb2e0' starting prefill in slot 0 (46 prompt tokens)
2026-10-07 05:10:49.388 INFO  sched: request 'chatcmpl-9886d86e3d2bb2e0' prefix cache miss — 3 cut(s), the cache is empty
2026-10-07 05:10:49.388 INFO  sched: request 'chatcmpl-9886d86e3d2bb2e0' admitted to slot 0 (reserve 3 blocks; pool 3/2048 blocks in use) — first token 785
2026-10-07 05:10:56.878 INFO  sched: request 'chatcmpl-9886d86e3d2bb2e0' retired (steps): 256 tok in 8.0 s — prefill 46 tok (0 cached) in 507 ms; decode 255 tok / 94 passes in 7.5 s: 34.0 tok/s, 29.4 ms/tok, 80 ms/pass, 2.71 tok/pass, accept p1 98 % p2 74 %
2026-10-07 05:10:56.892 INFO  sched: request 'chatcmpl-9886d86e3d2bb2e1' starting prefill in slot 0 (68 prompt tokens)
2026-10-07 05:10:57.544 INFO  sched: request 'chatcmpl-9886d86e3d2bb2e1' prefix cache miss — 3 cut(s), the cache is empty
2026-10-07 05:10:57.544 INFO  sched: request 'chatcmpl-9886d86e3d2bb2e1' admitted to slot 0 (reserve 3 blocks; pool 3/2048 blocks in use) — first token 1654
2026-10-07 05:10:58.030 INFO  stats: rank 1 | 10.0 s | decode 28.9 tok/s, 30.2 ms/tok, 79.3 ms/step (110 steps / 289 tok, 87 % of wall) | mtp 2.63 tok/step/req, accept p1 95 % p2 68 % | prefill 2 prompts / 114 tok, 11 tok/s, 10.16 ms/tok, 579 ms avg (12 % of wall), 0 tok cached (0/2 hits) | live 1, queued 0 | pool 3/2048 blocks (0 %) | prefix cache 0/4096 entries
2026-10-07 05:11:05.429 INFO  sched: request 'chatcmpl-9886d86e3d2bb2e1' retired (steps): 256 tok in 8.5 s — prefill 68 tok (0 cached) in 652 ms; decode 255 tok / 97 passes in 7.9 s: 32.3 tok/s, 30.9 ms/tok, 81 ms/pass, 2.63 tok/pass, accept p1 93 % p2 72 %
2026-10-07 05:11:05.443 INFO  sched: request 'chatcmpl-9886d86e3d2bb2e2' starting prefill in slot 0 (68 prompt tokens)
2026-10-07 05:11:06.099 INFO  sched: request 'chatcmpl-9886d86e3d2bb2e2' prefix cache miss — 3 cut(s), the cache is empty
2026-10-07 05:11:06.099 INFO  sched: request 'chatcmpl-9886d86e3d2bb2e2' admitted to slot 0 (reserve 3 blocks; pool 3/2048 blocks in use) — first token 1654
2026-10-07 05:11:08.106 INFO  stats: rank 1 | 10.1 s | decode 30.4 tok/s, 30.7 ms/tok, 81.0 ms/step (116 steps / 306 tok, 93 % of wall) | mtp 2.64 tok/step/req, accept p1 92 % p2 72 % | prefill 1 prompt / 68 tok, 7 tok/s, 9.65 ms/tok, 656 ms avg (7 % of wall), 0 tok cached (0/1 hit) | live 1, queued 0 | pool 3/2048 blocks (0 %) | prefix cache 0/4096 entries
2026-10-07 05:11:13.991 INFO  sched: request 'chatcmpl-9886d86e3d2bb2e2' retired (steps): 256 tok in 8.5 s — prefill 68 tok (0 cached) in 656 ms; decode 255 tok / 97 passes in 7.9 s: 32.3 tok/s, 30.9 ms/tok, 81 ms/pass, 2.63 tok/pass, accept p1 93 % p2 72 %
2026-10-07 05:11:14.004 INFO  sched: request 'chatcmpl-9886d86e3d2bb2e3' starting prefill in slot 0 (68 prompt tokens)
2026-10-07 05:11:14.654 INFO  sched: request 'chatcmpl-9886d86e3d2bb2e3' prefix cache miss — 3 cut(s), the cache is empty
2026-10-07 05:11:14.654 INFO  sched: request 'chatcmpl-9886d86e3d2bb2e3' admitted to slot 0 (reserve 3 blocks; pool 3/2048 blocks in use) — first token 1654
2026-10-07 05:11:18.113 INFO  stats: rank 1 | 10.0 s | decode 30.1 tok/s, 31.0 ms/tok, 81.1 ms/step (115 steps / 301 tok, 93 % of wall) | mtp 2.62 tok/step/req, accept p1 93 % p2 70 % | prefill 1 prompt / 68 tok, 7 tok/s, 9.56 ms/tok, 650 ms avg (6 % of wall), 0 tok cached (0/1 hit) | live 1, queued 0 | pool 3/2048 blocks (0 %) | prefix cache 0/4096 entries
2026-10-07 05:11:22.549 INFO  sched: request 'chatcmpl-9886d86e3d2bb2e3' retired (steps): 256 tok in 8.5 s — prefill 68 tok (0 cached) in 650 ms; decode 255 tok / 97 passes in 7.9 s: 32.3 tok/s, 31.0 ms/tok, 81 ms/pass, 2.63 tok/pass, accept p1 93 % p2 72 %
2026-10-07 05:11:22.574 INFO  sched: request 'chatcmpl-9886d86e3d2bb2e4' starting prefill in slot 0 (40 prompt tokens)
2026-10-07 05:11:23.054 INFO  sched: request 'chatcmpl-9886d86e3d2bb2e4' prefix cache miss — 3 cut(s), the cache is empty
2026-10-07 05:11:23.054 INFO  sched: request 'chatcmpl-9886d86e3d2bb2e4' admitted to slot 0 (reserve 3 blocks; pool 3/2048 blocks in use) — first token 785
2026-10-07 05:11:28.152 INFO  stats: rank 1 | 10.0 s | decode 29.5 tok/s, 32.2 ms/tok, 80.7 ms/step (118 steps / 296 tok, 95 % of wall) | mtp 2.51 tok/step/req, accept p1 88 % p2 64 % | prefill 1 prompt / 40 tok, 4 tok/s, 12.01 ms/tok, 480 ms avg (5 % of wall), 0 tok cached (0/1 hit) | live 1, queued 0 | pool 3/2048 blocks (0 %) | prefix cache 0/4096 entries
2026-10-07 05:11:32.532 INFO  sched: request 'chatcmpl-9886d86e3d2bb2e4' retired (steps): 256 tok in 10.0 s — prefill 40 tok (0 cached) in 480 ms; decode 255 tok / 119 passes in 9.5 s: 26.9 tok/s, 37.2 ms/tok, 80 ms/pass, 2.14 tok/pass, accept p1 72 % p2 42 %
2026-10-07 05:11:32.562 INFO  sched: request 'chatcmpl-9886d86e3d2bb2e5' starting prefill in slot 0 (40 prompt tokens)
2026-10-07 05:11:33.037 INFO  sched: request 'chatcmpl-9886d86e3d2bb2e5' prefix cache miss — 3 cut(s), the cache is empty
2026-10-07 05:11:33.037 INFO  sched: request 'chatcmpl-9886d86e3d2bb2e5' admitted to slot 0 (reserve 3 blocks; pool 3/2048 blocks in use) — first token 785
2026-10-07 05:11:38.222 INFO  stats: rank 1 | 10.1 s | decode 25.6 tok/s, 37.0 ms/tok, 79.6 ms/step (120 steps / 258 tok, 95 % of wall) | mtp 2.15 tok/step/req, accept p1 72 % p2 42 % | prefill 1 prompt / 40 tok, 4 tok/s, 11.88 ms/tok, 475 ms avg (5 % of wall), 0 tok cached (0/1 hit) | live 1, queued 0 | pool 3/2048 blocks (0 %) | prefix cache 0/4096 entries
2026-10-07 05:11:42.521 INFO  sched: request 'chatcmpl-9886d86e3d2bb2e5' retired (steps): 256 tok in 10.0 s — prefill 40 tok (0 cached) in 475 ms; decode 255 tok / 119 passes in 9.5 s: 26.9 tok/s, 37.2 ms/tok, 80 ms/pass, 2.14 tok/pass, accept p1 72 % p2 42 %
2026-10-07 05:11:42.551 INFO  sched: request 'chatcmpl-9886d86e3d2bb2e6' starting prefill in slot 0 (40 prompt tokens)
2026-10-07 05:11:43.024 INFO  sched: request 'chatcmpl-9886d86e3d2bb2e6' prefix cache miss — 3 cut(s), the cache is empty
2026-10-07 05:11:43.024 INFO  sched: request 'chatcmpl-9886d86e3d2bb2e6' admitted to slot 0 (reserve 3 blocks; pool 3/2048 blocks in use) — first token 785
2026-10-07 05:11:48.287 INFO  stats: rank 1 | 10.1 s | decode 25.4 tok/s, 37.3 ms/tok, 80.3 ms/step (119 steps / 256 tok, 95 % of wall) | mtp 2.15 tok/step/req, accept p1 72 % p2 42 % | prefill 1 prompt / 40 tok, 4 tok/s, 11.82 ms/tok, 473 ms avg (5 % of wall), 0 tok cached (0/1 hit) | live 1, queued 0 | pool 3/2048 blocks (0 %) | prefix cache 0/4096 entries
2026-10-07 05:11:52.590 INFO  sched: request 'chatcmpl-9886d86e3d2bb2e6' retired (steps): 256 tok in 10.0 s — prefill 40 tok (0 cached) in 473 ms; decode 255 tok / 119 passes in 9.6 s: 26.7 tok/s, 37.5 ms/tok, 80 ms/pass, 2.14 tok/pass, accept p1 72 % p2 42 %
2026-10-07 05:11:53.735 INFO  journal: stop record — exiting
2026-10-07 05:11:53.767 INFO  rank 1: graph engine sampling summary — 0 sampled decode steps, 0 served by the exact gather fallback (0.0%), 112 candidates per rank
2026-10-07 05:11:54.949 INFO  rank 1: exited cleanly
