model XiaomiMiMo/MiMo-V2.6-Flash-RL
warm 0: status 200 tokens 64
== prose concurrency 1: 14:04:39.029 .. 14:04:43.722  wall 4.7 s
   req 0: status 200 finish=length tokens 256 chunks 256 ttft 152 ms  client update pace 17.80 ms/update
   aggregate wall: 256 tokens in 4.69 s = 54.55 tok/s (prefill included)
   legacy output-span aggregate: 56.3872452101902 tok/s (initial TTFT excluded; later admissions included)
   engine decode: 56.253 tok/s
== prose concurrency 1: 14:04:43.723 .. 14:04:48.415  wall 4.7 s
   req 0: status 200 finish=length tokens 256 chunks 256 ttft 152 ms  client update pace 17.80 ms/update
   aggregate wall: 256 tokens in 4.69 s = 54.56 tok/s (prefill included)
   legacy output-span aggregate: 56.39224331639693 tok/s (initial TTFT excluded; later admissions included)
   engine decode: 56.240 tok/s
== prose concurrency 1: 14:04:48.416 .. 14:04:53.108  wall 4.7 s
   req 0: status 200 finish=length tokens 256 chunks 256 ttft 152 ms  client update pace 17.80 ms/update
   aggregate wall: 256 tokens in 4.69 s = 54.56 tok/s (prefill included)
   legacy output-span aggregate: 56.398310231755154 tok/s (initial TTFT excluded; later admissions included)
   engine decode: 56.262 tok/s
== code concurrency 1: 14:04:53.110 .. 14:04:57.832  wall 4.7 s
   req 0: status 200 finish=length tokens 256 chunks 256 ttft 178 ms  client update pace 17.82 ms/update
   aggregate wall: 256 tokens in 4.72 s = 54.21 tok/s (prefill included)
   legacy output-span aggregate: 56.347989533948294 tok/s (initial TTFT excluded; later admissions included)
   engine decode: 56.056 tok/s
== code concurrency 1: 14:04:57.832 .. 14:05:02.557  wall 4.7 s
   req 0: status 200 finish=length tokens 256 chunks 256 ttft 178 ms  client update pace 17.83 ms/update
   aggregate wall: 256 tokens in 4.72 s = 54.18 tok/s (prefill included)
   legacy output-span aggregate: 56.312916459811674 tok/s (initial TTFT excluded; later admissions included)
   engine decode: 56.243 tok/s
== code concurrency 1: 14:05:02.558 .. 14:05:07.264  wall 4.7 s
   req 0: status 200 finish=length tokens 256 chunks 256 ttft 177 ms  client update pace 17.76 ms/update
   aggregate wall: 256 tokens in 4.71 s = 54.40 tok/s (prefill included)
   legacy output-span aggregate: 56.52981769109731 tok/s (initial TTFT excluded; later admissions included)
   engine decode: 56.344 tok/s
== json concurrency 1: 14:05:07.267 .. 14:05:11.989  wall 4.7 s
   req 0: status 200 finish=length tokens 256 chunks 256 ttft 178 ms  client update pace 17.82 ms/update
   aggregate wall: 256 tokens in 4.72 s = 54.22 tok/s (prefill included)
   legacy output-span aggregate: 56.34912145558351 tok/s (initial TTFT excluded; later admissions included)
   engine decode: 56.179 tok/s
== json concurrency 1: 14:05:11.990 .. 14:05:16.714  wall 4.7 s
   req 0: status 200 finish=length tokens 256 chunks 256 ttft 179 ms  client update pace 17.83 ms/update
   aggregate wall: 256 tokens in 4.72 s = 54.18 tok/s (prefill included)
   legacy output-span aggregate: 56.31708308593646 tok/s (initial TTFT excluded; later admissions included)
   engine decode: 56.190 tok/s
== json concurrency 1: 14:05:16.715 .. 14:05:21.442  wall 4.7 s
   req 0: status 200 finish=length tokens 256 chunks 256 ttft 178 ms  client update pace 17.83 ms/update
   aggregate wall: 256 tokens in 4.73 s = 54.16 tok/s (prefill included)
   legacy output-span aggregate: 56.294013436188706 tok/s (initial TTFT excluded; later admissions included)
   engine decode: 56.260 tok/s
== math concurrency 1: 14:05:21.445 .. 14:05:26.212  wall 4.8 s
   req 0: status 200 finish=length tokens 256 chunks 256 ttft 203 ms  client update pace 17.80 ms/update
   aggregate wall: 256 tokens in 4.77 s = 53.70 tok/s (prefill included)
   legacy output-span aggregate: 56.40466554004849 tok/s (initial TTFT excluded; later admissions included)
   engine decode: 56.088 tok/s
== math concurrency 1: 14:05:26.214 .. 14:05:30.981  wall 4.8 s
   req 0: status 200 finish=length tokens 256 chunks 256 ttft 202 ms  client update pace 17.90 ms/update
   aggregate wall: 256 tokens in 4.77 s = 53.70 tok/s (prefill included)
   legacy output-span aggregate: 56.077580990816436 tok/s (initial TTFT excluded; later admissions included)
   engine decode: 56.046 tok/s
== math concurrency 1: 14:05:30.982 .. 14:05:35.724  wall 4.7 s
   req 0: status 200 finish=length tokens 256 chunks 256 ttft 202 ms  client update pace 17.80 ms/update
   aggregate wall: 256 tokens in 4.74 s = 53.99 tok/s (prefill included)
   legacy output-span aggregate: 56.400147058717124 tok/s (initial TTFT excluded; later admissions included)
   engine decode: 56.132 tok/s
== chat concurrency 1: 14:05:35.729 .. 14:05:40.419  wall 4.7 s
   req 0: status 200 finish=length tokens 256 chunks 256 ttft 177 ms  client update pace 17.70 ms/update
   aggregate wall: 256 tokens in 4.69 s = 54.58 tok/s (prefill included)
   legacy output-span aggregate: 56.72279711404978 tok/s (initial TTFT excluded; later admissions included)
   engine decode: 56.311 tok/s
== chat concurrency 1: 14:05:40.420 .. 14:05:45.139  wall 4.7 s
   req 0: status 200 finish=length tokens 256 chunks 256 ttft 154 ms  client update pace 17.90 ms/update
   aggregate wall: 256 tokens in 4.72 s = 54.25 tok/s (prefill included)
   legacy output-span aggregate: 56.0843266198659 tok/s (initial TTFT excluded; later admissions included)
   engine decode: 56.091 tok/s
== chat concurrency 1: 14:05:45.140 .. 14:05:49.864  wall 4.7 s
   req 0: status 200 finish=length tokens 256 chunks 256 ttft 153 ms  client update pace 17.92 ms/update
   aggregate wall: 256 tokens in 4.72 s = 54.19 tok/s (prefill included)
   legacy output-span aggregate: 56.01212708137857 tok/s (initial TTFT excluded; later admissions included)
   engine decode: 56.061 tok/s
== per-class wall aggregate tokens/s (prefill included), greedy, max_tokens 256
| class | c=1 |
|---|---|
| prose | 54.6 |
| code | 54.2 |
| json | 54.2 |
| math | 53.7 |
| chat | 54.2 |
