2026-10-06 23:35:29.026 INFO  dgpp-serve 0.1.0+g8f1c4cbcc1e9.dirty (git 8f1c4cbcc1e9)
2026-10-06 23:35:29.027 INFO  config /tmp/bus4/deployments/189874379cc6e748/cluster.json: model HawkBearPig/GLM-5.3-Int4-Int8Mix-RTN-g64, world 4, rank 3, http :18080, fabric :29970, journal :29971
2026-10-06 23:35:29.027 INFO  model HawkBearPig/GLM-5.3-Int4-Int8Mix-RTN-g64 -> /home/stephen/.cache/huggingface/hub/models--HawkBearPig--GLM-5.3-Int4-Int8Mix-RTN-g64/snapshots/147684fbad20c1e283ddff46fd07cb9d4ccbb3da
2026-10-06 23:35:29.028 INFO  journal: connected to rank 0 at 192.168.88.11:29971 (120000 attempt window)
2026-10-06 23:35:29.029 INFO  rank 3: settings from rank 0: model=HawkBearPig/GLM-5.3-Int4-Int8Mix-RTN-g64 world=4 fabric=29970 journal=29971 conc=8 kv=122880 kvdt=bf16 ngt=resident dw=checkpoint mtpef=fp8 bfw=bf12 fp8head=gemv pf=bounded emsh=vocab maxtok=32768 queue=8 eos=1 graph=1 compact=0 mtp=1 mtpd=2 mss=0 msrow=8 msbase=28 mslam=0 msmin=1 msad=1 msss=0.93 mdr=auto mdt=1 mvf=token dbr=0 batchmin=2 cand=128 pcgib=1 adm=full win=256 pfbudget=-1 pfidle=0 pmin=1024 phead=1 pace=-1 inflight=-1 reasoning_in_content=0 rs=off dflash=off dfw=checkpoint
2026-10-06 23:35:29.029 INFO  config: model=HawkBearPig/GLM-5.3-Int4-Int8Mix-RTN-g64 world=4 fabric=29970 journal=29971 conc=8 kv=122880 kvdt=bf16 ngt=resident dw=checkpoint mtpef=fp8 bfw=bf12 fp8head=gemv pf=bounded emsh=vocab maxtok=32768 queue=8 eos=1 graph=1 compact=0 mtp=1 mtpd=2 mss=0 msrow=8 msbase=28 mslam=0 msmin=1 msad=1 msss=0.93 mdr=auto mdt=1 mvf=token dbr=0 batchmin=2 cand=128 pcgib=1 adm=full win=256 pfbudget=-1 pfidle=0 pmin=1024 phead=1 pace=-1 inflight=-1 reasoning_in_content=0 rs=off dflash=off dfw=checkpoint (digest ec661a4a4a195dc0)
2026-10-06 23:35:29.159 INFO  serve: model family glm_moe_dsa (/home/stephen/.cache/huggingface/hub/models--HawkBearPig--GLM-5.3-Int4-Int8Mix-RTN-g64/snapshots/147684fbad20c1e283ddff46fd07cb9d4ccbb3da)
2026-10-06 23:35:29.159 INFO  serve: 8 slots x 3 rows exceed the glm_moe_dsa family's 16-row decode ceiling; depth 2 uses fitting batch families where supported, otherwise scalar graphs
2026-10-06 23:35:29.159 INFO  serve: decode rows 16 (8 slot(s) x 3 row(s) per request, floor 8, the glm_moe_dsa family's cap 16)
2026-10-06 23:35:29.159 WARN  generation config /home/stephen/.cache/huggingface/hub/models--HawkBearPig--GLM-5.3-Int4-Int8Mix-RTN-g64/snapshots/147684fbad20c1e283ddff46fd07cb9d4ccbb3da/generation_config.json omits top_k, min_p, repetition_penalty; using greedy-safe/neutral fallbacks for those fields
2026-10-06 23:35:29.159 INFO  generation defaults: temperature=1 top_p=0.95 top_k=0 min_p=0 repetition_penalty=1
2026-10-06 23:35:29.159 INFO  serve: sampling defaults temperature 1 top_p 0.95 top_k 0 min_p 0 repetition_penalty 1 (from generation_config.json; overrides: none)
2026-10-06 23:35:29.159 INFO  serve: request context limit 122880 tokens (the 122880-token K/V pool from engine.kv_capacity 122880; this family states no positional ceiling of its own)
2026-10-06 23:35:29.159 INFO  rank 3: prefix cache plan — 1 GiB budget, 4096 slots of 0.012 MiB, 0.047 GiB allocated; cached K/V blocks share the 122880-token pool
2026-10-06 23:35:29.337 INFO  tokenizer: loaded vocab 154820 merges 321649 added 36 (revision 0x700b4469fc43f23b; glm pattern, no normalizer, ignore_merges true)
2026-10-06 23:35:29.346 INFO  serve: grammar vocabulary built (154880 ids, tool markers present, call-turn EOS 154829)
2026-10-06 23:35:29.451 INFO  serve: JSON grammar tables built in 0.11 s
2026-10-06 23:35:29.683 INFO  bus: globaltimer offset 20848285001 ns (+-2 us)
2026-10-06 23:35:29.688 INFO  verbs: device roceP2p1s0f0 port 1 gid_index 3
2026-10-06 23:35:29.694 INFO  verbs: device rocep1s0f0 port 1 gid_index 3
2026-10-06 23:35:30.787 INFO  bus: rank 3 up — 3 peer(s) x 2 lane(s), lat 8x196608B, bulk 8x262144B, bulk pace 28.3 Gb/s per QP, window 4 per lane
2026-10-06 23:35:30.787 INFO  rank 3: boundary reducer host-driven
2026-10-06 23:35:30.941 INFO  rank 3: process memory locked (mlockall MCL_CURRENT, 14546 MiB)
2026-10-06 23:35:30.941 INFO  rank 3: resident image cache at /home/stephen/.cache/dgpp/resident
2026-10-06 23:35:30.941 INFO  bus engine: rank 3 pinned to cpu 19
2026-10-06 23:35:31.073 INFO  rank 3: memory plan for a 122880-token context — model weights (resident, packed bf16 matrices released) 96.32 GiB; bf16 decode packing (12-bit companions) 1.27 GiB; bf16 prefill expansion scratch 0.05 GiB; gemm workspace (at least) 0.06 GiB; dsa cache pool (latent bf16 + rope keys on every layer, fp8 index caches on the indexed layers) 10.75 GiB; dsa scratch (projections, selection, attention, the prefill dot tiles) 0.22 GiB; rotary table (bf16 cos/sin per position) 0.01 GiB; activations (session core, residual, block io, dense scratch, route staging) 0.14 GiB (0.01 GiB pinned); moe scratch (routed slots, shared expert, graph tables) 0.75 GiB (0.01 GiB pinned); draft block (gathered hidden, the fused input, its residual, the sharded embedding's rows) 0.12 GiB; prefix cache 0.05 GiB; engine 0.07 GiB
2026-10-06 23:35:31.073 INFO  rank 3: memory plan total 109.81 GiB (109.67 GiB device + 0.14 GiB pinned) + 4.00 GiB headroom against 116.46 GiB free (device free 114.01 GiB of 121.69 GiB, host available 116.46 GiB)
2026-10-06 23:35:31.073 INFO  memory ledger: rank 3 after the plan check — rss 1.19 GiB (anon 0.42, shmem 0.11, file 0.67; locked 14.21); device free 114.01 GiB, node available 116.46 GiB
2026-10-06 23:35:31.073 INFO  memory ledger: rank 3 after the bus — rss 1.19 GiB (anon 0.42, shmem 0.11, file 0.67; locked 14.21); device free 114.01 GiB, node available 116.46 GiB
2026-10-06 23:35:31.602 INFO  glm_dsa loader: rank 3 resident footprint 98.0 GiB; device free 113.9 of 121.7 GiB, host available 116.4 GiB
2026-10-06 23:35:32.326 INFO  glm_dsa loader: rank 3 resident image /home/stephen/.cache/dgpp/resident/4e19ad9a970d9938.img — 79/79 layers present, direct I/O
2026-10-06 23:35:32.340 INFO  l2 prefetch: on, window budget 12 MiB, boundary rate light, layer rate light
2026-10-06 23:35:32.340 INFO  memory ledger: glm_dsa: loader opened — rss 2.76 GiB (anon 0.49, shmem 1.57, file 0.69; locked 14.21); device free 111.99 GiB, node available 114.44 GiB
2026-10-06 23:35:33.166 INFO  memory ledger: glm_dsa: globals resident — rss 3.65 GiB (anon 0.49, shmem 1.57, file 1.58; locked 14.21); device free 110.66 GiB, node available 113.99 GiB
2026-10-06 23:35:48.347 INFO  rank 3 bf12: 89 decode matrices packed (1.65 GiB of bf16 -> 1.24 GiB, 166058 escapes, widest row 12, 0 rows kept raw; 0 matrices kept bf16) in 1.0 s
2026-10-06 23:35:48.347 INFO  rank 3 bf12: 89 of them released their bf16 bytes (1.71 GiB returned; prefill expands through a 48 MiB scratch)
2026-10-06 23:35:48.660 INFO  glm_dsa loader: rank 3 resident load complete — released 79 shard mappings (398.1 GiB) and evicted their page cache, freed the 1.46 GiB pinned staging mirror; image: 79 layers restored, 0 captured
2026-10-06 23:35:48.707 INFO  memory ledger: glm_dsa: layers resident, sources released — rss 1.26 GiB (anon 0.48, shmem 0.11, file 0.67; locked 14.19); device free 14.60 GiB, node available 17.01 GiB
2026-10-06 23:35:49.124 INFO  memory ledger: glm_dsa: arena, pool and scratch — rss 1.26 GiB (anon 0.48, shmem 0.11, file 0.67; locked 14.19); device free 3.39 GiB, node available 5.80 GiB
2026-10-06 23:35:49.177 INFO  memory ledger: rank 3 after the model — rss 1.27 GiB (anon 0.48, shmem 0.12, file 0.67; locked 14.19); device free 3.14 GiB, node available 5.55 GiB
2026-10-06 23:35:49.178 INFO  rank 3: model constructed in 18.1s (resident, 8 request slots, 122880-token pool in bf16, 2048-row forwards)
2026-10-06 23:35:49.178 INFO  rank 3: prefix cache on — 4096 snapshot slot(s) of 0.0 MiB (1.00 GiB asked)
2026-10-06 23:35:49.182 INFO  rank 3: graph engine samples on the device — 112 candidates per rank (24 rows x 4 ranks in a 196608-byte latency slot; the planned width is 128); constrained decoding available
2026-10-06 23:35:49.182 INFO  rank 3: prefill budget 0 tokens/tick (0 = full prompt), 0 with nothing decoding
2026-10-06 23:35:49.182 INFO  rank 3: sampled requests draft a draw from the draft's distribution under the ratio verify (engine.mtp_draft auto)
2026-10-06 23:35:58.167 INFO  memory ledger: rank 3 after the graph engine — rss 1.27 GiB (anon 0.48, shmem 0.12, file 0.67; locked 14.19); device free 3.20 GiB, node available 5.61 GiB
2026-10-06 23:35:58.170 INFO  allreduce: device clock rate 2418000 kHz (stamps conversion)
2026-10-06 23:35:58.170 INFO  allreduce: rank 3 seq 1 launched (3 peers)
2026-10-06 23:35:58.171 INFO  allreduce: rank 3 seq 1 ready after 54.0us
2026-10-06 23:35:58.171 INFO  allreduce: rank 3 seq 1 done status=0 after 592.6us
2026-10-06 23:35:58.432 INFO  allreduce: rank 3 seq 2 launched (3 peers)
2026-10-06 23:35:58.432 INFO  allreduce: rank 3 seq 2 ready after 23.5us
2026-10-06 23:35:58.451 INFO  allreduce: rank 3 seq 2 done status=0 after 19789.3us
2026-10-06 23:35:58.452 INFO  allreduce: rank 3 seq 3 launched (3 peers)
2026-10-06 23:35:58.452 INFO  allreduce: rank 3 seq 3 ready after 19.2us
2026-10-06 23:35:58.452 INFO  allreduce: rank 3 seq 3 done status=0 after 142.4us
2026-10-06 23:35:58.453 INFO  allreduce: rank 3 seq 4 launched (3 peers)
2026-10-06 23:35:58.453 INFO  allreduce: rank 3 seq 4 ready after 21.7us
2026-10-06 23:35:58.453 INFO  allreduce: rank 3 seq 4 done status=0 after 93.9us
2026-10-06 23:35:58.454 INFO  allreduce: rank 3 seq 5 launched (3 peers)
2026-10-06 23:35:58.454 INFO  allreduce: rank 3 seq 5 ready after 19.4us
2026-10-06 23:35:58.454 INFO  allreduce: rank 3 seq 5 done status=0 after 65.0us
2026-10-06 23:35:58.454 INFO  allreduce: rank 3 seq 6 launched (3 peers)
2026-10-06 23:35:58.454 INFO  allreduce: rank 3 seq 6 ready after 20.3us
2026-10-06 23:35:58.454 INFO  allreduce: rank 3 seq 6 done status=0 after 80.0us
2026-10-06 23:35:58.455 INFO  allreduce: rank 3 seq 7 launched (3 peers)
2026-10-06 23:35:58.455 INFO  allreduce: rank 3 seq 7 ready after 22.0us
2026-10-06 23:35:58.455 INFO  allreduce: rank 3 seq 7 done status=0 after 85.5us
2026-10-06 23:35:58.503 INFO  allreduce: rank 3 seq 8 launched (3 peers)
2026-10-06 23:35:58.503 INFO  allreduce: rank 3 seq 8 ready after 26.3us
2026-10-06 23:35:58.539 INFO  allreduce: rank 3 seq 8 done status=0 after 35266.6us
2026-10-06 23:35:58.587 INFO  allreduce: rank 3 seq 9 launched (3 peers)
2026-10-06 23:35:58.587 INFO  allreduce: rank 3 seq 9 ready after 20.7us
2026-10-06 23:35:58.588 INFO  allreduce: rank 3 seq 9 done status=0 after 66.8us
2026-10-06 23:35:58.588 INFO  allreduce: rank 3 seq 10 launched (3 peers)
2026-10-06 23:35:58.588 INFO  allreduce: rank 3 seq 10 ready after 17.8us
2026-10-06 23:35:58.588 INFO  allreduce: rank 3 seq 10 done status=0 after 247.5us
2026-10-06 23:35:58.589 INFO  allreduce: rank 3 seq 11 launched (3 peers)
2026-10-06 23:35:58.589 INFO  allreduce: rank 3 seq 11 ready after 21.8us
2026-10-06 23:35:58.589 INFO  allreduce: rank 3 seq 11 done status=0 after 299.3us
2026-10-06 23:35:58.590 INFO  allreduce: rank 3 seq 12 launched (3 peers)
2026-10-06 23:35:58.590 INFO  allreduce: rank 3 seq 12 ready after 19.7us
2026-10-06 23:35:58.590 INFO  allreduce: rank 3 seq 12 done status=0 after 210.8us
2026-10-06 23:35:58.590 INFO  allreduce: rank 3 seq 13 launched (3 peers)
2026-10-06 23:35:58.590 INFO  allreduce: rank 3 seq 13 ready after 20.6us
2026-10-06 23:35:58.591 INFO  allreduce: rank 3 seq 13 done status=0 after 297.9us
2026-10-06 23:35:58.591 INFO  allreduce: rank 3 seq 14 launched (3 peers)
2026-10-06 23:35:58.591 INFO  allreduce: rank 3 seq 14 ready after 19.4us
2026-10-06 23:35:58.592 INFO  allreduce: rank 3 seq 14 done status=0 after 261.3us
2026-10-06 23:35:58.592 INFO  allreduce: rank 3 seq 15 launched (3 peers)
2026-10-06 23:35:58.592 INFO  allreduce: rank 3 seq 15 ready after 19.7us
2026-10-06 23:35:58.592 INFO  allreduce: rank 3 seq 15 done status=0 after 336.6us
2026-10-06 23:35:58.593 INFO  allreduce: rank 3 seq 16 launched (3 peers)
2026-10-06 23:35:58.593 INFO  allreduce: rank 3 seq 16 ready after 20.9us
2026-10-06 23:35:58.593 INFO  allreduce: rank 3 seq 16 done status=0 after 223.3us
2026-10-06 23:35:58.778 INFO  bus graph era: variant 0 recorded with 166 collective node(s)
2026-10-06 23:35:58.778 INFO  rank 3: graph variant 0 shape: 2547 nodes, 2788 edges: kernel 2547 empty 0 memcpy 0 memset 0 host 0 event 0 other 0; max in-degree 2
2026-10-06 23:35:58.784 INFO  rank 3: graph variant 0 instantiated — 15.9 MiB of device memory (1.9 GiB free)
2026-10-06 23:35:58.786 INFO  bus graph era: variant 1 recorded with 166 collective node(s)
2026-10-06 23:35:58.786 INFO  rank 3: graph variant 1 shape: 2547 nodes, 2788 edges: kernel 2547 empty 0 memcpy 0 memset 0 host 0 event 0 other 0; max in-degree 2
2026-10-06 23:35:58.792 INFO  rank 3: graph variant 1 instantiated — 15.2 MiB of device memory (1.9 GiB free)
2026-10-06 23:35:58.792 INFO  rank 3: serving scalar graph variants 0/1 captured for request slot 0 (3 rows, MTP)
2026-10-06 23:35:58.794 INFO  bus graph era: variant 16 recorded with 166 collective node(s)
2026-10-06 23:35:58.794 INFO  rank 3: graph variant 16 shape: 2774 nodes, 3015 edges: kernel 2774 empty 0 memcpy 0 memset 0 host 0 event 0 other 0; max in-degree 2
2026-10-06 23:35:58.803 INFO  rank 3: graph variant 16 instantiated — 30.9 MiB of device memory (1.9 GiB free)
2026-10-06 23:35:58.805 INFO  bus graph era: variant 17 recorded with 166 collective node(s)
2026-10-06 23:35:58.805 INFO  rank 3: graph variant 17 shape: 2774 nodes, 3015 edges: kernel 2774 empty 0 memcpy 0 memset 0 host 0 event 0 other 0; max in-degree 2
2026-10-06 23:35:58.814 INFO  rank 3: graph variant 17 instantiated — 31.0 MiB of device memory (1.9 GiB free)
2026-10-06 23:35:58.814 INFO  rank 3: serving row-batched graph variants 16/17 captured for 2 slots x 3 rows = 6 fixed rows, MTP (a batch is selected at 2+ live requests, the smallest that covers the live slots)
2026-10-06 23:35:58.817 INFO  bus graph era: variant 18 recorded with 166 collective node(s)
2026-10-06 23:35:58.817 INFO  rank 3: graph variant 18 shape: 3134 nodes, 3375 edges: kernel 3134 empty 0 memcpy 0 memset 0 host 0 event 0 other 0; max in-degree 2
2026-10-06 23:35:58.828 INFO  rank 3: graph variant 18 instantiated — 38.0 MiB of device memory (1.8 GiB free)
2026-10-06 23:35:58.830 INFO  bus graph era: variant 19 recorded with 166 collective node(s)
2026-10-06 23:35:58.830 INFO  rank 3: graph variant 19 shape: 3134 nodes, 3375 edges: kernel 3134 empty 0 memcpy 0 memset 0 host 0 event 0 other 0; max in-degree 2
2026-10-06 23:35:58.841 INFO  rank 3: graph variant 19 instantiated — 39.7 MiB of device memory (1.8 GiB free)
2026-10-06 23:35:58.841 INFO  rank 3: serving row-batched graph variants 18/19 captured for 3 slots x 3 rows = 9 fixed rows, MTP (a batch is selected at 2+ live requests, the smallest that covers the live slots)
2026-10-06 23:35:58.844 INFO  bus graph era: variant 20 recorded with 166 collective node(s)
2026-10-06 23:35:58.844 INFO  rank 3: graph variant 20 shape: 3135 nodes, 3376 edges: kernel 3135 empty 0 memcpy 0 memset 0 host 0 event 0 other 0; max in-degree 2
2026-10-06 23:35:58.854 INFO  rank 3: graph variant 20 instantiated — 32.8 MiB of device memory (1.8 GiB free)
2026-10-06 23:35:58.856 INFO  bus graph era: variant 21 recorded with 166 collective node(s)
2026-10-06 23:35:58.856 INFO  rank 3: graph variant 21 shape: 3135 nodes, 3376 edges: kernel 3135 empty 0 memcpy 0 memset 0 host 0 event 0 other 0; max in-degree 2
2026-10-06 23:35:58.867 INFO  rank 3: graph variant 21 instantiated — 38.9 MiB of device memory (1.7 GiB free)
2026-10-06 23:35:58.867 INFO  rank 3: serving row-batched graph variants 20/21 captured for 4 slots x 3 rows = 12 fixed rows, MTP (a batch is selected at 2+ live requests, the smallest that covers the live slots)
2026-10-06 23:35:58.870 INFO  bus graph era: variant 22 recorded with 166 collective node(s)
2026-10-06 23:35:58.870 INFO  rank 3: graph variant 22 shape: 3361 nodes, 3602 edges: kernel 3361 empty 0 memcpy 0 memset 0 host 0 event 0 other 0; max in-degree 2
2026-10-06 23:35:58.882 INFO  rank 3: graph variant 22 instantiated — 38.2 MiB of device memory (1.7 GiB free)
2026-10-06 23:35:58.885 INFO  bus graph era: variant 23 recorded with 166 collective node(s)
2026-10-06 23:35:58.885 INFO  rank 3: graph variant 23 shape: 3361 nodes, 3602 edges: kernel 3361 empty 0 memcpy 0 memset 0 host 0 event 0 other 0; max in-degree 2
2026-10-06 23:35:58.897 INFO  rank 3: graph variant 23 instantiated — 40.8 MiB of device memory (1.6 GiB free)
2026-10-06 23:35:58.898 INFO  rank 3: serving row-batched graph variants 22/23 captured for 5 slots x 3 rows = 15 fixed rows, MTP (a batch is selected at 2+ live requests, the smallest that covers the live slots)
2026-10-06 23:35:59.026 INFO  bus graph era: variant 2 recorded with 166 collective node(s)
2026-10-06 23:35:59.026 INFO  rank 3: graph variant 2 shape: 2547 nodes, 2788 edges: kernel 2547 empty 0 memcpy 0 memset 0 host 0 event 0 other 0; max in-degree 2
2026-10-06 23:35:59.035 INFO  rank 3: graph variant 2 instantiated — 28.3 MiB of device memory (1.6 GiB free)
2026-10-06 23:35:59.037 INFO  bus graph era: variant 3 recorded with 166 collective node(s)
2026-10-06 23:35:59.037 INFO  rank 3: graph variant 3 shape: 2547 nodes, 2788 edges: kernel 2547 empty 0 memcpy 0 memset 0 host 0 event 0 other 0; max in-degree 2
2026-10-06 23:35:59.047 INFO  rank 3: graph variant 3 instantiated — 33.2 MiB of device memory (1.6 GiB free)
2026-10-06 23:35:59.047 INFO  rank 3: serving scalar graph variants 2/3 captured for request slot 1 (3 rows, MTP)
2026-10-06 23:35:59.246 INFO  bus graph era: variant 4 recorded with 166 collective node(s)
2026-10-06 23:35:59.246 INFO  rank 3: graph variant 4 shape: 2547 nodes, 2788 edges: kernel 2547 empty 0 memcpy 0 memset 0 host 0 event 0 other 0; max in-degree 2
2026-10-06 23:35:59.258 INFO  rank 3: graph variant 4 instantiated — 21.9 MiB of device memory (1.6 GiB free)
2026-10-06 23:35:59.260 INFO  bus graph era: variant 5 recorded with 166 collective node(s)
2026-10-06 23:35:59.260 INFO  rank 3: graph variant 5 shape: 2547 nodes, 2788 edges: kernel 2547 empty 0 memcpy 0 memset 0 host 0 event 0 other 0; max in-degree 2
2026-10-06 23:35:59.270 INFO  rank 3: graph variant 5 instantiated — 28.2 MiB of device memory (1.5 GiB free)
2026-10-06 23:35:59.270 INFO  rank 3: serving scalar graph variants 4/5 captured for request slot 2 (3 rows, MTP)
2026-10-06 23:35:59.447 INFO  bus graph era: variant 6 recorded with 166 collective node(s)
2026-10-06 23:35:59.447 INFO  rank 3: graph variant 6 shape: 2547 nodes, 2788 edges: kernel 2547 empty 0 memcpy 0 memset 0 host 0 event 0 other 0; max in-degree 2
2026-10-06 23:35:59.457 INFO  rank 3: graph variant 6 instantiated — 34.5 MiB of device memory (1.5 GiB free)
2026-10-06 23:35:59.459 INFO  bus graph era: variant 7 recorded with 166 collective node(s)
2026-10-06 23:35:59.459 INFO  rank 3: graph variant 7 shape: 2547 nodes, 2788 edges: kernel 2547 empty 0 memcpy 0 memset 0 host 0 event 0 other 0; max in-degree 2
2026-10-06 23:35:59.470 INFO  rank 3: graph variant 7 instantiated — 29.0 MiB of device memory (1.5 GiB free)
2026-10-06 23:35:59.470 INFO  rank 3: serving scalar graph variants 6/7 captured for request slot 3 (3 rows, MTP)
2026-10-06 23:35:59.624 INFO  bus graph era: variant 8 recorded with 166 collective node(s)
2026-10-06 23:35:59.624 INFO  rank 3: graph variant 8 shape: 2547 nodes, 2788 edges: kernel 2547 empty 0 memcpy 0 memset 0 host 0 event 0 other 0; max in-degree 2
2026-10-06 23:35:59.633 INFO  rank 3: graph variant 8 instantiated — 32.4 MiB of device memory (1.4 GiB free)
2026-10-06 23:35:59.635 INFO  bus graph era: variant 9 recorded with 166 collective node(s)
2026-10-06 23:35:59.636 INFO  rank 3: graph variant 9 shape: 2547 nodes, 2788 edges: kernel 2547 empty 0 memcpy 0 memset 0 host 0 event 0 other 0; max in-degree 2
2026-10-06 23:35:59.645 INFO  rank 3: graph variant 9 instantiated — 32.5 MiB of device memory (1.4 GiB free)
2026-10-06 23:35:59.646 INFO  rank 3: serving scalar graph variants 8/9 captured for request slot 4 (3 rows, MTP)
2026-10-06 23:35:59.780 INFO  bus graph era: variant 10 recorded with 166 collective node(s)
2026-10-06 23:35:59.780 INFO  rank 3: graph variant 10 shape: 2547 nodes, 2788 edges: kernel 2547 empty 0 memcpy 0 memset 0 host 0 event 0 other 0; max in-degree 2
2026-10-06 23:35:59.789 INFO  rank 3: graph variant 10 instantiated — 31.0 MiB of device memory (1.4 GiB free)
2026-10-06 23:35:59.791 INFO  bus graph era: variant 11 recorded with 166 collective node(s)
2026-10-06 23:35:59.791 INFO  rank 3: graph variant 11 shape: 2547 nodes, 2788 edges: kernel 2547 empty 0 memcpy 0 memset 0 host 0 event 0 other 0; max in-degree 2
2026-10-06 23:35:59.800 INFO  rank 3: graph variant 11 instantiated — 32.2 MiB of device memory (1.3 GiB free)
2026-10-06 23:35:59.800 INFO  rank 3: serving scalar graph variants 10/11 captured for request slot 5 (3 rows, MTP)
2026-10-06 23:35:59.912 INFO  bus graph era: variant 12 recorded with 166 collective node(s)
2026-10-06 23:35:59.912 INFO  rank 3: graph variant 12 shape: 2547 nodes, 2788 edges: kernel 2547 empty 0 memcpy 0 memset 0 host 0 event 0 other 0; max in-degree 2
2026-10-06 23:35:59.922 INFO  rank 3: graph variant 12 instantiated — 33.6 MiB of device memory (1.3 GiB free)
2026-10-06 23:35:59.924 INFO  bus graph era: variant 13 recorded with 166 collective node(s)
2026-10-06 23:35:59.924 INFO  rank 3: graph variant 13 shape: 2547 nodes, 2788 edges: kernel 2547 empty 0 memcpy 0 memset 0 host 0 event 0 other 0; max in-degree 2
2026-10-06 23:35:59.933 INFO  rank 3: graph variant 13 instantiated — 31.1 MiB of device memory (1.3 GiB free)
2026-10-06 23:35:59.933 INFO  rank 3: serving scalar graph variants 12/13 captured for request slot 6 (3 rows, MTP)
2026-10-06 23:36:00.103 INFO  bus graph era: variant 14 recorded with 166 collective node(s)
2026-10-06 23:36:00.104 INFO  rank 3: graph variant 14 shape: 2547 nodes, 2788 edges: kernel 2547 empty 0 memcpy 0 memset 0 host 0 event 0 other 0; max in-degree 2
2026-10-06 23:36:00.113 INFO  rank 3: graph variant 14 instantiated — 30.1 MiB of device memory (1.2 GiB free)
2026-10-06 23:36:00.115 INFO  bus graph era: variant 15 recorded with 166 collective node(s)
2026-10-06 23:36:00.115 INFO  rank 3: graph variant 15 shape: 2547 nodes, 2788 edges: kernel 2547 empty 0 memcpy 0 memset 0 host 0 event 0 other 0; max in-degree 2
2026-10-06 23:36:00.125 INFO  rank 3: graph variant 15 instantiated — 33.9 MiB of device memory (1.2 GiB free)
2026-10-06 23:36:00.125 INFO  rank 3: serving scalar graph variants 14/15 captured for request slot 7 (3 rows, MTP)
2026-10-06 23:36:00.125 INFO  rank 3: warm capture complete — 8 scalar variants and the row batches for 2 slots, 3 slots, 4 slots, 5 slots recorded before the first request
2026-10-06 23:36:00.125 INFO  memory ledger: rank 3 after the warm capture — rss 2.00 GiB (anon 1.20, shmem 0.13, file 0.67; locked 14.19); device free 1.21 GiB, node available 3.20 GiB
2026-10-06 23:36:00.125 INFO  rank 3: graph variants warm-captured in 1.96s
2026-10-06 23:36:00.125 INFO  rank 3: following rank 0's journal (admission full, window 256)
2026-10-06 23:36:02.083 INFO  sched: request 'chatcmpl-904eecf218d6b16f' starting prefill in slot 0 (62 prompt tokens)
2026-10-06 23:36:02.724 INFO  sched: request 'chatcmpl-904eecf218d6b16f' prefix cache miss — 3 cut(s), the cache is empty
2026-10-06 23:36:02.724 INFO  sched: request 'chatcmpl-904eecf218d6b16f' admitted to slot 0 (reserve 1 blocks; pool 1/960 blocks in use) — first token 785
2026-10-06 23:36:04.572 INFO  sched: request 'chatcmpl-904eecf218d6b16f' retired (steps): 64 tok in 2.5 s — prefill 62 tok (0 cached) in 641 ms; decode 63 tok / 23 passes in 1.8 s: 34.1 tok/s, 29.3 ms/tok, 80 ms/pass, 2.74 tok/pass, accept p1 96 % p2 83 %
2026-10-06 23:36:04.597 INFO  sched: request 'chatcmpl-904eecf218d6b170' starting prefill in slot 0 (37 prompt tokens)
2026-10-06 23:36:05.036 INFO  sched: request 'chatcmpl-904eecf218d6b170' prefix cache miss — 3 cut(s), the cache is empty
2026-10-06 23:36:05.036 INFO  sched: request 'chatcmpl-904eecf218d6b170' admitted to slot 0 (reserve 3 blocks; pool 3/960 blocks in use) — first token 785
2026-10-06 23:36:10.351 INFO  stats: rank 3 | 10.1 s | decode 23.5 tok/s, 30.1 ms/tok, 78.3 ms/step (91 steps / 237 tok, 71 % of wall) | mtp 2.60 tok/step/req, accept p1 88 % p2 71 % | prefill 2 prompts / 99 tok, 10 tok/s, 10.92 ms/tok, 540 ms avg (11 % of wall), 0 tok cached (0/2 hits) | live 1, queued 0 | pool 3/960 blocks (0 %) | prefix cache 0/4096 entries
2026-10-06 23:36:13.082 INFO  sched: request 'chatcmpl-904eecf218d6b170' retired (steps): 256 tok in 8.5 s — prefill 37 tok (0 cached) in 439 ms; decode 255 tok / 103 passes in 8.0 s: 31.7 tok/s, 31.6 ms/tok, 78 ms/pass, 2.48 tok/pass, accept p1 86 % p2 61 %
2026-10-06 23:36:13.118 INFO  sched: request 'chatcmpl-904eecf218d6b171' starting prefill in slot 0 (37 prompt tokens)
2026-10-06 23:36:13.557 INFO  sched: request 'chatcmpl-904eecf218d6b171' prefix cache miss — 3 cut(s), the cache is empty
2026-10-06 23:36:13.557 INFO  sched: request 'chatcmpl-904eecf218d6b171' admitted to slot 0 (reserve 3 blocks; pool 3/960 blocks in use) — first token 785
2026-10-06 23:36:20.414 INFO  stats: rank 3 | 10.1 s | decode 30.2 tok/s, 31.4 ms/tok, 77.5 ms/step (123 steps / 304 tok, 95 % of wall) | mtp 2.47 tok/step/req, accept p1 86 % p2 60 % | prefill 1 prompt / 37 tok, 4 tok/s, 11.88 ms/tok, 440 ms avg (4 % of wall), 0 tok cached (0/1 hit) | live 1, queued 0 | pool 3/960 blocks (0 %) | prefix cache 0/4096 entries
2026-10-06 23:36:21.587 INFO  sched: request 'chatcmpl-904eecf218d6b171' retired (steps): 256 tok in 8.5 s — prefill 37 tok (0 cached) in 440 ms; decode 255 tok / 103 passes in 8.0 s: 31.8 tok/s, 31.5 ms/tok, 78 ms/pass, 2.48 tok/pass, accept p1 86 % p2 61 %
2026-10-06 23:36:21.617 INFO  sched: request 'chatcmpl-904eecf218d6b172' starting prefill in slot 0 (37 prompt tokens)
2026-10-06 23:36:22.058 INFO  sched: request 'chatcmpl-904eecf218d6b172' prefix cache miss — 3 cut(s), the cache is empty
2026-10-06 23:36:22.058 INFO  sched: request 'chatcmpl-904eecf218d6b172' admitted to slot 0 (reserve 3 blocks; pool 3/960 blocks in use) — first token 785
2026-10-06 23:36:30.253 INFO  sched: request 'chatcmpl-904eecf218d6b172' retired (steps): 256 tok in 8.6 s — prefill 37 tok (0 cached) in 441 ms; decode 255 tok / 103 passes in 8.2 s: 31.1 tok/s, 32.1 ms/tok, 80 ms/pass, 2.48 tok/pass, accept p1 86 % p2 61 %
2026-10-06 23:36:30.267 INFO  sched: request 'chatcmpl-904eecf218d6b173' starting prefill in slot 0 (51 prompt tokens)
2026-10-06 23:36:30.802 INFO  sched: request 'chatcmpl-904eecf218d6b173' prefix cache miss — 3 cut(s), the cache is empty
2026-10-06 23:36:30.802 INFO  sched: request 'chatcmpl-904eecf218d6b173' admitted to slot 0 (reserve 3 blocks; pool 3/960 blocks in use) — first token 785
2026-10-06 23:36:30.877 INFO  stats: rank 3 | 10.5 s | decode 28.2 tok/s, 31.8 ms/tok, 78.9 ms/step (119 steps / 295 tok, 90 % of wall) | mtp 2.48 tok/step/req, accept p1 87 % p2 59 % | prefill 2 prompts / 88 tok, 8 tok/s, 11.09 ms/tok, 488 ms avg (9 % of wall), 0 tok cached (0/2 hits) | live 1, queued 0 | pool 3/960 blocks (0 %) | prefix cache 0/4096 entries
2026-10-06 23:36:38.886 INFO  sched: request 'chatcmpl-904eecf218d6b173' retired (steps): 256 tok in 8.6 s — prefill 51 tok (0 cached) in 535 ms; decode 255 tok / 97 passes in 8.1 s: 31.5 tok/s, 31.7 ms/tok, 83 ms/pass, 2.63 tok/pass, accept p1 94 % p2 70 %
2026-10-06 23:36:38.895 INFO  sched: request 'chatcmpl-904eecf218d6b174' starting prefill in slot 0 (51 prompt tokens)
2026-10-06 23:36:39.435 INFO  sched: request 'chatcmpl-904eecf218d6b174' prefix cache miss — 3 cut(s), the cache is empty
2026-10-06 23:36:39.435 INFO  sched: request 'chatcmpl-904eecf218d6b174' admitted to slot 0 (reserve 3 blocks; pool 3/960 blocks in use) — first token 785
2026-10-06 23:36:40.951 INFO  stats: rank 3 | 10.1 s | decode 30.5 tok/s, 30.8 ms/tok, 82.3 ms/step (115 steps / 307 tok, 94 % of wall) | mtp 2.67 tok/step/req, accept p1 94 % p2 73 % | prefill 1 prompt / 51 tok, 5 tok/s, 10.58 ms/tok, 540 ms avg (5 % of wall), 0 tok cached (0/1 hit) | live 1, queued 0 | pool 3/960 blocks (0 %) | prefix cache 0/4096 entries
2026-10-06 23:36:47.252 INFO  sched: request 'chatcmpl-904eecf218d6b174' retired (steps): 256 tok in 8.4 s — prefill 51 tok (0 cached) in 540 ms; decode 255 tok / 97 passes in 7.8 s: 32.6 tok/s, 30.7 ms/tok, 81 ms/pass, 2.63 tok/pass, accept p1 94 % p2 70 %
2026-10-06 23:36:47.271 INFO  sched: request 'chatcmpl-904eecf218d6b175' starting prefill in slot 0 (51 prompt tokens)
2026-10-06 23:36:47.813 INFO  sched: request 'chatcmpl-904eecf218d6b175' prefix cache miss — 3 cut(s), the cache is empty
2026-10-06 23:36:47.813 INFO  sched: request 'chatcmpl-904eecf218d6b175' admitted to slot 0 (reserve 3 blocks; pool 3/960 blocks in use) — first token 785
2026-10-06 23:36:51.001 INFO  stats: rank 3 | 10.1 s | decode 30.2 tok/s, 31.1 ms/tok, 80.0 ms/step (118 steps / 304 tok, 94 % of wall) | mtp 2.58 tok/step/req, accept p1 92 % p2 65 % | prefill 1 prompt / 51 tok, 5 tok/s, 10.64 ms/tok, 542 ms avg (5 % of wall), 0 tok cached (0/1 hit) | live 1, queued 0 | pool 3/960 blocks (0 %) | prefix cache 0/4096 entries
2026-10-06 23:36:55.590 INFO  sched: request 'chatcmpl-904eecf218d6b175' retired (steps): 256 tok in 8.3 s — prefill 51 tok (0 cached) in 542 ms; decode 255 tok / 97 passes in 7.8 s: 32.8 tok/s, 30.5 ms/tok, 80 ms/pass, 2.63 tok/pass, accept p1 94 % p2 70 %
2026-10-06 23:36:55.604 INFO  sched: request 'chatcmpl-904eecf218d6b176' starting prefill in slot 0 (46 prompt tokens)
2026-10-06 23:36:56.107 INFO  sched: request 'chatcmpl-904eecf218d6b176' prefix cache miss — 3 cut(s), the cache is empty
2026-10-06 23:36:56.107 INFO  sched: request 'chatcmpl-904eecf218d6b176' admitted to slot 0 (reserve 3 blocks; pool 3/960 blocks in use) — first token 785
2026-10-06 23:37:01.027 INFO  stats: rank 3 | 10.0 s | decode 31.4 tok/s, 30.0 ms/tok, 79.5 ms/step (119 steps / 315 tok, 94 % of wall) | mtp 2.65 tok/step/req, accept p1 94 % p2 71 % | prefill 1 prompt / 46 tok, 5 tok/s, 10.94 ms/tok, 503 ms avg (5 % of wall), 0 tok cached (0/1 hit) | live 1, queued 0 | pool 3/960 blocks (0 %) | prefix cache 0/4096 entries
2026-10-06 23:37:03.670 INFO  sched: request 'chatcmpl-904eecf218d6b176' retired (steps): 256 tok in 8.1 s — prefill 46 tok (0 cached) in 503 ms; decode 255 tok / 95 passes in 7.6 s: 33.7 tok/s, 29.7 ms/tok, 80 ms/pass, 2.68 tok/pass, accept p1 95 % p2 75 %
2026-10-06 23:37:03.684 INFO  sched: request 'chatcmpl-904eecf218d6b177' starting prefill in slot 0 (46 prompt tokens)
2026-10-06 23:37:04.187 INFO  sched: request 'chatcmpl-904eecf218d6b177' prefix cache miss — 3 cut(s), the cache is empty
2026-10-06 23:37:04.187 INFO  sched: request 'chatcmpl-904eecf218d6b177' admitted to slot 0 (reserve 3 blocks; pool 3/960 blocks in use) — first token 785
2026-10-06 23:37:11.083 INFO  stats: rank 3 | 10.1 s | decode 32.3 tok/s, 29.2 ms/tok, 79.7 ms/step (119 steps / 325 tok, 94 % of wall) | mtp 2.73 tok/step/req, accept p1 96 % p2 77 % | prefill 1 prompt / 46 tok, 5 tok/s, 10.94 ms/tok, 503 ms avg (5 % of wall), 0 tok cached (0/1 hit) | live 1, queued 0 | pool 3/960 blocks (0 %) | prefix cache 0/4096 entries
2026-10-06 23:37:11.799 INFO  sched: request 'chatcmpl-904eecf218d6b177' retired (steps): 256 tok in 8.1 s — prefill 46 tok (0 cached) in 503 ms; decode 255 tok / 95 passes in 7.6 s: 33.5 tok/s, 29.9 ms/tok, 80 ms/pass, 2.68 tok/pass, accept p1 95 % p2 75 %
2026-10-06 23:37:11.818 INFO  sched: request 'chatcmpl-904eecf218d6b178' starting prefill in slot 0 (46 prompt tokens)
2026-10-06 23:37:12.332 INFO  sched: request 'chatcmpl-904eecf218d6b178' prefix cache miss — 3 cut(s), the cache is empty
2026-10-06 23:37:12.332 INFO  sched: request 'chatcmpl-904eecf218d6b178' admitted to slot 0 (reserve 3 blocks; pool 3/960 blocks in use) — first token 785
2026-10-06 23:37:19.927 INFO  sched: request 'chatcmpl-904eecf218d6b178' retired (steps): 256 tok in 8.1 s — prefill 46 tok (0 cached) in 514 ms; decode 255 tok / 95 passes in 7.6 s: 33.6 tok/s, 29.8 ms/tok, 80 ms/pass, 2.68 tok/pass, accept p1 95 % p2 75 %
2026-10-06 23:37:19.946 INFO  sched: request 'chatcmpl-904eecf218d6b179' starting prefill in slot 0 (68 prompt tokens)
2026-10-06 23:37:20.598 INFO  sched: request 'chatcmpl-904eecf218d6b179' prefix cache miss — 3 cut(s), the cache is empty
2026-10-06 23:37:20.598 INFO  sched: request 'chatcmpl-904eecf218d6b179' admitted to slot 0 (reserve 3 blocks; pool 3/960 blocks in use) — first token 1654
2026-10-06 23:37:21.148 INFO  stats: rank 3 | 10.1 s | decode 29.3 tok/s, 29.9 ms/tok, 79.4 ms/step (111 steps / 295 tok, 88 % of wall) | mtp 2.66 tok/step/req, accept p1 92 % p2 74 % | prefill 2 prompts / 114 tok, 11 tok/s, 10.23 ms/tok, 583 ms avg (12 % of wall), 0 tok cached (0/2 hits) | live 1, queued 0 | pool 3/960 blocks (0 %) | prefix cache 0/4096 entries
2026-10-06 23:37:28.439 INFO  sched: request 'chatcmpl-904eecf218d6b179' retired (steps): 256 tok in 8.5 s — prefill 68 tok (0 cached) in 652 ms; decode 255 tok / 97 passes in 7.8 s: 32.5 tok/s, 30.7 ms/tok, 81 ms/pass, 2.63 tok/pass, accept p1 92 % p2 71 %
2026-10-06 23:37:28.463 INFO  sched: request 'chatcmpl-904eecf218d6b17a' starting prefill in slot 0 (68 prompt tokens)
2026-10-06 23:37:29.119 INFO  sched: request 'chatcmpl-904eecf218d6b17a' prefix cache miss — 3 cut(s), the cache is empty
2026-10-06 23:37:29.119 INFO  sched: request 'chatcmpl-904eecf218d6b17a' admitted to slot 0 (reserve 3 blocks; pool 3/960 blocks in use) — first token 1654
2026-10-06 23:37:31.188 INFO  stats: rank 3 | 10.0 s | decode 30.2 tok/s, 30.7 ms/tok, 80.3 ms/step (116 steps / 303 tok, 93 % of wall) | mtp 2.61 tok/step/req, accept p1 91 % p2 70 % | prefill 1 prompt / 68 tok, 7 tok/s, 9.64 ms/tok, 656 ms avg (7 % of wall), 0 tok cached (0/1 hit) | live 1, queued 0 | pool 3/960 blocks (0 %) | prefix cache 0/4096 entries
2026-10-06 23:37:36.948 INFO  sched: request 'chatcmpl-904eecf218d6b17a' retired (steps): 256 tok in 8.5 s — prefill 68 tok (0 cached) in 656 ms; decode 255 tok / 97 passes in 7.8 s: 32.6 tok/s, 30.7 ms/tok, 81 ms/pass, 2.63 tok/pass, accept p1 92 % p2 71 %
2026-10-06 23:37:36.956 INFO  sched: request 'chatcmpl-904eecf218d6b17b' starting prefill in slot 0 (68 prompt tokens)
2026-10-06 23:37:37.624 INFO  sched: request 'chatcmpl-904eecf218d6b17b' prefix cache miss — 3 cut(s), the cache is empty
2026-10-06 23:37:37.624 INFO  sched: request 'chatcmpl-904eecf218d6b17b' admitted to slot 0 (reserve 3 blocks; pool 3/960 blocks in use) — first token 1654
2026-10-06 23:37:41.191 INFO  stats: rank 3 | 10.0 s | decode 30.2 tok/s, 30.7 ms/tok, 80.7 ms/step (115 steps / 302 tok, 93 % of wall) | mtp 2.63 tok/step/req, accept p1 92 % p2 70 % | prefill 1 prompt / 68 tok, 7 tok/s, 9.82 ms/tok, 668 ms avg (7 % of wall), 0 tok cached (0/1 hit) | live 1, queued 0 | pool 3/960 blocks (0 %) | prefix cache 0/4096 entries
2026-10-06 23:37:45.557 INFO  sched: request 'chatcmpl-904eecf218d6b17b' retired (steps): 256 tok in 8.6 s — prefill 68 tok (0 cached) in 668 ms; decode 255 tok / 97 passes in 7.9 s: 32.1 tok/s, 31.1 ms/tok, 82 ms/pass, 2.63 tok/pass, accept p1 92 % p2 71 %
2026-10-06 23:37:45.571 INFO  sched: request 'chatcmpl-904eecf218d6b17c' starting prefill in slot 0 (40 prompt tokens)
2026-10-06 23:37:46.043 INFO  sched: request 'chatcmpl-904eecf218d6b17c' prefix cache miss — 3 cut(s), the cache is empty
2026-10-06 23:37:46.043 INFO  sched: request 'chatcmpl-904eecf218d6b17c' admitted to slot 0 (reserve 3 blocks; pool 3/960 blocks in use) — first token 785
2026-10-06 23:37:51.205 INFO  stats: rank 3 | 10.0 s | decode 29.9 tok/s, 31.7 ms/tok, 80.4 ms/step (118 steps / 299 tok, 95 % of wall) | mtp 2.53 tok/step/req, accept p1 92 % p2 61 % | prefill 1 prompt / 40 tok, 4 tok/s, 11.80 ms/tok, 472 ms avg (5 % of wall), 0 tok cached (0/1 hit) | live 1, queued 0 | pool 3/960 blocks (0 %) | prefix cache 0/4096 entries
2026-10-06 23:37:54.865 INFO  sched: request 'chatcmpl-904eecf218d6b17c' retired (steps): 256 tok in 9.3 s — prefill 40 tok (0 cached) in 472 ms; decode 255 tok / 111 passes in 8.8 s: 28.9 tok/s, 34.6 ms/tok, 79 ms/pass, 2.30 tok/pass, accept p1 83 % p2 48 %
2026-10-06 23:37:54.895 INFO  sched: request 'chatcmpl-904eecf218d6b17d' starting prefill in slot 0 (40 prompt tokens)
2026-10-06 23:37:55.364 INFO  sched: request 'chatcmpl-904eecf218d6b17d' prefix cache miss — 3 cut(s), the cache is empty
2026-10-06 23:37:55.364 INFO  sched: request 'chatcmpl-904eecf218d6b17d' admitted to slot 0 (reserve 3 blocks; pool 3/960 blocks in use) — first token 785
2026-10-06 23:38:01.240 INFO  stats: rank 3 | 10.0 s | decode 27.5 tok/s, 34.4 ms/tok, 79.1 ms/step (120 steps / 276 tok, 95 % of wall) | mtp 2.30 tok/step/req, accept p1 82 % p2 48 % | prefill 1 prompt / 40 tok, 4 tok/s, 11.72 ms/tok, 469 ms avg (5 % of wall), 0 tok cached (0/1 hit) | live 1, queued 0 | pool 3/960 blocks (0 %) | prefix cache 0/4096 entries
2026-10-06 23:38:04.195 INFO  sched: request 'chatcmpl-904eecf218d6b17d' retired (steps): 256 tok in 9.3 s — prefill 40 tok (0 cached) in 469 ms; decode 255 tok / 111 passes in 8.8 s: 28.9 tok/s, 34.6 ms/tok, 80 ms/pass, 2.30 tok/pass, accept p1 83 % p2 48 %
2026-10-06 23:38:04.225 INFO  sched: request 'chatcmpl-904eecf218d6b17e' starting prefill in slot 0 (40 prompt tokens)
2026-10-06 23:38:04.694 INFO  sched: request 'chatcmpl-904eecf218d6b17e' prefix cache miss — 3 cut(s), the cache is empty
2026-10-06 23:38:04.694 INFO  sched: request 'chatcmpl-904eecf218d6b17e' admitted to slot 0 (reserve 3 blocks; pool 3/960 blocks in use) — first token 785
2026-10-06 23:38:11.240 INFO  stats: rank 3 | 10.0 s | decode 27.5 tok/s, 34.4 ms/tok, 79.5 ms/step (119 steps / 275 tok, 95 % of wall) | mtp 2.31 tok/step/req, accept p1 82 % p2 49 % | prefill 1 prompt / 40 tok, 4 tok/s, 11.72 ms/tok, 469 ms avg (5 % of wall), 0 tok cached (0/1 hit) | live 1, queued 0 | pool 3/960 blocks (0 %) | prefix cache 0/4096 entries
2026-10-06 23:38:13.620 INFO  sched: request 'chatcmpl-904eecf218d6b17e' retired (steps): 256 tok in 9.4 s — prefill 40 tok (0 cached) in 469 ms; decode 255 tok / 111 passes in 8.9 s: 28.6 tok/s, 35.0 ms/tok, 80 ms/pass, 2.30 tok/pass, accept p1 83 % p2 48 %
2026-10-06 23:38:14.783 INFO  journal: stop record — exiting
2026-10-06 23:38:14.788 INFO  rank 3: graph engine sampling summary — 0 sampled decode steps, 0 served by the exact gather fallback (0.0%), 112 candidates per rank
2026-10-06 23:38:16.002 INFO  rank 3: exited cleanly
