2026-10-07 00:36:16.968 INFO  dgpp-serve 0.1.0+g8f1c4cbcc1e9.dirty (git 8f1c4cbcc1e9)
2026-10-07 00:36:16.969 INFO  config /tmp/bus4/deployments/79dc35a7c19665d4/cluster.json: model HawkBearPig/GLM-5.3-Int4-Int8Mix-RTN-g64, world 4, rank 1, http :18080, fabric :29970, journal :29971
2026-10-07 00:36:16.969 INFO  model HawkBearPig/GLM-5.3-Int4-Int8Mix-RTN-g64 -> /home/stephen/.cache/huggingface/hub/models--HawkBearPig--GLM-5.3-Int4-Int8Mix-RTN-g64/snapshots/147684fbad20c1e283ddff46fd07cb9d4ccbb3da
2026-10-07 00:36:16.970 INFO  journal: connected to rank 0 at 192.168.88.11:29971 (120000 attempt window)
2026-10-07 00:36:17.043 INFO  rank 1: settings from rank 0: model=HawkBearPig/GLM-5.3-Int4-Int8Mix-RTN-g64 world=4 fabric=29970 journal=29971 conc=8 kv=212992 kvdt=fp8 ngt=resident dw=checkpoint mtpef=fp8 bfw=bf12 fp8head=gemv pf=bounded emsh=vocab maxtok=32768 queue=8 eos=1 graph=1 compact=0 mtp=1 mtpd=3 mss=0 msrow=8 msbase=28 mslam=0 msmin=1 msad=1 msss=0.93 mdr=auto mdt=1 mvf=token dbr=0 batchmin=2 cand=128 pcgib=1.5 adm=full win=256 pfbudget=-1 pfidle=0 pmin=1024 phead=1 pace=-1 inflight=-1 reasoning_in_content=0 rs=off dflash=off dfw=checkpoint
2026-10-07 00:36:17.044 INFO  config: model=HawkBearPig/GLM-5.3-Int4-Int8Mix-RTN-g64 world=4 fabric=29970 journal=29971 conc=8 kv=212992 kvdt=fp8 ngt=resident dw=checkpoint mtpef=fp8 bfw=bf12 fp8head=gemv pf=bounded emsh=vocab maxtok=32768 queue=8 eos=1 graph=1 compact=0 mtp=1 mtpd=3 mss=0 msrow=8 msbase=28 mslam=0 msmin=1 msad=1 msss=0.93 mdr=auto mdt=1 mvf=token dbr=0 batchmin=2 cand=128 pcgib=1.5 adm=full win=256 pfbudget=-1 pfidle=0 pmin=1024 phead=1 pace=-1 inflight=-1 reasoning_in_content=0 rs=off dflash=off dfw=checkpoint (digest e67a713b071c9423)
2026-10-07 00:36:17.172 INFO  serve: model family glm_moe_dsa (/home/stephen/.cache/huggingface/hub/models--HawkBearPig--GLM-5.3-Int4-Int8Mix-RTN-g64/snapshots/147684fbad20c1e283ddff46fd07cb9d4ccbb3da)
2026-10-07 00:36:17.172 INFO  serve: 8 slots x 4 rows exceed the glm_moe_dsa family's 16-row decode ceiling; depth 3 uses fitting batch families where supported, otherwise scalar graphs
2026-10-07 00:36:17.172 INFO  serve: decode rows 16 (8 slot(s) x 4 row(s) per request, floor 8, the glm_moe_dsa family's cap 16)
2026-10-07 00:36:17.172 WARN  generation config /home/stephen/.cache/huggingface/hub/models--HawkBearPig--GLM-5.3-Int4-Int8Mix-RTN-g64/snapshots/147684fbad20c1e283ddff46fd07cb9d4ccbb3da/generation_config.json omits top_k, min_p, repetition_penalty; using greedy-safe/neutral fallbacks for those fields
2026-10-07 00:36:17.172 INFO  generation defaults: temperature=1 top_p=0.95 top_k=0 min_p=0 repetition_penalty=1
2026-10-07 00:36:17.172 INFO  serve: sampling defaults temperature 1 top_p 0.95 top_k 0 min_p 0 repetition_penalty 1 (from generation_config.json; overrides: none)
2026-10-07 00:36:17.172 INFO  serve: request context limit 212992 tokens (the 212992-token K/V pool from engine.kv_capacity 212992; this family states no positional ceiling of its own)
2026-10-07 00:36:17.172 INFO  rank 1: prefix cache plan — 1.5 GiB budget, 4096 slots of 0.012 MiB, 0.047 GiB allocated; cached K/V blocks share the 212992-token pool
2026-10-07 00:36:17.352 INFO  tokenizer: loaded vocab 154820 merges 321649 added 36 (revision 0x700b4469fc43f23b; glm pattern, no normalizer, ignore_merges true)
2026-10-07 00:36:17.362 INFO  serve: grammar vocabulary built (154880 ids, tool markers present, call-turn EOS 154829)
2026-10-07 00:36:17.466 INFO  serve: JSON grammar tables built in 0.10 s
2026-10-07 00:36:17.698 INFO  bus: globaltimer offset -63646557514 ns (+-2 us)
2026-10-07 00:36:17.703 INFO  verbs: device roceP2p1s0f0 port 1 gid_index 3
2026-10-07 00:36:17.707 INFO  verbs: device rocep1s0f0 port 1 gid_index 3
2026-10-07 00:36:18.321 INFO  bus: rank 1 up — 3 peer(s) x 2 lane(s), lat 8x196608B, bulk 8x262144B, bulk pace 28.3 Gb/s per QP, window 4 per lane
2026-10-07 00:36:18.321 INFO  rank 1: boundary reducer host-driven
2026-10-07 00:36:18.474 INFO  rank 1: process memory locked (mlockall MCL_CURRENT, 14546 MiB)
2026-10-07 00:36:18.474 INFO  rank 1: resident image cache at /home/stephen/.cache/dgpp/resident
2026-10-07 00:36:18.475 INFO  bus engine: rank 1 pinned to cpu 19
2026-10-07 00:36:18.608 INFO  rank 1: memory plan for a 212992-token context — model weights (resident, packed bf16 matrices released) 96.32 GiB; bf16 decode packing (12-bit companions) 1.27 GiB; bf16 prefill expansion scratch 0.05 GiB; gemm workspace (at least) 0.06 GiB; dsa cache pool (latent fp8 + rope keys on every layer, fp8 index caches on the indexed layers) 10.67 GiB; dsa scratch (projections, selection, attention, the prefill dot tiles) 0.24 GiB; rotary table (bf16 cos/sin per position) 0.03 GiB; activations (session core, residual, block io, dense scratch, route staging) 0.14 GiB (0.01 GiB pinned); moe scratch (routed slots, shared expert, graph tables) 0.75 GiB (0.01 GiB pinned); draft block (gathered hidden, the fused input, its residual, the sharded embedding's rows) 0.12 GiB; prefix cache 0.05 GiB; engine 0.07 GiB
2026-10-07 00:36:18.608 INFO  rank 1: memory plan total 109.77 GiB (109.63 GiB device + 0.14 GiB pinned) + 4.00 GiB headroom against 116.26 GiB free (device free 113.79 GiB of 121.69 GiB, host available 116.26 GiB)
2026-10-07 00:36:18.608 INFO  memory ledger: rank 1 after the plan check — rss 1.19 GiB (anon 0.42, shmem 0.11, file 0.67; locked 14.21); device free 113.79 GiB, node available 116.26 GiB
2026-10-07 00:36:18.608 INFO  memory ledger: rank 1 after the bus — rss 1.19 GiB (anon 0.42, shmem 0.11, file 0.67; locked 14.21); device free 113.79 GiB, node available 116.26 GiB
2026-10-07 00:36:19.140 INFO  glm_dsa loader: rank 1 resident footprint 98.0 GiB; device free 113.7 of 121.7 GiB, host available 116.2 GiB
2026-10-07 00:36:20.037 INFO  glm_dsa loader: rank 1 resident image /home/stephen/.cache/dgpp/resident/6ee138872b1f659a.img — 79/79 layers present, direct I/O
2026-10-07 00:36:20.050 INFO  l2 prefetch: on, window budget 12 MiB, boundary rate light, layer rate light
2026-10-07 00:36:20.050 INFO  memory ledger: glm_dsa: loader opened — rss 2.76 GiB (anon 0.49, shmem 1.57, file 0.69; locked 14.21); device free 111.78 GiB, node available 114.25 GiB
2026-10-07 00:36:21.026 INFO  memory ledger: glm_dsa: globals resident — rss 3.65 GiB (anon 0.49, shmem 1.57, file 1.58; locked 14.21); device free 110.43 GiB, node available 113.78 GiB
2026-10-07 00:36:35.939 INFO  rank 1 bf12: 89 decode matrices packed (1.65 GiB of bf16 -> 1.24 GiB, 163739 escapes, widest row 12, 0 rows kept raw; 0 matrices kept bf16) in 0.9 s
2026-10-07 00:36:35.939 INFO  rank 1 bf12: 89 of them released their bf16 bytes (1.71 GiB returned; prefill expands through a 48 MiB scratch)
2026-10-07 00:36:36.291 INFO  glm_dsa loader: rank 1 resident load complete — released 79 shard mappings (398.1 GiB) and evicted their page cache, freed the 1.46 GiB pinned staging mirror; image: 79 layers restored, 0 captured
2026-10-07 00:36:36.335 INFO  memory ledger: glm_dsa: layers resident, sources released — rss 1.26 GiB (anon 0.48, shmem 0.11, file 0.67; locked 14.19); device free 13.75 GiB, node available 16.18 GiB
2026-10-07 00:36:36.708 INFO  memory ledger: glm_dsa: arena, pool and scratch — rss 1.26 GiB (anon 0.48, shmem 0.11, file 0.67; locked 14.19); device free 2.60 GiB, node available 5.03 GiB
2026-10-07 00:36:36.788 INFO  memory ledger: rank 1 after the model — rss 1.27 GiB (anon 0.48, shmem 0.12, file 0.67; locked 14.19); device free 2.35 GiB, node available 4.78 GiB
2026-10-07 00:36:36.788 INFO  rank 1: model constructed in 18.2s (resident, 8 request slots, 212992-token pool in fp8, 2048-row forwards)
2026-10-07 00:36:36.788 INFO  rank 1: prefix cache on — 4096 snapshot slot(s) of 0.0 MiB (1.50 GiB asked)
2026-10-07 00:36:36.793 INFO  rank 1: graph engine samples on the device — 84 candidates per rank (32 rows x 4 ranks in a 196608-byte latency slot; the planned width is 128); constrained decoding available
2026-10-07 00:36:36.793 INFO  rank 1: prefill budget 0 tokens/tick (0 = full prompt), 0 with nothing decoding
2026-10-07 00:36:36.793 INFO  rank 1: sampled requests draft a draw from the draft's distribution under the ratio verify (engine.mtp_draft auto)
2026-10-07 00:36:46.142 INFO  memory ledger: rank 1 after the graph engine — rss 1.28 GiB (anon 0.48, shmem 0.13, file 0.67; locked 14.19); device free 2.36 GiB, node available 4.79 GiB
2026-10-07 00:36:46.145 INFO  allreduce: device clock rate 2418000 kHz (stamps conversion)
2026-10-07 00:36:46.145 INFO  allreduce: rank 1 seq 1 launched (3 peers)
2026-10-07 00:36:46.145 INFO  allreduce: rank 1 seq 1 ready after 56.2us
2026-10-07 00:36:46.146 INFO  allreduce: rank 1 seq 1 done status=0 after 726.8us
2026-10-07 00:36:46.398 INFO  allreduce: rank 1 seq 2 launched (3 peers)
2026-10-07 00:36:46.398 INFO  allreduce: rank 1 seq 2 ready after 25.4us
2026-10-07 00:36:46.538 INFO  allreduce: rank 1 seq 2 done status=0 after 139665.2us
2026-10-07 00:36:46.539 INFO  allreduce: rank 1 seq 3 launched (3 peers)
2026-10-07 00:36:46.539 INFO  allreduce: rank 1 seq 3 ready after 21.3us
2026-10-07 00:36:46.539 INFO  allreduce: rank 1 seq 3 done status=0 after 545.5us
2026-10-07 00:36:46.540 INFO  allreduce: rank 1 seq 4 launched (3 peers)
2026-10-07 00:36:46.540 INFO  allreduce: rank 1 seq 4 ready after 22.6us
2026-10-07 00:36:46.540 INFO  allreduce: rank 1 seq 4 done status=0 after 69.4us
2026-10-07 00:36:46.541 INFO  allreduce: rank 1 seq 5 launched (3 peers)
2026-10-07 00:36:46.541 INFO  allreduce: rank 1 seq 5 ready after 20.0us
2026-10-07 00:36:46.541 INFO  allreduce: rank 1 seq 5 done status=0 after 71.6us
2026-10-07 00:36:46.542 INFO  allreduce: rank 1 seq 6 launched (3 peers)
2026-10-07 00:36:46.542 INFO  allreduce: rank 1 seq 6 ready after 19.9us
2026-10-07 00:36:46.542 INFO  allreduce: rank 1 seq 6 done status=0 after 66.0us
2026-10-07 00:36:46.542 INFO  allreduce: rank 1 seq 7 launched (3 peers)
2026-10-07 00:36:46.542 INFO  allreduce: rank 1 seq 7 ready after 23.2us
2026-10-07 00:36:46.542 INFO  allreduce: rank 1 seq 7 done status=0 after 80.6us
2026-10-07 00:36:46.586 INFO  allreduce: rank 1 seq 8 launched (3 peers)
2026-10-07 00:36:46.586 INFO  allreduce: rank 1 seq 8 ready after 27.8us
2026-10-07 00:36:46.590 INFO  allreduce: rank 1 seq 8 done status=0 after 4125.8us
2026-10-07 00:36:46.635 INFO  allreduce: rank 1 seq 9 launched (3 peers)
2026-10-07 00:36:46.635 INFO  allreduce: rank 1 seq 9 ready after 22.1us
2026-10-07 00:36:46.637 INFO  allreduce: rank 1 seq 9 done status=0 after 1782.0us
2026-10-07 00:36:46.637 INFO  allreduce: rank 1 seq 10 launched (3 peers)
2026-10-07 00:36:46.637 INFO  allreduce: rank 1 seq 10 ready after 21.0us
2026-10-07 00:36:46.637 INFO  allreduce: rank 1 seq 10 done status=0 after 90.4us
2026-10-07 00:36:46.638 INFO  allreduce: rank 1 seq 11 launched (3 peers)
2026-10-07 00:36:46.638 INFO  allreduce: rank 1 seq 11 ready after 21.8us
2026-10-07 00:36:46.638 INFO  allreduce: rank 1 seq 11 done status=0 after 74.2us
2026-10-07 00:36:46.638 INFO  allreduce: rank 1 seq 12 launched (3 peers)
2026-10-07 00:36:46.638 INFO  allreduce: rank 1 seq 12 ready after 22.1us
2026-10-07 00:36:46.638 INFO  allreduce: rank 1 seq 12 done status=0 after 68.2us
2026-10-07 00:36:46.639 INFO  allreduce: rank 1 seq 13 launched (3 peers)
2026-10-07 00:36:46.639 INFO  allreduce: rank 1 seq 13 ready after 23.3us
2026-10-07 00:36:46.639 INFO  allreduce: rank 1 seq 13 done status=0 after 78.9us
2026-10-07 00:36:46.640 INFO  allreduce: rank 1 seq 14 launched (3 peers)
2026-10-07 00:36:46.640 INFO  allreduce: rank 1 seq 14 ready after 20.3us
2026-10-07 00:36:46.640 INFO  allreduce: rank 1 seq 14 done status=0 after 69.1us
2026-10-07 00:36:46.640 INFO  allreduce: rank 1 seq 15 launched (3 peers)
2026-10-07 00:36:46.640 INFO  allreduce: rank 1 seq 15 ready after 22.4us
2026-10-07 00:36:46.640 INFO  allreduce: rank 1 seq 15 done status=0 after 88.8us
2026-10-07 00:36:46.641 INFO  allreduce: rank 1 seq 16 launched (3 peers)
2026-10-07 00:36:46.641 INFO  allreduce: rank 1 seq 16 ready after 20.8us
2026-10-07 00:36:46.641 INFO  allreduce: rank 1 seq 16 done status=0 after 73.6us
2026-10-07 00:36:46.771 INFO  bus graph era: variant 0 recorded with 170 collective node(s)
2026-10-07 00:36:46.772 INFO  rank 1: graph variant 0 shape: 2602 nodes, 2847 edges: kernel 2602 empty 0 memcpy 0 memset 0 host 0 event 0 other 0; max in-degree 2
2026-10-07 00:36:46.777 INFO  rank 1: graph variant 0 instantiated — 17592186044359.5 MiB of device memory (1.4 GiB free)
2026-10-07 00:36:46.779 INFO  bus graph era: variant 1 recorded with 170 collective node(s)
2026-10-07 00:36:46.779 INFO  rank 1: graph variant 1 shape: 2602 nodes, 2847 edges: kernel 2602 empty 0 memcpy 0 memset 0 host 0 event 0 other 0; max in-degree 2
2026-10-07 00:36:46.784 INFO  rank 1: graph variant 1 instantiated — 17592186044271.8 MiB of device memory (1.5 GiB free)
2026-10-07 00:36:46.784 INFO  rank 1: serving scalar graph variants 0/1 captured for request slot 0 (4 rows, MTP)
2026-10-07 00:36:46.786 INFO  bus graph era: variant 16 recorded with 170 collective node(s)
2026-10-07 00:36:46.787 INFO  rank 1: graph variant 16 shape: 2830 nodes, 3075 edges: kernel 2830 empty 0 memcpy 0 memset 0 host 0 event 0 other 0; max in-degree 2
2026-10-07 00:36:46.803 INFO  rank 1: graph variant 16 instantiated — 17592186043570.0 MiB of device memory (2.4 GiB free)
2026-10-07 00:36:46.805 INFO  bus graph era: variant 17 recorded with 170 collective node(s)
2026-10-07 00:36:46.805 INFO  rank 1: graph variant 17 shape: 2830 nodes, 3075 edges: kernel 2830 empty 0 memcpy 0 memset 0 host 0 event 0 other 0; max in-degree 2
2026-10-07 00:36:46.815 INFO  rank 1: graph variant 17 instantiated — 36.2 MiB of device memory (2.3 GiB free)
2026-10-07 00:36:46.815 INFO  rank 1: serving row-batched graph variants 16/17 captured for 2 slots x 4 rows = 8 fixed rows, MTP (a batch is selected at 2+ live requests, the smallest that covers the live slots)
2026-10-07 00:36:46.818 INFO  bus graph era: variant 18 recorded with 170 collective node(s)
2026-10-07 00:36:46.818 INFO  rank 1: graph variant 18 shape: 3190 nodes, 3435 edges: kernel 3190 empty 0 memcpy 0 memset 0 host 0 event 0 other 0; max in-degree 2
2026-10-07 00:36:46.829 INFO  rank 1: graph variant 18 instantiated — 37.2 MiB of device memory (2.3 GiB free)
2026-10-07 00:36:46.831 INFO  bus graph era: variant 19 recorded with 170 collective node(s)
2026-10-07 00:36:46.832 INFO  rank 1: graph variant 19 shape: 3190 nodes, 3435 edges: kernel 3190 empty 0 memcpy 0 memset 0 host 0 event 0 other 0; max in-degree 2
2026-10-07 00:36:46.843 INFO  rank 1: graph variant 19 instantiated — 38.7 MiB of device memory (2.3 GiB free)
2026-10-07 00:36:46.843 INFO  rank 1: serving row-batched graph variants 18/19 captured for 3 slots x 4 rows = 12 fixed rows, MTP (a batch is selected at 2+ live requests, the smallest that covers the live slots)
2026-10-07 00:36:46.845 INFO  bus graph era: variant 20 recorded with 170 collective node(s)
2026-10-07 00:36:46.845 INFO  rank 1: graph variant 20 shape: 3416 nodes, 3661 edges: kernel 3416 empty 0 memcpy 0 memset 0 host 0 event 0 other 0; max in-degree 2
2026-10-07 00:36:46.857 INFO  rank 1: graph variant 20 instantiated — 42.3 MiB of device memory (2.2 GiB free)
2026-10-07 00:36:46.859 INFO  bus graph era: variant 21 recorded with 170 collective node(s)
2026-10-07 00:36:46.860 INFO  rank 1: graph variant 21 shape: 3416 nodes, 3661 edges: kernel 3416 empty 0 memcpy 0 memset 0 host 0 event 0 other 0; max in-degree 2
2026-10-07 00:36:46.870 INFO  rank 1: graph variant 21 instantiated — 35.0 MiB of device memory (2.2 GiB free)
2026-10-07 00:36:46.870 INFO  rank 1: serving row-batched graph variants 20/21 captured for 4 slots x 4 rows = 16 fixed rows, MTP (a batch is selected at 2+ live requests, the smallest that covers the live slots)
2026-10-07 00:36:46.983 INFO  bus graph era: variant 2 recorded with 170 collective node(s)
2026-10-07 00:36:46.984 INFO  rank 1: graph variant 2 shape: 2602 nodes, 2847 edges: kernel 2602 empty 0 memcpy 0 memset 0 host 0 event 0 other 0; max in-degree 2
2026-10-07 00:36:46.992 INFO  rank 1: graph variant 2 instantiated — 30.5 MiB of device memory (2.2 GiB free)
2026-10-07 00:36:46.994 INFO  bus graph era: variant 3 recorded with 170 collective node(s)
2026-10-07 00:36:46.994 INFO  rank 1: graph variant 3 shape: 2602 nodes, 2847 edges: kernel 2602 empty 0 memcpy 0 memset 0 host 0 event 0 other 0; max in-degree 2
2026-10-07 00:36:47.003 INFO  rank 1: graph variant 3 instantiated — 32.7 MiB of device memory (2.1 GiB free)
2026-10-07 00:36:47.003 INFO  rank 1: serving scalar graph variants 2/3 captured for request slot 1 (4 rows, MTP)
2026-10-07 00:36:47.120 INFO  bus graph era: variant 4 recorded with 170 collective node(s)
2026-10-07 00:36:47.121 INFO  rank 1: graph variant 4 shape: 2602 nodes, 2847 edges: kernel 2602 empty 0 memcpy 0 memset 0 host 0 event 0 other 0; max in-degree 2
2026-10-07 00:36:47.129 INFO  rank 1: graph variant 4 instantiated — 30.2 MiB of device memory (2.1 GiB free)
2026-10-07 00:36:47.130 INFO  bus graph era: variant 5 recorded with 170 collective node(s)
2026-10-07 00:36:47.131 INFO  rank 1: graph variant 5 shape: 2602 nodes, 2847 edges: kernel 2602 empty 0 memcpy 0 memset 0 host 0 event 0 other 0; max in-degree 2
2026-10-07 00:36:47.140 INFO  rank 1: graph variant 5 instantiated — 34.1 MiB of device memory (2.1 GiB free)
2026-10-07 00:36:47.140 INFO  rank 1: serving scalar graph variants 4/5 captured for request slot 2 (4 rows, MTP)
2026-10-07 00:36:47.266 INFO  bus graph era: variant 6 recorded with 170 collective node(s)
2026-10-07 00:36:47.266 INFO  rank 1: graph variant 6 shape: 2602 nodes, 2847 edges: kernel 2602 empty 0 memcpy 0 memset 0 host 0 event 0 other 0; max in-degree 2
2026-10-07 00:36:47.274 INFO  rank 1: graph variant 6 instantiated — 31.9 MiB of device memory (2.0 GiB free)
2026-10-07 00:36:47.276 INFO  bus graph era: variant 7 recorded with 170 collective node(s)
2026-10-07 00:36:47.276 INFO  rank 1: graph variant 7 shape: 2602 nodes, 2847 edges: kernel 2602 empty 0 memcpy 0 memset 0 host 0 event 0 other 0; max in-degree 2
2026-10-07 00:36:47.285 INFO  rank 1: graph variant 7 instantiated — 31.5 MiB of device memory (2.0 GiB free)
2026-10-07 00:36:47.285 INFO  rank 1: serving scalar graph variants 6/7 captured for request slot 3 (4 rows, MTP)
2026-10-07 00:36:47.402 INFO  bus graph era: variant 8 recorded with 170 collective node(s)
2026-10-07 00:36:47.402 INFO  rank 1: graph variant 8 shape: 2602 nodes, 2847 edges: kernel 2602 empty 0 memcpy 0 memset 0 host 0 event 0 other 0; max in-degree 2
2026-10-07 00:36:47.411 INFO  rank 1: graph variant 8 instantiated — 35.4 MiB of device memory (2.0 GiB free)
2026-10-07 00:36:47.413 INFO  bus graph era: variant 9 recorded with 170 collective node(s)
2026-10-07 00:36:47.413 INFO  rank 1: graph variant 9 shape: 2602 nodes, 2847 edges: kernel 2602 empty 0 memcpy 0 memset 0 host 0 event 0 other 0; max in-degree 2
2026-10-07 00:36:47.421 INFO  rank 1: graph variant 9 instantiated — 28.1 MiB of device memory (1.9 GiB free)
2026-10-07 00:36:47.421 INFO  rank 1: serving scalar graph variants 8/9 captured for request slot 4 (4 rows, MTP)
2026-10-07 00:36:47.537 INFO  bus graph era: variant 10 recorded with 170 collective node(s)
2026-10-07 00:36:47.537 INFO  rank 1: graph variant 10 shape: 2602 nodes, 2847 edges: kernel 2602 empty 0 memcpy 0 memset 0 host 0 event 0 other 0; max in-degree 2
2026-10-07 00:36:47.546 INFO  rank 1: graph variant 10 instantiated — 36.3 MiB of device memory (1.9 GiB free)
2026-10-07 00:36:47.548 INFO  bus graph era: variant 11 recorded with 170 collective node(s)
2026-10-07 00:36:47.548 INFO  rank 1: graph variant 11 shape: 2602 nodes, 2847 edges: kernel 2602 empty 0 memcpy 0 memset 0 host 0 event 0 other 0; max in-degree 2
2026-10-07 00:36:47.557 INFO  rank 1: graph variant 11 instantiated — 35.2 MiB of device memory (1.9 GiB free)
2026-10-07 00:36:47.557 INFO  rank 1: serving scalar graph variants 10/11 captured for request slot 5 (4 rows, MTP)
2026-10-07 00:36:47.675 INFO  bus graph era: variant 12 recorded with 170 collective node(s)
2026-10-07 00:36:47.675 INFO  rank 1: graph variant 12 shape: 2602 nodes, 2847 edges: kernel 2602 empty 0 memcpy 0 memset 0 host 0 event 0 other 0; max in-degree 2
2026-10-07 00:36:47.683 INFO  rank 1: graph variant 12 instantiated — 30.1 MiB of device memory (1.8 GiB free)
2026-10-07 00:36:47.685 INFO  bus graph era: variant 13 recorded with 170 collective node(s)
2026-10-07 00:36:47.685 INFO  rank 1: graph variant 13 shape: 2602 nodes, 2847 edges: kernel 2602 empty 0 memcpy 0 memset 0 host 0 event 0 other 0; max in-degree 2
2026-10-07 00:36:47.695 INFO  rank 1: graph variant 13 instantiated — 34.7 MiB of device memory (1.8 GiB free)
2026-10-07 00:36:47.695 INFO  rank 1: serving scalar graph variants 12/13 captured for request slot 6 (4 rows, MTP)
2026-10-07 00:36:47.821 INFO  bus graph era: variant 14 recorded with 170 collective node(s)
2026-10-07 00:36:47.821 INFO  rank 1: graph variant 14 shape: 2602 nodes, 2847 edges: kernel 2602 empty 0 memcpy 0 memset 0 host 0 event 0 other 0; max in-degree 2
2026-10-07 00:36:47.830 INFO  rank 1: graph variant 14 instantiated — 32.3 MiB of device memory (1.8 GiB free)
2026-10-07 00:36:47.832 INFO  bus graph era: variant 15 recorded with 170 collective node(s)
2026-10-07 00:36:47.832 INFO  rank 1: graph variant 15 shape: 2602 nodes, 2847 edges: kernel 2602 empty 0 memcpy 0 memset 0 host 0 event 0 other 0; max in-degree 2
2026-10-07 00:36:47.840 INFO  rank 1: graph variant 15 instantiated — 31.9 MiB of device memory (1.7 GiB free)
2026-10-07 00:36:47.840 INFO  rank 1: serving scalar graph variants 14/15 captured for request slot 7 (4 rows, MTP)
2026-10-07 00:36:47.840 INFO  rank 1: warm capture complete — 8 scalar variants and the row batches for 2 slots, 3 slots, 4 slots recorded before the first request
2026-10-07 00:36:47.841 INFO  memory ledger: rank 1 after the warm capture — rss 1.98 GiB (anon 1.17, shmem 0.13, file 0.67; locked 14.19); device free 1.74 GiB, node available 4.15 GiB
2026-10-07 00:36:47.841 INFO  rank 1: graph variants warm-captured in 1.70s
2026-10-07 00:36:47.841 INFO  rank 1: following rank 0's journal (admission full, window 256)
2026-10-07 00:36:50.069 INFO  sched: request 'chatcmpl-f262158df4514ff9' starting prefill in slot 0 (62 prompt tokens)
2026-10-07 00:36:50.712 INFO  sched: request 'chatcmpl-f262158df4514ff9' prefix cache miss — 3 cut(s), the cache is empty
2026-10-07 00:36:50.712 INFO  sched: request 'chatcmpl-f262158df4514ff9' admitted to slot 0 (reserve 1 blocks; pool 1/1664 blocks in use) — first token 785
2026-10-07 00:36:52.435 INFO  sched: request 'chatcmpl-f262158df4514ff9' retired (steps): 64 tok in 2.4 s — prefill 62 tok (0 cached) in 643 ms; decode 63 tok / 18 passes in 1.7 s: 36.6 tok/s, 27.3 ms/tok, 96 ms/pass, 3.50 tok/pass, accept p1 100 % p2 83 % p3 67 %
2026-10-07 00:36:52.466 INFO  sched: request 'chatcmpl-f262158df4514ffa' starting prefill in slot 0 (37 prompt tokens)
2026-10-07 00:36:52.917 INFO  sched: request 'chatcmpl-f262158df4514ffa' prefix cache miss — 3 cut(s), the cache is empty
2026-10-07 00:36:52.917 INFO  sched: request 'chatcmpl-f262158df4514ffa' admitted to slot 0 (reserve 3 blocks; pool 3/1664 blocks in use) — first token 785
2026-10-07 00:36:58.059 INFO  stats: rank 1 | 10.1 s | decode 23.3 tok/s, 29.2 ms/tok, 93.6 ms/step (73 steps / 234 tok, 68 % of wall) | mtp 3.21 tok/step/req, accept p1 93 % p2 73 % p3 52 % | prefill 2 prompts / 99 tok, 10 tok/s, 11.04 ms/tok, 547 ms avg (11 % of wall), 0 tok cached (0/2 hits) | live 1, queued 0 | pool 3/1664 blocks (0 %) | prefix cache 0/4096 entries
2026-10-07 00:37:01.032 INFO  sched: request 'chatcmpl-f262158df4514ffa' retired (steps): 256 tok in 8.6 s — prefill 37 tok (0 cached) in 450 ms; decode 255 tok / 87 passes in 8.1 s: 31.4 tok/s, 31.8 ms/tok, 93 ms/pass, 2.93 tok/pass, accept p1 90 % p2 66 % p3 39 %
2026-10-07 00:37:01.083 INFO  sched: request 'chatcmpl-f262158df4514ffb' starting prefill in slot 0 (37 prompt tokens)
2026-10-07 00:37:01.527 INFO  sched: request 'chatcmpl-f262158df4514ffb' prefix cache miss — 3 cut(s), the cache is empty
2026-10-07 00:37:01.527 INFO  sched: request 'chatcmpl-f262158df4514ffb' admitted to slot 0 (reserve 3 blocks; pool 3/1664 blocks in use) — first token 785
2026-10-07 00:37:08.134 INFO  stats: rank 1 | 10.1 s | decode 29.4 tok/s, 32.2 ms/tok, 92.6 ms/step (103 steps / 296 tok, 95 % of wall) | mtp 2.87 tok/step/req, accept p1 88 % p2 62 % p3 37 % | prefill 1 prompt / 37 tok, 4 tok/s, 11.99 ms/tok, 444 ms avg (4 % of wall), 0 tok cached (0/1 hit) | live 1, queued 0 | pool 3/1664 blocks (0 %) | prefix cache 0/4096 entries
2026-10-07 00:37:09.617 INFO  sched: request 'chatcmpl-f262158df4514ffb' retired (steps): 256 tok in 8.5 s — prefill 37 tok (0 cached) in 444 ms; decode 255 tok / 87 passes in 8.1 s: 31.5 tok/s, 31.7 ms/tok, 93 ms/pass, 2.93 tok/pass, accept p1 90 % p2 66 % p3 39 %
2026-10-07 00:37:09.648 INFO  sched: request 'chatcmpl-f262158df4514ffc' starting prefill in slot 0 (37 prompt tokens)
2026-10-07 00:37:10.099 INFO  sched: request 'chatcmpl-f262158df4514ffc' prefix cache miss — 3 cut(s), the cache is empty
2026-10-07 00:37:10.099 INFO  sched: request 'chatcmpl-f262158df4514ffc' admitted to slot 0 (reserve 3 blocks; pool 3/1664 blocks in use) — first token 785
2026-10-07 00:37:18.204 INFO  sched: request 'chatcmpl-f262158df4514ffc' retired (steps): 256 tok in 8.6 s — prefill 37 tok (0 cached) in 452 ms; decode 255 tok / 87 passes in 8.1 s: 31.5 tok/s, 31.8 ms/tok, 93 ms/pass, 2.93 tok/pass, accept p1 90 % p2 66 % p3 39 %
2026-10-07 00:37:18.204 INFO  stats: rank 1 | 10.1 s | decode 30.0 tok/s, 31.6 ms/tok, 92.5 ms/step (103 steps / 302 tok, 95 % of wall) | mtp 2.93 tok/step/req, accept p1 90 % p2 67 % p3 37 % | prefill 1 prompt / 37 tok, 4 tok/s, 12.21 ms/tok, 452 ms avg (4 % of wall), 0 tok cached (0/1 hit) | live 0, queued 0 | pool 0/1664 blocks (0 %) | prefix cache 0/4096 entries
2026-10-07 00:37:18.229 INFO  sched: request 'chatcmpl-f262158df4514ffd' starting prefill in slot 0 (51 prompt tokens)
2026-10-07 00:37:18.773 INFO  sched: request 'chatcmpl-f262158df4514ffd' prefix cache miss — 3 cut(s), the cache is empty
2026-10-07 00:37:18.773 INFO  sched: request 'chatcmpl-f262158df4514ffd' admitted to slot 0 (reserve 3 blocks; pool 3/1664 blocks in use) — first token 785
2026-10-07 00:37:26.481 INFO  sched: request 'chatcmpl-f262158df4514ffd' retired (steps): 256 tok in 8.3 s — prefill 51 tok (0 cached) in 544 ms; decode 255 tok / 80 passes in 7.7 s: 33.1 tok/s, 30.2 ms/tok, 96 ms/pass, 3.19 tok/pass, accept p1 94 % p2 74 % p3 55 %
2026-10-07 00:37:26.507 INFO  sched: request 'chatcmpl-f262158df4514ffe' starting prefill in slot 0 (51 prompt tokens)
2026-10-07 00:37:27.049 INFO  sched: request 'chatcmpl-f262158df4514ffe' prefix cache miss — 3 cut(s), the cache is empty
2026-10-07 00:37:27.049 INFO  sched: request 'chatcmpl-f262158df4514ffe' admitted to slot 0 (reserve 3 blocks; pool 3/1664 blocks in use) — first token 785
2026-10-07 00:37:28.295 INFO  stats: rank 1 | 10.1 s | decode 30.0 tok/s, 29.4 ms/tok, 95.9 ms/step (93 steps / 303 tok, 88 % of wall) | mtp 3.26 tok/step/req, accept p1 95 % p2 75 % p3 57 % | prefill 2 prompts / 102 tok, 10 tok/s, 10.65 ms/tok, 543 ms avg (11 % of wall), 0 tok cached (0/2 hits) | live 1, queued 0 | pool 3/1664 blocks (0 %) | prefix cache 0/4096 entries
2026-10-07 00:37:34.732 INFO  sched: request 'chatcmpl-f262158df4514ffe' retired (steps): 256 tok in 8.2 s — prefill 51 tok (0 cached) in 542 ms; decode 255 tok / 80 passes in 7.7 s: 33.2 tok/s, 30.1 ms/tok, 96 ms/pass, 3.19 tok/pass, accept p1 94 % p2 74 % p3 55 %
2026-10-07 00:37:34.751 INFO  sched: request 'chatcmpl-f262158df4514fff' starting prefill in slot 0 (51 prompt tokens)
2026-10-07 00:37:35.299 INFO  sched: request 'chatcmpl-f262158df4514fff' prefix cache miss — 3 cut(s), the cache is empty
2026-10-07 00:37:35.299 INFO  sched: request 'chatcmpl-f262158df4514fff' admitted to slot 0 (reserve 3 blocks; pool 3/1664 blocks in use) — first token 785
2026-10-07 00:37:38.355 INFO  stats: rank 1 | 10.1 s | decode 30.5 tok/s, 30.8 ms/tok, 95.5 ms/step (99 steps / 307 tok, 94 % of wall) | mtp 3.10 tok/step/req, accept p1 91 % p2 70 % p3 52 % | prefill 1 prompt / 51 tok, 5 tok/s, 10.74 ms/tok, 548 ms avg (5 % of wall), 0 tok cached (0/1 hit) | live 1, queued 0 | pool 3/1664 blocks (0 %) | prefix cache 0/4096 entries
2026-10-07 00:37:43.017 INFO  sched: request 'chatcmpl-f262158df4514fff' retired (steps): 256 tok in 8.3 s — prefill 51 tok (0 cached) in 548 ms; decode 255 tok / 80 passes in 7.7 s: 33.0 tok/s, 30.3 ms/tok, 96 ms/pass, 3.19 tok/pass, accept p1 94 % p2 74 % p3 55 %
2026-10-07 00:37:43.052 INFO  sched: request 'chatcmpl-f262158df4515000' starting prefill in slot 0 (46 prompt tokens)
2026-10-07 00:37:43.565 INFO  sched: request 'chatcmpl-f262158df4515000' prefix cache miss — 3 cut(s), the cache is empty
2026-10-07 00:37:43.565 INFO  sched: request 'chatcmpl-f262158df4515000' admitted to slot 0 (reserve 3 blocks; pool 3/1664 blocks in use) — first token 785
2026-10-07 00:37:48.391 INFO  stats: rank 1 | 10.0 s | decode 30.9 tok/s, 30.5 ms/tok, 95.4 ms/step (99 steps / 310 tok, 94 % of wall) | mtp 3.13 tok/step/req, accept p1 95 % p2 72 % p3 48 % | prefill 1 prompt / 46 tok, 5 tok/s, 11.16 ms/tok, 513 ms avg (5 % of wall), 0 tok cached (0/1 hit) | live 1, queued 0 | pool 3/1664 blocks (0 %) | prefix cache 0/4096 entries
2026-10-07 00:37:51.281 INFO  sched: request 'chatcmpl-f262158df4515000' retired (steps): 256 tok in 8.2 s — prefill 46 tok (0 cached) in 513 ms; decode 255 tok / 81 passes in 7.7 s: 33.0 tok/s, 30.3 ms/tok, 95 ms/pass, 3.15 tok/pass, accept p1 95 % p2 75 % p3 48 %
2026-10-07 00:37:51.296 INFO  sched: request 'chatcmpl-f262158df4515001' starting prefill in slot 0 (46 prompt tokens)
2026-10-07 00:37:51.806 INFO  sched: request 'chatcmpl-f262158df4515001' prefix cache miss — 3 cut(s), the cache is empty
2026-10-07 00:37:51.806 INFO  sched: request 'chatcmpl-f262158df4515001' admitted to slot 0 (reserve 3 blocks; pool 3/1664 blocks in use) — first token 785
2026-10-07 00:37:58.415 INFO  stats: rank 1 | 10.0 s | decode 32.1 tok/s, 29.3 ms/tok, 95.4 ms/step (99 steps / 322 tok, 94 % of wall) | mtp 3.25 tok/step/req, accept p1 96 % p2 79 % p3 53 % | prefill 1 prompt / 46 tok, 5 tok/s, 11.10 ms/tok, 511 ms avg (5 % of wall), 0 tok cached (0/1 hit) | live 1, queued 0 | pool 3/1664 blocks (0 %) | prefix cache 0/4096 entries
2026-10-07 00:37:59.570 INFO  sched: request 'chatcmpl-f262158df4515001' retired (steps): 256 tok in 8.3 s — prefill 46 tok (0 cached) in 511 ms; decode 255 tok / 81 passes in 7.8 s: 32.8 tok/s, 30.4 ms/tok, 96 ms/pass, 3.15 tok/pass, accept p1 95 % p2 75 % p3 48 %
2026-10-07 00:37:59.584 INFO  sched: request 'chatcmpl-f262158df4515002' starting prefill in slot 0 (46 prompt tokens)
2026-10-07 00:38:00.090 INFO  sched: request 'chatcmpl-f262158df4515002' prefix cache miss — 3 cut(s), the cache is empty
2026-10-07 00:38:00.090 INFO  sched: request 'chatcmpl-f262158df4515002' admitted to slot 0 (reserve 3 blocks; pool 3/1664 blocks in use) — first token 785
2026-10-07 00:38:07.812 INFO  sched: request 'chatcmpl-f262158df4515002' retired (steps): 256 tok in 8.2 s — prefill 46 tok (0 cached) in 506 ms; decode 255 tok / 81 passes in 7.7 s: 33.0 tok/s, 30.3 ms/tok, 95 ms/pass, 3.15 tok/pass, accept p1 95 % p2 75 % p3 48 %
2026-10-07 00:38:07.821 INFO  sched: request 'chatcmpl-f262158df4515003' starting prefill in slot 0 (68 prompt tokens)
2026-10-07 00:38:08.476 INFO  sched: request 'chatcmpl-f262158df4515003' prefix cache miss — 3 cut(s), the cache is empty
2026-10-07 00:38:08.476 INFO  sched: request 'chatcmpl-f262158df4515003' admitted to slot 0 (reserve 3 blocks; pool 3/1664 blocks in use) — first token 1654
2026-10-07 00:38:08.567 INFO  stats: rank 1 | 10.2 s | decode 29.4 tok/s, 29.9 ms/tok, 94.9 ms/step (94 steps / 298 tok, 88 % of wall) | mtp 3.17 tok/step/req, accept p1 96 % p2 78 % p3 48 % | prefill 2 prompts / 114 tok, 11 tok/s, 10.19 ms/tok, 581 ms avg (11 % of wall), 0 tok cached (0/2 hits) | live 1, queued 0 | pool 3/1664 blocks (0 %) | prefix cache 0/4096 entries
2026-10-07 00:38:16.427 INFO  sched: request 'chatcmpl-f262158df4515003' retired (steps): 256 tok in 8.6 s — prefill 68 tok (0 cached) in 656 ms; decode 255 tok / 82 passes in 8.0 s: 32.1 tok/s, 31.2 ms/tok, 97 ms/pass, 3.11 tok/pass, accept p1 93 % p2 74 % p3 45 %
2026-10-07 00:38:16.452 INFO  sched: request 'chatcmpl-f262158df4515004' starting prefill in slot 0 (68 prompt tokens)
2026-10-07 00:38:17.112 INFO  sched: request 'chatcmpl-f262158df4515004' prefix cache miss — 3 cut(s), the cache is empty
2026-10-07 00:38:17.112 INFO  sched: request 'chatcmpl-f262158df4515004' admitted to slot 0 (reserve 3 blocks; pool 3/1664 blocks in use) — first token 1654
2026-10-07 00:38:18.644 INFO  stats: rank 1 | 10.1 s | decode 29.5 tok/s, 31.5 ms/tok, 96.4 ms/step (97 steps / 297 tok, 93 % of wall) | mtp 3.06 tok/step/req, accept p1 90 % p2 72 % p3 44 % | prefill 1 prompt / 68 tok, 7 tok/s, 9.69 ms/tok, 659 ms avg (7 % of wall), 0 tok cached (0/1 hit) | live 1, queued 0 | pool 3/1664 blocks (0 %) | prefix cache 0/4096 entries
2026-10-07 00:38:25.072 INFO  sched: request 'chatcmpl-f262158df4515004' retired (steps): 256 tok in 8.6 s — prefill 68 tok (0 cached) in 659 ms; decode 255 tok / 82 passes in 8.0 s: 32.0 tok/s, 31.2 ms/tok, 97 ms/pass, 3.11 tok/pass, accept p1 93 % p2 74 % p3 45 %
2026-10-07 00:38:25.103 INFO  sched: request 'chatcmpl-f262158df4515005' starting prefill in slot 0 (68 prompt tokens)
2026-10-07 00:38:25.765 INFO  sched: request 'chatcmpl-f262158df4515005' prefix cache miss — 3 cut(s), the cache is empty
2026-10-07 00:38:25.765 INFO  sched: request 'chatcmpl-f262158df4515005' admitted to slot 0 (reserve 3 blocks; pool 3/1664 blocks in use) — first token 1654
2026-10-07 00:38:28.662 INFO  stats: rank 1 | 10.0 s | decode 29.9 tok/s, 30.9 ms/tok, 96.6 ms/step (96 steps / 300 tok, 93 % of wall) | mtp 3.12 tok/step/req, accept p1 94 % p2 75 % p3 44 % | prefill 1 prompt / 68 tok, 7 tok/s, 9.74 ms/tok, 662 ms avg (7 % of wall), 0 tok cached (0/1 hit) | live 1, queued 0 | pool 3/1664 blocks (0 %) | prefix cache 0/4096 entries
2026-10-07 00:38:33.751 INFO  sched: request 'chatcmpl-f262158df4515005' retired (steps): 256 tok in 8.6 s — prefill 68 tok (0 cached) in 662 ms; decode 255 tok / 82 passes in 8.0 s: 31.9 tok/s, 31.3 ms/tok, 97 ms/pass, 3.11 tok/pass, accept p1 93 % p2 74 % p3 45 %
2026-10-07 00:38:33.788 INFO  sched: request 'chatcmpl-f262158df4515006' starting prefill in slot 0 (40 prompt tokens)
2026-10-07 00:38:34.267 INFO  sched: request 'chatcmpl-f262158df4515006' prefix cache miss — 3 cut(s), the cache is empty
2026-10-07 00:38:34.267 INFO  sched: request 'chatcmpl-f262158df4515006' admitted to slot 0 (reserve 3 blocks; pool 3/1664 blocks in use) — first token 785
2026-10-07 00:38:38.733 INFO  stats: rank 1 | 10.1 s | decode 28.4 tok/s, 33.3 ms/tok, 96.1 ms/step (99 steps / 286 tok, 94 % of wall) | mtp 2.89 tok/step/req, accept p1 91 % p2 64 % p3 34 % | prefill 1 prompt / 40 tok, 4 tok/s, 11.98 ms/tok, 479 ms avg (5 % of wall), 0 tok cached (0/1 hit) | live 1, queued 0 | pool 3/1664 blocks (0 %) | prefix cache 0/4096 entries
2026-10-07 00:38:45.015 INFO  sched: request 'chatcmpl-f262158df4515006' retired (steps): 256 tok in 11.2 s — prefill 40 tok (0 cached) in 479 ms; decode 255 tok / 113 passes in 10.7 s: 23.7 tok/s, 42.1 ms/tok, 95 ms/pass, 2.26 tok/pass, accept p1 74 % p2 39 % p3 14 %
2026-10-07 00:38:45.045 INFO  sched: request 'chatcmpl-f262158df4515007' starting prefill in slot 0 (40 prompt tokens)
2026-10-07 00:38:45.516 INFO  sched: request 'chatcmpl-f262158df4515007' prefix cache miss — 3 cut(s), the cache is empty
2026-10-07 00:38:45.516 INFO  sched: request 'chatcmpl-f262158df4515007' admitted to slot 0 (reserve 3 blocks; pool 3/1664 blocks in use) — first token 785
2026-10-07 00:38:48.756 INFO  stats: rank 1 | 10.0 s | decode 22.1 tok/s, 42.7 ms/tok, 94.8 ms/step (100 steps / 222 tok, 95 % of wall) | mtp 2.22 tok/step/req, accept p1 73 % p2 37 % p3 13 % | prefill 1 prompt / 40 tok, 4 tok/s, 11.79 ms/tok, 472 ms avg (5 % of wall), 0 tok cached (0/1 hit) | live 1, queued 0 | pool 3/1664 blocks (0 %) | prefix cache 0/4096 entries
2026-10-07 00:38:56.259 INFO  sched: request 'chatcmpl-f262158df4515007' retired (steps): 256 tok in 11.2 s — prefill 40 tok (0 cached) in 472 ms; decode 255 tok / 113 passes in 10.7 s: 23.7 tok/s, 42.1 ms/tok, 95 ms/pass, 2.26 tok/pass, accept p1 74 % p2 39 % p3 14 %
2026-10-07 00:38:56.289 INFO  sched: request 'chatcmpl-f262158df4515008' starting prefill in slot 0 (40 prompt tokens)
2026-10-07 00:38:56.767 INFO  sched: request 'chatcmpl-f262158df4515008' prefix cache miss — 3 cut(s), the cache is empty
2026-10-07 00:38:56.767 INFO  sched: request 'chatcmpl-f262158df4515008' admitted to slot 0 (reserve 3 blocks; pool 3/1664 blocks in use) — first token 785
2026-10-07 00:38:58.757 INFO  stats: rank 1 | 10.0 s | decode 22.1 tok/s, 42.8 ms/tok, 94.6 ms/step (100 steps / 221 tok, 95 % of wall) | mtp 2.21 tok/step/req, accept p1 73 % p2 36 % p3 13 % | prefill 1 prompt / 40 tok, 4 tok/s, 11.94 ms/tok, 478 ms avg (5 % of wall), 0 tok cached (0/1 hit) | live 1, queued 0 | pool 3/1664 blocks (0 %) | prefix cache 0/4096 entries
2026-10-07 00:39:07.514 INFO  sched: request 'chatcmpl-f262158df4515008' retired (steps): 256 tok in 11.2 s — prefill 40 tok (0 cached) in 478 ms; decode 255 tok / 113 passes in 10.7 s: 23.7 tok/s, 42.1 ms/tok, 95 ms/pass, 2.26 tok/pass, accept p1 74 % p2 39 % p3 14 %
2026-10-07 00:39:08.638 INFO  journal: stop record — exiting
2026-10-07 00:39:08.670 INFO  rank 1: graph engine sampling summary — 0 sampled decode steps, 0 served by the exact gather fallback (0.0%), 84 candidates per rank
2026-10-07 00:39:09.855 INFO  rank 1: exited cleanly
