2026-10-07 00:38:05.125 INFO  dgpp-serve 0.1.0+g8f1c4cbcc1e9.dirty (git 8f1c4cbcc1e9)
2026-10-07 00:38:05.125 INFO  config /home/stephen/workspace/dgpp/benchmarks/results/2026-10-06-prefill-scaling/raw/glm53-fp8kv-256k-w4/refresh/default/server/cluster.resolved.json: model HawkBearPig/GLM-5.3-Int4-Int8Mix-RTN-g64, world 4, rank 0, http :18080, fabric :29970, journal :29971
2026-10-07 00:38:05.125 INFO  model HawkBearPig/GLM-5.3-Int4-Int8Mix-RTN-g64 -> /home/stephen/.cache/huggingface/hub/models--HawkBearPig--GLM-5.3-Int4-Int8Mix-RTN-g64/snapshots/147684fbad20c1e283ddff46fd07cb9d4ccbb3da
2026-10-07 00:38:05.125 INFO  journal: listening on :29971 for 3 peer(s)
2026-10-07 00:38:07.620 INFO  journal: rank 1 connected (1/3, 119999ms left in window)
2026-10-07 00:38:07.645 INFO  journal: rank 3 connected (2/3, 117504ms left in window)
2026-10-07 00:38:07.673 INFO  journal: rank 2 connected (3/3, 117480ms left in window)
2026-10-07 00:38:07.673 INFO  journal: world complete (3 peer connection(s))
2026-10-07 00:38:07.673 INFO  journal: settings pushed to 3 peer(s): model=HawkBearPig/GLM-5.3-Int4-Int8Mix-RTN-g64 world=4 fabric=29970 journal=29971 conc=8 kv=262144 kvdt=fp8 ngt=resident dw=checkpoint mtpef=fp8 bfw=bf12 fp8head=gemv pf=bounded emsh=vocab maxtok=32768 queue=8 eos=1 graph=1 compact=0 mtp=1 mtpd=1 mss=0 msrow=8 msbase=28 mslam=0 msmin=1 msad=1 msss=0.93 mdr=auto mdt=1 mvf=token dbr=0 batchmin=2 cand=128 pcgib=1.5 adm=full win=256 pfbudget=-1 pfidle=0 pmin=1024 phead=1 pace=-1 inflight=-1 reasoning_in_content=0 rs=off dflash=off dfw=checkpoint
2026-10-07 00:38:07.673 INFO  serve: SSE ping interval 30 s (-1 disables)
2026-10-07 00:38:07.673 INFO  config: model=HawkBearPig/GLM-5.3-Int4-Int8Mix-RTN-g64 world=4 fabric=29970 journal=29971 conc=8 kv=262144 kvdt=fp8 ngt=resident dw=checkpoint mtpef=fp8 bfw=bf12 fp8head=gemv pf=bounded emsh=vocab maxtok=32768 queue=8 eos=1 graph=1 compact=0 mtp=1 mtpd=1 mss=0 msrow=8 msbase=28 mslam=0 msmin=1 msad=1 msss=0.93 mdr=auto mdt=1 mvf=token dbr=0 batchmin=2 cand=128 pcgib=1.5 adm=full win=256 pfbudget=-1 pfidle=0 pmin=1024 phead=1 pace=-1 inflight=-1 reasoning_in_content=0 rs=off dflash=off dfw=checkpoint (digest 95fbc9fcb72daedb)
2026-10-07 00:38:07.802 INFO  serve: model family glm_moe_dsa (/home/stephen/.cache/huggingface/hub/models--HawkBearPig--GLM-5.3-Int4-Int8Mix-RTN-g64/snapshots/147684fbad20c1e283ddff46fd07cb9d4ccbb3da)
2026-10-07 00:38:07.802 INFO  serve: decode rows 16 (8 slot(s) x 2 row(s) per request, floor 8, the glm_moe_dsa family's cap 16)
2026-10-07 00:38:07.802 WARN  generation config /home/stephen/.cache/huggingface/hub/models--HawkBearPig--GLM-5.3-Int4-Int8Mix-RTN-g64/snapshots/147684fbad20c1e283ddff46fd07cb9d4ccbb3da/generation_config.json omits top_k, min_p, repetition_penalty; using greedy-safe/neutral fallbacks for those fields
2026-10-07 00:38:07.802 INFO  generation defaults: temperature=1 top_p=0.95 top_k=0 min_p=0 repetition_penalty=1
2026-10-07 00:38:07.802 INFO  serve: sampling defaults temperature 1 top_p 0.95 top_k 0 min_p 0 repetition_penalty 1 (from generation_config.json; overrides: none)
2026-10-07 00:38:07.802 INFO  serve: request context limit 262144 tokens (the 262144-token K/V pool from engine.kv_capacity 262144; this family states no positional ceiling of its own)
2026-10-07 00:38:07.802 INFO  rank 0: prefix cache plan — 1.5 GiB budget, 4096 slots of 0.012 MiB, 0.047 GiB allocated; cached K/V blocks share the 262144-token pool
2026-10-07 00:38:07.956 INFO  tokenizer: loaded vocab 154820 merges 321649 added 36 (revision 0x700b4469fc43f23b; glm pattern, no normalizer, ignore_merges true)
2026-10-07 00:38:07.965 INFO  serve: grammar vocabulary built (154880 ids, tool markers present, call-turn EOS 154829)
2026-10-07 00:38:08.062 INFO  serve: JSON grammar tables built in 0.10 s
2026-10-07 00:38:08.773 INFO  bus: globaltimer offset 9175970653 ns (+-2 us)
2026-10-07 00:38:08.782 INFO  verbs: device roceP2p1s0f0 port 1 gid_index 3
2026-10-07 00:38:08.787 INFO  verbs: device rocep1s0f0 port 1 gid_index 3
2026-10-07 00:38:08.856 INFO  bus: rank 0 rendezvous listening on port 29970
2026-10-07 00:38:08.985 INFO  bus: rank 0 up — 3 peer(s) x 2 lane(s), lat 8x196608B, bulk 8x262144B, bulk pace 28.3 Gb/s per QP, window 4 per lane
2026-10-07 00:38:08.985 INFO  rank 0: boundary reducer host-driven
2026-10-07 00:38:09.142 INFO  rank 0: process memory locked (mlockall MCL_CURRENT, 14546 MiB)
2026-10-07 00:38:09.142 INFO  rank 0: resident image cache at /home/stephen/.cache/dgpp/resident
2026-10-07 00:38:09.143 INFO  bus engine: rank 0 pinned to cpu 19
2026-10-07 00:38:09.275 INFO  rank 0: memory plan for a 262144-token context — model weights (resident, packed bf16 matrices released) 96.32 GiB; bf16 decode packing (12-bit companions) 1.27 GiB; bf16 prefill expansion scratch 0.05 GiB; gemm workspace (at least) 0.06 GiB; dsa cache pool (latent fp8 + rope keys on every layer, fp8 index caches on the indexed layers) 13.13 GiB; dsa scratch (projections, selection, attention, the prefill dot tiles) 0.27 GiB; rotary table (bf16 cos/sin per position) 0.03 GiB; activations (session core, residual, block io, dense scratch, route staging) 0.14 GiB (0.01 GiB pinned); moe scratch (routed slots, shared expert, graph tables) 0.75 GiB (0.01 GiB pinned); draft block (gathered hidden, the fused input, its residual, the sharded embedding's rows) 0.12 GiB; prefix cache 0.05 GiB; engine 0.08 GiB
2026-10-07 00:38:09.275 INFO  rank 0: memory plan total 112.27 GiB (112.13 GiB device + 0.14 GiB pinned) + 4.00 GiB headroom against 115.58 GiB free (device free 115.02 GiB of 121.63 GiB, host available 115.58 GiB)
2026-10-07 00:38:09.478 ERROR serve: rank 0: the configuration needs 112.27 GiB plus 4.00 GiB headroom but this node has 115.58 GiB free — refusing to allocate (the largest items: model weights (resident, packed bf16 matrices released) 96.32 GiB, dsa cache pool (latent fp8 + rope keys on every layer, fp8 index caches on the indexed layers) 13.13 GiB, bf16 decode packing (12-bit companions) 1.27 GiB). At 52.6 KiB per context token, the largest kv_capacity this node holds as configured is about 248320 tokens. Lower engine.kv_capacity, engine.max_concurrency or engine.prefix_cache_gib, or choose a smaller engine.kv_dtype.
