2026-10-06 02:08:05.147 INFO  dgpp-serve 0.1.0+g50309fdcf51d (git 50309fdcf51d)
2026-10-06 02:08:05.148 INFO  config /tmp/bus4/deployments/2b850bde999b16df/cluster.json: model HawkBearPig/GLM-5.3-Flash-NVFP4-FP8, world 2, rank 1, http :18080, fabric :29970, journal :29971
2026-10-06 02:08:05.148 INFO  model HawkBearPig/GLM-5.3-Flash-NVFP4-FP8 -> /home/stephen/.cache/huggingface/hub/models--HawkBearPig--GLM-5.3-Flash-NVFP4-FP8/snapshots/17b8d4d83e33e836e9549d7e1a8d25b5117203c1
2026-10-06 02:08:05.148 INFO  journal: connected to rank 0 at 192.168.88.11:29971 (120000 attempt window)
2026-10-06 02:08:05.149 INFO  rank 1: settings from rank 0: model=HawkBearPig/GLM-5.3-Flash-NVFP4-FP8 world=2 fabric=29970 journal=29971 conc=2 kv=262144 kvdt=fp8 ngt=resident dw=checkpoint mtpef=fp8 bfw=bf12 fp8head=gemv pf=bounded emsh=replicated maxtok=32768 queue=8 eos=1 graph=1 compact=0 mtp=1 mtpd=3 mss=0 msrow=8 msbase=28 mslam=0 msmin=1 msad=1 msss=0.93 mdr=auto mdt=1 mvf=token dbr=0 batchmin=2 cand=128 pcgib=2 adm=full win=256 pfbudget=-1 pfidle=0 pmin=1024 phead=1 pace=-1 inflight=-1 reasoning_in_content=0 rs=off dflash=off dfw=checkpoint
2026-10-06 02:08:05.149 INFO  config: model=HawkBearPig/GLM-5.3-Flash-NVFP4-FP8 world=2 fabric=29970 journal=29971 conc=2 kv=262144 kvdt=fp8 ngt=resident dw=checkpoint mtpef=fp8 bfw=bf12 fp8head=gemv pf=bounded emsh=replicated maxtok=32768 queue=8 eos=1 graph=1 compact=0 mtp=1 mtpd=3 mss=0 msrow=8 msbase=28 mslam=0 msmin=1 msad=1 msss=0.93 mdr=auto mdt=1 mvf=token dbr=0 batchmin=2 cand=128 pcgib=2 adm=full win=256 pfbudget=-1 pfidle=0 pmin=1024 phead=1 pace=-1 inflight=-1 reasoning_in_content=0 rs=off dflash=off dfw=checkpoint (digest fde9711328e4b39d)
2026-10-06 02:08:05.270 INFO  serve: model family glm5 (/home/stephen/.cache/huggingface/hub/models--HawkBearPig--GLM-5.3-Flash-NVFP4-FP8/snapshots/17b8d4d83e33e836e9549d7e1a8d25b5117203c1)
2026-10-06 02:08:05.270 INFO  serve: decode rows 8 (2 slot(s) x 4 row(s) per request, floor 8, the glm5 family's cap 8)
2026-10-06 02:08:05.270 WARN  generation config /home/stephen/.cache/huggingface/hub/models--HawkBearPig--GLM-5.3-Flash-NVFP4-FP8/snapshots/17b8d4d83e33e836e9549d7e1a8d25b5117203c1/generation_config.json omits top_k, min_p, repetition_penalty; using greedy-safe/neutral fallbacks for those fields
2026-10-06 02:08:05.271 INFO  generation defaults: temperature=1 top_p=0.95 top_k=0 min_p=0 repetition_penalty=1
2026-10-06 02:08:05.271 INFO  serve: sampling defaults temperature 1 top_p 0.95 top_k 0 min_p 0 repetition_penalty 1 (from generation_config.json; overrides: none)
2026-10-06 02:08:05.271 INFO  serve: request context limit 262144 tokens (the 262144-token K/V pool from engine.kv_capacity 262144; this family states no positional ceiling of its own)
2026-10-06 02:08:05.271 INFO  rank 1: prefix cache plan — 2 GiB budget, 29 slots of 70.422 MiB, 1.994 GiB allocated; cached K/V blocks share the 262144-token pool
2026-10-06 02:08:05.446 INFO  tokenizer: loaded vocab 154820 merges 321649 added 36 (revision 0x700b4469fc43f23b; glm pattern, no normalizer, ignore_merges true)
2026-10-06 02:08:05.456 INFO  serve: grammar vocabulary built (154880 ids, tool markers present, call-turn EOS 154829)
2026-10-06 02:08:05.559 INFO  serve: JSON grammar tables built in 0.10 s
2026-10-06 02:08:05.791 INFO  bus: globaltimer offset -59139503724 ns (+-2 us)
2026-10-06 02:08:05.800 INFO  verbs: device roceP2p1s0f0 port 1 gid_index 3
2026-10-06 02:08:05.805 INFO  verbs: device rocep1s0f0 port 1 gid_index 3
2026-10-06 02:08:06.353 INFO  bus: rank 1 up — 1 peer(s) x 2 lane(s), lat 8x65536B, bulk 8x262144B, bulk pace 85.0 Gb/s per QP, window 4 per lane
2026-10-06 02:08:06.353 INFO  rank 1: boundary reducer host-driven
2026-10-06 02:08:06.495 INFO  rank 1: process memory locked (mlockall MCL_CURRENT, 14546 MiB)
2026-10-06 02:08:06.495 INFO  rank 1: resident image cache at /home/stephen/.cache/dgpp/resident
2026-10-06 02:08:06.496 INFO  bus engine: rank 1 pinned to cpu 19
2026-10-06 02:08:06.581 INFO  rank 1: memory plan for a 262144-token context — vision weights (replicated) 1.05 GiB; vision workspace (bounded image prefill) 0.33 GiB; model weights (resident, packed bf16 matrices released) 89.73 GiB (3.53 GiB pinned); tensor-parallel slice views 1.34 GiB; bf16 decode packing (12-bit companions) 3.83 GiB; bf16 prefill expansion scratch 0.19 GiB; gemm workspace (at least) 0.06 GiB; kda scratch 0.16 GiB; kv cache pool (fp8) 1.61 GiB; dsa scratch 0.25 GiB; moe scratch 0.68 GiB (0.00 GiB pinned); kda state (request slots) 0.14 GiB; kda speculative snapshots 0.55 GiB; draft hidden cache (per position) 4.00 GiB; draft activations 0.05 GiB; activations (per-forward rows) 0.32 GiB (0.00 GiB pinned); route-trace staging 0.10 GiB (0.10 GiB pinned); prefix cache 1.99 GiB; engine 0.07 GiB
2026-10-06 02:08:06.581 INFO  rank 1: memory plan total 106.44 GiB (100.74 GiB device + 5.70 GiB pinned) + 4.00 GiB headroom against 116.75 GiB free (device free 116.13 GiB of 121.69 GiB, host available 116.75 GiB)
2026-10-06 02:08:06.581 INFO  memory ledger: rank 1 after the plan check — rss 1.15 GiB (anon 0.42, shmem 0.07, file 0.67; locked 14.21); device free 116.13 GiB, node available 116.75 GiB
2026-10-06 02:08:06.581 INFO  memory ledger: rank 1 after the bus — rss 1.15 GiB (anon 0.42, shmem 0.07, file 0.67; locked 14.21); device free 116.13 GiB, node available 116.75 GiB
2026-10-06 02:08:06.927 INFO  glm loader: rank 1 resident footprint 91.2 GiB; device free 116.1 of 121.7 GiB, host available 116.7 GiB
2026-10-06 02:08:08.914 INFO  glm loader: rank 1 resident image /home/stephen/.cache/dgpp/resident/8c6e72b4e136d684.img — 46/46 layers present, direct I/O
2026-10-06 02:08:08.958 INFO  l2 prefetch: on, window budget 12 MiB, boundary rate light, layer rate light
2026-10-06 02:08:08.958 INFO  glm loader: rank 1 boot digest from the resident image (713 tensors, 2.91 GiB)
2026-10-06 02:08:26.073 INFO  glm loader: rank 1 resident load complete — released 40 shard mappings (181.7 GiB) and evicted their page cache; image: 46 layers restored, 0 captured
2026-10-06 02:08:26.731 INFO  rank 1 bf12: 70 decode matrices packed (4.98 GiB of bf16 -> 3.74 GiB, 419039 escapes, widest row 64, 55 rows kept raw; 0 matrices kept bf16) in 2.6 s
2026-10-06 02:08:26.731 INFO  rank 1 bf12: 70 of them released their bf16 bytes (5.04 GiB returned; prefill expands through a 196 MiB scratch)
2026-10-06 02:08:31.862 INFO  rank 1 boot phases: digest 0.0 s (3.96 GiB hashed), globals 1.5 s, layers 21.0 s
2026-10-06 02:08:31.862 INFO  memory ledger: rank 1 after the model — rss 4.78 GiB (anon 0.41, shmem 3.70, file 0.67; locked 14.19); device free 11.31 GiB, node available 11.91 GiB
2026-10-06 02:08:31.862 INFO  rank 1: model constructed in 25.3s (resident, 2 request slots, 262144-token pool in fp8, 2048-row forwards)
2026-10-06 02:08:31.862 INFO  rank 1: prefix cache on — 29 snapshot slot(s) of 70.4 MiB (2.00 GiB asked)
2026-10-06 02:08:31.936 INFO  rank 1: graph engine samples on the device — 128 candidates per rank (8 rows x 2 ranks in a 65536-byte latency slot; the planned width is 128); constrained decoding available
2026-10-06 02:08:31.936 INFO  rank 1: graph row batch unavailable at mtp depth 3 (this family has no batched chain); every step replays a scalar graph
2026-10-06 02:08:31.936 INFO  rank 1: prefill budget 256 tokens/tick (0 = full prompt), 256 with nothing decoding
2026-10-06 02:08:31.936 INFO  rank 1: sampled requests draft a draw from the draft's distribution under the ratio verify (engine.mtp_draft auto)
2026-10-06 02:08:39.558 INFO  memory ledger: rank 1 after the graph engine — rss 4.78 GiB (anon 0.41, shmem 3.71, file 0.67; locked 14.19); device free 9.39 GiB, node available 9.99 GiB
2026-10-06 02:08:39.849 INFO  allreduce: device clock rate 2418000 kHz (stamps conversion)
2026-10-06 02:08:39.849 INFO  allreduce: rank 1 seq 1 launched (1 peers)
2026-10-06 02:08:39.849 INFO  allreduce: rank 1 seq 1 ready after 28.6us
2026-10-06 02:08:39.849 INFO  allreduce: rank 1 seq 1 done status=0 after 67.6us
2026-10-06 02:08:39.897 INFO  allreduce: rank 1 seq 2 launched (1 peers)
2026-10-06 02:08:39.897 INFO  allreduce: rank 1 seq 2 ready after 9.4us
2026-10-06 02:08:39.897 INFO  allreduce: rank 1 seq 2 done status=0 after 30.0us
2026-10-06 02:08:39.898 INFO  allreduce: rank 1 seq 3 launched (1 peers)
2026-10-06 02:08:39.898 INFO  allreduce: rank 1 seq 3 ready after 9.0us
2026-10-06 02:08:39.898 INFO  allreduce: rank 1 seq 3 done status=0 after 37.0us
2026-10-06 02:08:39.899 INFO  allreduce: rank 1 seq 4 launched (1 peers)
2026-10-06 02:08:39.899 INFO  allreduce: rank 1 seq 4 ready after 9.0us
2026-10-06 02:08:39.899 INFO  allreduce: rank 1 seq 4 done status=0 after 29.9us
2026-10-06 02:08:39.899 INFO  allreduce: rank 1 seq 5 launched (1 peers)
2026-10-06 02:08:39.899 INFO  allreduce: rank 1 seq 5 ready after 9.2us
2026-10-06 02:08:39.899 INFO  allreduce: rank 1 seq 5 done status=0 after 39.3us
2026-10-06 02:08:39.900 INFO  allreduce: rank 1 seq 6 launched (1 peers)
2026-10-06 02:08:39.900 INFO  allreduce: rank 1 seq 6 ready after 8.9us
2026-10-06 02:08:39.900 INFO  allreduce: rank 1 seq 6 done status=0 after 29.4us
2026-10-06 02:08:39.904 INFO  allreduce: rank 1 seq 7 launched (1 peers)
2026-10-06 02:08:39.904 INFO  allreduce: rank 1 seq 7 ready after 11.8us
2026-10-06 02:08:39.904 INFO  allreduce: rank 1 seq 7 done status=0 after 33.2us
2026-10-06 02:08:39.905 INFO  allreduce: rank 1 seq 8 launched (1 peers)
2026-10-06 02:08:39.905 INFO  allreduce: rank 1 seq 8 ready after 9.5us
2026-10-06 02:08:39.905 INFO  allreduce: rank 1 seq 8 done status=0 after 39.5us
2026-10-06 02:08:39.905 INFO  allreduce: rank 1 seq 9 launched (1 peers)
2026-10-06 02:08:39.905 INFO  allreduce: rank 1 seq 9 ready after 8.9us
2026-10-06 02:08:39.906 INFO  allreduce: rank 1 seq 9 done status=0 after 38.7us
2026-10-06 02:08:39.907 INFO  allreduce: rank 1 seq 10 launched (1 peers)
2026-10-06 02:08:39.907 INFO  allreduce: rank 1 seq 10 ready after 9.0us
2026-10-06 02:08:39.907 INFO  allreduce: rank 1 seq 10 done status=0 after 34.0us
2026-10-06 02:08:39.907 INFO  allreduce: rank 1 seq 11 launched (1 peers)
2026-10-06 02:08:39.907 INFO  allreduce: rank 1 seq 11 ready after 9.2us
2026-10-06 02:08:39.907 INFO  allreduce: rank 1 seq 11 done status=0 after 33.9us
2026-10-06 02:08:39.908 INFO  allreduce: rank 1 seq 12 launched (1 peers)
2026-10-06 02:08:39.908 INFO  allreduce: rank 1 seq 12 ready after 9.0us
2026-10-06 02:08:39.908 INFO  allreduce: rank 1 seq 12 done status=0 after 33.6us
2026-10-06 02:08:39.909 INFO  allreduce: rank 1 seq 13 launched (1 peers)
2026-10-06 02:08:39.909 INFO  allreduce: rank 1 seq 13 ready after 9.2us
2026-10-06 02:08:39.909 INFO  allreduce: rank 1 seq 13 done status=0 after 31.8us
2026-10-06 02:08:39.910 INFO  allreduce: rank 1 seq 14 launched (1 peers)
2026-10-06 02:08:39.910 INFO  allreduce: rank 1 seq 14 ready after 9.0us
2026-10-06 02:08:39.910 INFO  allreduce: rank 1 seq 14 done status=0 after 50.9us
2026-10-06 02:08:39.911 INFO  allreduce: rank 1 seq 15 launched (1 peers)
2026-10-06 02:08:39.911 INFO  allreduce: rank 1 seq 15 ready after 8.0us
2026-10-06 02:08:39.911 INFO  allreduce: rank 1 seq 15 done status=0 after 27.7us
2026-10-06 02:08:39.912 INFO  allreduce: rank 1 seq 16 launched (1 peers)
2026-10-06 02:08:39.912 INFO  allreduce: rank 1 seq 16 ready after 8.4us
2026-10-06 02:08:39.913 INFO  allreduce: rank 1 seq 16 done status=0 after 302.0us
2026-10-06 02:08:40.020 INFO  bus graph era: variant 0 recorded with 100 collective node(s)
2026-10-06 02:08:40.020 INFO  rank 1: graph variant 0 shape: 1397 nodes, 1716 edges: kernel 1397 empty 0 memcpy 0 memset 0 host 0 event 0 other 0; max in-degree 2
2026-10-06 02:08:40.024 INFO  rank 1: graph variant 0 instantiated — 23.2 MiB of device memory (8.9 GiB free)
2026-10-06 02:08:40.025 INFO  bus graph era: variant 1 recorded with 100 collective node(s)
2026-10-06 02:08:40.025 INFO  rank 1: graph variant 1 shape: 1397 nodes, 1716 edges: kernel 1397 empty 0 memcpy 0 memset 0 host 0 event 0 other 0; max in-degree 2
2026-10-06 02:08:40.031 INFO  rank 1: graph variant 1 instantiated — 24.6 MiB of device memory (8.9 GiB free)
2026-10-06 02:08:40.031 INFO  rank 1: serving scalar graph variants 0/1 captured for request slot 0 (4 rows, MTP)
2026-10-06 02:08:40.132 INFO  bus graph era: variant 2 recorded with 100 collective node(s)
2026-10-06 02:08:40.132 INFO  rank 1: graph variant 2 shape: 1397 nodes, 1716 edges: kernel 1397 empty 0 memcpy 0 memset 0 host 0 event 0 other 0; max in-degree 2
2026-10-06 02:08:40.140 INFO  rank 1: graph variant 2 instantiated — 36.7 MiB of device memory (8.8 GiB free)
2026-10-06 02:08:40.141 INFO  bus graph era: variant 3 recorded with 100 collective node(s)
2026-10-06 02:08:40.141 INFO  rank 1: graph variant 3 shape: 1397 nodes, 1716 edges: kernel 1397 empty 0 memcpy 0 memset 0 host 0 event 0 other 0; max in-degree 2
2026-10-06 02:08:40.149 INFO  rank 1: graph variant 3 instantiated — 31.5 MiB of device memory (8.8 GiB free)
2026-10-06 02:08:40.149 INFO  rank 1: serving scalar graph variants 2/3 captured for request slot 1 (4 rows, MTP)
2026-10-06 02:08:40.149 INFO  rank 1: warm capture complete — 2 scalar variants recorded before the first request
2026-10-06 02:08:40.149 INFO  memory ledger: rank 1 after the warm capture — rss 5.16 GiB (anon 0.78, shmem 3.71, file 0.67; locked 14.19); device free 8.79 GiB, node available 9.39 GiB
2026-10-06 02:08:40.149 INFO  rank 1: graph variants warm-captured in 0.59s
2026-10-06 02:08:40.149 INFO  rank 1: following rank 0's journal (admission full, window 256)
2026-10-06 02:08:41.529 INFO  sched: request 'chatcmpl-877193fee7db190f' starting prefill in slot 0 (62 prompt tokens)
2026-10-06 02:08:41.896 INFO  sched: request 'chatcmpl-877193fee7db190f' prefix cache miss — 2 cut(s), the cache is empty
2026-10-06 02:08:41.896 INFO  sched: request 'chatcmpl-877193fee7db190f' admitted to slot 0 (reserve 1 blocks; pool 1/2048 blocks in use) — first token 785
2026-10-06 02:08:43.855 INFO  sched: request 'chatcmpl-877193fee7db190f' retired (steps): 64 tok in 2.3 s — prefill 62 tok (0 cached) in 366 ms; decode 63 tok / 24 passes in 2.0 s: 32.2 tok/s, 31.1 ms/tok, 82 ms/pass, 2.62 tok/pass, accept p1 83 % p2 58 % p3 21 %
2026-10-06 02:08:43.869 INFO  sched: request 'chatcmpl-877193fee7db1910' starting prefill in slot 0 (37 prompt tokens)
2026-10-06 02:08:44.147 INFO  sched: request 'chatcmpl-877193fee7db1910' prefix cache miss — 2 cut(s), the cache is empty
2026-10-06 02:08:44.147 INFO  sched: request 'chatcmpl-877193fee7db1910' admitted to slot 0 (reserve 3 blocks; pool 3/2048 blocks in use) — first token 785
2026-10-06 02:08:50.310 INFO  stats: rank 1 | 10.0 s | decode 25.8 tok/s, 31.2 ms/tok, 79.8 ms/step (101 steps / 258 tok, 80 % of wall) | mtp 2.55 tok/step/req, accept p1 83 % p2 51 % p3 19 % | prefill 2 prompts / 99 tok, 10 tok/s, 6.51 ms/tok, 322 ms avg (6 % of wall), 0 tok cached (0/2 hits) | live 1, queued 0 | pool 3/2048 blocks (0 %) | prefix cache 0/29 entries
2026-10-06 02:08:52.661 INFO  sched: request 'chatcmpl-877193fee7db1910' retired (steps): 256 tok in 8.8 s — prefill 37 tok (0 cached) in 278 ms; decode 255 tok / 106 passes in 8.5 s: 30.0 tok/s, 33.4 ms/tok, 80 ms/pass, 2.41 tok/pass, accept p1 80 % p2 45 % p3 15 %
2026-10-06 02:08:52.675 INFO  sched: request 'chatcmpl-877193fee7db1911' starting prefill in slot 0 (37 prompt tokens)
2026-10-06 02:08:52.953 INFO  sched: request 'chatcmpl-877193fee7db1911' prefix cache miss — 2 cut(s), the cache is empty
2026-10-06 02:08:52.953 INFO  sched: request 'chatcmpl-877193fee7db1911' admitted to slot 0 (reserve 3 blocks; pool 3/2048 blocks in use) — first token 785
2026-10-06 02:09:00.390 INFO  stats: rank 1 | 10.1 s | decode 29.3 tok/s, 32.9 ms/tok, 79.6 ms/step (122 steps / 295 tok, 96 % of wall) | mtp 2.42 tok/step/req, accept p1 80 % p2 46 % p3 15 % | prefill 1 prompt / 37 tok, 4 tok/s, 7.50 ms/tok, 277 ms avg (3 % of wall), 0 tok cached (0/1 hit) | live 1, queued 0 | pool 3/2048 blocks (0 %) | prefix cache 0/29 entries
2026-10-06 02:09:01.459 INFO  sched: request 'chatcmpl-877193fee7db1911' retired (steps): 256 tok in 8.8 s — prefill 37 tok (0 cached) in 277 ms; decode 255 tok / 106 passes in 8.5 s: 30.0 tok/s, 33.4 ms/tok, 80 ms/pass, 2.41 tok/pass, accept p1 80 % p2 45 % p3 15 %
2026-10-06 02:09:01.483 INFO  sched: request 'chatcmpl-877193fee7db1912' starting prefill in slot 0 (37 prompt tokens)
2026-10-06 02:09:01.760 INFO  sched: request 'chatcmpl-877193fee7db1912' prefix cache miss — 2 cut(s), the cache is empty
2026-10-06 02:09:01.760 INFO  sched: request 'chatcmpl-877193fee7db1912' admitted to slot 0 (reserve 3 blocks; pool 3/2048 blocks in use) — first token 785
2026-10-06 02:09:10.275 INFO  sched: request 'chatcmpl-877193fee7db1912' retired (steps): 256 tok in 8.8 s — prefill 37 tok (0 cached) in 277 ms; decode 255 tok / 106 passes in 8.5 s: 29.9 tok/s, 33.4 ms/tok, 80 ms/pass, 2.41 tok/pass, accept p1 80 % p2 45 % p3 15 %
2026-10-06 02:09:10.289 INFO  sched: request 'chatcmpl-877193fee7db1913' starting prefill in slot 0 (51 prompt tokens)
2026-10-06 02:09:10.610 INFO  sched: request 'chatcmpl-877193fee7db1913' prefix cache miss — 2 cut(s), the cache is empty
2026-10-06 02:09:10.610 INFO  sched: request 'chatcmpl-877193fee7db1913' admitted to slot 0 (reserve 3 blocks; pool 3/2048 blocks in use) — first token 785
2026-10-06 02:09:10.683 INFO  stats: rank 1 | 10.3 s | decode 27.6 tok/s, 33.8 ms/tok, 79.9 ms/step (120 steps / 284 tok, 93 % of wall) | mtp 2.37 tok/step/req, accept p1 78 % p2 42 % p3 14 % | prefill 2 prompts / 88 tok, 9 tok/s, 6.80 ms/tok, 299 ms avg (6 % of wall), 0 tok cached (0/2 hits) | live 1, queued 0 | pool 3/2048 blocks (0 %) | prefix cache 0/29 entries
2026-10-06 02:09:17.346 INFO  sched: request 'chatcmpl-877193fee7db1913' retired (steps): 256 tok in 7.1 s — prefill 51 tok (0 cached) in 321 ms; decode 255 tok / 81 passes in 6.7 s: 37.9 tok/s, 26.4 ms/tok, 83 ms/pass, 3.15 tok/pass, accept p1 98 % p2 79 % p3 41 %
2026-10-06 02:09:17.365 INFO  sched: request 'chatcmpl-877193fee7db1914' starting prefill in slot 0 (51 prompt tokens)
2026-10-06 02:09:17.686 INFO  sched: request 'chatcmpl-877193fee7db1914' prefix cache miss — 2 cut(s), the cache is empty
2026-10-06 02:09:17.686 INFO  sched: request 'chatcmpl-877193fee7db1914' admitted to slot 0 (reserve 3 blocks; pool 3/2048 blocks in use) — first token 785
2026-10-06 02:09:20.714 INFO  stats: rank 1 | 10.0 s | decode 36.1 tok/s, 26.6 ms/tok, 82.3 ms/step (117 steps / 362 tok, 96 % of wall) | mtp 3.09 tok/step/req, accept p1 97 % p2 78 % p3 35 % | prefill 1 prompt / 51 tok, 5 tok/s, 6.31 ms/tok, 322 ms avg (3 % of wall), 0 tok cached (0/1 hit) | live 1, queued 0 | pool 3/2048 blocks (0 %) | prefix cache 0/29 entries
2026-10-06 02:09:24.411 INFO  sched: request 'chatcmpl-877193fee7db1914' retired (steps): 256 tok in 7.0 s — prefill 51 tok (0 cached) in 322 ms; decode 255 tok / 81 passes in 6.7 s: 37.9 tok/s, 26.4 ms/tok, 83 ms/pass, 3.15 tok/pass, accept p1 98 % p2 79 % p3 41 %
2026-10-06 02:09:24.420 INFO  sched: request 'chatcmpl-877193fee7db1915' starting prefill in slot 0 (51 prompt tokens)
2026-10-06 02:09:24.739 INFO  sched: request 'chatcmpl-877193fee7db1915' prefix cache miss — 2 cut(s), the cache is empty
2026-10-06 02:09:24.739 INFO  sched: request 'chatcmpl-877193fee7db1915' admitted to slot 0 (reserve 3 blocks; pool 3/2048 blocks in use) — first token 785
2026-10-06 02:09:30.783 INFO  stats: rank 1 | 10.1 s | decode 37.2 tok/s, 25.8 ms/tok, 82.7 ms/step (117 steps / 375 tok, 96 % of wall) | mtp 3.21 tok/step/req, accept p1 97 % p2 79 % p3 44 % | prefill 1 prompt / 51 tok, 5 tok/s, 6.25 ms/tok, 319 ms avg (3 % of wall), 0 tok cached (0/1 hit) | live 1, queued 0 | pool 3/2048 blocks (0 %) | prefix cache 0/29 entries
2026-10-06 02:09:31.469 INFO  sched: request 'chatcmpl-877193fee7db1915' retired (steps): 256 tok in 7.0 s — prefill 51 tok (0 cached) in 319 ms; decode 255 tok / 81 passes in 6.7 s: 37.9 tok/s, 26.4 ms/tok, 83 ms/pass, 3.15 tok/pass, accept p1 98 % p2 79 % p3 41 %
2026-10-06 02:09:31.478 INFO  sched: request 'chatcmpl-877193fee7db1916' starting prefill in slot 0 (46 prompt tokens)
2026-10-06 02:09:31.785 INFO  sched: request 'chatcmpl-877193fee7db1916' prefix cache miss — 2 cut(s), the cache is empty
2026-10-06 02:09:31.785 INFO  sched: request 'chatcmpl-877193fee7db1916' admitted to slot 0 (reserve 3 blocks; pool 3/2048 blocks in use) — first token 785
2026-10-06 02:09:39.091 INFO  sched: request 'chatcmpl-877193fee7db1916' retired (steps): 256 tok in 7.6 s — prefill 46 tok (0 cached) in 308 ms; decode 255 tok / 90 passes in 7.3 s: 34.9 tok/s, 28.6 ms/tok, 81 ms/pass, 2.83 tok/pass, accept p1 94 % p2 68 % p3 21 %
2026-10-06 02:09:39.105 INFO  sched: request 'chatcmpl-877193fee7db1917' starting prefill in slot 0 (46 prompt tokens)
2026-10-06 02:09:39.417 INFO  sched: request 'chatcmpl-877193fee7db1917' prefix cache miss — 2 cut(s), the cache is empty
2026-10-06 02:09:39.417 INFO  sched: request 'chatcmpl-877193fee7db1917' admitted to slot 0 (reserve 3 blocks; pool 3/2048 blocks in use) — first token 785
2026-10-06 02:09:40.799 INFO  stats: rank 1 | 10.0 s | decode 32.9 tok/s, 28.2 ms/tok, 80.9 ms/step (115 steps / 330 tok, 93 % of wall) | mtp 2.87 tok/step/req, accept p1 94 % p2 69 % p3 24 % | prefill 2 prompts / 92 tok, 9 tok/s, 6.73 ms/tok, 310 ms avg (6 % of wall), 0 tok cached (0/2 hits) | live 1, queued 0 | pool 3/2048 blocks (0 %) | prefix cache 0/29 entries
2026-10-06 02:09:46.738 INFO  sched: request 'chatcmpl-877193fee7db1917' retired (steps): 256 tok in 7.6 s — prefill 46 tok (0 cached) in 312 ms; decode 255 tok / 90 passes in 7.3 s: 34.8 tok/s, 28.7 ms/tok, 81 ms/pass, 2.83 tok/pass, accept p1 94 % p2 68 % p3 21 %
2026-10-06 02:09:46.752 INFO  sched: request 'chatcmpl-877193fee7db1918' starting prefill in slot 0 (46 prompt tokens)
2026-10-06 02:09:47.063 INFO  sched: request 'chatcmpl-877193fee7db1918' prefix cache miss — 2 cut(s), the cache is empty
2026-10-06 02:09:47.063 INFO  sched: request 'chatcmpl-877193fee7db1918' admitted to slot 0 (reserve 3 blocks; pool 3/2048 blocks in use) — first token 785
2026-10-06 02:09:50.803 INFO  stats: rank 1 | 10.0 s | decode 32.8 tok/s, 29.3 ms/tok, 80.7 ms/step (119 steps / 328 tok, 96 % of wall) | mtp 2.76 tok/step/req, accept p1 93 % p2 63 % p3 18 % | prefill 1 prompt / 46 tok, 5 tok/s, 6.76 ms/tok, 311 ms avg (3 % of wall), 0 tok cached (0/1 hit) | live 1, queued 0 | pool 3/2048 blocks (0 %) | prefix cache 0/29 entries
2026-10-06 02:09:54.371 INFO  sched: request 'chatcmpl-877193fee7db1918' retired (steps): 256 tok in 7.6 s — prefill 46 tok (0 cached) in 311 ms; decode 255 tok / 90 passes in 7.3 s: 34.9 tok/s, 28.7 ms/tok, 81 ms/pass, 2.83 tok/pass, accept p1 94 % p2 68 % p3 21 %
2026-10-06 02:09:54.390 INFO  sched: request 'chatcmpl-877193fee7db1919' starting prefill in slot 0 (68 prompt tokens)
2026-10-06 02:09:54.750 INFO  sched: request 'chatcmpl-877193fee7db1919' prefix cache miss — 2 cut(s), the cache is empty
2026-10-06 02:09:54.750 INFO  sched: request 'chatcmpl-877193fee7db1919' admitted to slot 0 (reserve 3 blocks; pool 3/2048 blocks in use) — first token 1654
2026-10-06 02:10:00.878 INFO  stats: rank 1 | 10.1 s | decode 34.9 tok/s, 27.3 ms/tok, 81.5 ms/step (118 steps / 352 tok, 95 % of wall) | mtp 2.98 tok/step/req, accept p1 95 % p2 75 % p3 28 % | prefill 1 prompt / 68 tok, 7 tok/s, 5.28 ms/tok, 359 ms avg (4 % of wall), 0 tok cached (0/1 hit) | live 1, queued 0 | pool 3/2048 blocks (0 %) | prefix cache 0/29 entries
2026-10-06 02:10:02.144 INFO  sched: request 'chatcmpl-877193fee7db1919' retired (steps): 256 tok in 7.8 s — prefill 68 tok (0 cached) in 359 ms; decode 255 tok / 89 passes in 7.4 s: 34.5 tok/s, 29.0 ms/tok, 83 ms/pass, 2.87 tok/pass, accept p1 91 % p2 72 % p3 25 %
2026-10-06 02:10:02.163 INFO  sched: request 'chatcmpl-877193fee7db191a' starting prefill in slot 0 (68 prompt tokens)
2026-10-06 02:10:02.516 INFO  sched: request 'chatcmpl-877193fee7db191a' prefix cache miss — 2 cut(s), the cache is empty
2026-10-06 02:10:02.516 INFO  sched: request 'chatcmpl-877193fee7db191a' admitted to slot 0 (reserve 3 blocks; pool 3/2048 blocks in use) — first token 1654
2026-10-06 02:10:09.893 INFO  sched: request 'chatcmpl-877193fee7db191a' retired (steps): 256 tok in 7.7 s — prefill 68 tok (0 cached) in 353 ms; decode 255 tok / 89 passes in 7.4 s: 34.6 tok/s, 28.9 ms/tok, 83 ms/pass, 2.87 tok/pass, accept p1 91 % p2 72 % p3 25 %
2026-10-06 02:10:09.907 INFO  sched: request 'chatcmpl-877193fee7db191b' starting prefill in slot 0 (68 prompt tokens)
2026-10-06 02:10:10.259 INFO  sched: request 'chatcmpl-877193fee7db191b' prefix cache miss — 2 cut(s), the cache is empty
2026-10-06 02:10:10.259 INFO  sched: request 'chatcmpl-877193fee7db191b' admitted to slot 0 (reserve 3 blocks; pool 3/2048 blocks in use) — first token 1654
2026-10-06 02:10:10.901 INFO  stats: rank 1 | 10.0 s | decode 31.2 tok/s, 29.3 ms/tok, 81.8 ms/step (112 steps / 313 tok, 91 % of wall) | mtp 2.79 tok/step/req, accept p1 88 % p2 70 % p3 21 % | prefill 2 prompts / 136 tok, 14 tok/s, 5.18 ms/tok, 352 ms avg (7 % of wall), 0 tok cached (0/2 hits) | live 1, queued 0 | pool 3/2048 blocks (0 %) | prefix cache 0/29 entries
2026-10-06 02:10:17.629 INFO  sched: request 'chatcmpl-877193fee7db191b' retired (steps): 256 tok in 7.7 s — prefill 68 tok (0 cached) in 352 ms; decode 255 tok / 89 passes in 7.4 s: 34.6 tok/s, 28.9 ms/tok, 83 ms/pass, 2.87 tok/pass, accept p1 91 % p2 72 % p3 25 %
2026-10-06 02:10:17.659 INFO  sched: request 'chatcmpl-877193fee7db191c' starting prefill in slot 0 (40 prompt tokens)
2026-10-06 02:10:17.963 INFO  sched: request 'chatcmpl-877193fee7db191c' prefix cache miss — 2 cut(s), the cache is empty
2026-10-06 02:10:17.963 INFO  sched: request 'chatcmpl-877193fee7db191c' admitted to slot 0 (reserve 3 blocks; pool 3/2048 blocks in use) — first token 785
2026-10-06 02:10:20.909 INFO  stats: rank 1 | 10.0 s | decode 33.0 tok/s, 29.1 ms/tok, 82.0 ms/step (117 steps / 330 tok, 96 % of wall) | mtp 2.82 tok/step/req, accept p1 90 % p2 67 % p3 26 % | prefill 1 prompt / 40 tok, 4 tok/s, 7.60 ms/tok, 304 ms avg (3 % of wall), 0 tok cached (0/1 hit) | live 1, queued 0 | pool 3/2048 blocks (0 %) | prefix cache 0/29 entries
2026-10-06 02:10:27.185 INFO  sched: request 'chatcmpl-877193fee7db191c' retired (steps): 256 tok in 9.5 s — prefill 40 tok (0 cached) in 304 ms; decode 255 tok / 113 passes in 9.2 s: 27.6 tok/s, 36.2 ms/tok, 82 ms/pass, 2.26 tok/pass, accept p1 71 % p2 40 % p3 15 %
2026-10-06 02:10:27.215 INFO  sched: request 'chatcmpl-877193fee7db191d' starting prefill in slot 0 (40 prompt tokens)
2026-10-06 02:10:27.514 INFO  sched: request 'chatcmpl-877193fee7db191d' prefix cache miss — 2 cut(s), the cache is empty
2026-10-06 02:10:27.514 INFO  sched: request 'chatcmpl-877193fee7db191d' admitted to slot 0 (reserve 3 blocks; pool 3/2048 blocks in use) — first token 785
2026-10-06 02:10:30.940 INFO  stats: rank 1 | 10.0 s | decode 26.9 tok/s, 35.6 ms/tok, 80.8 ms/step (119 steps / 270 tok, 96 % of wall) | mtp 2.27 tok/step/req, accept p1 72 % p2 39 % p3 14 % | prefill 1 prompt / 40 tok, 4 tok/s, 7.47 ms/tok, 299 ms avg (3 % of wall), 0 tok cached (0/1 hit) | live 1, queued 0 | pool 3/2048 blocks (0 %) | prefix cache 0/29 entries
2026-10-06 02:10:36.723 INFO  sched: request 'chatcmpl-877193fee7db191d' retired (steps): 256 tok in 9.5 s — prefill 40 tok (0 cached) in 299 ms; decode 255 tok / 113 passes in 9.2 s: 27.7 tok/s, 36.1 ms/tok, 82 ms/pass, 2.26 tok/pass, accept p1 71 % p2 40 % p3 15 %
2026-10-06 02:10:36.737 INFO  sched: request 'chatcmpl-877193fee7db191e' starting prefill in slot 0 (40 prompt tokens)
2026-10-06 02:10:37.034 INFO  sched: request 'chatcmpl-877193fee7db191e' prefix cache miss — 2 cut(s), the cache is empty
2026-10-06 02:10:37.034 INFO  sched: request 'chatcmpl-877193fee7db191e' admitted to slot 0 (reserve 3 blocks; pool 3/2048 blocks in use) — first token 785
2026-10-06 02:10:40.947 INFO  stats: rank 1 | 10.0 s | decode 27.1 tok/s, 35.5 ms/tok, 80.7 ms/step (119 steps / 271 tok, 96 % of wall) | mtp 2.28 tok/step/req, accept p1 71 % p2 41 % p3 15 % | prefill 1 prompt / 40 tok, 4 tok/s, 7.42 ms/tok, 297 ms avg (3 % of wall), 0 tok cached (0/1 hit) | live 1, queued 0 | pool 3/2048 blocks (0 %) | prefix cache 0/29 entries
2026-10-06 02:10:46.245 INFO  sched: request 'chatcmpl-877193fee7db191e' retired (steps): 256 tok in 9.5 s — prefill 40 tok (0 cached) in 297 ms; decode 255 tok / 113 passes in 9.2 s: 27.7 tok/s, 36.1 ms/tok, 82 ms/pass, 2.26 tok/pass, accept p1 71 % p2 40 % p3 15 %
2026-10-06 02:10:46.730 INFO  journal: stop record — exiting
2026-10-06 02:10:46.824 INFO  rank 1: graph engine sampling summary — 0 sampled decode steps, 0 served by the exact gather fallback (0.0%), 128 candidates per rank
2026-10-06 02:10:48.614 INFO  rank 1: exited cleanly
2026-10-06 05:33:06.170 INFO  dgpp-serve 0.1.0+g50309fdcf51d.dirty (git 50309fdcf51d)
2026-10-06 05:33:06.172 INFO  config /tmp/bus4/deployments/2b850bde999b16df/cluster.json: model HawkBearPig/GLM-5.3-Flash-NVFP4-FP8, world 2, rank 1, http :18080, fabric :29970, journal :29971
2026-10-06 05:33:06.172 INFO  model HawkBearPig/GLM-5.3-Flash-NVFP4-FP8 -> /home/stephen/.cache/huggingface/hub/models--HawkBearPig--GLM-5.3-Flash-NVFP4-FP8/snapshots/17b8d4d83e33e836e9549d7e1a8d25b5117203c1
2026-10-06 05:33:06.173 INFO  journal: connected to rank 0 at 192.168.88.11:29971 (120000 attempt window)
2026-10-06 05:33:06.173 INFO  rank 1: settings from rank 0: model=HawkBearPig/GLM-5.3-Flash-NVFP4-FP8 world=2 fabric=29970 journal=29971 conc=2 kv=262144 kvdt=fp8 ngt=resident dw=checkpoint mtpef=fp8 bfw=bf12 fp8head=gemv pf=bounded emsh=replicated maxtok=32768 queue=8 eos=1 graph=1 compact=0 mtp=1 mtpd=3 mss=0 msrow=8 msbase=28 mslam=0 msmin=1 msad=1 msss=0.93 mdr=auto mdt=1 mvf=token dbr=0 batchmin=2 cand=128 pcgib=2 adm=full win=256 pfbudget=-1 pfidle=0 pmin=1024 phead=1 pace=-1 inflight=-1 reasoning_in_content=0 rs=off dflash=off dfw=checkpoint
2026-10-06 05:33:06.174 INFO  config: model=HawkBearPig/GLM-5.3-Flash-NVFP4-FP8 world=2 fabric=29970 journal=29971 conc=2 kv=262144 kvdt=fp8 ngt=resident dw=checkpoint mtpef=fp8 bfw=bf12 fp8head=gemv pf=bounded emsh=replicated maxtok=32768 queue=8 eos=1 graph=1 compact=0 mtp=1 mtpd=3 mss=0 msrow=8 msbase=28 mslam=0 msmin=1 msad=1 msss=0.93 mdr=auto mdt=1 mvf=token dbr=0 batchmin=2 cand=128 pcgib=2 adm=full win=256 pfbudget=-1 pfidle=0 pmin=1024 phead=1 pace=-1 inflight=-1 reasoning_in_content=0 rs=off dflash=off dfw=checkpoint (digest fde9711328e4b39d)
2026-10-06 05:33:06.316 INFO  serve: model family glm5 (/home/stephen/.cache/huggingface/hub/models--HawkBearPig--GLM-5.3-Flash-NVFP4-FP8/snapshots/17b8d4d83e33e836e9549d7e1a8d25b5117203c1)
2026-10-06 05:33:06.316 INFO  serve: decode rows 8 (2 slot(s) x 4 row(s) per request, floor 8, the glm5 family's cap 8)
2026-10-06 05:33:06.316 WARN  generation config /home/stephen/.cache/huggingface/hub/models--HawkBearPig--GLM-5.3-Flash-NVFP4-FP8/snapshots/17b8d4d83e33e836e9549d7e1a8d25b5117203c1/generation_config.json omits top_k, min_p, repetition_penalty; using greedy-safe/neutral fallbacks for those fields
2026-10-06 05:33:06.316 INFO  generation defaults: temperature=1 top_p=0.95 top_k=0 min_p=0 repetition_penalty=1
2026-10-06 05:33:06.316 INFO  serve: sampling defaults temperature 1 top_p 0.95 top_k 0 min_p 0 repetition_penalty 1 (from generation_config.json; overrides: none)
2026-10-06 05:33:06.316 INFO  serve: request context limit 262144 tokens (the 262144-token K/V pool from engine.kv_capacity 262144; this family states no positional ceiling of its own)
2026-10-06 05:33:06.316 INFO  rank 1: prefix cache plan — 2 GiB budget, 29 slots of 70.422 MiB, 1.994 GiB allocated; cached K/V blocks share the 262144-token pool
2026-10-06 05:33:06.494 INFO  tokenizer: loaded vocab 154820 merges 321649 added 36 (revision 0x700b4469fc43f23b; glm pattern, no normalizer, ignore_merges true)
2026-10-06 05:33:06.503 INFO  serve: grammar vocabulary built (154880 ids, tool markers present, call-turn EOS 154829)
2026-10-06 05:33:06.605 INFO  serve: JSON grammar tables built in 0.10 s
2026-10-06 05:33:06.838 INFO  bus: globaltimer offset -59824881050 ns (+-2 us)
2026-10-06 05:33:06.847 INFO  verbs: device roceP2p1s0f0 port 1 gid_index 3
2026-10-06 05:33:06.851 INFO  verbs: device rocep1s0f0 port 1 gid_index 3
2026-10-06 05:33:07.401 INFO  bus: rank 1 up — 1 peer(s) x 2 lane(s), lat 8x65536B, bulk 8x262144B, bulk pace 85.0 Gb/s per QP, window 4 per lane
2026-10-06 05:33:07.401 INFO  rank 1: boundary reducer host-driven
2026-10-06 05:33:07.543 INFO  rank 1: process memory locked (mlockall MCL_CURRENT, 14546 MiB)
2026-10-06 05:33:07.543 INFO  rank 1: resident image cache at /home/stephen/.cache/dgpp/resident
2026-10-06 05:33:07.543 INFO  bus engine: rank 1 pinned to cpu 19
2026-10-06 05:33:07.629 INFO  rank 1: memory plan for a 262144-token context — vision weights (replicated) 1.05 GiB; vision workspace (bounded image prefill) 0.33 GiB; model weights (resident, packed bf16 matrices released) 89.73 GiB (3.53 GiB pinned); tensor-parallel slice views 1.34 GiB; bf16 decode packing (12-bit companions) 3.83 GiB; bf16 prefill expansion scratch 0.19 GiB; gemm workspace (at least) 0.06 GiB; kda scratch 0.16 GiB; kv cache pool (fp8) 1.61 GiB; dsa scratch 0.25 GiB; moe scratch 0.68 GiB (0.00 GiB pinned); kda state (request slots) 0.14 GiB; kda speculative snapshots 0.55 GiB; draft hidden cache (per position) 4.00 GiB; draft activations 0.05 GiB; activations (per-forward rows) 0.32 GiB (0.00 GiB pinned); route-trace staging 0.10 GiB (0.10 GiB pinned); prefix cache 1.99 GiB; engine 0.07 GiB
2026-10-06 05:33:07.629 INFO  rank 1: memory plan total 106.44 GiB (100.74 GiB device + 5.70 GiB pinned) + 4.00 GiB headroom against 116.73 GiB free (device free 115.34 GiB of 121.69 GiB, host available 116.73 GiB)
2026-10-06 05:33:07.629 INFO  memory ledger: rank 1 after the plan check — rss 1.15 GiB (anon 0.42, shmem 0.07, file 0.67; locked 14.21); device free 115.34 GiB, node available 116.73 GiB
2026-10-06 05:33:07.629 INFO  memory ledger: rank 1 after the bus — rss 1.15 GiB (anon 0.42, shmem 0.07, file 0.67; locked 14.21); device free 115.34 GiB, node available 116.73 GiB
2026-10-06 05:33:07.980 INFO  glm loader: rank 1 resident footprint 91.2 GiB; device free 115.3 of 121.7 GiB, host available 116.7 GiB
2026-10-06 05:33:09.825 INFO  glm loader: rank 1 resident image /home/stephen/.cache/dgpp/resident/8c6e72b4e136d684.img — 46/46 layers present, direct I/O
2026-10-06 05:33:09.869 INFO  l2 prefetch: on, window budget 12 MiB, boundary rate light, layer rate light
2026-10-06 05:33:09.869 INFO  glm loader: rank 1 boot digest from the resident image (713 tensors, 2.91 GiB)
2026-10-06 05:33:27.286 INFO  glm loader: rank 1 resident load complete — released 40 shard mappings (181.7 GiB) and evicted their page cache; image: 46 layers restored, 0 captured
2026-10-06 05:33:27.940 INFO  rank 1 bf12: 70 decode matrices packed (4.98 GiB of bf16 -> 3.74 GiB, 419039 escapes, widest row 64, 55 rows kept raw; 0 matrices kept bf16) in 2.6 s
2026-10-06 05:33:27.940 INFO  rank 1 bf12: 70 of them released their bf16 bytes (5.04 GiB returned; prefill expands through a 196 MiB scratch)
2026-10-06 05:33:33.156 INFO  rank 1 boot phases: digest 0.0 s (3.96 GiB hashed), globals 1.6 s, layers 21.3 s
2026-10-06 05:33:33.157 INFO  memory ledger: rank 1 after the model — rss 4.83 GiB (anon 0.45, shmem 3.70, file 0.67; locked 14.19); device free 10.47 GiB, node available 11.85 GiB
2026-10-06 05:33:33.157 INFO  rank 1: model constructed in 25.5s (resident, 2 request slots, 262144-token pool in fp8, 2048-row forwards)
2026-10-06 05:33:33.157 INFO  rank 1: prefix cache on — 29 snapshot slot(s) of 70.4 MiB (2.00 GiB asked)
2026-10-06 05:33:33.231 INFO  rank 1: graph engine samples on the device — 128 candidates per rank (8 rows x 2 ranks in a 65536-byte latency slot; the planned width is 128); constrained decoding available
2026-10-06 05:33:33.231 INFO  rank 1: graph row batch unavailable at mtp depth 3 (this family has no batched chain); every step replays a scalar graph
2026-10-06 05:33:33.231 INFO  rank 1: prefill budget 256 tokens/tick (0 = full prompt), 256 with nothing decoding
2026-10-06 05:33:33.231 INFO  rank 1: sampled requests draft a draw from the draft's distribution under the ratio verify (engine.mtp_draft auto)
2026-10-06 05:33:40.349 INFO  memory ledger: rank 1 after the graph engine — rss 4.83 GiB (anon 0.45, shmem 3.71, file 0.67; locked 14.19); device free 8.57 GiB, node available 9.94 GiB
2026-10-06 05:33:40.621 INFO  allreduce: device clock rate 2418000 kHz (stamps conversion)
2026-10-06 05:33:40.621 INFO  allreduce: rank 1 seq 1 launched (1 peers)
2026-10-06 05:33:40.621 INFO  allreduce: rank 1 seq 1 ready after 16.4us
2026-10-06 05:33:40.623 INFO  allreduce: rank 1 seq 1 done status=0 after 2430.7us
2026-10-06 05:33:40.671 INFO  allreduce: rank 1 seq 2 launched (1 peers)
2026-10-06 05:33:40.671 INFO  allreduce: rank 1 seq 2 ready after 9.0us
2026-10-06 05:33:40.671 INFO  allreduce: rank 1 seq 2 done status=0 after 29.9us
2026-10-06 05:33:40.672 INFO  allreduce: rank 1 seq 3 launched (1 peers)
2026-10-06 05:33:40.672 INFO  allreduce: rank 1 seq 3 ready after 9.0us
2026-10-06 05:33:40.672 INFO  allreduce: rank 1 seq 3 done status=0 after 53.6us
2026-10-06 05:33:40.672 INFO  allreduce: rank 1 seq 4 launched (1 peers)
2026-10-06 05:33:40.672 INFO  allreduce: rank 1 seq 4 ready after 8.8us
2026-10-06 05:33:40.672 INFO  allreduce: rank 1 seq 4 done status=0 after 29.4us
2026-10-06 05:33:40.673 INFO  allreduce: rank 1 seq 5 launched (1 peers)
2026-10-06 05:33:40.673 INFO  allreduce: rank 1 seq 5 ready after 9.1us
2026-10-06 05:33:40.673 INFO  allreduce: rank 1 seq 5 done status=0 after 40.8us
2026-10-06 05:33:40.673 INFO  allreduce: rank 1 seq 6 launched (1 peers)
2026-10-06 05:33:40.673 INFO  allreduce: rank 1 seq 6 ready after 8.9us
2026-10-06 05:33:40.674 INFO  allreduce: rank 1 seq 6 done status=0 after 40.8us
2026-10-06 05:33:40.677 INFO  allreduce: rank 1 seq 7 launched (1 peers)
2026-10-06 05:33:40.677 INFO  allreduce: rank 1 seq 7 ready after 12.2us
2026-10-06 05:33:40.677 INFO  allreduce: rank 1 seq 7 done status=0 after 149.0us
2026-10-06 05:33:40.678 INFO  allreduce: rank 1 seq 8 launched (1 peers)
2026-10-06 05:33:40.678 INFO  allreduce: rank 1 seq 8 ready after 9.1us
2026-10-06 05:33:40.678 INFO  allreduce: rank 1 seq 8 done status=0 after 29.8us
2026-10-06 05:33:40.679 INFO  allreduce: rank 1 seq 9 launched (1 peers)
2026-10-06 05:33:40.679 INFO  allreduce: rank 1 seq 9 ready after 9.2us
2026-10-06 05:33:40.679 INFO  allreduce: rank 1 seq 9 done status=0 after 47.4us
2026-10-06 05:33:40.680 INFO  allreduce: rank 1 seq 10 launched (1 peers)
2026-10-06 05:33:40.680 INFO  allreduce: rank 1 seq 10 ready after 9.0us
2026-10-06 05:33:40.680 INFO  allreduce: rank 1 seq 10 done status=0 after 31.5us
2026-10-06 05:33:40.681 INFO  allreduce: rank 1 seq 11 launched (1 peers)
2026-10-06 05:33:40.681 INFO  allreduce: rank 1 seq 11 ready after 9.3us
2026-10-06 05:33:40.681 INFO  allreduce: rank 1 seq 11 done status=0 after 53.2us
2026-10-06 05:33:40.682 INFO  allreduce: rank 1 seq 12 launched (1 peers)
2026-10-06 05:33:40.682 INFO  allreduce: rank 1 seq 12 ready after 9.2us
2026-10-06 05:33:40.682 INFO  allreduce: rank 1 seq 12 done status=0 after 44.1us
2026-10-06 05:33:40.683 INFO  allreduce: rank 1 seq 13 launched (1 peers)
2026-10-06 05:33:40.683 INFO  allreduce: rank 1 seq 13 ready after 9.2us
2026-10-06 05:33:40.683 INFO  allreduce: rank 1 seq 13 done status=0 after 37.4us
2026-10-06 05:33:40.684 INFO  allreduce: rank 1 seq 14 launched (1 peers)
2026-10-06 05:33:40.684 INFO  allreduce: rank 1 seq 14 ready after 10.5us
2026-10-06 05:33:40.684 INFO  allreduce: rank 1 seq 14 done status=0 after 45.5us
2026-10-06 05:33:40.685 INFO  allreduce: rank 1 seq 15 launched (1 peers)
2026-10-06 05:33:40.685 INFO  allreduce: rank 1 seq 15 ready after 8.4us
2026-10-06 05:33:40.685 INFO  allreduce: rank 1 seq 15 done status=0 after 28.2us
2026-10-06 05:33:40.686 INFO  allreduce: rank 1 seq 16 launched (1 peers)
2026-10-06 05:33:40.686 INFO  allreduce: rank 1 seq 16 ready after 8.4us
2026-10-06 05:33:40.686 INFO  allreduce: rank 1 seq 16 done status=0 after 46.1us
2026-10-06 05:33:40.795 INFO  bus graph era: variant 0 recorded with 100 collective node(s)
2026-10-06 05:33:40.795 INFO  rank 1: graph variant 0 shape: 1397 nodes, 1716 edges: kernel 1397 empty 0 memcpy 0 memset 0 host 0 event 0 other 0; max in-degree 2
2026-10-06 05:33:40.799 INFO  rank 1: graph variant 0 instantiated — 23.3 MiB of device memory (8.1 GiB free)
2026-10-06 05:33:40.801 INFO  bus graph era: variant 1 recorded with 100 collective node(s)
2026-10-06 05:33:40.801 INFO  rank 1: graph variant 1 shape: 1397 nodes, 1716 edges: kernel 1397 empty 0 memcpy 0 memset 0 host 0 event 0 other 0; max in-degree 2
2026-10-06 05:33:40.806 INFO  rank 1: graph variant 1 instantiated — 23.7 MiB of device memory (8.1 GiB free)
2026-10-06 05:33:40.806 INFO  rank 1: serving scalar graph variants 0/1 captured for request slot 0 (4 rows, MTP)
2026-10-06 05:33:40.920 INFO  bus graph era: variant 2 recorded with 100 collective node(s)
2026-10-06 05:33:40.920 INFO  rank 1: graph variant 2 shape: 1397 nodes, 1716 edges: kernel 1397 empty 0 memcpy 0 memset 0 host 0 event 0 other 0; max in-degree 2
2026-10-06 05:33:40.928 INFO  rank 1: graph variant 2 instantiated — 36.3 MiB of device memory (8.0 GiB free)
2026-10-06 05:33:40.929 INFO  bus graph era: variant 3 recorded with 100 collective node(s)
2026-10-06 05:33:40.929 INFO  rank 1: graph variant 3 shape: 1397 nodes, 1716 edges: kernel 1397 empty 0 memcpy 0 memset 0 host 0 event 0 other 0; max in-degree 2
2026-10-06 05:33:40.936 INFO  rank 1: graph variant 3 instantiated — 31.5 MiB of device memory (8.0 GiB free)
2026-10-06 05:33:40.936 INFO  rank 1: serving scalar graph variants 2/3 captured for request slot 1 (4 rows, MTP)
2026-10-06 05:33:40.936 INFO  rank 1: warm capture complete — 2 scalar variants recorded before the first request
2026-10-06 05:33:40.936 INFO  memory ledger: rank 1 after the warm capture — rss 5.16 GiB (anon 0.78, shmem 3.71, file 0.67; locked 14.19); device free 8.01 GiB, node available 9.38 GiB
2026-10-06 05:33:40.936 INFO  rank 1: graph variants warm-captured in 0.59s
2026-10-06 05:33:40.936 INFO  rank 1: following rank 0's journal (admission full, window 256)
2026-10-06 05:33:42.562 INFO  sched: request 'chatcmpl-56a57d05293d2768' starting prefill in slot 0 (62 prompt tokens)
2026-10-06 05:33:42.925 INFO  sched: request 'chatcmpl-56a57d05293d2768' prefix cache miss — 2 cut(s), the cache is empty
2026-10-06 05:33:42.925 INFO  sched: request 'chatcmpl-56a57d05293d2768' admitted to slot 0 (reserve 1 blocks; pool 1/2048 blocks in use) — first token 785
2026-10-06 05:33:44.887 INFO  sched: request 'chatcmpl-56a57d05293d2768' retired (steps): 64 tok in 2.3 s — prefill 62 tok (0 cached) in 363 ms; decode 63 tok / 24 passes in 2.0 s: 32.1 tok/s, 31.1 ms/tok, 82 ms/pass, 2.62 tok/pass, accept p1 83 % p2 58 % p3 21 %
2026-10-06 05:33:44.907 INFO  sched: request 'chatcmpl-56a57d05293d2769' starting prefill in slot 0 (37 prompt tokens)
2026-10-06 05:33:45.188 INFO  sched: request 'chatcmpl-56a57d05293d2769' prefix cache miss — 2 cut(s), the cache is empty
2026-10-06 05:33:45.188 INFO  sched: request 'chatcmpl-56a57d05293d2769' admitted to slot 0 (reserve 3 blocks; pool 3/2048 blocks in use) — first token 785
2026-10-06 05:33:51.117 INFO  stats: rank 1 | 10.0 s | decode 25.1 tok/s, 31.1 ms/tok, 79.8 ms/step (98 steps / 251 tok, 78 % of wall) | mtp 2.56 tok/step/req, accept p1 83 % p2 52 % p3 19 % | prefill 2 prompts / 99 tok, 10 tok/s, 6.51 ms/tok, 322 ms avg (6 % of wall), 0 tok cached (0/2 hits) | live 1, queued 0 | pool 3/2048 blocks (0 %) | prefix cache 0/29 entries
2026-10-06 05:33:53.713 INFO  sched: request 'chatcmpl-56a57d05293d2769' retired (steps): 256 tok in 8.8 s — prefill 37 tok (0 cached) in 281 ms; decode 255 tok / 106 passes in 8.5 s: 29.9 tok/s, 33.4 ms/tok, 80 ms/pass, 2.41 tok/pass, accept p1 80 % p2 45 % p3 15 %
2026-10-06 05:33:53.733 INFO  sched: request 'chatcmpl-56a57d05293d276a' starting prefill in slot 0 (37 prompt tokens)
2026-10-06 05:33:54.011 INFO  sched: request 'chatcmpl-56a57d05293d276a' prefix cache miss — 2 cut(s), the cache is empty
2026-10-06 05:33:54.011 INFO  sched: request 'chatcmpl-56a57d05293d276a' admitted to slot 0 (reserve 3 blocks; pool 3/2048 blocks in use) — first token 785
2026-10-06 05:34:01.148 INFO  stats: rank 1 | 10.0 s | decode 29.3 tok/s, 32.8 ms/tok, 79.7 ms/step (121 steps / 294 tok, 96 % of wall) | mtp 2.43 tok/step/req, accept p1 81 % p2 46 % p3 15 % | prefill 1 prompt / 37 tok, 4 tok/s, 7.52 ms/tok, 278 ms avg (3 % of wall), 0 tok cached (0/1 hit) | live 1, queued 0 | pool 3/2048 blocks (0 %) | prefix cache 0/29 entries
2026-10-06 05:34:02.548 INFO  sched: request 'chatcmpl-56a57d05293d276a' retired (steps): 256 tok in 8.8 s — prefill 37 tok (0 cached) in 278 ms; decode 255 tok / 106 passes in 8.5 s: 29.9 tok/s, 33.5 ms/tok, 81 ms/pass, 2.41 tok/pass, accept p1 80 % p2 45 % p3 15 %
2026-10-06 05:34:02.563 INFO  sched: request 'chatcmpl-56a57d05293d276b' starting prefill in slot 0 (37 prompt tokens)
2026-10-06 05:34:02.840 INFO  sched: request 'chatcmpl-56a57d05293d276b' prefix cache miss — 2 cut(s), the cache is empty
2026-10-06 05:34:02.840 INFO  sched: request 'chatcmpl-56a57d05293d276b' admitted to slot 0 (reserve 3 blocks; pool 3/2048 blocks in use) — first token 785
2026-10-06 05:34:11.198 INFO  stats: rank 1 | 10.1 s | decode 28.2 tok/s, 34.2 ms/tok, 80.0 ms/step (121 steps / 283 tok, 96 % of wall) | mtp 2.34 tok/step/req, accept p1 79 % p2 41 % p3 13 % | prefill 1 prompt / 37 tok, 4 tok/s, 7.50 ms/tok, 277 ms avg (3 % of wall), 0 tok cached (0/1 hit) | live 1, queued 0 | pool 3/2048 blocks (0 %) | prefix cache 0/29 entries
2026-10-06 05:34:11.373 INFO  sched: request 'chatcmpl-56a57d05293d276b' retired (steps): 256 tok in 8.8 s — prefill 37 tok (0 cached) in 277 ms; decode 255 tok / 106 passes in 8.5 s: 29.9 tok/s, 33.5 ms/tok, 81 ms/pass, 2.41 tok/pass, accept p1 80 % p2 45 % p3 15 %
2026-10-06 05:34:11.393 INFO  sched: request 'chatcmpl-56a57d05293d276c' starting prefill in slot 0 (51 prompt tokens)
2026-10-06 05:34:11.719 INFO  sched: request 'chatcmpl-56a57d05293d276c' prefix cache miss — 2 cut(s), the cache is empty
2026-10-06 05:34:11.719 INFO  sched: request 'chatcmpl-56a57d05293d276c' admitted to slot 0 (reserve 3 blocks; pool 3/2048 blocks in use) — first token 785
2026-10-06 05:34:18.459 INFO  sched: request 'chatcmpl-56a57d05293d276c' retired (steps): 256 tok in 7.1 s — prefill 51 tok (0 cached) in 326 ms; decode 255 tok / 81 passes in 6.7 s: 37.8 tok/s, 26.4 ms/tok, 83 ms/pass, 3.15 tok/pass, accept p1 98 % p2 79 % p3 41 %
2026-10-06 05:34:18.483 INFO  sched: request 'chatcmpl-56a57d05293d276d' starting prefill in slot 0 (51 prompt tokens)
2026-10-06 05:34:18.805 INFO  sched: request 'chatcmpl-56a57d05293d276d' prefix cache miss — 2 cut(s), the cache is empty
2026-10-06 05:34:18.805 INFO  sched: request 'chatcmpl-56a57d05293d276d' admitted to slot 0 (reserve 3 blocks; pool 3/2048 blocks in use) — first token 785
2026-10-06 05:34:21.267 INFO  stats: rank 1 | 10.1 s | decode 35.1 tok/s, 26.3 ms/tok, 82.2 ms/step (113 steps / 353 tok, 92 % of wall) | mtp 3.12 tok/step/req, accept p1 96 % p2 79 % p3 37 % | prefill 2 prompts / 102 tok, 10 tok/s, 6.35 ms/tok, 324 ms avg (6 % of wall), 0 tok cached (0/2 hits) | live 1, queued 0 | pool 3/2048 blocks (0 %) | prefix cache 0/29 entries
2026-10-06 05:34:25.562 INFO  sched: request 'chatcmpl-56a57d05293d276d' retired (steps): 256 tok in 7.1 s — prefill 51 tok (0 cached) in 322 ms; decode 255 tok / 81 passes in 6.8 s: 37.7 tok/s, 26.5 ms/tok, 83 ms/pass, 3.15 tok/pass, accept p1 98 % p2 79 % p3 41 %
2026-10-06 05:34:25.576 INFO  sched: request 'chatcmpl-56a57d05293d276e' starting prefill in slot 0 (51 prompt tokens)
2026-10-06 05:34:25.898 INFO  sched: request 'chatcmpl-56a57d05293d276e' prefix cache miss — 2 cut(s), the cache is empty
2026-10-06 05:34:25.899 INFO  sched: request 'chatcmpl-56a57d05293d276e' admitted to slot 0 (reserve 3 blocks; pool 3/2048 blocks in use) — first token 785
2026-10-06 05:34:31.280 INFO  stats: rank 1 | 10.0 s | decode 36.6 tok/s, 26.2 ms/tok, 82.7 ms/step (116 steps / 366 tok, 96 % of wall) | mtp 3.16 tok/step/req, accept p1 97 % p2 78 % p3 41 % | prefill 1 prompt / 51 tok, 5 tok/s, 6.32 ms/tok, 322 ms avg (3 % of wall), 0 tok cached (0/1 hit) | live 1, queued 0 | pool 3/2048 blocks (0 %) | prefix cache 0/29 entries
2026-10-06 05:34:32.652 INFO  sched: request 'chatcmpl-56a57d05293d276e' retired (steps): 256 tok in 7.1 s — prefill 51 tok (0 cached) in 322 ms; decode 255 tok / 81 passes in 6.8 s: 37.8 tok/s, 26.5 ms/tok, 83 ms/pass, 3.15 tok/pass, accept p1 98 % p2 79 % p3 41 %
2026-10-06 05:34:32.666 INFO  sched: request 'chatcmpl-56a57d05293d276f' starting prefill in slot 0 (46 prompt tokens)
2026-10-06 05:34:32.974 INFO  sched: request 'chatcmpl-56a57d05293d276f' prefix cache miss — 2 cut(s), the cache is empty
2026-10-06 05:34:32.974 INFO  sched: request 'chatcmpl-56a57d05293d276f' admitted to slot 0 (reserve 3 blocks; pool 3/2048 blocks in use) — first token 785
2026-10-06 05:34:40.298 INFO  sched: request 'chatcmpl-56a57d05293d276f' retired (steps): 256 tok in 7.6 s — prefill 46 tok (0 cached) in 308 ms; decode 255 tok / 90 passes in 7.3 s: 34.8 tok/s, 28.7 ms/tok, 81 ms/pass, 2.83 tok/pass, accept p1 94 % p2 68 % p3 21 %
2026-10-06 05:34:40.323 INFO  sched: request 'chatcmpl-56a57d05293d2770' starting prefill in slot 0 (46 prompt tokens)
2026-10-06 05:34:40.630 INFO  sched: request 'chatcmpl-56a57d05293d2770' prefix cache miss — 2 cut(s), the cache is empty
2026-10-06 05:34:40.630 INFO  sched: request 'chatcmpl-56a57d05293d2770' admitted to slot 0 (reserve 3 blocks; pool 3/2048 blocks in use) — first token 785
2026-10-06 05:34:41.282 INFO  stats: rank 1 | 10.0 s | decode 33.1 tok/s, 28.0 ms/tok, 81.2 ms/step (114 steps / 331 tok, 93 % of wall) | mtp 2.90 tok/step/req, accept p1 94 % p2 69 % p3 27 % | prefill 2 prompts / 92 tok, 9 tok/s, 6.69 ms/tok, 308 ms avg (6 % of wall), 0 tok cached (0/2 hits) | live 1, queued 0 | pool 3/2048 blocks (0 %) | prefix cache 0/29 entries
2026-10-06 05:34:47.964 INFO  sched: request 'chatcmpl-56a57d05293d2770' retired (steps): 256 tok in 7.6 s — prefill 46 tok (0 cached) in 308 ms; decode 255 tok / 90 passes in 7.3 s: 34.8 tok/s, 28.8 ms/tok, 81 ms/pass, 2.83 tok/pass, accept p1 94 % p2 68 % p3 21 %
2026-10-06 05:34:47.983 INFO  sched: request 'chatcmpl-56a57d05293d2771' starting prefill in slot 0 (46 prompt tokens)
2026-10-06 05:34:48.291 INFO  sched: request 'chatcmpl-56a57d05293d2771' prefix cache miss — 2 cut(s), the cache is empty
2026-10-06 05:34:48.291 INFO  sched: request 'chatcmpl-56a57d05293d2771' admitted to slot 0 (reserve 3 blocks; pool 3/2048 blocks in use) — first token 785
2026-10-06 05:34:51.306 INFO  stats: rank 1 | 10.0 s | decode 33.1 tok/s, 29.0 ms/tok, 80.8 ms/step (119 steps / 332 tok, 96 % of wall) | mtp 2.79 tok/step/req, accept p1 94 % p2 66 % p3 18 % | prefill 1 prompt / 46 tok, 5 tok/s, 6.69 ms/tok, 308 ms avg (3 % of wall), 0 tok cached (0/1 hit) | live 1, queued 0 | pool 3/2048 blocks (0 %) | prefix cache 0/29 entries
2026-10-06 05:34:55.613 INFO  sched: request 'chatcmpl-56a57d05293d2771' retired (steps): 256 tok in 7.6 s — prefill 46 tok (0 cached) in 308 ms; decode 255 tok / 90 passes in 7.3 s: 34.8 tok/s, 28.7 ms/tok, 81 ms/pass, 2.83 tok/pass, accept p1 94 % p2 68 % p3 21 %
2026-10-06 05:34:55.644 INFO  sched: request 'chatcmpl-56a57d05293d2772' starting prefill in slot 0 (68 prompt tokens)
2026-10-06 05:34:56.003 INFO  sched: request 'chatcmpl-56a57d05293d2772' prefix cache miss — 2 cut(s), the cache is empty
2026-10-06 05:34:56.003 INFO  sched: request 'chatcmpl-56a57d05293d2772' admitted to slot 0 (reserve 3 blocks; pool 3/2048 blocks in use) — first token 1654
2026-10-06 05:35:01.380 INFO  stats: rank 1 | 10.1 s | decode 34.0 tok/s, 28.0 ms/tok, 81.3 ms/step (118 steps / 343 tok, 95 % of wall) | mtp 2.91 tok/step/req, accept p1 94 % p2 69 % p3 26 % | prefill 1 prompt / 68 tok, 7 tok/s, 5.28 ms/tok, 359 ms avg (4 % of wall), 0 tok cached (0/1 hit) | live 1, queued 0 | pool 3/2048 blocks (0 %) | prefix cache 0/29 entries
2026-10-06 05:35:03.396 INFO  sched: request 'chatcmpl-56a57d05293d2772' retired (steps): 256 tok in 7.8 s — prefill 68 tok (0 cached) in 359 ms; decode 255 tok / 89 passes in 7.4 s: 34.5 tok/s, 29.0 ms/tok, 83 ms/pass, 2.87 tok/pass, accept p1 91 % p2 72 % p3 25 %
2026-10-06 05:35:03.411 INFO  sched: request 'chatcmpl-56a57d05293d2773' starting prefill in slot 0 (68 prompt tokens)
2026-10-06 05:35:03.763 INFO  sched: request 'chatcmpl-56a57d05293d2773' prefix cache miss — 2 cut(s), the cache is empty
2026-10-06 05:35:03.763 INFO  sched: request 'chatcmpl-56a57d05293d2773' admitted to slot 0 (reserve 3 blocks; pool 3/2048 blocks in use) — first token 1654
2026-10-06 05:35:11.168 INFO  sched: request 'chatcmpl-56a57d05293d2773' retired (steps): 256 tok in 7.8 s — prefill 68 tok (0 cached) in 352 ms; decode 255 tok / 89 passes in 7.4 s: 34.4 tok/s, 29.0 ms/tok, 83 ms/pass, 2.87 tok/pass, accept p1 91 % p2 72 % p3 25 %
2026-10-06 05:35:11.199 INFO  sched: request 'chatcmpl-56a57d05293d2774' starting prefill in slot 0 (68 prompt tokens)
2026-10-06 05:35:11.552 INFO  sched: request 'chatcmpl-56a57d05293d2774' prefix cache miss — 2 cut(s), the cache is empty
2026-10-06 05:35:11.552 INFO  sched: request 'chatcmpl-56a57d05293d2774' admitted to slot 0 (reserve 3 blocks; pool 3/2048 blocks in use) — first token 1654
2026-10-06 05:35:11.621 INFO  stats: rank 1 | 10.2 s | decode 32.1 tok/s, 28.6 ms/tok, 82.4 ms/step (114 steps / 329 tok, 92 % of wall) | mtp 2.89 tok/step/req, accept p1 90 % p2 75 % p3 24 % | prefill 2 prompts / 136 tok, 13 tok/s, 5.19 ms/tok, 353 ms avg (7 % of wall), 0 tok cached (0/2 hits) | live 1, queued 0 | pool 3/2048 blocks (0 %) | prefix cache 0/29 entries
2026-10-06 05:35:18.965 INFO  sched: request 'chatcmpl-56a57d05293d2774' retired (steps): 256 tok in 7.8 s — prefill 68 tok (0 cached) in 353 ms; decode 255 tok / 89 passes in 7.4 s: 34.4 tok/s, 29.1 ms/tok, 83 ms/pass, 2.87 tok/pass, accept p1 91 % p2 72 % p3 25 %
2026-10-06 05:35:18.990 INFO  sched: request 'chatcmpl-56a57d05293d2775' starting prefill in slot 0 (40 prompt tokens)
2026-10-06 05:35:19.294 INFO  sched: request 'chatcmpl-56a57d05293d2775' prefix cache miss — 2 cut(s), the cache is empty
2026-10-06 05:35:19.294 INFO  sched: request 'chatcmpl-56a57d05293d2775' admitted to slot 0 (reserve 3 blocks; pool 3/2048 blocks in use) — first token 785
2026-10-06 05:35:21.668 INFO  stats: rank 1 | 10.0 s | decode 32.4 tok/s, 29.5 ms/tok, 82.3 ms/step (117 steps / 326 tok, 96 % of wall) | mtp 2.79 tok/step/req, accept p1 89 % p2 65 % p3 25 % | prefill 1 prompt / 40 tok, 4 tok/s, 7.60 ms/tok, 304 ms avg (3 % of wall), 0 tok cached (0/1 hit) | live 1, queued 0 | pool 3/2048 blocks (0 %) | prefix cache 0/29 entries
2026-10-06 05:35:28.565 INFO  sched: request 'chatcmpl-56a57d05293d2775' retired (steps): 256 tok in 9.6 s — prefill 40 tok (0 cached) in 304 ms; decode 255 tok / 113 passes in 9.3 s: 27.5 tok/s, 36.4 ms/tok, 82 ms/pass, 2.26 tok/pass, accept p1 71 % p2 40 % p3 15 %
2026-10-06 05:35:28.595 INFO  sched: request 'chatcmpl-56a57d05293d2776' starting prefill in slot 0 (40 prompt tokens)
2026-10-06 05:35:28.906 INFO  sched: request 'chatcmpl-56a57d05293d2776' prefix cache miss — 2 cut(s), the cache is empty
2026-10-06 05:35:28.906 INFO  sched: request 'chatcmpl-56a57d05293d2776' admitted to slot 0 (reserve 3 blocks; pool 3/2048 blocks in use) — first token 785
2026-10-06 05:35:31.750 INFO  stats: rank 1 | 10.1 s | decode 26.7 tok/s, 35.9 ms/tok, 81.8 ms/step (118 steps / 269 tok, 96 % of wall) | mtp 2.28 tok/step/req, accept p1 71 % p2 41 % p3 15 % | prefill 1 prompt / 40 tok, 4 tok/s, 7.78 ms/tok, 311 ms avg (3 % of wall), 0 tok cached (0/1 hit) | live 1, queued 0 | pool 3/2048 blocks (0 %) | prefix cache 0/29 entries
2026-10-06 05:35:38.315 INFO  sched: request 'chatcmpl-56a57d05293d2776' retired (steps): 256 tok in 9.7 s — prefill 40 tok (0 cached) in 311 ms; decode 255 tok / 113 passes in 9.4 s: 27.1 tok/s, 36.9 ms/tok, 83 ms/pass, 2.26 tok/pass, accept p1 71 % p2 40 % p3 15 %
2026-10-06 05:35:38.339 INFO  sched: request 'chatcmpl-56a57d05293d2777' starting prefill in slot 0 (40 prompt tokens)
2026-10-06 05:35:38.638 INFO  sched: request 'chatcmpl-56a57d05293d2777' prefix cache miss — 2 cut(s), the cache is empty
2026-10-06 05:35:38.638 INFO  sched: request 'chatcmpl-56a57d05293d2777' admitted to slot 0 (reserve 3 blocks; pool 3/2048 blocks in use) — first token 785
2026-10-06 05:35:41.827 INFO  stats: rank 1 | 10.1 s | decode 26.7 tok/s, 35.9 ms/tok, 81.9 ms/step (118 steps / 269 tok, 96 % of wall) | mtp 2.28 tok/step/req, accept p1 72 % p2 40 % p3 15 % | prefill 1 prompt / 40 tok, 4 tok/s, 7.47 ms/tok, 299 ms avg (3 % of wall), 0 tok cached (0/1 hit) | live 1, queued 0 | pool 3/2048 blocks (0 %) | prefix cache 0/29 entries
2026-10-06 05:35:47.956 INFO  sched: request 'chatcmpl-56a57d05293d2777' retired (steps): 256 tok in 9.6 s — prefill 40 tok (0 cached) in 299 ms; decode 255 tok / 113 passes in 9.3 s: 27.4 tok/s, 36.5 ms/tok, 82 ms/pass, 2.26 tok/pass, accept p1 71 % p2 40 % p3 15 %
2026-10-06 05:35:48.377 INFO  journal: stop record — exiting
2026-10-06 05:35:48.385 INFO  rank 1: graph engine sampling summary — 0 sampled decode steps, 0 served by the exact gather fallback (0.0%), 128 candidates per rank
2026-10-06 05:35:50.041 INFO  rank 1: exited cleanly
