model XiaomiMiMo/MiMo-V2.6-Flash-RL
warm 0: status 200 tokens 64
== prose concurrency 1: 13:42:40.145 .. 13:42:46.783  wall 6.6 s
   req 0: status 200 finish=length tokens 256 chunks 256 ttft 279 ms  client update pace 24.93 ms/update
   aggregate wall: 256 tokens in 6.64 s = 38.57 tok/s (prefill included)
   legacy output-span aggregate: 40.268310635329684 tok/s (initial TTFT excluded; later admissions included)
   engine decode: 40.108 tok/s
== prose concurrency 1: 13:42:46.784 .. 13:42:53.410  wall 6.6 s
   req 0: status 200 finish=length tokens 256 chunks 256 ttft 278 ms  client update pace 24.89 ms/update
   aggregate wall: 256 tokens in 6.63 s = 38.64 tok/s (prefill included)
   legacy output-span aggregate: 40.3323395875815 tok/s (initial TTFT excluded; later admissions included)
   engine decode: 40.159 tok/s
== prose concurrency 1: 13:42:53.411 .. 13:43:00.060  wall 6.6 s
   req 0: status 200 finish=length tokens 256 chunks 256 ttft 280 ms  client update pace 24.98 ms/update
   aggregate wall: 256 tokens in 6.65 s = 38.50 tok/s (prefill included)
   legacy output-span aggregate: 40.1937768734217 tok/s (initial TTFT excluded; later admissions included)
   engine decode: 40.089 tok/s
== code concurrency 1: 13:43:00.062 .. 13:43:06.314  wall 6.3 s
   req 0: status 200 finish=length tokens 256 chunks 256 ttft 331 ms  client update pace 23.22 ms/update
   aggregate wall: 256 tokens in 6.25 s = 40.94 tok/s (prefill included)
   legacy output-span aggregate: 43.239542660440065 tok/s (initial TTFT excluded; later admissions included)
   engine decode: 43.186 tok/s
== code concurrency 1: 13:43:06.315 .. 13:43:12.567  wall 6.3 s
   req 0: status 200 finish=length tokens 256 chunks 256 ttft 331 ms  client update pace 23.22 ms/update
   aggregate wall: 256 tokens in 6.25 s = 40.94 tok/s (prefill included)
   legacy output-span aggregate: 43.23607609677598 tok/s (initial TTFT excluded; later admissions included)
   engine decode: 43.165 tok/s
== code concurrency 1: 13:43:12.568 .. 13:43:18.820  wall 6.3 s
   req 0: status 200 finish=length tokens 256 chunks 256 ttft 330 ms  client update pace 23.22 ms/update
   aggregate wall: 256 tokens in 6.25 s = 40.95 tok/s (prefill included)
   legacy output-span aggregate: 43.23207471238455 tok/s (initial TTFT excluded; later admissions included)
   engine decode: 43.122 tok/s
== json concurrency 1: 13:43:18.822 .. 13:43:24.104  wall 5.3 s
   req 0: status 200 finish=length tokens 256 chunks 256 ttft 330 ms  client update pace 19.32 ms/update
   aggregate wall: 256 tokens in 5.28 s = 48.46 tok/s (prefill included)
   legacy output-span aggregate: 51.965161475679665 tok/s (initial TTFT excluded; later admissions included)
   engine decode: 51.618 tok/s
== json concurrency 1: 13:43:24.105 .. 13:43:29.395  wall 5.3 s
   req 0: status 200 finish=length tokens 256 chunks 256 ttft 331 ms  client update pace 19.45 ms/update
   aggregate wall: 256 tokens in 5.29 s = 48.39 tok/s (prefill included)
   legacy output-span aggregate: 51.62716987477337 tok/s (initial TTFT excluded; later admissions included)
   engine decode: 51.548 tok/s
== json concurrency 1: 13:43:29.395 .. 13:43:34.675  wall 5.3 s
   req 0: status 200 finish=length tokens 256 chunks 256 ttft 331 ms  client update pace 19.40 ms/update
   aggregate wall: 256 tokens in 5.28 s = 48.49 tok/s (prefill included)
   legacy output-span aggregate: 51.73836234890419 tok/s (initial TTFT excluded; later admissions included)
   engine decode: 51.607 tok/s
== math concurrency 1: 13:43:34.677 .. 13:43:40.438  wall 5.8 s
   req 0: status 200 finish=length tokens 256 chunks 256 ttft 407 ms  client update pace 20.90 ms/update
   aggregate wall: 256 tokens in 5.76 s = 44.44 tok/s (prefill included)
   legacy output-span aggregate: 48.03929993839364 tok/s (initial TTFT excluded; later admissions included)
   engine decode: 47.748 tok/s
== math concurrency 1: 13:43:40.439 .. 13:43:46.187  wall 5.7 s
   req 0: status 200 finish=length tokens 256 chunks 256 ttft 406 ms  client update pace 20.94 ms/update
   aggregate wall: 256 tokens in 5.75 s = 44.54 tok/s (prefill included)
   legacy output-span aggregate: 47.93194695831897 tok/s (initial TTFT excluded; later admissions included)
   engine decode: 47.798 tok/s
== math concurrency 1: 13:43:46.187 .. 13:43:51.941  wall 5.8 s
   req 0: status 200 finish=length tokens 256 chunks 256 ttft 406 ms  client update pace 20.97 ms/update
   aggregate wall: 256 tokens in 5.75 s = 44.49 tok/s (prefill included)
   legacy output-span aggregate: 47.87539990232813 tok/s (initial TTFT excluded; later admissions included)
   engine decode: 47.724 tok/s
== chat concurrency 1: 13:43:51.944 .. 13:43:58.906  wall 7.0 s
   req 0: status 200 finish=length tokens 256 chunks 256 ttft 306 ms  client update pace 26.10 ms/update
   aggregate wall: 256 tokens in 6.96 s = 36.77 tok/s (prefill included)
   legacy output-span aggregate: 38.46566648234658 tok/s (initial TTFT excluded; later admissions included)
   engine decode: 38.273 tok/s
== chat concurrency 1: 13:43:58.941 .. 13:44:05.941  wall 7.0 s
   req 0: status 200 finish=length tokens 256 chunks 256 ttft 305 ms  client update pace 26.15 ms/update
   aggregate wall: 256 tokens in 7.00 s = 36.57 tok/s (prefill included)
   legacy output-span aggregate: 38.38616047632452 tok/s (initial TTFT excluded; later admissions included)
   engine decode: 38.202 tok/s
== chat concurrency 1: 13:44:05.942 .. 13:44:12.921  wall 7.0 s
   req 0: status 200 finish=length tokens 256 chunks 256 ttft 308 ms  client update pace 26.16 ms/update
   aggregate wall: 256 tokens in 6.98 s = 36.68 tok/s (prefill included)
   legacy output-span aggregate: 38.373510843413456 tok/s (initial TTFT excluded; later admissions included)
   engine decode: 38.231 tok/s
== per-class wall aggregate tokens/s (prefill included), greedy, max_tokens 256
| class | c=1 |
|---|---|
| prose | 38.6 |
| code | 40.9 |
| json | 48.5 |
| math | 44.5 |
| chat | 36.7 |
