model XiaomiMiMo/MiMo-V2.6-Flash-RL
warm 0: status 200 tokens 64
== prose concurrency 1: 14:09:25.874 .. 14:09:29.413  wall 3.5 s
   req 0: status 200 finish=length tokens 256 chunks 256 ttft 154 ms  client update pace 13.27 ms/update
   aggregate wall: 256 tokens in 3.54 s = 72.34 tok/s (prefill included)
   legacy output-span aggregate: 75.62770176460732 tok/s (initial TTFT excluded; later admissions included)
   engine decode: 75.733 tok/s
== prose concurrency 1: 14:09:29.414 .. 14:09:32.950  wall 3.5 s
   req 0: status 200 finish=length tokens 256 chunks 256 ttft 153 ms  client update pace 13.26 ms/update
   aggregate wall: 256 tokens in 3.54 s = 72.40 tok/s (prefill included)
   legacy output-span aggregate: 75.69914268481867 tok/s (initial TTFT excluded; later admissions included)
   engine decode: 75.603 tok/s
== prose concurrency 1: 14:09:32.950 .. 14:09:36.480  wall 3.5 s
   req 0: status 200 finish=length tokens 256 chunks 256 ttft 153 ms  client update pace 13.24 ms/update
   aggregate wall: 256 tokens in 3.53 s = 72.53 tok/s (prefill included)
   legacy output-span aggregate: 75.83218015510477 tok/s (initial TTFT excluded; later admissions included)
   engine decode: 75.769 tok/s
== prose concurrency 2: 14:09:36.481 .. 14:09:41.617  wall 5.1 s
   req 0: status 200 finish=length tokens 256 chunks 256 ttft 204 ms  client update pace 18.44 ms/update
   req 1: status 200 finish=length tokens 256 chunks 256 ttft 204 ms  client update pace 19.34 ms/update
   aggregate wall: 512 tokens in 5.14 s = 99.69 tok/s (prefill included)
   legacy output-span aggregate: 103.8142353717297 tok/s (initial TTFT excluded; later admissions included)
   engine decode: 103.606 tok/s
== prose concurrency 2: 14:09:41.618 .. 14:09:46.744  wall 5.1 s
   req 0: status 200 finish=length tokens 256 chunks 256 ttft 204 ms  client update pace 18.40 ms/update
   req 1: status 200 finish=length tokens 256 chunks 256 ttft 204 ms  client update pace 19.30 ms/update
   aggregate wall: 512 tokens in 5.13 s = 99.89 tok/s (prefill included)
   legacy output-span aggregate: 104.0397311455483 tok/s (initial TTFT excluded; later admissions included)
   engine decode: 103.591 tok/s
== prose concurrency 2: 14:09:46.744 .. 14:09:51.885  wall 5.1 s
   req 0: status 200 finish=length tokens 256 chunks 256 ttft 203 ms  client update pace 18.46 ms/update
   req 1: status 200 finish=length tokens 256 chunks 256 ttft 203 ms  client update pace 19.26 ms/update
   aggregate wall: 512 tokens in 5.14 s = 99.59 tok/s (prefill included)
   legacy output-span aggregate: 104.23521907135824 tok/s (initial TTFT excluded; later admissions included)
   engine decode: 103.568 tok/s
== prose concurrency 4: 14:09:51.888 .. 14:09:59.390  wall 7.5 s
   req 0: status 200 finish=length tokens 256 chunks 256 ttft 253 ms  client update pace 28.23 ms/update
   req 1: status 200 finish=length tokens 256 chunks 256 ttft 254 ms  client update pace 27.92 ms/update
   req 2: status 200 finish=length tokens 256 chunks 256 ttft 253 ms  client update pace 28.42 ms/update
   req 3: status 200 finish=length tokens 256 chunks 256 ttft 253 ms  client update pace 27.92 ms/update
   aggregate wall: 1024 tokens in 7.50 s = 136.48 tok/s (prefill included)
   legacy output-span aggregate: 141.26890453453677 tok/s (initial TTFT excluded; later admissions included)
   engine decode: 140.861 tok/s
== prose concurrency 4: 14:09:59.391 .. 14:10:06.886  wall 7.5 s
   req 0: status 200 finish=length tokens 256 chunks 256 ttft 254 ms  client update pace 28.09 ms/update
   req 1: status 200 finish=length tokens 256 chunks 256 ttft 254 ms  client update pace 27.89 ms/update
   req 2: status 200 finish=length tokens 256 chunks 256 ttft 254 ms  client update pace 28.39 ms/update
   req 3: status 200 finish=length tokens 256 chunks 256 ttft 253 ms  client update pace 27.69 ms/update
   aggregate wall: 1024 tokens in 7.49 s = 136.63 tok/s (prefill included)
   legacy output-span aggregate: 141.43643775308715 tok/s (initial TTFT excluded; later admissions included)
   engine decode: 141.085 tok/s
== prose concurrency 4: 14:10:06.886 .. 14:10:14.399  wall 7.5 s
   req 0: status 200 finish=length tokens 256 chunks 256 ttft 256 ms  client update pace 28.15 ms/update
   req 1: status 200 finish=length tokens 256 chunks 256 ttft 256 ms  client update pace 27.95 ms/update
   req 2: status 200 finish=length tokens 256 chunks 256 ttft 256 ms  client update pace 28.45 ms/update
   req 3: status 200 finish=length tokens 256 chunks 256 ttft 256 ms  client update pace 28.05 ms/update
   aggregate wall: 1024 tokens in 7.51 s = 136.31 tok/s (prefill included)
   legacy output-span aggregate: 141.12640314682258 tok/s (initial TTFT excluded; later admissions included)
   engine decode: 141.202 tok/s
== prose concurrency 8: 14:10:14.403 .. 14:10:30.099  wall 15.7 s
   req 0: status 200 finish=length tokens 256 chunks 256 ttft 255 ms  client update pace 27.75 ms/update
   req 1: status 200 finish=length tokens 256 chunks 256 ttft 255 ms  client update pace 29.54 ms/update
   req 2: status 200 finish=length tokens 256 chunks 256 ttft 255 ms  client update pace 28.84 ms/update
   req 3: status 200 finish=length tokens 256 chunks 256 ttft 254 ms  client update pace 31.23 ms/update
   req 4: status 200 finish=length tokens 256 chunks 256 ttft 7457 ms  client update pace 30.81 ms/update
   req 5: status 200 finish=length tokens 256 chunks 256 ttft 7735 ms  client update pace 30.02 ms/update
   req 6: status 200 finish=length tokens 256 chunks 256 ttft 7913 ms  client update pace 29.91 ms/update
   req 7: status 200 finish=length tokens 256 chunks 256 ttft 8343 ms  client update pace 28.82 ms/update
   aggregate wall: 2048 tokens in 15.70 s = 130.48 tok/s (prefill included)
   legacy output-span aggregate: 132.64256578140788 tok/s (initial TTFT excluded; later admissions included)
   engine decode: 136.649 tok/s
== prose concurrency 8: 14:10:30.100 .. 14:10:45.562  wall 15.5 s
   req 0: status 200 finish=length tokens 256 chunks 256 ttft 231 ms  client update pace 28.04 ms/update
   req 1: status 200 finish=length tokens 256 chunks 256 ttft 231 ms  client update pace 29.84 ms/update
   req 2: status 200 finish=length tokens 256 chunks 256 ttft 7509 ms  client update pace 30.88 ms/update
   req 3: status 200 finish=length tokens 256 chunks 256 ttft 7076 ms  client update pace 30.29 ms/update
   req 4: status 200 finish=length tokens 256 chunks 256 ttft 230 ms  client update pace 26.35 ms/update
   req 5: status 200 finish=length tokens 256 chunks 256 ttft 230 ms  client update pace 28.94 ms/update
   req 6: status 200 finish=length tokens 256 chunks 256 ttft 7966 ms  client update pace 29.38 ms/update
   req 7: status 200 finish=length tokens 256 chunks 256 ttft 7736 ms  client update pace 30.18 ms/update
   aggregate wall: 2048 tokens in 15.46 s = 132.46 tok/s (prefill included)
   legacy output-span aggregate: 134.46984413521088 tok/s (initial TTFT excluded; later admissions included)
   engine decode: 138.779 tok/s
== prose concurrency 8: 14:10:45.563 .. 14:11:00.934  wall 15.4 s
   req 0: status 200 finish=length tokens 256 chunks 256 ttft 282 ms  client update pace 28.13 ms/update
   req 1: status 200 finish=length tokens 256 chunks 256 ttft 282 ms  client update pace 29.93 ms/update
   req 2: status 200 finish=length tokens 256 chunks 256 ttft 282 ms  client update pace 29.23 ms/update
   req 3: status 200 finish=length tokens 256 chunks 256 ttft 8041 ms  client update pace 28.54 ms/update
   req 4: status 200 finish=length tokens 256 chunks 256 ttft 281 ms  client update pace 26.24 ms/update
   req 5: status 200 finish=length tokens 256 chunks 256 ttft 7862 ms  client update pace 29.44 ms/update
   req 6: status 200 finish=length tokens 256 chunks 256 ttft 7099 ms  client update pace 30.84 ms/update
   req 7: status 200 finish=length tokens 256 chunks 256 ttft 7581 ms  client update pace 30.54 ms/update
   aggregate wall: 2048 tokens in 15.37 s = 133.23 tok/s (prefill included)
   legacy output-span aggregate: 135.72981620678055 tok/s (initial TTFT excluded; later admissions included)
   engine decode: 140.072 tok/s
== code concurrency 1: 14:11:00.942 .. 14:11:04.238  wall 3.3 s
   req 0: status 200 finish=length tokens 256 chunks 256 ttft 179 ms  client update pace 12.22 ms/update
   aggregate wall: 256 tokens in 3.30 s = 77.68 tok/s (prefill included)
   legacy output-span aggregate: 82.16461721110743 tok/s (initial TTFT excluded; later admissions included)
   engine decode: 81.912 tok/s
== code concurrency 1: 14:11:04.239 .. 14:11:07.547  wall 3.3 s
   req 0: status 200 finish=length tokens 256 chunks 256 ttft 179 ms  client update pace 12.27 ms/update
   aggregate wall: 256 tokens in 3.31 s = 77.38 tok/s (prefill included)
   legacy output-span aggregate: 81.81199722288447 tok/s (initial TTFT excluded; later admissions included)
   engine decode: 81.865 tok/s
== code concurrency 1: 14:11:07.548 .. 14:11:10.861  wall 3.3 s
   req 0: status 200 finish=length tokens 256 chunks 256 ttft 178 ms  client update pace 12.19 ms/update
   aggregate wall: 256 tokens in 3.31 s = 77.27 tok/s (prefill included)
   legacy output-span aggregate: 82.34801292587967 tok/s (initial TTFT excluded; later admissions included)
   engine decode: 81.986 tok/s
== code concurrency 2: 14:11:10.869 .. 14:11:15.590  wall 4.7 s
   req 0: status 200 finish=length tokens 256 chunks 256 ttft 231 ms  client update pace 17.61 ms/update
   req 1: status 200 finish=length tokens 256 chunks 256 ttft 230 ms  client update pace 17.50 ms/update
   aggregate wall: 512 tokens in 4.72 s = 108.46 tok/s (prefill included)
   legacy output-span aggregate: 114.03631325845639 tok/s (initial TTFT excluded; later admissions included)
   engine decode: 113.997 tok/s
== code concurrency 2: 14:11:15.590 .. 14:11:20.363  wall 4.8 s
   req 0: status 200 finish=length tokens 256 chunks 256 ttft 229 ms  client update pace 17.82 ms/update
   req 1: status 200 finish=length tokens 256 chunks 256 ttft 229 ms  client update pace 17.51 ms/update
   aggregate wall: 512 tokens in 4.77 s = 107.28 tok/s (prefill included)
   legacy output-span aggregate: 112.70480692359627 tok/s (initial TTFT excluded; later admissions included)
   engine decode: 112.610 tok/s
== code concurrency 2: 14:11:20.364 .. 14:11:25.117  wall 4.8 s
   req 0: status 200 finish=length tokens 256 chunks 256 ttft 230 ms  client update pace 17.74 ms/update
   req 1: status 200 finish=length tokens 256 chunks 256 ttft 230 ms  client update pace 17.54 ms/update
   aggregate wall: 512 tokens in 4.75 s = 107.71 tok/s (prefill included)
   legacy output-span aggregate: 113.19715705773804 tok/s (initial TTFT excluded; later admissions included)
   engine decode: 113.192 tok/s
== code concurrency 4: 14:11:25.128 .. 14:11:32.277  wall 7.1 s
   req 0: status 200 finish=length tokens 256 chunks 256 ttft 279 ms  client update pace 26.53 ms/update
   req 1: status 200 finish=length tokens 256 chunks 256 ttft 279 ms  client update pace 26.73 ms/update
   req 2: status 200 finish=length tokens 256 chunks 256 ttft 279 ms  client update pace 26.93 ms/update
   req 3: status 200 finish=length tokens 256 chunks 256 ttft 278 ms  client update pace 26.33 ms/update
   aggregate wall: 1024 tokens in 7.15 s = 143.25 tok/s (prefill included)
   legacy output-span aggregate: 149.09315891285186 tok/s (initial TTFT excluded; later admissions included)
   engine decode: 148.660 tok/s
== code concurrency 4: 14:11:32.278 .. 14:11:39.475  wall 7.2 s
   req 0: status 200 finish=length tokens 256 chunks 256 ttft 256 ms  client update pace 26.92 ms/update
   req 1: status 200 finish=length tokens 256 chunks 256 ttft 255 ms  client update pace 26.92 ms/update
   req 2: status 200 finish=length tokens 256 chunks 256 ttft 255 ms  client update pace 27.22 ms/update
   req 3: status 200 finish=length tokens 256 chunks 256 ttft 255 ms  client update pace 26.71 ms/update
   aggregate wall: 1024 tokens in 7.20 s = 142.27 tok/s (prefill included)
   legacy output-span aggregate: 147.52400454092586 tok/s (initial TTFT excluded; later admissions included)
   engine decode: 148.036 tok/s
== code concurrency 4: 14:11:39.476 .. 14:11:46.649  wall 7.2 s
   req 0: status 200 finish=length tokens 256 chunks 256 ttft 256 ms  client update pace 26.92 ms/update
   req 1: status 200 finish=length tokens 256 chunks 256 ttft 256 ms  client update pace 26.92 ms/update
   req 2: status 200 finish=length tokens 256 chunks 256 ttft 256 ms  client update pace 27.12 ms/update
   req 3: status 200 finish=length tokens 256 chunks 256 ttft 255 ms  client update pace 26.72 ms/update
   aggregate wall: 1024 tokens in 7.17 s = 142.77 tok/s (prefill included)
   legacy output-span aggregate: 148.05761736215092 tok/s (initial TTFT excluded; later admissions included)
   engine decode: 148.099 tok/s
== code concurrency 8: 14:11:46.701 .. 14:12:01.477  wall 14.8 s
   req 0: status 200 finish=length tokens 256 chunks 256 ttft 258 ms  client update pace 29.61 ms/update
   req 1: status 200 finish=length tokens 256 chunks 256 ttft 258 ms  client update pace 28.32 ms/update
   req 2: status 200 finish=length tokens 256 chunks 256 ttft 258 ms  client update pace 26.32 ms/update
   req 3: status 200 finish=length tokens 256 chunks 256 ttft 7935 ms  client update pace 26.72 ms/update
   req 4: status 200 finish=length tokens 256 chunks 256 ttft 7096 ms  client update pace 29.50 ms/update
   req 5: status 200 finish=length tokens 256 chunks 256 ttft 257 ms  client update pace 27.41 ms/update
   req 6: status 200 finish=length tokens 256 chunks 256 ttft 7604 ms  client update pace 27.51 ms/update
   req 7: status 200 finish=length tokens 256 chunks 256 ttft 7374 ms  client update pace 29.01 ms/update
   aggregate wall: 2048 tokens in 14.78 s = 138.60 tok/s (prefill included)
   legacy output-span aggregate: 141.07371495152003 tok/s (initial TTFT excluded; later admissions included)
   engine decode: 145.853 tok/s
== code concurrency 8: 14:12:01.477 .. 14:12:16.299  wall 14.8 s
   req 0: status 200 finish=length tokens 256 chunks 256 ttft 256 ms  client update pace 29.57 ms/update
   req 1: status 200 finish=length tokens 256 chunks 256 ttft 257 ms  client update pace 27.87 ms/update
   req 2: status 200 finish=length tokens 256 chunks 256 ttft 257 ms  client update pace 26.27 ms/update
   req 3: status 200 finish=length tokens 256 chunks 256 ttft 256 ms  client update pace 28.57 ms/update
   req 4: status 200 finish=length tokens 256 chunks 256 ttft 7082 ms  client update pace 29.64 ms/update
   req 5: status 200 finish=length tokens 256 chunks 256 ttft 7921 ms  client update pace 26.75 ms/update
   req 6: status 200 finish=length tokens 256 chunks 256 ttft 7667 ms  client update pace 27.45 ms/update
   req 7: status 200 finish=length tokens 256 chunks 256 ttft 7488 ms  client update pace 28.74 ms/update
   aggregate wall: 2048 tokens in 14.82 s = 138.18 tok/s (prefill included)
   legacy output-span aggregate: 140.62198544339932 tok/s (initial TTFT excluded; later admissions included)
   engine decode: 145.454 tok/s
== code concurrency 8: 14:12:16.300 .. 14:12:31.165  wall 14.9 s
   req 0: status 200 finish=length tokens 256 chunks 256 ttft 257 ms  client update pace 29.82 ms/update
   req 1: status 200 finish=length tokens 256 chunks 256 ttft 257 ms  client update pace 28.03 ms/update
   req 2: status 200 finish=length tokens 256 chunks 256 ttft 256 ms  client update pace 26.44 ms/update
   req 3: status 200 finish=length tokens 256 chunks 256 ttft 256 ms  client update pace 28.73 ms/update
   req 4: status 200 finish=length tokens 256 chunks 256 ttft 7125 ms  client update pace 29.54 ms/update
   req 5: status 200 finish=length tokens 256 chunks 256 ttft 7986 ms  client update pace 26.66 ms/update
   req 6: status 200 finish=length tokens 256 chunks 256 ttft 7707 ms  client update pace 27.46 ms/update
   req 7: status 200 finish=length tokens 256 chunks 256 ttft 7529 ms  client update pace 28.76 ms/update
   aggregate wall: 2048 tokens in 14.87 s = 137.77 tok/s (prefill included)
   legacy output-span aggregate: 140.20048472192255 tok/s (initial TTFT excluded; later admissions included)
   engine decode: 145.090 tok/s
== json concurrency 1: 14:12:31.221 .. 14:12:34.375  wall 3.2 s
   req 0: status 200 finish=length tokens 256 chunks 256 ttft 179 ms  client update pace 11.66 ms/update
   aggregate wall: 256 tokens in 3.15 s = 81.16 tok/s (prefill included)
   legacy output-span aggregate: 86.06808802116342 tok/s (initial TTFT excluded; later admissions included)
   engine decode: 85.815 tok/s
== json concurrency 1: 14:12:34.376 .. 14:12:37.529  wall 3.2 s
   req 0: status 200 finish=length tokens 256 chunks 256 ttft 179 ms  client update pace 11.66 ms/update
   aggregate wall: 256 tokens in 3.15 s = 81.19 tok/s (prefill included)
   legacy output-span aggregate: 86.08508085762664 tok/s (initial TTFT excluded; later admissions included)
   engine decode: 85.527 tok/s
== json concurrency 1: 14:12:37.530 .. 14:12:40.680  wall 3.1 s
   req 0: status 200 finish=length tokens 256 chunks 256 ttft 177 ms  client update pace 11.65 ms/update
   aggregate wall: 256 tokens in 3.15 s = 81.27 tok/s (prefill included)
   legacy output-span aggregate: 86.1392976809135 tok/s (initial TTFT excluded; later admissions included)
   engine decode: 85.660 tok/s
== json concurrency 2: 14:12:40.694 .. 14:12:45.170  wall 4.5 s
   req 0: status 200 finish=length tokens 256 chunks 256 ttft 229 ms  client update pace 16.65 ms/update
   req 1: status 200 finish=length tokens 256 chunks 256 ttft 230 ms  client update pace 16.55 ms/update
   aggregate wall: 512 tokens in 4.48 s = 114.40 tok/s (prefill included)
   legacy output-span aggregate: 120.59116964719408 tok/s (initial TTFT excluded; later admissions included)
   engine decode: 120.311 tok/s
== json concurrency 2: 14:12:45.171 .. 14:12:49.621  wall 4.5 s
   req 0: status 200 finish=length tokens 256 chunks 256 ttft 229 ms  client update pace 16.55 ms/update
   req 1: status 200 finish=length tokens 256 chunks 256 ttft 229 ms  client update pace 16.45 ms/update
   aggregate wall: 512 tokens in 4.45 s = 115.06 tok/s (prefill included)
   legacy output-span aggregate: 121.33797856964839 tok/s (initial TTFT excluded; later admissions included)
   engine decode: 120.664 tok/s
== json concurrency 2: 14:12:49.622 .. 14:12:54.087  wall 4.5 s
   req 0: status 200 finish=length tokens 256 chunks 256 ttft 228 ms  client update pace 16.61 ms/update
   req 1: status 200 finish=length tokens 256 chunks 256 ttft 228 ms  client update pace 16.51 ms/update
   aggregate wall: 512 tokens in 4.47 s = 114.66 tok/s (prefill included)
   legacy output-span aggregate: 120.85741143566591 tok/s (initial TTFT excluded; later admissions included)
   engine decode: 120.218 tok/s
== json concurrency 4: 14:12:54.103 .. 14:13:01.088  wall 7.0 s
   req 0: status 200 finish=length tokens 256 chunks 256 ttft 255 ms  client update pace 25.69 ms/update
   req 1: status 200 finish=length tokens 256 chunks 256 ttft 255 ms  client update pace 25.49 ms/update
   req 2: status 200 finish=length tokens 256 chunks 256 ttft 255 ms  client update pace 25.49 ms/update
   req 3: status 200 finish=length tokens 256 chunks 256 ttft 255 ms  client update pace 26.39 ms/update
   aggregate wall: 1024 tokens in 6.98 s = 146.60 tok/s (prefill included)
   legacy output-span aggregate: 152.18306448220332 tok/s (initial TTFT excluded; later admissions included)
   engine decode: 152.089 tok/s
== json concurrency 4: 14:13:01.089 .. 14:13:08.028  wall 6.9 s
   req 0: status 200 finish=length tokens 256 chunks 256 ttft 282 ms  client update pace 25.50 ms/update
   req 1: status 200 finish=length tokens 256 chunks 256 ttft 281 ms  client update pace 25.40 ms/update
   req 2: status 200 finish=length tokens 256 chunks 256 ttft 281 ms  client update pace 25.30 ms/update
   req 3: status 200 finish=length tokens 256 chunks 256 ttft 280 ms  client update pace 26.11 ms/update
   aggregate wall: 1024 tokens in 6.94 s = 147.56 tok/s (prefill included)
   legacy output-span aggregate: 153.8016292654807 tok/s (initial TTFT excluded; later admissions included)
   engine decode: 153.077 tok/s
== json concurrency 4: 14:13:08.029 .. 14:13:14.990  wall 7.0 s
   req 0: status 200 finish=length tokens 256 chunks 256 ttft 281 ms  client update pace 25.60 ms/update
   req 1: status 200 finish=length tokens 256 chunks 256 ttft 280 ms  client update pace 25.40 ms/update
   req 2: status 200 finish=length tokens 256 chunks 256 ttft 280 ms  client update pace 25.40 ms/update
   req 3: status 200 finish=length tokens 256 chunks 256 ttft 279 ms  client update pace 26.20 ms/update
   aggregate wall: 1024 tokens in 6.96 s = 147.10 tok/s (prefill included)
   legacy output-span aggregate: 153.28793154552216 tok/s (initial TTFT excluded; later admissions included)
   engine decode: 152.701 tok/s
== json concurrency 8: 14:13:15.008 .. 14:13:28.813  wall 13.8 s
   req 0: status 200 finish=length tokens 256 chunks 256 ttft 257 ms  client update pace 26.31 ms/update
   req 1: status 200 finish=length tokens 256 chunks 256 ttft 257 ms  client update pace 24.62 ms/update
   req 2: status 200 finish=length tokens 256 chunks 256 ttft 257 ms  client update pace 25.51 ms/update
   req 3: status 200 finish=length tokens 256 chunks 256 ttft 257 ms  client update pace 26.30 ms/update
   req 4: status 200 finish=length tokens 256 chunks 256 ttft 6661 ms  client update pace 27.50 ms/update
   req 5: status 200 finish=length tokens 256 chunks 256 ttft 6913 ms  client update pace 26.92 ms/update
   req 6: status 200 finish=length tokens 256 chunks 256 ttft 7114 ms  client update pace 26.23 ms/update
   req 7: status 200 finish=length tokens 256 chunks 256 ttft 7114 ms  client update pace 26.13 ms/update
   aggregate wall: 2048 tokens in 13.81 s = 148.35 tok/s (prefill included)
   legacy output-span aggregate: 151.1684789604223 tok/s (initial TTFT excluded; later admissions included)
   engine decode: 155.808 tok/s
== json concurrency 8: 14:13:28.814 .. 14:13:42.588  wall 13.8 s
   req 0: status 200 finish=length tokens 256 chunks 256 ttft 255 ms  client update pace 26.35 ms/update
   req 1: status 200 finish=length tokens 256 chunks 256 ttft 255 ms  client update pace 25.16 ms/update
   req 2: status 200 finish=length tokens 256 chunks 256 ttft 6824 ms  client update pace 26.75 ms/update
   req 3: status 200 finish=length tokens 256 chunks 256 ttft 255 ms  client update pace 26.36 ms/update
   req 4: status 200 finish=length tokens 256 chunks 256 ttft 7177 ms  client update pace 25.86 ms/update
   req 5: status 200 finish=length tokens 256 chunks 256 ttft 7177 ms  client update pace 25.76 ms/update
   req 6: status 200 finish=length tokens 256 chunks 256 ttft 254 ms  client update pace 26.35 ms/update
   req 7: status 200 finish=length tokens 256 chunks 256 ttft 7177 ms  client update pace 25.76 ms/update
   aggregate wall: 2048 tokens in 13.77 s = 148.69 tok/s (prefill included)
   legacy output-span aggregate: 151.50483125821452 tok/s (initial TTFT excluded; later admissions included)
   engine decode: 155.027 tok/s
== json concurrency 8: 14:13:42.588 .. 14:13:56.412  wall 13.8 s
   req 0: status 200 finish=length tokens 256 chunks 256 ttft 257 ms  client update pace 26.24 ms/update
   req 1: status 200 finish=length tokens 256 chunks 256 ttft 257 ms  client update pace 24.63 ms/update
   req 2: status 200 finish=length tokens 256 chunks 256 ttft 256 ms  client update pace 25.53 ms/update
   req 3: status 200 finish=length tokens 256 chunks 256 ttft 256 ms  client update pace 26.24 ms/update
   req 4: status 200 finish=length tokens 256 chunks 256 ttft 7124 ms  client update pace 26.27 ms/update
   req 5: status 200 finish=length tokens 256 chunks 256 ttft 6664 ms  client update pace 27.56 ms/update
   req 6: status 200 finish=length tokens 256 chunks 256 ttft 6894 ms  client update pace 27.06 ms/update
   req 7: status 200 finish=length tokens 256 chunks 256 ttft 7123 ms  client update pace 26.16 ms/update
   aggregate wall: 2048 tokens in 13.82 s = 148.16 tok/s (prefill included)
   legacy output-span aggregate: 150.96233745991051 tok/s (initial TTFT excluded; later admissions included)
   engine decode: 155.685 tok/s
== math concurrency 1: 14:13:56.474 .. 14:13:59.703  wall 3.2 s
   req 0: status 200 finish=length tokens 256 chunks 256 ttft 205 ms  client update pace 11.85 ms/update
   aggregate wall: 256 tokens in 3.23 s = 79.29 tok/s (prefill included)
   legacy output-span aggregate: 84.68986524223759 tok/s (initial TTFT excluded; later admissions included)
   engine decode: 84.850 tok/s
== math concurrency 1: 14:13:59.704 .. 14:14:02.954  wall 3.3 s
   req 0: status 200 finish=length tokens 256 chunks 256 ttft 205 ms  client update pace 11.94 ms/update
   aggregate wall: 256 tokens in 3.25 s = 78.75 tok/s (prefill included)
   legacy output-span aggregate: 84.06496962297197 tok/s (initial TTFT excluded; later admissions included)
   engine decode: 84.178 tok/s
== math concurrency 1: 14:14:02.955 .. 14:14:06.181  wall 3.2 s
   req 0: status 200 finish=length tokens 256 chunks 256 ttft 204 ms  client update pace 11.85 ms/update
   aggregate wall: 256 tokens in 3.23 s = 79.36 tok/s (prefill included)
   legacy output-span aggregate: 84.74876468473931 tok/s (initial TTFT excluded; later admissions included)
   engine decode: 84.667 tok/s
== math concurrency 2: 14:14:06.244 .. 14:14:10.755  wall 4.5 s
   req 0: status 200 finish=length tokens 256 chunks 256 ttft 258 ms  client update pace 16.67 ms/update
   req 1: status 200 finish=length tokens 256 chunks 256 ttft 258 ms  client update pace 16.57 ms/update
   aggregate wall: 512 tokens in 4.51 s = 113.52 tok/s (prefill included)
   legacy output-span aggregate: 120.41320802120283 tok/s (initial TTFT excluded; later admissions included)
   engine decode: 119.963 tok/s
== math concurrency 2: 14:14:10.755 .. 14:14:15.292  wall 4.5 s
   req 0: status 200 finish=length tokens 256 chunks 256 ttft 256 ms  client update pace 16.78 ms/update
   req 1: status 200 finish=length tokens 256 chunks 256 ttft 256 ms  client update pace 16.68 ms/update
   aggregate wall: 512 tokens in 4.54 s = 112.86 tok/s (prefill included)
   legacy output-span aggregate: 119.62650354288449 tok/s (initial TTFT excluded; later admissions included)
   engine decode: 119.556 tok/s
== math concurrency 2: 14:14:15.293 .. 14:14:19.902  wall 4.6 s
   req 0: status 200 finish=length tokens 256 chunks 256 ttft 257 ms  client update pace 17.07 ms/update
   req 1: status 200 finish=length tokens 256 chunks 256 ttft 257 ms  client update pace 16.96 ms/update
   aggregate wall: 512 tokens in 4.61 s = 111.07 tok/s (prefill included)
   legacy output-span aggregate: 117.65204789482681 tok/s (initial TTFT excluded; later admissions included)
   engine decode: 117.144 tok/s
== math concurrency 4: 14:14:19.925 .. 14:14:27.238  wall 7.3 s
   req 0: status 200 finish=length tokens 256 chunks 256 ttft 333 ms  client update pace 26.17 ms/update
   req 1: status 200 finish=length tokens 256 chunks 256 ttft 333 ms  client update pace 26.67 ms/update
   req 2: status 200 finish=length tokens 256 chunks 256 ttft 333 ms  client update pace 27.26 ms/update
   req 3: status 200 finish=length tokens 256 chunks 256 ttft 333 ms  client update pace 27.37 ms/update
   aggregate wall: 1024 tokens in 7.31 s = 140.02 tok/s (prefill included)
   legacy output-span aggregate: 146.71547297869498 tok/s (initial TTFT excluded; later admissions included)
   engine decode: 146.442 tok/s
== math concurrency 4: 14:14:27.239 .. 14:14:34.540  wall 7.3 s
   req 0: status 200 finish=length tokens 256 chunks 256 ttft 280 ms  client update pace 26.23 ms/update
   req 1: status 200 finish=length tokens 256 chunks 256 ttft 280 ms  client update pace 26.63 ms/update
   req 2: status 200 finish=length tokens 256 chunks 256 ttft 280 ms  client update pace 27.43 ms/update
   req 3: status 200 finish=length tokens 256 chunks 256 ttft 280 ms  client update pace 27.43 ms/update
   aggregate wall: 1024 tokens in 7.30 s = 140.25 tok/s (prefill included)
   legacy output-span aggregate: 146.38032128693783 tok/s (initial TTFT excluded; later admissions included)
   engine decode: 146.581 tok/s
== math concurrency 4: 14:14:34.541 .. 14:14:41.773  wall 7.2 s
   req 0: status 200 finish=length tokens 256 chunks 256 ttft 309 ms  client update pace 26.05 ms/update
   req 1: status 200 finish=length tokens 256 chunks 256 ttft 309 ms  client update pace 26.25 ms/update
   req 2: status 200 finish=length tokens 256 chunks 256 ttft 308 ms  client update pace 27.15 ms/update
   req 3: status 200 finish=length tokens 256 chunks 256 ttft 308 ms  client update pace 27.15 ms/update
   aggregate wall: 1024 tokens in 7.23 s = 141.59 tok/s (prefill included)
   legacy output-span aggregate: 147.90917767338217 tok/s (initial TTFT excluded; later admissions included)
   engine decode: 147.278 tok/s
== math concurrency 8: 14:14:41.799 .. 14:14:56.338  wall 14.5 s
   req 0: status 200 finish=length tokens 256 chunks 256 ttft 307 ms  client update pace 26.13 ms/update
   req 1: status 200 finish=length tokens 256 chunks 256 ttft 306 ms  client update pace 27.74 ms/update
   req 2: status 200 finish=length tokens 256 chunks 256 ttft 306 ms  client update pace 26.94 ms/update
   req 3: status 200 finish=length tokens 256 chunks 256 ttft 306 ms  client update pace 28.84 ms/update
   req 4: status 200 finish=length tokens 256 chunks 256 ttft 7532 ms  client update pace 27.37 ms/update
   req 5: status 200 finish=length tokens 256 chunks 256 ttft 7813 ms  client update pace 26.37 ms/update
   req 6: status 200 finish=length tokens 256 chunks 256 ttft 7122 ms  client update pace 28.77 ms/update
   req 7: status 200 finish=length tokens 256 chunks 256 ttft 7301 ms  client update pace 28.07 ms/update
   aggregate wall: 2048 tokens in 14.54 s = 140.86 tok/s (prefill included)
   legacy output-span aggregate: 143.90044240585001 tok/s (initial TTFT excluded; later admissions included)
   engine decode: 149.932 tok/s
== math concurrency 8: 14:14:56.339 .. 14:15:11.035  wall 14.7 s
   req 0: status 200 finish=length tokens 256 chunks 256 ttft 308 ms  client update pace 26.64 ms/update
   req 1: status 200 finish=length tokens 256 chunks 256 ttft 8227 ms  client update pace 25.37 ms/update
   req 2: status 200 finish=length tokens 256 chunks 256 ttft 7742 ms  client update pace 26.16 ms/update
   req 3: status 200 finish=length tokens 256 chunks 256 ttft 308 ms  client update pace 28.55 ms/update
   req 4: status 200 finish=length tokens 256 chunks 256 ttft 7434 ms  client update pace 27.36 ms/update
   req 5: status 200 finish=length tokens 256 chunks 256 ttft 307 ms  client update pace 27.35 ms/update
   req 6: status 200 finish=length tokens 256 chunks 256 ttft 307 ms  client update pace 30.55 ms/update
   req 7: status 200 finish=length tokens 256 chunks 256 ttft 7229 ms  client update pace 27.96 ms/update
   aggregate wall: 2048 tokens in 14.70 s = 139.36 tok/s (prefill included)
   legacy output-span aggregate: 142.35207215361666 tok/s (initial TTFT excluded; later admissions included)
   engine decode: 147.738 tok/s
== math concurrency 8: 14:15:11.036 .. 14:15:25.418  wall 14.4 s
   req 0: status 200 finish=length tokens 256 chunks 256 ttft 283 ms  client update pace 25.93 ms/update
   req 1: status 200 finish=length tokens 256 chunks 256 ttft 7202 ms  client update pace 27.95 ms/update
   req 2: status 200 finish=length tokens 256 chunks 256 ttft 282 ms  client update pace 27.43 ms/update
   req 3: status 200 finish=length tokens 256 chunks 256 ttft 283 ms  client update pace 28.53 ms/update
   req 4: status 200 finish=length tokens 256 chunks 256 ttft 7711 ms  client update pace 26.15 ms/update
   req 5: status 200 finish=length tokens 256 chunks 256 ttft 282 ms  client update pace 26.63 ms/update
   req 6: status 200 finish=length tokens 256 chunks 256 ttft 7021 ms  client update pace 28.25 ms/update
   req 7: status 200 finish=length tokens 256 chunks 256 ttft 7403 ms  client update pace 26.95 ms/update
   aggregate wall: 2048 tokens in 14.38 s = 142.39 tok/s (prefill included)
   legacy output-span aggregate: 145.25764068618324 tok/s (initial TTFT excluded; later admissions included)
   engine decode: 151.154 tok/s
== chat concurrency 1: 14:15:25.448 .. 14:15:29.029  wall 3.6 s
   req 0: status 200 finish=length tokens 256 chunks 256 ttft 177 ms  client update pace 13.35 ms/update
   aggregate wall: 256 tokens in 3.58 s = 71.49 tok/s (prefill included)
   legacy output-span aggregate: 75.22170081142312 tok/s (initial TTFT excluded; later admissions included)
   engine decode: 74.695 tok/s
== chat concurrency 1: 14:15:29.030 .. 14:15:32.611  wall 3.6 s
   req 0: status 200 finish=length tokens 256 chunks 256 ttft 179 ms  client update pace 13.34 ms/update
   aggregate wall: 256 tokens in 3.58 s = 71.48 tok/s (prefill included)
   legacy output-span aggregate: 75.25498865819078 tok/s (initial TTFT excluded; later admissions included)
   engine decode: 74.971 tok/s
== chat concurrency 1: 14:15:32.612 .. 14:15:36.166  wall 3.6 s
   req 0: status 200 finish=length tokens 256 chunks 256 ttft 178 ms  client update pace 13.24 ms/update
   aggregate wall: 256 tokens in 3.55 s = 72.02 tok/s (prefill included)
   legacy output-span aggregate: 75.83387023664092 tok/s (initial TTFT excluded; later admissions included)
   engine decode: 75.195 tok/s
== chat concurrency 2: 14:15:36.236 .. 14:15:41.384  wall 5.1 s
   req 0: status 200 finish=length tokens 256 chunks 256 ttft 230 ms  client update pace 19.28 ms/update
   req 1: status 200 finish=length tokens 256 chunks 256 ttft 230 ms  client update pace 18.68 ms/update
   aggregate wall: 512 tokens in 5.15 s = 99.45 tok/s (prefill included)
   legacy output-span aggregate: 104.11678296902679 tok/s (initial TTFT excluded; later admissions included)
   engine decode: 103.606 tok/s
== chat concurrency 2: 14:15:41.385 .. 14:15:46.512  wall 5.1 s
   req 0: status 200 finish=length tokens 256 chunks 256 ttft 231 ms  client update pace 19.20 ms/update
   req 1: status 200 finish=length tokens 256 chunks 256 ttft 231 ms  client update pace 18.70 ms/update
   aggregate wall: 512 tokens in 5.13 s = 99.86 tok/s (prefill included)
   legacy output-span aggregate: 104.5891026516478 tok/s (initial TTFT excluded; later admissions included)
   engine decode: 103.901 tok/s
== chat concurrency 2: 14:15:46.513 .. 14:15:51.641  wall 5.1 s
   req 0: status 200 finish=length tokens 256 chunks 256 ttft 205 ms  client update pace 19.30 ms/update
   req 1: status 200 finish=length tokens 256 chunks 256 ttft 205 ms  client update pace 18.80 ms/update
   aggregate wall: 512 tokens in 5.13 s = 99.85 tok/s (prefill included)
   legacy output-span aggregate: 104.00772877449528 tok/s (initial TTFT excluded; later admissions included)
   engine decode: 103.948 tok/s
== chat concurrency 4: 14:15:51.692 .. 14:15:59.240  wall 7.5 s
   req 0: status 200 finish=length tokens 256 chunks 256 ttft 257 ms  client update pace 28.59 ms/update
   req 1: status 200 finish=length tokens 256 chunks 256 ttft 258 ms  client update pace 28.28 ms/update
   req 2: status 200 finish=length tokens 256 chunks 256 ttft 257 ms  client update pace 27.49 ms/update
   req 3: status 200 finish=length tokens 256 chunks 256 ttft 257 ms  client update pace 28.39 ms/update
   aggregate wall: 1024 tokens in 7.55 s = 135.66 tok/s (prefill included)
   legacy output-span aggregate: 140.46144593461185 tok/s (initial TTFT excluded; later admissions included)
   engine decode: 140.475 tok/s
== chat concurrency 4: 14:15:59.242 .. 14:16:06.780  wall 7.5 s
   req 0: status 200 finish=length tokens 256 chunks 256 ttft 255 ms  client update pace 28.56 ms/update
   req 1: status 200 finish=length tokens 256 chunks 256 ttft 254 ms  client update pace 28.16 ms/update
   req 2: status 200 finish=length tokens 256 chunks 256 ttft 254 ms  client update pace 27.26 ms/update
   req 3: status 200 finish=length tokens 256 chunks 256 ttft 254 ms  client update pace 28.36 ms/update
   aggregate wall: 1024 tokens in 7.54 s = 135.84 tok/s (prefill included)
   legacy output-span aggregate: 140.5933816957398 tok/s (initial TTFT excluded; later admissions included)
   engine decode: 140.795 tok/s
== chat concurrency 4: 14:16:06.780 .. 14:16:14.264  wall 7.5 s
   req 0: status 200 finish=length tokens 256 chunks 256 ttft 257 ms  client update pace 28.34 ms/update
   req 1: status 200 finish=length tokens 256 chunks 256 ttft 257 ms  client update pace 27.93 ms/update
   req 2: status 200 finish=length tokens 256 chunks 256 ttft 257 ms  client update pace 27.42 ms/update
   req 3: status 200 finish=length tokens 256 chunks 256 ttft 257 ms  client update pace 28.03 ms/update
   aggregate wall: 1024 tokens in 7.48 s = 136.83 tok/s (prefill included)
   legacy output-span aggregate: 141.71385802338398 tok/s (initial TTFT excluded; later admissions included)
   engine decode: 141.470 tok/s
== chat concurrency 8: 14:16:14.358 .. 14:16:29.943  wall 15.6 s
   req 0: status 200 finish=length tokens 256 chunks 256 ttft 232 ms  client update pace 28.96 ms/update
   req 1: status 200 finish=length tokens 256 chunks 256 ttft 232 ms  client update pace 28.96 ms/update
   req 2: status 200 finish=length tokens 256 chunks 256 ttft 8277 ms  client update pace 28.65 ms/update
   req 3: status 200 finish=length tokens 256 chunks 256 ttft 232 ms  client update pace 29.96 ms/update
   req 4: status 200 finish=length tokens 256 chunks 256 ttft 7769 ms  client update pace 29.26 ms/update
   req 5: status 200 finish=length tokens 256 chunks 256 ttft 7997 ms  client update pace 29.15 ms/update
   req 6: status 200 finish=length tokens 256 chunks 256 ttft 230 ms  client update pace 31.05 ms/update
   req 7: status 200 finish=length tokens 256 chunks 256 ttft 7767 ms  client update pace 29.25 ms/update
   aggregate wall: 2048 tokens in 15.58 s = 131.41 tok/s (prefill included)
   legacy output-span aggregate: 133.40148624198625 tok/s (initial TTFT excluded; later admissions included)
   engine decode: 136.952 tok/s
== chat concurrency 8: 14:16:29.944 .. 14:16:45.338  wall 15.4 s
   req 0: status 200 finish=length tokens 256 chunks 256 ttft 255 ms  client update pace 29.14 ms/update
   req 1: status 200 finish=length tokens 256 chunks 256 ttft 254 ms  client update pace 29.14 ms/update
   req 2: status 200 finish=length tokens 256 chunks 256 ttft 7582 ms  client update pace 30.33 ms/update
   req 3: status 200 finish=length tokens 256 chunks 256 ttft 254 ms  client update pace 29.93 ms/update
   req 4: status 200 finish=length tokens 256 chunks 256 ttft 254 ms  client update pace 28.24 ms/update
   req 5: status 200 finish=length tokens 256 chunks 256 ttft 7835 ms  client update pace 29.34 ms/update
   req 6: status 200 finish=length tokens 256 chunks 256 ttft 7835 ms  client update pace 29.64 ms/update
   req 7: status 200 finish=length tokens 256 chunks 256 ttft 8037 ms  client update pace 28.05 ms/update
   aggregate wall: 2048 tokens in 15.39 s = 133.03 tok/s (prefill included)
   legacy output-span aggregate: 135.27439414039816 tok/s (initial TTFT excluded; later admissions included)
   engine decode: 138.572 tok/s
== chat concurrency 8: 14:16:45.340 .. 14:17:00.822  wall 15.5 s
   req 0: status 200 finish=length tokens 256 chunks 256 ttft 233 ms  client update pace 28.75 ms/update
   req 1: status 200 finish=length tokens 256 chunks 256 ttft 232 ms  client update pace 29.45 ms/update
   req 2: status 200 finish=length tokens 256 chunks 256 ttft 232 ms  client update pace 29.45 ms/update
   req 3: status 200 finish=length tokens 256 chunks 256 ttft 8224 ms  client update pace 28.46 ms/update
   req 4: status 200 finish=length tokens 256 chunks 256 ttft 7918 ms  client update pace 28.87 ms/update
   req 5: status 200 finish=length tokens 256 chunks 256 ttft 7689 ms  client update pace 29.76 ms/update
   req 6: status 200 finish=length tokens 256 chunks 256 ttft 231 ms  client update pace 30.84 ms/update
   req 7: status 200 finish=length tokens 256 chunks 256 ttft 7917 ms  client update pace 28.67 ms/update
   aggregate wall: 2048 tokens in 15.48 s = 132.28 tok/s (prefill included)
   legacy output-span aggregate: 134.29818809453485 tok/s (initial TTFT excluded; later admissions included)
   engine decode: 137.762 tok/s
== per-class wall aggregate tokens/s (prefill included), greedy, max_tokens 256
| class | c=1 | c=2 | c=4 | c=8 |
|---|---|---|---|---|
| prose | 72.4 | 99.7 | 136.5 | 132.5 |
| code | 77.4 | 107.7 | 142.8 | 138.2 |
| json | 81.2 | 114.7 | 147.1 | 148.3 |
| math | 79.3 | 112.9 | 140.2 | 140.9 |
| chat | 71.5 | 99.8 | 135.8 | 132.3 |
