2026-10-06 00:43:23.337 INFO  dgpp-serve 0.1.0+g50309fdcf51d (git 50309fdcf51d)
2026-10-06 00:43:23.337 INFO  config /tmp/bus4/deployments/e437b1333afea38b/cluster.json: model HawkBearPig/GLM-5.3-Flash-NVFP4-FP8, world 2, rank 1, http :18080, fabric :29970, journal :29971
2026-10-06 00:43:23.338 INFO  model HawkBearPig/GLM-5.3-Flash-NVFP4-FP8 -> /home/stephen/.cache/huggingface/hub/models--HawkBearPig--GLM-5.3-Flash-NVFP4-FP8/snapshots/17b8d4d83e33e836e9549d7e1a8d25b5117203c1
2026-10-06 00:43:23.339 INFO  journal: connected to rank 0 at 192.168.88.11:29971 (120000 attempt window)
2026-10-06 00:43:23.340 INFO  rank 1: settings from rank 0: model=HawkBearPig/GLM-5.3-Flash-NVFP4-FP8 world=2 fabric=29970 journal=29971 conc=4 kv=163840 kvdt=fp8 ngt=resident dw=checkpoint mtpef=fp8 bfw=bf12 fp8head=gemv pf=bounded emsh=replicated maxtok=32768 queue=8 eos=1 graph=1 compact=0 mtp=0 mtpd=1 mss=0 msrow=8 msbase=28 mslam=0 msmin=1 msad=1 msss=0.93 mdr=auto mdt=1 mvf=token dbr=0 batchmin=2 cand=128 pcgib=4.5 adm=full win=256 pfbudget=-1 pfidle=0 pmin=1024 phead=1 pace=-1 inflight=-1 reasoning_in_content=0 rs=off dflash=off dfw=checkpoint
2026-10-06 00:43:23.340 INFO  config: model=HawkBearPig/GLM-5.3-Flash-NVFP4-FP8 world=2 fabric=29970 journal=29971 conc=4 kv=163840 kvdt=fp8 ngt=resident dw=checkpoint mtpef=fp8 bfw=bf12 fp8head=gemv pf=bounded emsh=replicated maxtok=32768 queue=8 eos=1 graph=1 compact=0 mtp=0 mtpd=1 mss=0 msrow=8 msbase=28 mslam=0 msmin=1 msad=1 msss=0.93 mdr=auto mdt=1 mvf=token dbr=0 batchmin=2 cand=128 pcgib=4.5 adm=full win=256 pfbudget=-1 pfidle=0 pmin=1024 phead=1 pace=-1 inflight=-1 reasoning_in_content=0 rs=off dflash=off dfw=checkpoint (digest 0553704bfe51d2a4)
2026-10-06 00:43:23.462 INFO  serve: model family glm5 (/home/stephen/.cache/huggingface/hub/models--HawkBearPig--GLM-5.3-Flash-NVFP4-FP8/snapshots/17b8d4d83e33e836e9549d7e1a8d25b5117203c1)
2026-10-06 00:43:23.462 INFO  serve: decode rows 8 (4 slot(s) x 1 row(s) per request, floor 8, the glm5 family's cap 8)
2026-10-06 00:43:23.471 WARN  generation config /home/stephen/.cache/huggingface/hub/models--HawkBearPig--GLM-5.3-Flash-NVFP4-FP8/snapshots/17b8d4d83e33e836e9549d7e1a8d25b5117203c1/generation_config.json omits top_k, min_p, repetition_penalty; using greedy-safe/neutral fallbacks for those fields
2026-10-06 00:43:23.471 INFO  generation defaults: temperature=1 top_p=0.95 top_k=0 min_p=0 repetition_penalty=1
2026-10-06 00:43:23.471 INFO  serve: sampling defaults temperature 1 top_p 0.95 top_k 0 min_p 0 repetition_penalty 1 (from generation_config.json; overrides: none)
2026-10-06 00:43:23.471 INFO  serve: request context limit 163840 tokens (the 163840-token K/V pool from engine.kv_capacity 163840; this family states no positional ceiling of its own)
2026-10-06 00:43:23.472 INFO  rank 1: prefix cache plan — 4.5 GiB budget, 65 slots of 70.412 MiB, 4.470 GiB allocated; cached K/V blocks share the 163840-token pool
2026-10-06 00:43:23.636 INFO  tokenizer: loaded vocab 154820 merges 321649 added 36 (revision 0x700b4469fc43f23b; glm pattern, no normalizer, ignore_merges true)
2026-10-06 00:43:23.645 INFO  serve: grammar vocabulary built (154880 ids, tool markers present, call-turn EOS 154829)
2026-10-06 00:43:23.741 INFO  serve: JSON grammar tables built in 0.10 s
2026-10-06 00:43:23.988 INFO  bus: globaltimer offset -58856360905 ns (+-2 us)
2026-10-06 00:43:24.008 INFO  verbs: device roceP2p1s0f0 port 1 gid_index 3
2026-10-06 00:43:24.015 INFO  verbs: device rocep1s0f0 port 1 gid_index 3
2026-10-06 00:43:24.580 INFO  bus: rank 1 up — 1 peer(s) x 2 lane(s), lat 8x65536B, bulk 8x262144B, bulk pace 85.0 Gb/s per QP, window 4 per lane
2026-10-06 00:43:24.580 INFO  rank 1: boundary reducer host-driven
2026-10-06 00:43:24.670 INFO  bus engine: rank 1 pinned to cpu 19
2026-10-06 00:43:24.994 INFO  rank 1: process memory locked (mlockall MCL_CURRENT, 14546 MiB)
2026-10-06 00:43:24.994 INFO  rank 1: resident image cache at /home/stephen/.cache/dgpp/resident
2026-10-06 00:43:25.077 INFO  rank 1: memory plan for a 163840-token context — vision weights (replicated) 1.05 GiB; vision workspace (bounded image prefill) 0.33 GiB; model weights (resident, packed bf16 matrices released) 86.26 GiB (3.53 GiB pinned); tensor-parallel slice views 1.34 GiB; bf16 decode packing (12-bit companions) 3.78 GiB; bf16 prefill expansion scratch 0.19 GiB; gemm workspace (at least) 0.06 GiB; kda scratch 0.16 GiB; kv cache pool (fp8) 0.92 GiB; dsa scratch 0.24 GiB; moe scratch 0.68 GiB (0.00 GiB pinned); kda state (request slots) 0.27 GiB; kda speculative snapshots 0.55 GiB; activations (per-forward rows) 0.32 GiB (0.00 GiB pinned); route-trace staging 0.10 GiB (0.10 GiB pinned); prefix cache 4.47 GiB; engine 0.07 GiB
2026-10-06 00:43:25.077 INFO  rank 1: memory plan total 100.79 GiB (92.62 GiB device + 8.18 GiB pinned) + 4.00 GiB headroom against 116.70 GiB free (device free 116.57 GiB of 121.69 GiB, host available 116.70 GiB)
2026-10-06 00:43:25.077 INFO  memory ledger: rank 1 after the plan check — rss 1.15 GiB (anon 0.42, shmem 0.07, file 0.67; locked 14.21); device free 116.57 GiB, node available 116.70 GiB
2026-10-06 00:43:25.077 INFO  memory ledger: rank 1 after the bus — rss 1.15 GiB (anon 0.42, shmem 0.07, file 0.67; locked 14.21); device free 116.57 GiB, node available 116.70 GiB
2026-10-06 00:43:25.392 INFO  glm loader: rank 1 resident footprint 87.6 GiB; device free 116.5 of 121.7 GiB, host available 116.7 GiB
2026-10-06 00:43:27.077 INFO  glm loader: rank 1 resident image /home/stephen/.cache/dgpp/resident/8c6e72b4e136d684.img — 46/46 layers present, direct I/O
2026-10-06 00:43:27.115 INFO  l2 prefetch: on, window budget 12 MiB, boundary rate light, layer rate light
2026-10-06 00:43:27.115 INFO  glm loader: rank 1 boot digest from the resident image (713 tensors, 2.91 GiB)
2026-10-06 00:43:43.660 INFO  glm loader: rank 1 resident load complete — released 40 shard mappings (181.7 GiB) and evicted their page cache; image: 45 layers restored, 0 captured
2026-10-06 00:43:44.296 INFO  rank 1 bf12: 69 decode matrices packed (4.92 GiB of bf16 -> 3.69 GiB, 408743 escapes, widest row 64, 55 rows kept raw; 0 matrices kept bf16) in 2.5 s
2026-10-06 00:43:44.296 INFO  rank 1 bf12: 69 of them released their bf16 bytes (4.97 GiB returned; prefill expands through a 196 MiB scratch)
2026-10-06 00:43:49.639 INFO  rank 1 boot phases: digest 0.0 s (3.96 GiB hashed), globals 1.5 s, layers 20.9 s
2026-10-06 00:43:49.640 INFO  memory ledger: rank 1 after the model — rss 4.83 GiB (anon 0.46, shmem 3.70, file 0.67; locked 14.19); device free 19.38 GiB, node available 19.49 GiB
2026-10-06 00:43:49.640 INFO  rank 1: model constructed in 24.6s (resident, 4 request slots, 163840-token pool in fp8, 2048-row forwards)
2026-10-06 00:43:49.640 INFO  rank 1: prefix cache on — 65 snapshot slot(s) of 70.4 MiB (4.50 GiB asked)
2026-10-06 00:43:49.795 INFO  rank 1: graph engine samples on the device — 128 candidates per rank (4 rows x 2 ranks in a 65536-byte latency slot; the planned width is 128); constrained decoding available
2026-10-06 00:43:49.795 INFO  rank 1: prefill budget 256 tokens/tick (0 = full prompt), 256 with nothing decoding
2026-10-06 00:43:57.191 INFO  memory ledger: rank 1 after the graph engine — rss 4.84 GiB (anon 0.46, shmem 3.71, file 0.67; locked 14.19); device free 14.92 GiB, node available 15.03 GiB
2026-10-06 00:43:57.609 INFO  allreduce: device clock rate 2418000 kHz (stamps conversion)
2026-10-06 00:43:57.609 INFO  allreduce: rank 1 seq 1 launched (1 peers)
2026-10-06 00:43:57.609 INFO  allreduce: rank 1 seq 1 ready after 31.6us
2026-10-06 00:43:57.609 INFO  allreduce: rank 1 seq 1 done status=0 after 69.6us
2026-10-06 00:43:57.654 INFO  allreduce: rank 1 seq 2 launched (1 peers)
2026-10-06 00:43:57.654 INFO  allreduce: rank 1 seq 2 ready after 9.0us
2026-10-06 00:43:57.654 INFO  allreduce: rank 1 seq 2 done status=0 after 339.1us
2026-10-06 00:43:57.655 INFO  allreduce: rank 1 seq 3 launched (1 peers)
2026-10-06 00:43:57.655 INFO  allreduce: rank 1 seq 3 ready after 9.3us
2026-10-06 00:43:57.655 INFO  allreduce: rank 1 seq 3 done status=0 after 38.7us
2026-10-06 00:43:57.655 INFO  allreduce: rank 1 seq 4 launched (1 peers)
2026-10-06 00:43:57.655 INFO  allreduce: rank 1 seq 4 ready after 13.3us
2026-10-06 00:43:57.655 INFO  allreduce: rank 1 seq 4 done status=0 after 51.2us
2026-10-06 00:43:57.656 INFO  allreduce: rank 1 seq 5 launched (1 peers)
2026-10-06 00:43:57.656 INFO  allreduce: rank 1 seq 5 ready after 9.0us
2026-10-06 00:43:57.656 INFO  allreduce: rank 1 seq 5 done status=0 after 49.1us
2026-10-06 00:43:57.657 INFO  allreduce: rank 1 seq 6 launched (1 peers)
2026-10-06 00:43:57.657 INFO  allreduce: rank 1 seq 6 ready after 9.2us
2026-10-06 00:43:57.657 INFO  allreduce: rank 1 seq 6 done status=0 after 46.1us
2026-10-06 00:43:57.660 INFO  allreduce: rank 1 seq 7 launched (1 peers)
2026-10-06 00:43:57.660 INFO  allreduce: rank 1 seq 7 ready after 11.8us
2026-10-06 00:43:57.660 INFO  allreduce: rank 1 seq 7 done status=0 after 145.6us
2026-10-06 00:43:57.661 INFO  allreduce: rank 1 seq 8 launched (1 peers)
2026-10-06 00:43:57.661 INFO  allreduce: rank 1 seq 8 ready after 9.1us
2026-10-06 00:43:57.661 INFO  allreduce: rank 1 seq 8 done status=0 after 44.4us
2026-10-06 00:43:57.662 INFO  allreduce: rank 1 seq 9 launched (1 peers)
2026-10-06 00:43:57.662 INFO  allreduce: rank 1 seq 9 ready after 9.0us
2026-10-06 00:43:57.662 INFO  allreduce: rank 1 seq 9 done status=0 after 56.5us
2026-10-06 00:43:57.663 INFO  allreduce: rank 1 seq 10 launched (1 peers)
2026-10-06 00:43:57.663 INFO  allreduce: rank 1 seq 10 ready after 8.9us
2026-10-06 00:43:57.663 INFO  allreduce: rank 1 seq 10 done status=0 after 29.3us
2026-10-06 00:43:57.664 INFO  allreduce: rank 1 seq 11 launched (1 peers)
2026-10-06 00:43:57.664 INFO  allreduce: rank 1 seq 11 ready after 9.1us
2026-10-06 00:43:57.664 INFO  allreduce: rank 1 seq 11 done status=0 after 62.1us
2026-10-06 00:43:57.665 INFO  allreduce: rank 1 seq 12 launched (1 peers)
2026-10-06 00:43:57.665 INFO  allreduce: rank 1 seq 12 ready after 9.1us
2026-10-06 00:43:57.665 INFO  allreduce: rank 1 seq 12 done status=0 after 44.1us
2026-10-06 00:43:57.666 INFO  allreduce: rank 1 seq 13 launched (1 peers)
2026-10-06 00:43:57.666 INFO  allreduce: rank 1 seq 13 ready after 9.0us
2026-10-06 00:43:57.666 INFO  allreduce: rank 1 seq 13 done status=0 after 51.4us
2026-10-06 00:43:57.667 INFO  allreduce: rank 1 seq 14 launched (1 peers)
2026-10-06 00:43:57.667 INFO  allreduce: rank 1 seq 14 ready after 9.0us
2026-10-06 00:43:57.667 INFO  allreduce: rank 1 seq 14 done status=0 after 29.5us
2026-10-06 00:43:57.668 INFO  allreduce: rank 1 seq 15 launched (1 peers)
2026-10-06 00:43:57.668 INFO  allreduce: rank 1 seq 15 ready after 8.0us
2026-10-06 00:43:57.668 INFO  allreduce: rank 1 seq 15 done status=0 after 58.3us
2026-10-06 00:43:57.669 INFO  allreduce: rank 1 seq 16 launched (1 peers)
2026-10-06 00:43:57.669 INFO  allreduce: rank 1 seq 16 ready after 8.1us
2026-10-06 00:43:57.669 INFO  allreduce: rank 1 seq 16 done status=0 after 28.0us
2026-10-06 00:43:57.753 INFO  bus graph era: variant 0 recorded with 91 collective node(s)
2026-10-06 00:43:57.753 INFO  rank 1: graph variant 0 shape: 1208 nodes, 1521 edges: kernel 1208 empty 0 memcpy 0 memset 0 host 0 event 0 other 0; max in-degree 2
2026-10-06 00:43:57.768 INFO  rank 1: graph variant 0 instantiated — 169.0 MiB of device memory (14.3 GiB free)
2026-10-06 00:43:57.769 INFO  bus graph era: variant 1 recorded with 91 collective node(s)
2026-10-06 00:43:57.770 INFO  rank 1: graph variant 1 shape: 1208 nodes, 1521 edges: kernel 1208 empty 0 memcpy 0 memset 0 host 0 event 0 other 0; max in-degree 2
2026-10-06 00:43:57.774 INFO  rank 1: graph variant 1 instantiated — 21.9 MiB of device memory (14.3 GiB free)
2026-10-06 00:43:57.774 INFO  rank 1: serving scalar graph variants 0/1 captured for request slot 0 (1 rows)
2026-10-06 00:43:57.775 INFO  bus graph era: variant 8 recorded with 91 collective node(s)
2026-10-06 00:43:57.775 INFO  rank 1: graph variant 8 shape: 1251 nodes, 1564 edges: kernel 1251 empty 0 memcpy 0 memset 0 host 0 event 0 other 0; max in-degree 2
2026-10-06 00:43:57.782 INFO  rank 1: graph variant 8 instantiated — 32.9 MiB of device memory (14.3 GiB free)
2026-10-06 00:43:57.783 INFO  bus graph era: variant 9 recorded with 91 collective node(s)
2026-10-06 00:43:57.783 INFO  rank 1: graph variant 9 shape: 1251 nodes, 1564 edges: kernel 1251 empty 0 memcpy 0 memset 0 host 0 event 0 other 0; max in-degree 2
2026-10-06 00:43:57.790 INFO  rank 1: graph variant 9 instantiated — 33.6 MiB of device memory (14.2 GiB free)
2026-10-06 00:43:57.790 INFO  rank 1: serving row-batched graph variants 8/9 captured for 2 slots x 1 rows = 2 fixed rows (a batch is selected at 2+ live requests, the smallest that covers the live slots)
2026-10-06 00:43:57.792 INFO  bus graph era: variant 10 recorded with 91 collective node(s)
2026-10-06 00:43:57.792 INFO  rank 1: graph variant 10 shape: 1252 nodes, 1565 edges: kernel 1252 empty 0 memcpy 0 memset 0 host 0 event 0 other 0; max in-degree 2
2026-10-06 00:43:57.798 INFO  rank 1: graph variant 10 instantiated — 30.6 MiB of device memory (14.2 GiB free)
2026-10-06 00:43:57.799 INFO  bus graph era: variant 11 recorded with 91 collective node(s)
2026-10-06 00:43:57.799 INFO  rank 1: graph variant 11 shape: 1252 nodes, 1565 edges: kernel 1252 empty 0 memcpy 0 memset 0 host 0 event 0 other 0; max in-degree 2
2026-10-06 00:43:57.805 INFO  rank 1: graph variant 11 instantiated — 32.0 MiB of device memory (14.2 GiB free)
2026-10-06 00:43:57.805 INFO  rank 1: serving row-batched graph variants 10/11 captured for 3 slots x 1 rows = 3 fixed rows (a batch is selected at 2+ live requests, the smallest that covers the live slots)
2026-10-06 00:43:57.807 INFO  bus graph era: variant 12 recorded with 91 collective node(s)
2026-10-06 00:43:57.807 INFO  rank 1: graph variant 12 shape: 1264 nodes, 1577 edges: kernel 1264 empty 0 memcpy 0 memset 0 host 0 event 0 other 0; max in-degree 2
2026-10-06 00:43:57.814 INFO  rank 1: graph variant 12 instantiated — 34.5 MiB of device memory (14.1 GiB free)
2026-10-06 00:43:57.815 INFO  bus graph era: variant 13 recorded with 91 collective node(s)
2026-10-06 00:43:57.815 INFO  rank 1: graph variant 13 shape: 1264 nodes, 1577 edges: kernel 1264 empty 0 memcpy 0 memset 0 host 0 event 0 other 0; max in-degree 2
2026-10-06 00:43:57.822 INFO  rank 1: graph variant 13 instantiated — 30.6 MiB of device memory (14.1 GiB free)
2026-10-06 00:43:57.822 INFO  rank 1: serving row-batched graph variants 12/13 captured for 4 slots x 1 rows = 4 fixed rows (a batch is selected at 2+ live requests, the smallest that covers the live slots)
2026-10-06 00:43:57.913 INFO  bus graph era: variant 2 recorded with 91 collective node(s)
2026-10-06 00:43:57.913 INFO  rank 1: graph variant 2 shape: 1208 nodes, 1521 edges: kernel 1208 empty 0 memcpy 0 memset 0 host 0 event 0 other 0; max in-degree 2
2026-10-06 00:43:57.920 INFO  rank 1: graph variant 2 instantiated — 31.1 MiB of device memory (14.1 GiB free)
2026-10-06 00:43:57.921 INFO  bus graph era: variant 3 recorded with 91 collective node(s)
2026-10-06 00:43:57.921 INFO  rank 1: graph variant 3 shape: 1208 nodes, 1521 edges: kernel 1208 empty 0 memcpy 0 memset 0 host 0 event 0 other 0; max in-degree 2
2026-10-06 00:43:57.928 INFO  rank 1: graph variant 3 instantiated — 33.6 MiB of device memory (14.0 GiB free)
2026-10-06 00:43:57.928 INFO  rank 1: serving scalar graph variants 2/3 captured for request slot 1 (1 rows)
2026-10-06 00:43:58.019 INFO  bus graph era: variant 4 recorded with 91 collective node(s)
2026-10-06 00:43:58.019 INFO  rank 1: graph variant 4 shape: 1208 nodes, 1521 edges: kernel 1208 empty 0 memcpy 0 memset 0 host 0 event 0 other 0; max in-degree 2
2026-10-06 00:43:58.037 INFO  rank 1: graph variant 4 instantiated — 14.4 MiB of device memory (14.0 GiB free)
2026-10-06 00:43:58.038 INFO  bus graph era: variant 5 recorded with 91 collective node(s)
2026-10-06 00:43:58.038 INFO  rank 1: graph variant 5 shape: 1208 nodes, 1521 edges: kernel 1208 empty 0 memcpy 0 memset 0 host 0 event 0 other 0; max in-degree 2
2026-10-06 00:43:58.048 INFO  rank 1: graph variant 5 instantiated — 38.7 MiB of device memory (14.0 GiB free)
2026-10-06 00:43:58.048 INFO  rank 1: serving scalar graph variants 4/5 captured for request slot 2 (1 rows)
2026-10-06 00:43:58.138 INFO  bus graph era: variant 6 recorded with 91 collective node(s)
2026-10-06 00:43:58.138 INFO  rank 1: graph variant 6 shape: 1208 nodes, 1521 edges: kernel 1208 empty 0 memcpy 0 memset 0 host 0 event 0 other 0; max in-degree 2
2026-10-06 00:43:58.144 INFO  rank 1: graph variant 6 instantiated — 29.8 MiB of device memory (13.9 GiB free)
2026-10-06 00:43:58.145 INFO  bus graph era: variant 7 recorded with 91 collective node(s)
2026-10-06 00:43:58.145 INFO  rank 1: graph variant 7 shape: 1208 nodes, 1521 edges: kernel 1208 empty 0 memcpy 0 memset 0 host 0 event 0 other 0; max in-degree 2
2026-10-06 00:43:58.153 INFO  rank 1: graph variant 7 instantiated — 33.7 MiB of device memory (13.9 GiB free)
2026-10-06 00:43:58.153 INFO  rank 1: serving scalar graph variants 6/7 captured for request slot 3 (1 rows)
2026-10-06 00:43:58.153 INFO  rank 1: warm capture complete — 4 scalar variants and the row batches for 2 slots, 3 slots, 4 slots recorded before the first request
2026-10-06 00:43:58.153 INFO  memory ledger: rank 1 after the warm capture — rss 5.26 GiB (anon 0.87, shmem 3.71, file 0.68; locked 14.19); device free 13.90 GiB, node available 14.18 GiB
2026-10-06 00:43:58.153 INFO  rank 1: graph variants warm-captured in 0.96s
2026-10-06 00:43:58.153 INFO  rank 1: following rank 0's journal (admission full, window 256)
2026-10-06 00:43:59.694 INFO  sched: request 'chatcmpl-d19f256b0b2c8243' starting prefill in slot 0 (62 prompt tokens)
2026-10-06 00:44:00.039 INFO  sched: request 'chatcmpl-d19f256b0b2c8243' prefix cache miss — 2 cut(s), the cache is empty
2026-10-06 00:44:00.039 INFO  sched: request 'chatcmpl-d19f256b0b2c8243' admitted to slot 0 (reserve 1 blocks; pool 1/1280 blocks in use) — first token 785
2026-10-06 00:44:02.637 INFO  sched: request 'chatcmpl-d19f256b0b2c8243' retired (steps): 64 tok in 2.9 s — prefill 62 tok (0 cached) in 345 ms; decode 63 tok / 63 passes in 2.6 s: 24.3 tok/s, 41.2 ms/tok, 41 ms/pass, 1.00 tok/pass
2026-10-06 00:44:02.669 INFO  sched: request 'chatcmpl-d19f256b0b2c8244' starting prefill in slot 0 (37 prompt tokens)
2026-10-06 00:44:02.938 INFO  sched: request 'chatcmpl-d19f256b0b2c8244' prefix cache miss — 2 cut(s), the cache is empty
2026-10-06 00:44:02.938 INFO  sched: request 'chatcmpl-d19f256b0b2c8244' admitted to slot 0 (reserve 3 blocks; pool 3/1280 blocks in use) — first token 785
2026-10-06 00:44:08.337 INFO  stats: rank 1 | 10.0 s | decode 19.6 tok/s, 40.6 ms/tok, 41.1 ms/step (194 steps / 196 tok, 80 % of wall) | prefill 2 prompts / 99 tok, 10 tok/s, 6.21 ms/tok, 307 ms avg (6 % of wall), 0 tok cached (0/2 hits) | live 1, queued 0 | pool 3/1280 blocks (0 %) | prefix cache 0/65 entries
2026-10-06 00:44:13.450 INFO  sched: request 'chatcmpl-d19f256b0b2c8244' retired (steps): 256 tok in 10.8 s — prefill 37 tok (0 cached) in 269 ms; decode 255 tok / 255 passes in 10.5 s: 24.3 tok/s, 41.2 ms/tok, 41 ms/pass, 1.00 tok/pass
2026-10-06 00:44:13.465 INFO  sched: request 'chatcmpl-d19f256b0b2c8245' starting prefill in slot 0 (37 prompt tokens)
2026-10-06 00:44:13.732 INFO  sched: request 'chatcmpl-d19f256b0b2c8245' prefix cache miss — 2 cut(s), the cache is empty
2026-10-06 00:44:13.732 INFO  sched: request 'chatcmpl-d19f256b0b2c8245' admitted to slot 0 (reserve 3 blocks; pool 3/1280 blocks in use) — first token 785
2026-10-06 00:44:18.348 INFO  stats: rank 1 | 10.0 s | decode 23.7 tok/s, 40.9 ms/tok, 41.1 ms/step (236 steps / 237 tok, 97 % of wall) | prefill 1 prompt / 37 tok, 4 tok/s, 7.21 ms/tok, 267 ms avg (3 % of wall), 0 tok cached (0/1 hit) | live 1, queued 0 | pool 3/1280 blocks (0 %) | prefix cache 0/65 entries
2026-10-06 00:44:24.231 INFO  sched: request 'chatcmpl-d19f256b0b2c8245' retired (steps): 256 tok in 10.8 s — prefill 37 tok (0 cached) in 267 ms; decode 255 tok / 255 passes in 10.5 s: 24.3 tok/s, 41.2 ms/tok, 41 ms/pass, 1.00 tok/pass
2026-10-06 00:44:24.262 INFO  sched: request 'chatcmpl-d19f256b0b2c8246' starting prefill in slot 0 (37 prompt tokens)
2026-10-06 00:44:24.534 INFO  sched: request 'chatcmpl-d19f256b0b2c8246' prefix cache miss — 2 cut(s), the cache is empty
2026-10-06 00:44:24.534 INFO  sched: request 'chatcmpl-d19f256b0b2c8246' admitted to slot 0 (reserve 3 blocks; pool 3/1280 blocks in use) — first token 785
2026-10-06 00:44:28.354 INFO  stats: rank 1 | 10.0 s | decode 23.7 tok/s, 40.9 ms/tok, 41.1 ms/step (236 steps / 237 tok, 97 % of wall) | prefill 1 prompt / 37 tok, 4 tok/s, 7.34 ms/tok, 272 ms avg (3 % of wall), 0 tok cached (0/1 hit) | live 1, queued 0 | pool 3/1280 blocks (0 %) | prefix cache 0/65 entries
2026-10-06 00:44:35.018 INFO  sched: request 'chatcmpl-d19f256b0b2c8246' retired (steps): 256 tok in 10.8 s — prefill 37 tok (0 cached) in 272 ms; decode 255 tok / 255 passes in 10.5 s: 24.3 tok/s, 41.1 ms/tok, 41 ms/pass, 1.00 tok/pass
2026-10-06 00:44:35.043 INFO  sched: request 'chatcmpl-d19f256b0b2c8247' starting prefill in slot 0 (51 prompt tokens)
2026-10-06 00:44:35.358 INFO  sched: request 'chatcmpl-d19f256b0b2c8247' prefix cache miss — 2 cut(s), the cache is empty
2026-10-06 00:44:35.358 INFO  sched: request 'chatcmpl-d19f256b0b2c8247' admitted to slot 0 (reserve 3 blocks; pool 3/1280 blocks in use) — first token 785
2026-10-06 00:44:38.363 INFO  stats: rank 1 | 10.0 s | decode 23.6 tok/s, 40.9 ms/tok, 41.1 ms/step (235 steps / 236 tok, 97 % of wall) | prefill 1 prompt / 51 tok, 5 tok/s, 6.17 ms/tok, 315 ms avg (3 % of wall), 0 tok cached (0/1 hit) | live 1, queued 0 | pool 3/1280 blocks (0 %) | prefix cache 0/65 entries
2026-10-06 00:44:45.858 INFO  sched: request 'chatcmpl-d19f256b0b2c8247' retired (steps): 256 tok in 10.8 s — prefill 51 tok (0 cached) in 315 ms; decode 255 tok / 255 passes in 10.5 s: 24.3 tok/s, 41.2 ms/tok, 41 ms/pass, 1.00 tok/pass
2026-10-06 00:44:45.877 INFO  sched: request 'chatcmpl-d19f256b0b2c8248' starting prefill in slot 0 (51 prompt tokens)
2026-10-06 00:44:46.188 INFO  sched: request 'chatcmpl-d19f256b0b2c8248' prefix cache miss — 2 cut(s), the cache is empty
2026-10-06 00:44:46.188 INFO  sched: request 'chatcmpl-d19f256b0b2c8248' admitted to slot 0 (reserve 3 blocks; pool 3/1280 blocks in use) — first token 785
2026-10-06 00:44:48.374 INFO  stats: rank 1 | 10.0 s | decode 23.6 tok/s, 41.0 ms/tok, 41.2 ms/step (235 steps / 236 tok, 97 % of wall) | prefill 1 prompt / 51 tok, 5 tok/s, 6.09 ms/tok, 311 ms avg (3 % of wall), 0 tok cached (0/1 hit) | live 1, queued 0 | pool 3/1280 blocks (0 %) | prefix cache 0/65 entries
2026-10-06 00:44:56.698 INFO  sched: request 'chatcmpl-d19f256b0b2c8248' retired (steps): 256 tok in 10.8 s — prefill 51 tok (0 cached) in 311 ms; decode 255 tok / 255 passes in 10.5 s: 24.3 tok/s, 41.2 ms/tok, 41 ms/pass, 1.00 tok/pass
2026-10-06 00:44:56.729 INFO  sched: request 'chatcmpl-d19f256b0b2c8249' starting prefill in slot 0 (51 prompt tokens)
2026-10-06 00:44:57.038 INFO  sched: request 'chatcmpl-d19f256b0b2c8249' prefix cache miss — 2 cut(s), the cache is empty
2026-10-06 00:44:57.038 INFO  sched: request 'chatcmpl-d19f256b0b2c8249' admitted to slot 0 (reserve 3 blocks; pool 3/1280 blocks in use) — first token 785
2026-10-06 00:44:58.404 INFO  stats: rank 1 | 10.0 s | decode 23.5 tok/s, 41.0 ms/tok, 41.2 ms/step (235 steps / 236 tok, 97 % of wall) | prefill 1 prompt / 51 tok, 5 tok/s, 6.07 ms/tok, 310 ms avg (3 % of wall), 0 tok cached (0/1 hit) | live 1, queued 0 | pool 3/1280 blocks (0 %) | prefix cache 0/65 entries
2026-10-06 00:45:07.539 INFO  sched: request 'chatcmpl-d19f256b0b2c8249' retired (steps): 256 tok in 10.8 s — prefill 51 tok (0 cached) in 310 ms; decode 255 tok / 255 passes in 10.5 s: 24.3 tok/s, 41.2 ms/tok, 41 ms/pass, 1.00 tok/pass
2026-10-06 00:45:07.548 INFO  sched: request 'chatcmpl-d19f256b0b2c824a' starting prefill in slot 0 (46 prompt tokens)
2026-10-06 00:45:07.850 INFO  sched: request 'chatcmpl-d19f256b0b2c824a' prefix cache miss — 2 cut(s), the cache is empty
2026-10-06 00:45:07.850 INFO  sched: request 'chatcmpl-d19f256b0b2c824a' admitted to slot 0 (reserve 3 blocks; pool 3/1280 blocks in use) — first token 785
2026-10-06 00:45:08.430 INFO  stats: rank 1 | 10.0 s | decode 23.6 tok/s, 41.0 ms/tok, 41.1 ms/step (236 steps / 237 tok, 97 % of wall) | prefill 1 prompt / 46 tok, 5 tok/s, 6.57 ms/tok, 302 ms avg (3 % of wall), 0 tok cached (0/1 hit) | live 1, queued 0 | pool 3/1280 blocks (0 %) | prefix cache 0/65 entries
2026-10-06 00:45:18.343 INFO  sched: request 'chatcmpl-d19f256b0b2c824a' retired (steps): 256 tok in 10.8 s — prefill 46 tok (0 cached) in 302 ms; decode 255 tok / 255 passes in 10.5 s: 24.3 tok/s, 41.1 ms/tok, 41 ms/pass, 1.00 tok/pass
2026-10-06 00:45:18.374 INFO  sched: request 'chatcmpl-d19f256b0b2c824b' starting prefill in slot 0 (46 prompt tokens)
2026-10-06 00:45:18.670 INFO  sched: request 'chatcmpl-d19f256b0b2c824b' prefix cache miss — 2 cut(s), the cache is empty
2026-10-06 00:45:18.670 INFO  sched: request 'chatcmpl-d19f256b0b2c824b' admitted to slot 0 (reserve 3 blocks; pool 3/1280 blocks in use) — first token 785
2026-10-06 00:45:18.712 INFO  stats: rank 1 | 10.3 s | decode 23.6 tok/s, 40.9 ms/tok, 41.1 ms/step (242 steps / 243 tok, 97 % of wall) | prefill 1 prompt / 46 tok, 4 tok/s, 6.43 ms/tok, 296 ms avg (3 % of wall), 0 tok cached (0/1 hit) | live 1, queued 0 | pool 3/1280 blocks (0 %) | prefix cache 0/65 entries
2026-10-06 00:45:28.718 INFO  stats: rank 1 | 10.0 s | decode 24.3 tok/s, 41.2 ms/tok, 41.2 ms/step (243 steps / 243 tok, 100 % of wall) | prefill 0 prompts / 0 tok, 0 tok cached (0/0 hits) | live 1, queued 0 | pool 3/1280 blocks (0 %) | prefix cache 0/65 entries
2026-10-06 00:45:29.175 INFO  sched: request 'chatcmpl-d19f256b0b2c824b' retired (steps): 256 tok in 10.8 s — prefill 46 tok (0 cached) in 296 ms; decode 255 tok / 255 passes in 10.5 s: 24.3 tok/s, 41.2 ms/tok, 41 ms/pass, 1.00 tok/pass
2026-10-06 00:45:29.195 INFO  sched: request 'chatcmpl-d19f256b0b2c824c' starting prefill in slot 0 (46 prompt tokens)
2026-10-06 00:45:29.492 INFO  sched: request 'chatcmpl-d19f256b0b2c824c' prefix cache miss — 2 cut(s), the cache is empty
2026-10-06 00:45:29.492 INFO  sched: request 'chatcmpl-d19f256b0b2c824c' admitted to slot 0 (reserve 3 blocks; pool 3/1280 blocks in use) — first token 785
2026-10-06 00:45:38.749 INFO  stats: rank 1 | 10.0 s | decode 23.6 tok/s, 41.0 ms/tok, 41.1 ms/step (236 steps / 237 tok, 97 % of wall) | prefill 1 prompt / 46 tok, 5 tok/s, 6.46 ms/tok, 297 ms avg (3 % of wall), 0 tok cached (0/1 hit) | live 1, queued 0 | pool 3/1280 blocks (0 %) | prefix cache 0/65 entries
2026-10-06 00:45:39.985 INFO  sched: request 'chatcmpl-d19f256b0b2c824c' retired (steps): 256 tok in 10.8 s — prefill 46 tok (0 cached) in 297 ms; decode 255 tok / 255 passes in 10.5 s: 24.3 tok/s, 41.1 ms/tok, 41 ms/pass, 1.00 tok/pass
2026-10-06 00:45:40.016 INFO  sched: request 'chatcmpl-d19f256b0b2c824d' starting prefill in slot 0 (68 prompt tokens)
2026-10-06 00:45:40.365 INFO  sched: request 'chatcmpl-d19f256b0b2c824d' prefix cache miss — 2 cut(s), the cache is empty
2026-10-06 00:45:40.366 INFO  sched: request 'chatcmpl-d19f256b0b2c824d' admitted to slot 0 (reserve 3 blocks; pool 3/1280 blocks in use) — first token 1654
2026-10-06 00:45:48.761 INFO  stats: rank 1 | 10.0 s | decode 23.5 tok/s, 41.0 ms/tok, 41.1 ms/step (234 steps / 235 tok, 96 % of wall) | prefill 1 prompt / 68 tok, 7 tok/s, 5.15 ms/tok, 350 ms avg (3 % of wall), 0 tok cached (0/1 hit) | live 1, queued 0 | pool 3/1280 blocks (0 %) | prefix cache 0/65 entries
2026-10-06 00:45:50.864 INFO  sched: request 'chatcmpl-d19f256b0b2c824d' retired (steps): 256 tok in 10.8 s — prefill 68 tok (0 cached) in 350 ms; decode 255 tok / 255 passes in 10.5 s: 24.3 tok/s, 41.2 ms/tok, 41 ms/pass, 1.00 tok/pass
2026-10-06 00:45:50.889 INFO  sched: request 'chatcmpl-d19f256b0b2c824e' starting prefill in slot 0 (68 prompt tokens)
2026-10-06 00:45:51.231 INFO  sched: request 'chatcmpl-d19f256b0b2c824e' prefix cache miss — 2 cut(s), the cache is empty
2026-10-06 00:45:51.231 INFO  sched: request 'chatcmpl-d19f256b0b2c824e' admitted to slot 0 (reserve 3 blocks; pool 3/1280 blocks in use) — first token 1654
2026-10-06 00:45:58.779 INFO  stats: rank 1 | 10.0 s | decode 23.5 tok/s, 41.0 ms/tok, 41.2 ms/step (234 steps / 235 tok, 96 % of wall) | prefill 1 prompt / 68 tok, 7 tok/s, 5.03 ms/tok, 342 ms avg (3 % of wall), 0 tok cached (0/1 hit) | live 1, queued 0 | pool 3/1280 blocks (0 %) | prefix cache 0/65 entries
2026-10-06 00:46:01.744 INFO  sched: request 'chatcmpl-d19f256b0b2c824e' retired (steps): 256 tok in 10.9 s — prefill 68 tok (0 cached) in 342 ms; decode 255 tok / 255 passes in 10.5 s: 24.3 tok/s, 41.2 ms/tok, 41 ms/pass, 1.00 tok/pass
2026-10-06 00:46:01.753 INFO  sched: request 'chatcmpl-d19f256b0b2c824f' starting prefill in slot 0 (68 prompt tokens)
2026-10-06 00:46:02.095 INFO  sched: request 'chatcmpl-d19f256b0b2c824f' prefix cache miss — 2 cut(s), the cache is empty
2026-10-06 00:46:02.095 INFO  sched: request 'chatcmpl-d19f256b0b2c824f' admitted to slot 0 (reserve 3 blocks; pool 3/1280 blocks in use) — first token 1654
2026-10-06 00:46:08.809 INFO  stats: rank 1 | 10.0 s | decode 23.5 tok/s, 41.0 ms/tok, 41.2 ms/step (235 steps / 236 tok, 96 % of wall) | prefill 1 prompt / 68 tok, 7 tok/s, 5.03 ms/tok, 342 ms avg (3 % of wall), 0 tok cached (0/1 hit) | live 1, queued 0 | pool 3/1280 blocks (0 %) | prefix cache 0/65 entries
2026-10-06 00:46:12.597 INFO  sched: request 'chatcmpl-d19f256b0b2c824f' retired (steps): 256 tok in 10.8 s — prefill 68 tok (0 cached) in 342 ms; decode 255 tok / 255 passes in 10.5 s: 24.3 tok/s, 41.2 ms/tok, 41 ms/pass, 1.00 tok/pass
2026-10-06 00:46:12.664 INFO  sched: request 'chatcmpl-d19f256b0b2c8250' starting prefill in slot 0 (40 prompt tokens)
2026-10-06 00:46:12.954 INFO  sched: request 'chatcmpl-d19f256b0b2c8250' prefix cache miss — 2 cut(s), the cache is empty
2026-10-06 00:46:12.954 INFO  sched: request 'chatcmpl-d19f256b0b2c8250' admitted to slot 0 (reserve 3 blocks; pool 3/1280 blocks in use) — first token 785
2026-10-06 00:46:18.841 INFO  stats: rank 1 | 10.0 s | decode 23.5 tok/s, 41.0 ms/tok, 41.1 ms/step (235 steps / 236 tok, 96 % of wall) | prefill 1 prompt / 40 tok, 4 tok/s, 7.23 ms/tok, 289 ms avg (3 % of wall), 0 tok cached (0/1 hit) | live 1, queued 0 | pool 3/1280 blocks (0 %) | prefix cache 0/65 entries
2026-10-06 00:46:23.445 INFO  sched: request 'chatcmpl-d19f256b0b2c8250' retired (steps): 256 tok in 10.8 s — prefill 40 tok (0 cached) in 289 ms; decode 255 tok / 255 passes in 10.5 s: 24.3 tok/s, 41.1 ms/tok, 41 ms/pass, 1.00 tok/pass
2026-10-06 00:46:23.465 INFO  sched: request 'chatcmpl-d19f256b0b2c8251' starting prefill in slot 0 (40 prompt tokens)
2026-10-06 00:46:23.757 INFO  sched: request 'chatcmpl-d19f256b0b2c8251' prefix cache miss — 2 cut(s), the cache is empty
2026-10-06 00:46:23.757 INFO  sched: request 'chatcmpl-d19f256b0b2c8251' admitted to slot 0 (reserve 3 blocks; pool 3/1280 blocks in use) — first token 785
2026-10-06 00:46:28.869 INFO  stats: rank 1 | 10.0 s | decode 23.6 tok/s, 41.0 ms/tok, 41.1 ms/step (236 steps / 237 tok, 97 % of wall) | prefill 1 prompt / 40 tok, 4 tok/s, 7.30 ms/tok, 292 ms avg (3 % of wall), 0 tok cached (0/1 hit) | live 1, queued 0 | pool 3/1280 blocks (0 %) | prefix cache 0/65 entries
2026-10-06 00:46:34.256 INFO  sched: request 'chatcmpl-d19f256b0b2c8251' retired (steps): 256 tok in 10.8 s — prefill 40 tok (0 cached) in 292 ms; decode 255 tok / 255 passes in 10.5 s: 24.3 tok/s, 41.2 ms/tok, 41 ms/pass, 1.00 tok/pass
2026-10-06 00:46:34.276 INFO  sched: request 'chatcmpl-d19f256b0b2c8252' starting prefill in slot 0 (40 prompt tokens)
2026-10-06 00:46:34.565 INFO  sched: request 'chatcmpl-d19f256b0b2c8252' prefix cache miss — 2 cut(s), the cache is empty
2026-10-06 00:46:34.565 INFO  sched: request 'chatcmpl-d19f256b0b2c8252' admitted to slot 0 (reserve 3 blocks; pool 3/1280 blocks in use) — first token 785
2026-10-06 00:46:38.890 INFO  stats: rank 1 | 10.0 s | decode 23.6 tok/s, 41.0 ms/tok, 41.1 ms/step (236 steps / 237 tok, 97 % of wall) | prefill 1 prompt / 40 tok, 4 tok/s, 7.22 ms/tok, 289 ms avg (3 % of wall), 0 tok cached (0/1 hit) | live 1, queued 0 | pool 3/1280 blocks (0 %) | prefix cache 0/65 entries
2026-10-06 00:46:45.061 INFO  sched: request 'chatcmpl-d19f256b0b2c8252' retired (steps): 256 tok in 10.8 s — prefill 40 tok (0 cached) in 289 ms; decode 255 tok / 255 passes in 10.5 s: 24.3 tok/s, 41.2 ms/tok, 41 ms/pass, 1.00 tok/pass
2026-10-06 00:46:45.484 INFO  journal: stop record — exiting
2026-10-06 00:46:45.570 INFO  rank 1: graph engine sampling summary — 0 sampled decode steps, 0 served by the exact gather fallback (0.0%), 128 candidates per rank
2026-10-06 00:46:47.428 INFO  rank 1: exited cleanly
