2026-10-07 00:33:10.792 INFO  dgpp-serve 0.1.0+g8f1c4cbcc1e9.dirty (git 8f1c4cbcc1e9)
2026-10-07 00:33:10.792 INFO  config /tmp/bus4/deployments/e35259a589a83907/cluster.json: model HawkBearPig/GLM-5.3-Int4-Int8Mix-RTN-g64, world 4, rank 1, http :18080, fabric :29970, journal :29971
2026-10-07 00:33:10.792 INFO  model HawkBearPig/GLM-5.3-Int4-Int8Mix-RTN-g64 -> /home/stephen/.cache/huggingface/hub/models--HawkBearPig--GLM-5.3-Int4-Int8Mix-RTN-g64/snapshots/147684fbad20c1e283ddff46fd07cb9d4ccbb3da
2026-10-07 00:33:10.793 INFO  journal: connected to rank 0 at 192.168.88.11:29971 (120000 attempt window)
2026-10-07 00:33:10.820 INFO  rank 1: settings from rank 0: model=HawkBearPig/GLM-5.3-Int4-Int8Mix-RTN-g64 world=4 fabric=29970 journal=29971 conc=8 kv=212992 kvdt=fp8 ngt=resident dw=checkpoint mtpef=fp8 bfw=bf12 fp8head=gemv pf=bounded emsh=vocab maxtok=32768 queue=8 eos=1 graph=1 compact=0 mtp=1 mtpd=2 mss=0 msrow=8 msbase=28 mslam=0 msmin=1 msad=1 msss=0.93 mdr=auto mdt=1 mvf=token dbr=0 batchmin=2 cand=128 pcgib=1.5 adm=full win=256 pfbudget=-1 pfidle=0 pmin=1024 phead=1 pace=-1 inflight=-1 reasoning_in_content=0 rs=off dflash=off dfw=checkpoint
2026-10-07 00:33:10.820 INFO  config: model=HawkBearPig/GLM-5.3-Int4-Int8Mix-RTN-g64 world=4 fabric=29970 journal=29971 conc=8 kv=212992 kvdt=fp8 ngt=resident dw=checkpoint mtpef=fp8 bfw=bf12 fp8head=gemv pf=bounded emsh=vocab maxtok=32768 queue=8 eos=1 graph=1 compact=0 mtp=1 mtpd=2 mss=0 msrow=8 msbase=28 mslam=0 msmin=1 msad=1 msss=0.93 mdr=auto mdt=1 mvf=token dbr=0 batchmin=2 cand=128 pcgib=1.5 adm=full win=256 pfbudget=-1 pfidle=0 pmin=1024 phead=1 pace=-1 inflight=-1 reasoning_in_content=0 rs=off dflash=off dfw=checkpoint (digest ed601011bfb96168)
2026-10-07 00:33:10.947 INFO  serve: model family glm_moe_dsa (/home/stephen/.cache/huggingface/hub/models--HawkBearPig--GLM-5.3-Int4-Int8Mix-RTN-g64/snapshots/147684fbad20c1e283ddff46fd07cb9d4ccbb3da)
2026-10-07 00:33:10.947 INFO  serve: 8 slots x 3 rows exceed the glm_moe_dsa family's 16-row decode ceiling; depth 2 uses fitting batch families where supported, otherwise scalar graphs
2026-10-07 00:33:10.947 INFO  serve: decode rows 16 (8 slot(s) x 3 row(s) per request, floor 8, the glm_moe_dsa family's cap 16)
2026-10-07 00:33:10.947 WARN  generation config /home/stephen/.cache/huggingface/hub/models--HawkBearPig--GLM-5.3-Int4-Int8Mix-RTN-g64/snapshots/147684fbad20c1e283ddff46fd07cb9d4ccbb3da/generation_config.json omits top_k, min_p, repetition_penalty; using greedy-safe/neutral fallbacks for those fields
2026-10-07 00:33:10.947 INFO  generation defaults: temperature=1 top_p=0.95 top_k=0 min_p=0 repetition_penalty=1
2026-10-07 00:33:10.947 INFO  serve: sampling defaults temperature 1 top_p 0.95 top_k 0 min_p 0 repetition_penalty 1 (from generation_config.json; overrides: none)
2026-10-07 00:33:10.947 INFO  serve: request context limit 212992 tokens (the 212992-token K/V pool from engine.kv_capacity 212992; this family states no positional ceiling of its own)
2026-10-07 00:33:10.947 INFO  rank 1: prefix cache plan — 1.5 GiB budget, 4096 slots of 0.012 MiB, 0.047 GiB allocated; cached K/V blocks share the 212992-token pool
2026-10-07 00:33:11.114 INFO  tokenizer: loaded vocab 154820 merges 321649 added 36 (revision 0x700b4469fc43f23b; glm pattern, no normalizer, ignore_merges true)
2026-10-07 00:33:11.123 INFO  serve: grammar vocabulary built (154880 ids, tool markers present, call-turn EOS 154829)
2026-10-07 00:33:11.222 INFO  serve: JSON grammar tables built in 0.10 s
2026-10-07 00:33:11.452 INFO  bus: globaltimer offset -63636180492 ns (+-2 us)
2026-10-07 00:33:11.464 INFO  verbs: device roceP2p1s0f0 port 1 gid_index 3
2026-10-07 00:33:11.472 INFO  verbs: device rocep1s0f0 port 1 gid_index 3
2026-10-07 00:33:12.603 INFO  bus: rank 1 up — 3 peer(s) x 2 lane(s), lat 8x196608B, bulk 8x262144B, bulk pace 28.3 Gb/s per QP, window 4 per lane
2026-10-07 00:33:12.603 INFO  rank 1: boundary reducer host-driven
2026-10-07 00:33:12.734 INFO  rank 1: process memory locked (mlockall MCL_CURRENT, 14546 MiB)
2026-10-07 00:33:12.734 INFO  rank 1: resident image cache at /home/stephen/.cache/dgpp/resident
2026-10-07 00:33:12.735 INFO  bus engine: rank 1 pinned to cpu 19
2026-10-07 00:33:12.869 INFO  rank 1: memory plan for a 212992-token context — model weights (resident, packed bf16 matrices released) 96.32 GiB; bf16 decode packing (12-bit companions) 1.27 GiB; bf16 prefill expansion scratch 0.05 GiB; gemm workspace (at least) 0.06 GiB; dsa cache pool (latent fp8 + rope keys on every layer, fp8 index caches on the indexed layers) 10.67 GiB; dsa scratch (projections, selection, attention, the prefill dot tiles) 0.24 GiB; rotary table (bf16 cos/sin per position) 0.03 GiB; activations (session core, residual, block io, dense scratch, route staging) 0.14 GiB (0.01 GiB pinned); moe scratch (routed slots, shared expert, graph tables) 0.75 GiB (0.01 GiB pinned); draft block (gathered hidden, the fused input, its residual, the sharded embedding's rows) 0.12 GiB; prefix cache 0.05 GiB; engine 0.07 GiB
2026-10-07 00:33:12.869 INFO  rank 1: memory plan total 109.77 GiB (109.63 GiB device + 0.14 GiB pinned) + 4.00 GiB headroom against 116.22 GiB free (device free 113.84 GiB of 121.69 GiB, host available 116.22 GiB)
2026-10-07 00:33:12.870 INFO  memory ledger: rank 1 after the plan check — rss 1.19 GiB (anon 0.42, shmem 0.11, file 0.67; locked 14.21); device free 113.84 GiB, node available 116.22 GiB
2026-10-07 00:33:12.870 INFO  memory ledger: rank 1 after the bus — rss 1.19 GiB (anon 0.42, shmem 0.11, file 0.67; locked 14.21); device free 113.84 GiB, node available 116.22 GiB
2026-10-07 00:33:13.350 INFO  glm_dsa loader: rank 1 resident footprint 98.0 GiB; device free 113.8 of 121.7 GiB, host available 116.1 GiB
2026-10-07 00:33:14.039 INFO  glm_dsa loader: rank 1 resident image /home/stephen/.cache/dgpp/resident/6ee138872b1f659a.img — 79/79 layers present, direct I/O
2026-10-07 00:33:14.049 INFO  l2 prefetch: on, window budget 12 MiB, boundary rate light, layer rate light
2026-10-07 00:33:14.049 INFO  memory ledger: glm_dsa: loader opened — rss 2.76 GiB (anon 0.49, shmem 1.57, file 0.69; locked 14.21); device free 111.83 GiB, node available 114.21 GiB
2026-10-07 00:33:14.828 INFO  memory ledger: glm_dsa: globals resident — rss 3.65 GiB (anon 0.49, shmem 1.57, file 1.58; locked 14.21); device free 110.51 GiB, node available 113.77 GiB
2026-10-07 00:33:29.966 INFO  rank 1 bf12: 89 decode matrices packed (1.65 GiB of bf16 -> 1.24 GiB, 163739 escapes, widest row 12, 0 rows kept raw; 0 matrices kept bf16) in 0.9 s
2026-10-07 00:33:29.966 INFO  rank 1 bf12: 89 of them released their bf16 bytes (1.71 GiB returned; prefill expands through a 48 MiB scratch)
2026-10-07 00:33:30.287 INFO  glm_dsa loader: rank 1 resident load complete — released 79 shard mappings (398.1 GiB) and evicted their page cache, freed the 1.46 GiB pinned staging mirror; image: 79 layers restored, 0 captured
2026-10-07 00:33:30.331 INFO  memory ledger: glm_dsa: layers resident, sources released — rss 1.26 GiB (anon 0.48, shmem 0.11, file 0.67; locked 14.19); device free 13.79 GiB, node available 16.14 GiB
2026-10-07 00:33:30.715 INFO  memory ledger: glm_dsa: arena, pool and scratch — rss 1.26 GiB (anon 0.48, shmem 0.11, file 0.67; locked 14.19); device free 2.66 GiB, node available 5.00 GiB
2026-10-07 00:33:30.795 INFO  memory ledger: rank 1 after the model — rss 1.27 GiB (anon 0.48, shmem 0.12, file 0.67; locked 14.19); device free 2.41 GiB, node available 4.75 GiB
2026-10-07 00:33:30.795 INFO  rank 1: model constructed in 17.9s (resident, 8 request slots, 212992-token pool in fp8, 2048-row forwards)
2026-10-07 00:33:30.795 INFO  rank 1: prefix cache on — 4096 snapshot slot(s) of 0.0 MiB (1.50 GiB asked)
2026-10-07 00:33:30.800 INFO  rank 1: graph engine samples on the device — 112 candidates per rank (24 rows x 4 ranks in a 196608-byte latency slot; the planned width is 128); constrained decoding available
2026-10-07 00:33:30.800 INFO  rank 1: prefill budget 0 tokens/tick (0 = full prompt), 0 with nothing decoding
2026-10-07 00:33:30.800 INFO  rank 1: sampled requests draft a draw from the draft's distribution under the ratio verify (engine.mtp_draft auto)
2026-10-07 00:33:40.404 INFO  memory ledger: rank 1 after the graph engine — rss 1.28 GiB (anon 0.48, shmem 0.13, file 0.67; locked 14.19); device free 2.42 GiB, node available 4.77 GiB
2026-10-07 00:33:40.407 INFO  allreduce: device clock rate 2418000 kHz (stamps conversion)
2026-10-07 00:33:40.414 INFO  allreduce: rank 1 seq 1 launched (3 peers)
2026-10-07 00:33:40.414 INFO  allreduce: rank 1 seq 1 ready after 23.7us
2026-10-07 00:33:40.415 INFO  allreduce: rank 1 seq 1 done status=0 after 72.6us
2026-10-07 00:33:40.669 INFO  allreduce: rank 1 seq 2 launched (3 peers)
2026-10-07 00:33:40.669 INFO  allreduce: rank 1 seq 2 ready after 24.0us
2026-10-07 00:33:40.685 INFO  allreduce: rank 1 seq 2 done status=0 after 15902.7us
2026-10-07 00:33:40.686 INFO  allreduce: rank 1 seq 3 launched (3 peers)
2026-10-07 00:33:40.686 INFO  allreduce: rank 1 seq 3 ready after 20.6us
2026-10-07 00:33:40.686 INFO  allreduce: rank 1 seq 3 done status=0 after 102.8us
2026-10-07 00:33:40.687 INFO  allreduce: rank 1 seq 4 launched (3 peers)
2026-10-07 00:33:40.687 INFO  allreduce: rank 1 seq 4 ready after 21.0us
2026-10-07 00:33:40.687 INFO  allreduce: rank 1 seq 4 done status=0 after 79.0us
2026-10-07 00:33:40.687 INFO  allreduce: rank 1 seq 5 launched (3 peers)
2026-10-07 00:33:40.687 INFO  allreduce: rank 1 seq 5 ready after 20.4us
2026-10-07 00:33:40.687 INFO  allreduce: rank 1 seq 5 done status=0 after 83.8us
2026-10-07 00:33:40.688 INFO  allreduce: rank 1 seq 6 launched (3 peers)
2026-10-07 00:33:40.688 INFO  allreduce: rank 1 seq 6 ready after 22.6us
2026-10-07 00:33:40.688 INFO  allreduce: rank 1 seq 6 done status=0 after 78.4us
2026-10-07 00:33:40.689 INFO  allreduce: rank 1 seq 7 launched (3 peers)
2026-10-07 00:33:40.689 INFO  allreduce: rank 1 seq 7 ready after 26.9us
2026-10-07 00:33:40.689 INFO  allreduce: rank 1 seq 7 done status=0 after 109.1us
2026-10-07 00:33:40.730 INFO  allreduce: rank 1 seq 8 launched (3 peers)
2026-10-07 00:33:40.730 INFO  allreduce: rank 1 seq 8 ready after 25.8us
2026-10-07 00:33:40.747 INFO  allreduce: rank 1 seq 8 done status=0 after 16880.6us
2026-10-07 00:33:40.792 INFO  allreduce: rank 1 seq 9 launched (3 peers)
2026-10-07 00:33:40.792 INFO  allreduce: rank 1 seq 9 ready after 22.1us
2026-10-07 00:33:40.793 INFO  allreduce: rank 1 seq 9 done status=0 after 69.4us
2026-10-07 00:33:40.793 INFO  allreduce: rank 1 seq 10 launched (3 peers)
2026-10-07 00:33:40.793 INFO  allreduce: rank 1 seq 10 ready after 20.1us
2026-10-07 00:33:40.793 INFO  allreduce: rank 1 seq 10 done status=0 after 70.7us
2026-10-07 00:33:40.794 INFO  allreduce: rank 1 seq 11 launched (3 peers)
2026-10-07 00:33:40.794 INFO  allreduce: rank 1 seq 11 ready after 21.4us
2026-10-07 00:33:40.794 INFO  allreduce: rank 1 seq 11 done status=0 after 68.1us
2026-10-07 00:33:40.794 INFO  allreduce: rank 1 seq 12 launched (3 peers)
2026-10-07 00:33:40.794 INFO  allreduce: rank 1 seq 12 ready after 20.0us
2026-10-07 00:33:40.794 INFO  allreduce: rank 1 seq 12 done status=0 after 66.1us
2026-10-07 00:33:40.795 INFO  allreduce: rank 1 seq 13 launched (3 peers)
2026-10-07 00:33:40.795 INFO  allreduce: rank 1 seq 13 ready after 41.7us
2026-10-07 00:33:40.795 INFO  allreduce: rank 1 seq 13 done status=0 after 109.3us
2026-10-07 00:33:40.796 INFO  allreduce: rank 1 seq 14 launched (3 peers)
2026-10-07 00:33:40.796 INFO  allreduce: rank 1 seq 14 ready after 36.1us
2026-10-07 00:33:40.796 INFO  allreduce: rank 1 seq 14 done status=0 after 121.1us
2026-10-07 00:33:40.797 INFO  allreduce: rank 1 seq 15 launched (3 peers)
2026-10-07 00:33:40.797 INFO  allreduce: rank 1 seq 15 ready after 27.3us
2026-10-07 00:33:40.797 INFO  allreduce: rank 1 seq 15 done status=0 after 74.5us
2026-10-07 00:33:40.797 INFO  allreduce: rank 1 seq 16 launched (3 peers)
2026-10-07 00:33:40.797 INFO  allreduce: rank 1 seq 16 ready after 38.0us
2026-10-07 00:33:40.797 INFO  allreduce: rank 1 seq 16 done status=0 after 117.9us
2026-10-07 00:33:40.943 INFO  bus graph era: variant 0 recorded with 166 collective node(s)
2026-10-07 00:33:40.943 INFO  rank 1: graph variant 0 shape: 2547 nodes, 2788 edges: kernel 2547 empty 0 memcpy 0 memset 0 host 0 event 0 other 0; max in-degree 2
2026-10-07 00:33:40.949 INFO  rank 1: graph variant 0 instantiated — 11.0 MiB of device memory (1.2 GiB free)
2026-10-07 00:33:40.950 INFO  bus graph era: variant 1 recorded with 166 collective node(s)
2026-10-07 00:33:40.951 INFO  rank 1: graph variant 1 shape: 2547 nodes, 2788 edges: kernel 2547 empty 0 memcpy 0 memset 0 host 0 event 0 other 0; max in-degree 2
2026-10-07 00:33:40.956 INFO  rank 1: graph variant 1 instantiated — 17.5 MiB of device memory (1.2 GiB free)
2026-10-07 00:33:40.956 INFO  rank 1: serving scalar graph variants 0/1 captured for request slot 0 (3 rows, MTP)
2026-10-07 00:33:40.958 INFO  bus graph era: variant 16 recorded with 166 collective node(s)
2026-10-07 00:33:40.958 INFO  rank 1: graph variant 16 shape: 2774 nodes, 3015 edges: kernel 2774 empty 0 memcpy 0 memset 0 host 0 event 0 other 0; max in-degree 2
2026-10-07 00:33:40.967 INFO  rank 1: graph variant 16 instantiated — 33.1 MiB of device memory (1.2 GiB free)
2026-10-07 00:33:40.969 INFO  bus graph era: variant 17 recorded with 166 collective node(s)
2026-10-07 00:33:40.969 INFO  rank 1: graph variant 17 shape: 2774 nodes, 3015 edges: kernel 2774 empty 0 memcpy 0 memset 0 host 0 event 0 other 0; max in-degree 2
2026-10-07 00:33:40.978 INFO  rank 1: graph variant 17 instantiated — 31.7 MiB of device memory (1.1 GiB free)
2026-10-07 00:33:40.978 INFO  rank 1: serving row-batched graph variants 16/17 captured for 2 slots x 3 rows = 6 fixed rows, MTP (a batch is selected at 2+ live requests, the smallest that covers the live slots)
2026-10-07 00:33:40.980 INFO  bus graph era: variant 18 recorded with 166 collective node(s)
2026-10-07 00:33:40.981 INFO  rank 1: graph variant 18 shape: 3134 nodes, 3375 edges: kernel 3134 empty 0 memcpy 0 memset 0 host 0 event 0 other 0; max in-degree 2
2026-10-07 00:33:40.991 INFO  rank 1: graph variant 18 instantiated — 39.2 MiB of device memory (1.1 GiB free)
2026-10-07 00:33:40.993 INFO  bus graph era: variant 19 recorded with 166 collective node(s)
2026-10-07 00:33:40.994 INFO  rank 1: graph variant 19 shape: 3134 nodes, 3375 edges: kernel 3134 empty 0 memcpy 0 memset 0 host 0 event 0 other 0; max in-degree 2
2026-10-07 00:33:41.004 INFO  rank 1: graph variant 19 instantiated — 38.9 MiB of device memory (1.0 GiB free)
2026-10-07 00:33:41.004 INFO  rank 1: serving row-batched graph variants 18/19 captured for 3 slots x 3 rows = 9 fixed rows, MTP (a batch is selected at 2+ live requests, the smallest that covers the live slots)
2026-10-07 00:33:41.006 INFO  bus graph era: variant 20 recorded with 166 collective node(s)
2026-10-07 00:33:41.006 INFO  rank 1: graph variant 20 shape: 3135 nodes, 3376 edges: kernel 3135 empty 0 memcpy 0 memset 0 host 0 event 0 other 0; max in-degree 2
2026-10-07 00:33:41.016 INFO  rank 1: graph variant 20 instantiated — 33.8 MiB of device memory (1.0 GiB free)
2026-10-07 00:33:41.018 INFO  bus graph era: variant 21 recorded with 166 collective node(s)
2026-10-07 00:33:41.018 INFO  rank 1: graph variant 21 shape: 3135 nodes, 3376 edges: kernel 3135 empty 0 memcpy 0 memset 0 host 0 event 0 other 0; max in-degree 2
2026-10-07 00:33:41.029 INFO  rank 1: graph variant 21 instantiated — 38.1 MiB of device memory (1.0 GiB free)
2026-10-07 00:33:41.029 INFO  rank 1: serving row-batched graph variants 20/21 captured for 4 slots x 3 rows = 12 fixed rows, MTP (a batch is selected at 2+ live requests, the smallest that covers the live slots)
2026-10-07 00:33:41.031 INFO  bus graph era: variant 22 recorded with 166 collective node(s)
2026-10-07 00:33:41.031 INFO  rank 1: graph variant 22 shape: 3361 nodes, 3602 edges: kernel 3361 empty 0 memcpy 0 memset 0 host 0 event 0 other 0; max in-degree 2
2026-10-07 00:33:41.051 INFO  rank 1: graph variant 22 instantiated — 17592186043564.4 MiB of device memory (1.8 GiB free)
2026-10-07 00:33:41.053 INFO  bus graph era: variant 23 recorded with 166 collective node(s)
2026-10-07 00:33:41.053 INFO  rank 1: graph variant 23 shape: 3361 nodes, 3602 edges: kernel 3361 empty 0 memcpy 0 memset 0 host 0 event 0 other 0; max in-degree 2
2026-10-07 00:33:41.065 INFO  rank 1: graph variant 23 instantiated — 39.2 MiB of device memory (1.8 GiB free)
2026-10-07 00:33:41.065 INFO  rank 1: serving row-batched graph variants 22/23 captured for 5 slots x 3 rows = 15 fixed rows, MTP (a batch is selected at 2+ live requests, the smallest that covers the live slots)
2026-10-07 00:33:41.313 INFO  bus graph era: variant 2 recorded with 166 collective node(s)
2026-10-07 00:33:41.313 INFO  rank 1: graph variant 2 shape: 2547 nodes, 2788 edges: kernel 2547 empty 0 memcpy 0 memset 0 host 0 event 0 other 0; max in-degree 2
2026-10-07 00:33:41.322 INFO  rank 1: graph variant 2 instantiated — 27.0 MiB of device memory (1.7 GiB free)
2026-10-07 00:33:41.323 INFO  bus graph era: variant 3 recorded with 166 collective node(s)
2026-10-07 00:33:41.324 INFO  rank 1: graph variant 3 shape: 2547 nodes, 2788 edges: kernel 2547 empty 0 memcpy 0 memset 0 host 0 event 0 other 0; max in-degree 2
2026-10-07 00:33:41.333 INFO  rank 1: graph variant 3 instantiated — 35.4 MiB of device memory (1.7 GiB free)
2026-10-07 00:33:41.333 INFO  rank 1: serving scalar graph variants 2/3 captured for request slot 1 (3 rows, MTP)
2026-10-07 00:33:41.458 INFO  bus graph era: variant 4 recorded with 166 collective node(s)
2026-10-07 00:33:41.459 INFO  rank 1: graph variant 4 shape: 2547 nodes, 2788 edges: kernel 2547 empty 0 memcpy 0 memset 0 host 0 event 0 other 0; max in-degree 2
2026-10-07 00:33:41.468 INFO  rank 1: graph variant 4 instantiated — 34.1 MiB of device memory (1.7 GiB free)
2026-10-07 00:33:41.470 INFO  bus graph era: variant 5 recorded with 166 collective node(s)
2026-10-07 00:33:41.470 INFO  rank 1: graph variant 5 shape: 2547 nodes, 2788 edges: kernel 2547 empty 0 memcpy 0 memset 0 host 0 event 0 other 0; max in-degree 2
2026-10-07 00:33:41.478 INFO  rank 1: graph variant 5 instantiated — 29.7 MiB of device memory (1.6 GiB free)
2026-10-07 00:33:41.478 INFO  rank 1: serving scalar graph variants 4/5 captured for request slot 2 (3 rows, MTP)
2026-10-07 00:33:41.592 INFO  bus graph era: variant 6 recorded with 166 collective node(s)
2026-10-07 00:33:41.593 INFO  rank 1: graph variant 6 shape: 2547 nodes, 2788 edges: kernel 2547 empty 0 memcpy 0 memset 0 host 0 event 0 other 0; max in-degree 2
2026-10-07 00:33:41.601 INFO  rank 1: graph variant 6 instantiated — 34.7 MiB of device memory (1.6 GiB free)
2026-10-07 00:33:41.603 INFO  bus graph era: variant 7 recorded with 166 collective node(s)
2026-10-07 00:33:41.603 INFO  rank 1: graph variant 7 shape: 2547 nodes, 2788 edges: kernel 2547 empty 0 memcpy 0 memset 0 host 0 event 0 other 0; max in-degree 2
2026-10-07 00:33:41.612 INFO  rank 1: graph variant 7 instantiated — 31.9 MiB of device memory (1.6 GiB free)
2026-10-07 00:33:41.612 INFO  rank 1: serving scalar graph variants 6/7 captured for request slot 3 (3 rows, MTP)
2026-10-07 00:33:41.738 INFO  bus graph era: variant 8 recorded with 166 collective node(s)
2026-10-07 00:33:41.738 INFO  rank 1: graph variant 8 shape: 2547 nodes, 2788 edges: kernel 2547 empty 0 memcpy 0 memset 0 host 0 event 0 other 0; max in-degree 2
2026-10-07 00:33:41.746 INFO  rank 1: graph variant 8 instantiated — 31.0 MiB of device memory (1.6 GiB free)
2026-10-07 00:33:41.748 INFO  bus graph era: variant 9 recorded with 166 collective node(s)
2026-10-07 00:33:41.748 INFO  rank 1: graph variant 9 shape: 2547 nodes, 2788 edges: kernel 2547 empty 0 memcpy 0 memset 0 host 0 event 0 other 0; max in-degree 2
2026-10-07 00:33:41.757 INFO  rank 1: graph variant 9 instantiated — 32.3 MiB of device memory (1.5 GiB free)
2026-10-07 00:33:41.757 INFO  rank 1: serving scalar graph variants 8/9 captured for request slot 4 (3 rows, MTP)
2026-10-07 00:33:41.890 INFO  bus graph era: variant 10 recorded with 166 collective node(s)
2026-10-07 00:33:41.890 INFO  rank 1: graph variant 10 shape: 2547 nodes, 2788 edges: kernel 2547 empty 0 memcpy 0 memset 0 host 0 event 0 other 0; max in-degree 2
2026-10-07 00:33:41.898 INFO  rank 1: graph variant 10 instantiated — 30.6 MiB of device memory (1.5 GiB free)
2026-10-07 00:33:41.900 INFO  bus graph era: variant 11 recorded with 166 collective node(s)
2026-10-07 00:33:41.900 INFO  rank 1: graph variant 11 shape: 2547 nodes, 2788 edges: kernel 2547 empty 0 memcpy 0 memset 0 host 0 event 0 other 0; max in-degree 2
2026-10-07 00:33:41.909 INFO  rank 1: graph variant 11 instantiated — 34.4 MiB of device memory (1.5 GiB free)
2026-10-07 00:33:41.909 INFO  rank 1: serving scalar graph variants 10/11 captured for request slot 5 (3 rows, MTP)
2026-10-07 00:33:42.039 INFO  bus graph era: variant 12 recorded with 166 collective node(s)
2026-10-07 00:33:42.039 INFO  rank 1: graph variant 12 shape: 2547 nodes, 2788 edges: kernel 2547 empty 0 memcpy 0 memset 0 host 0 event 0 other 0; max in-degree 2
2026-10-07 00:33:42.048 INFO  rank 1: graph variant 12 instantiated — 33.3 MiB of device memory (1.4 GiB free)
2026-10-07 00:33:42.050 INFO  bus graph era: variant 13 recorded with 166 collective node(s)
2026-10-07 00:33:42.050 INFO  rank 1: graph variant 13 shape: 2547 nodes, 2788 edges: kernel 2547 empty 0 memcpy 0 memset 0 host 0 event 0 other 0; max in-degree 2
2026-10-07 00:33:42.058 INFO  rank 1: graph variant 13 instantiated — 32.3 MiB of device memory (1.4 GiB free)
2026-10-07 00:33:42.058 INFO  rank 1: serving scalar graph variants 12/13 captured for request slot 6 (3 rows, MTP)
2026-10-07 00:33:42.170 INFO  bus graph era: variant 14 recorded with 166 collective node(s)
2026-10-07 00:33:42.170 INFO  rank 1: graph variant 14 shape: 2547 nodes, 2788 edges: kernel 2547 empty 0 memcpy 0 memset 0 host 0 event 0 other 0; max in-degree 2
2026-10-07 00:33:42.178 INFO  rank 1: graph variant 14 instantiated — 31.7 MiB of device memory (1.4 GiB free)
2026-10-07 00:33:42.180 INFO  bus graph era: variant 15 recorded with 166 collective node(s)
2026-10-07 00:33:42.180 INFO  rank 1: graph variant 15 shape: 2547 nodes, 2788 edges: kernel 2547 empty 0 memcpy 0 memset 0 host 0 event 0 other 0; max in-degree 2
2026-10-07 00:33:42.189 INFO  rank 1: graph variant 15 instantiated — 34.9 MiB of device memory (1.3 GiB free)
2026-10-07 00:33:42.189 INFO  rank 1: serving scalar graph variants 14/15 captured for request slot 7 (3 rows, MTP)
2026-10-07 00:33:42.190 INFO  rank 1: warm capture complete — 8 scalar variants and the row batches for 2 slots, 3 slots, 4 slots, 5 slots recorded before the first request
2026-10-07 00:33:42.190 INFO  memory ledger: rank 1 after the warm capture — rss 2.00 GiB (anon 1.20, shmem 0.13, file 0.67; locked 14.19); device free 1.33 GiB, node available 3.67 GiB
2026-10-07 00:33:42.190 INFO  rank 1: graph variants warm-captured in 1.79s
2026-10-07 00:33:42.190 INFO  rank 1: following rank 0's journal (admission full, window 256)
2026-10-07 00:33:43.888 INFO  sched: request 'chatcmpl-3c3d39970433d83a' starting prefill in slot 0 (62 prompt tokens)
2026-10-07 00:33:44.539 INFO  sched: request 'chatcmpl-3c3d39970433d83a' prefix cache miss — 3 cut(s), the cache is empty
2026-10-07 00:33:44.539 INFO  sched: request 'chatcmpl-3c3d39970433d83a' admitted to slot 0 (reserve 1 blocks; pool 1/1664 blocks in use) — first token 785
2026-10-07 00:33:46.389 INFO  sched: request 'chatcmpl-3c3d39970433d83a' retired (steps): 64 tok in 2.5 s — prefill 62 tok (0 cached) in 650 ms; decode 63 tok / 23 passes in 1.9 s: 34.0 tok/s, 29.4 ms/tok, 80 ms/pass, 2.74 tok/pass, accept p1 96 % p2 87 %
2026-10-07 00:33:46.403 INFO  sched: request 'chatcmpl-3c3d39970433d83b' starting prefill in slot 0 (37 prompt tokens)
2026-10-07 00:33:46.847 INFO  sched: request 'chatcmpl-3c3d39970433d83b' prefix cache miss — 3 cut(s), the cache is empty
2026-10-07 00:33:46.847 INFO  sched: request 'chatcmpl-3c3d39970433d83b' admitted to slot 0 (reserve 3 blocks; pool 3/1664 blocks in use) — first token 785
2026-10-07 00:33:52.395 INFO  stats: rank 1 | 10.1 s | decode 24.1 tok/s, 30.4 ms/tok, 78.2 ms/step (94 steps / 242 tok, 73 % of wall) | mtp 2.57 tok/step/req, accept p1 89 % p2 68 % | prefill 2 prompts / 99 tok, 10 tok/s, 11.06 ms/tok, 547 ms avg (11 % of wall), 0 tok cached (0/2 hits) | live 1, queued 0 | pool 3/1664 blocks (0 %) | prefix cache 0/4096 entries
2026-10-07 00:33:54.889 INFO  sched: request 'chatcmpl-3c3d39970433d83b' retired (steps): 256 tok in 8.5 s — prefill 37 tok (0 cached) in 444 ms; decode 255 tok / 103 passes in 8.0 s: 31.7 tok/s, 31.5 ms/tok, 78 ms/pass, 2.48 tok/pass, accept p1 88 % p2 60 %
2026-10-07 00:33:54.898 INFO  sched: request 'chatcmpl-3c3d39970433d83c' starting prefill in slot 0 (37 prompt tokens)
2026-10-07 00:33:55.340 INFO  sched: request 'chatcmpl-3c3d39970433d83c' prefix cache miss — 3 cut(s), the cache is empty
2026-10-07 00:33:55.340 INFO  sched: request 'chatcmpl-3c3d39970433d83c' admitted to slot 0 (reserve 3 blocks; pool 3/1664 blocks in use) — first token 785
2026-10-07 00:34:02.437 INFO  stats: rank 1 | 10.0 s | decode 30.7 tok/s, 31.0 ms/tok, 77.6 ms/step (123 steps / 308 tok, 95 % of wall) | mtp 2.50 tok/step/req, accept p1 89 % p2 61 % | prefill 1 prompt / 37 tok, 4 tok/s, 11.95 ms/tok, 442 ms avg (4 % of wall), 0 tok cached (0/1 hit) | live 1, queued 0 | pool 3/1664 blocks (0 %) | prefix cache 0/4096 entries
2026-10-07 00:34:03.370 INFO  sched: request 'chatcmpl-3c3d39970433d83c' retired (steps): 256 tok in 8.5 s — prefill 37 tok (0 cached) in 442 ms; decode 255 tok / 103 passes in 8.0 s: 31.8 tok/s, 31.5 ms/tok, 78 ms/pass, 2.48 tok/pass, accept p1 88 % p2 60 %
2026-10-07 00:34:03.394 INFO  sched: request 'chatcmpl-3c3d39970433d83d' starting prefill in slot 0 (37 prompt tokens)
2026-10-07 00:34:03.836 INFO  sched: request 'chatcmpl-3c3d39970433d83d' prefix cache miss — 3 cut(s), the cache is empty
2026-10-07 00:34:03.836 INFO  sched: request 'chatcmpl-3c3d39970433d83d' admitted to slot 0 (reserve 3 blocks; pool 3/1664 blocks in use) — first token 785
2026-10-07 00:34:11.876 INFO  sched: request 'chatcmpl-3c3d39970433d83d' retired (steps): 256 tok in 8.5 s — prefill 37 tok (0 cached) in 442 ms; decode 255 tok / 103 passes in 8.0 s: 31.7 tok/s, 31.5 ms/tok, 78 ms/pass, 2.48 tok/pass, accept p1 88 % p2 60 %
2026-10-07 00:34:11.895 INFO  sched: request 'chatcmpl-3c3d39970433d83e' starting prefill in slot 0 (51 prompt tokens)
2026-10-07 00:34:12.439 INFO  sched: request 'chatcmpl-3c3d39970433d83e' prefix cache miss — 3 cut(s), the cache is empty
2026-10-07 00:34:12.439 INFO  sched: request 'chatcmpl-3c3d39970433d83e' admitted to slot 0 (reserve 3 blocks; pool 3/1664 blocks in use) — first token 785
2026-10-07 00:34:12.515 INFO  stats: rank 1 | 10.1 s | decode 28.4 tok/s, 31.5 ms/tok, 77.6 ms/step (116 steps / 286 tok, 89 % of wall) | mtp 2.47 tok/step/req, accept p1 88 % p2 59 % | prefill 2 prompts / 88 tok, 9 tok/s, 11.20 ms/tok, 493 ms avg (10 % of wall), 0 tok cached (0/2 hits) | live 1, queued 0 | pool 3/1664 blocks (0 %) | prefix cache 0/4096 entries
2026-10-07 00:34:20.098 INFO  sched: request 'chatcmpl-3c3d39970433d83e' retired (steps): 256 tok in 8.2 s — prefill 51 tok (0 cached) in 544 ms; decode 255 tok / 95 passes in 7.7 s: 33.3 tok/s, 30.0 ms/tok, 81 ms/pass, 2.68 tok/pass, accept p1 95 % p2 74 %
2026-10-07 00:34:20.112 INFO  sched: request 'chatcmpl-3c3d39970433d83f' starting prefill in slot 0 (51 prompt tokens)
2026-10-07 00:34:20.653 INFO  sched: request 'chatcmpl-3c3d39970433d83f' prefix cache miss — 3 cut(s), the cache is empty
2026-10-07 00:34:20.653 INFO  sched: request 'chatcmpl-3c3d39970433d83f' admitted to slot 0 (reserve 3 blocks; pool 3/1664 blocks in use) — first token 785
2026-10-07 00:34:22.571 INFO  stats: rank 1 | 10.1 s | decode 31.8 tok/s, 29.6 ms/tok, 80.3 ms/step (118 steps / 320 tok, 94 % of wall) | mtp 2.71 tok/step/req, accept p1 95 % p2 75 % | prefill 1 prompt / 51 tok, 5 tok/s, 10.60 ms/tok, 541 ms avg (5 % of wall), 0 tok cached (0/1 hit) | live 1, queued 0 | pool 3/1664 blocks (0 %) | prefix cache 0/4096 entries
2026-10-07 00:34:28.291 INFO  sched: request 'chatcmpl-3c3d39970433d83f' retired (steps): 256 tok in 8.2 s — prefill 51 tok (0 cached) in 541 ms; decode 255 tok / 95 passes in 7.6 s: 33.4 tok/s, 30.0 ms/tok, 80 ms/pass, 2.68 tok/pass, accept p1 95 % p2 74 %
2026-10-07 00:34:28.300 INFO  sched: request 'chatcmpl-3c3d39970433d840' starting prefill in slot 0 (51 prompt tokens)
2026-10-07 00:34:28.844 INFO  sched: request 'chatcmpl-3c3d39970433d840' prefix cache miss — 3 cut(s), the cache is empty
2026-10-07 00:34:28.844 INFO  sched: request 'chatcmpl-3c3d39970433d840' admitted to slot 0 (reserve 3 blocks; pool 3/1664 blocks in use) — first token 785
2026-10-07 00:34:32.584 INFO  stats: rank 1 | 10.0 s | decode 31.0 tok/s, 30.5 ms/tok, 80.1 ms/step (118 steps / 310 tok, 94 % of wall) | mtp 2.63 tok/step/req, accept p1 94 % p2 68 % | prefill 1 prompt / 51 tok, 5 tok/s, 10.65 ms/tok, 543 ms avg (5 % of wall), 0 tok cached (0/1 hit) | live 1, queued 0 | pool 3/1664 blocks (0 %) | prefix cache 0/4096 entries
2026-10-07 00:34:36.494 INFO  sched: request 'chatcmpl-3c3d39970433d840' retired (steps): 256 tok in 8.2 s — prefill 51 tok (0 cached) in 543 ms; decode 255 tok / 95 passes in 7.7 s: 33.3 tok/s, 30.0 ms/tok, 81 ms/pass, 2.68 tok/pass, accept p1 95 % p2 74 %
2026-10-07 00:34:36.513 INFO  sched: request 'chatcmpl-3c3d39970433d841' starting prefill in slot 0 (46 prompt tokens)
2026-10-07 00:34:37.022 INFO  sched: request 'chatcmpl-3c3d39970433d841' prefix cache miss — 3 cut(s), the cache is empty
2026-10-07 00:34:37.022 INFO  sched: request 'chatcmpl-3c3d39970433d841' admitted to slot 0 (reserve 3 blocks; pool 3/1664 blocks in use) — first token 785
2026-10-07 00:34:42.660 INFO  stats: rank 1 | 10.1 s | decode 32.6 tok/s, 29.0 ms/tok, 80.1 ms/step (119 steps / 328 tok, 95 % of wall) | mtp 2.76 tok/step/req, accept p1 96 % p2 79 % | prefill 1 prompt / 46 tok, 5 tok/s, 11.05 ms/tok, 508 ms avg (5 % of wall), 0 tok cached (0/1 hit) | live 1, queued 0 | pool 3/1664 blocks (0 %) | prefix cache 0/4096 entries
2026-10-07 00:34:44.331 INFO  sched: request 'chatcmpl-3c3d39970433d841' retired (steps): 256 tok in 7.8 s — prefill 46 tok (0 cached) in 508 ms; decode 255 tok / 92 passes in 7.3 s: 34.9 tok/s, 28.7 ms/tok, 79 ms/pass, 2.77 tok/pass, accept p1 97 % p2 82 %
2026-10-07 00:34:44.351 INFO  sched: request 'chatcmpl-3c3d39970433d842' starting prefill in slot 0 (46 prompt tokens)
2026-10-07 00:34:44.859 INFO  sched: request 'chatcmpl-3c3d39970433d842' prefix cache miss — 3 cut(s), the cache is empty
2026-10-07 00:34:44.859 INFO  sched: request 'chatcmpl-3c3d39970433d842' admitted to slot 0 (reserve 3 blocks; pool 3/1664 blocks in use) — first token 785
2026-10-07 00:34:52.200 INFO  sched: request 'chatcmpl-3c3d39970433d842' retired (steps): 256 tok in 7.8 s — prefill 46 tok (0 cached) in 508 ms; decode 255 tok / 92 passes in 7.3 s: 34.7 tok/s, 28.8 ms/tok, 80 ms/pass, 2.77 tok/pass, accept p1 97 % p2 82 %
2026-10-07 00:34:52.219 INFO  sched: request 'chatcmpl-3c3d39970433d843' starting prefill in slot 0 (46 prompt tokens)
2026-10-07 00:34:52.725 INFO  sched: request 'chatcmpl-3c3d39970433d843' prefix cache miss — 3 cut(s), the cache is empty
2026-10-07 00:34:52.725 INFO  sched: request 'chatcmpl-3c3d39970433d843' admitted to slot 0 (reserve 3 blocks; pool 3/1664 blocks in use) — first token 785
2026-10-07 00:34:52.801 INFO  stats: rank 1 | 10.1 s | decode 31.8 tok/s, 28.2 ms/tok, 79.5 ms/step (114 steps / 322 tok, 89 % of wall) | mtp 2.82 tok/step/req, accept p1 97 % p2 85 % | prefill 2 prompts / 92 tok, 9 tok/s, 11.03 ms/tok, 507 ms avg (10 % of wall), 0 tok cached (0/2 hits) | live 1, queued 0 | pool 3/1664 blocks (0 %) | prefix cache 0/4096 entries
2026-10-07 00:35:00.031 INFO  sched: request 'chatcmpl-3c3d39970433d843' retired (steps): 256 tok in 7.8 s — prefill 46 tok (0 cached) in 506 ms; decode 255 tok / 92 passes in 7.3 s: 34.9 tok/s, 28.6 ms/tok, 79 ms/pass, 2.77 tok/pass, accept p1 97 % p2 82 %
2026-10-07 00:35:00.055 INFO  sched: request 'chatcmpl-3c3d39970433d844' starting prefill in slot 0 (68 prompt tokens)
2026-10-07 00:35:00.720 INFO  sched: request 'chatcmpl-3c3d39970433d844' prefix cache miss — 3 cut(s), the cache is empty
2026-10-07 00:35:00.720 INFO  sched: request 'chatcmpl-3c3d39970433d844' admitted to slot 0 (reserve 3 blocks; pool 3/1664 blocks in use) — first token 1654
2026-10-07 00:35:02.876 INFO  stats: rank 1 | 10.1 s | decode 31.6 tok/s, 29.4 ms/tok, 79.4 ms/step (118 steps / 318 tok, 93 % of wall) | mtp 2.69 tok/step/req, accept p1 93 % p2 76 % | prefill 1 prompt / 68 tok, 7 tok/s, 9.78 ms/tok, 665 ms avg (7 % of wall), 0 tok cached (0/1 hit) | live 1, queued 0 | pool 3/1664 blocks (0 %) | prefix cache 0/4096 entries
2026-10-07 00:35:08.337 INFO  sched: request 'chatcmpl-3c3d39970433d844' retired (steps): 256 tok in 8.3 s — prefill 68 tok (0 cached) in 665 ms; decode 255 tok / 94 passes in 7.6 s: 33.5 tok/s, 29.9 ms/tok, 81 ms/pass, 2.71 tok/pass, accept p1 95 % p2 78 %
2026-10-07 00:35:08.351 INFO  sched: request 'chatcmpl-3c3d39970433d845' starting prefill in slot 0 (68 prompt tokens)
2026-10-07 00:35:09.009 INFO  sched: request 'chatcmpl-3c3d39970433d845' prefix cache miss — 3 cut(s), the cache is empty
2026-10-07 00:35:09.009 INFO  sched: request 'chatcmpl-3c3d39970433d845' admitted to slot 0 (reserve 3 blocks; pool 3/1664 blocks in use) — first token 1654
2026-10-07 00:35:12.952 INFO  stats: rank 1 | 10.1 s | decode 31.5 tok/s, 29.6 ms/tok, 80.9 ms/step (116 steps / 317 tok, 93 % of wall) | mtp 2.73 tok/step/req, accept p1 96 % p2 78 % | prefill 1 prompt / 68 tok, 7 tok/s, 9.68 ms/tok, 658 ms avg (7 % of wall), 0 tok cached (0/1 hit) | live 1, queued 0 | pool 3/1664 blocks (0 %) | prefix cache 0/4096 entries
2026-10-07 00:35:16.642 INFO  sched: request 'chatcmpl-3c3d39970433d845' retired (steps): 256 tok in 8.3 s — prefill 68 tok (0 cached) in 658 ms; decode 255 tok / 94 passes in 7.6 s: 33.4 tok/s, 29.9 ms/tok, 81 ms/pass, 2.71 tok/pass, accept p1 95 % p2 78 %
2026-10-07 00:35:16.656 INFO  sched: request 'chatcmpl-3c3d39970433d846' starting prefill in slot 0 (68 prompt tokens)
2026-10-07 00:35:17.322 INFO  sched: request 'chatcmpl-3c3d39970433d846' prefix cache miss — 3 cut(s), the cache is empty
2026-10-07 00:35:17.322 INFO  sched: request 'chatcmpl-3c3d39970433d846' admitted to slot 0 (reserve 3 blocks; pool 3/1664 blocks in use) — first token 1654
2026-10-07 00:35:23.008 INFO  stats: rank 1 | 10.1 s | decode 30.2 tok/s, 30.8 ms/tok, 84.3 ms/step (111 steps / 304 tok, 93 % of wall) | mtp 2.74 tok/step/req, accept p1 95 % p2 78 % | prefill 1 prompt / 68 tok, 7 tok/s, 9.80 ms/tok, 666 ms avg (7 % of wall), 0 tok cached (0/1 hit) | live 1, queued 0 | pool 3/1664 blocks (0 %) | prefix cache 0/4096 entries
2026-10-07 00:35:25.311 INFO  sched: request 'chatcmpl-3c3d39970433d846' retired (steps): 256 tok in 8.7 s — prefill 68 tok (0 cached) in 666 ms; decode 255 tok / 94 passes in 8.0 s: 31.9 tok/s, 31.3 ms/tok, 85 ms/pass, 2.71 tok/pass, accept p1 95 % p2 78 %
2026-10-07 00:35:25.330 INFO  sched: request 'chatcmpl-3c3d39970433d847' starting prefill in slot 0 (40 prompt tokens)
2026-10-07 00:35:25.809 INFO  sched: request 'chatcmpl-3c3d39970433d847' prefix cache miss — 3 cut(s), the cache is empty
2026-10-07 00:35:25.809 INFO  sched: request 'chatcmpl-3c3d39970433d847' admitted to slot 0 (reserve 3 blocks; pool 3/1664 blocks in use) — first token 785
2026-10-07 00:35:33.036 INFO  stats: rank 1 | 10.0 s | decode 26.9 tok/s, 35.1 ms/tok, 80.4 ms/step (118 steps / 270 tok, 95 % of wall) | mtp 2.29 tok/step/req, accept p1 78 % p2 51 % | prefill 1 prompt / 40 tok, 4 tok/s, 11.95 ms/tok, 478 ms avg (5 % of wall), 0 tok cached (0/1 hit) | live 1, queued 0 | pool 3/1664 blocks (0 %) | prefix cache 0/4096 entries
2026-10-07 00:35:35.712 INFO  sched: request 'chatcmpl-3c3d39970433d847' retired (steps): 256 tok in 10.4 s — prefill 40 tok (0 cached) in 478 ms; decode 255 tok / 123 passes in 9.9 s: 25.7 tok/s, 38.8 ms/tok, 81 ms/pass, 2.07 tok/pass, accept p1 71 % p2 37 %
2026-10-07 00:35:35.737 INFO  sched: request 'chatcmpl-3c3d39970433d848' starting prefill in slot 0 (40 prompt tokens)
2026-10-07 00:35:36.219 INFO  sched: request 'chatcmpl-3c3d39970433d848' prefix cache miss — 3 cut(s), the cache is empty
2026-10-07 00:35:36.219 INFO  sched: request 'chatcmpl-3c3d39970433d848' admitted to slot 0 (reserve 3 blocks; pool 3/1664 blocks in use) — first token 785
2026-10-07 00:35:43.047 INFO  stats: rank 1 | 10.0 s | decode 24.6 tok/s, 38.6 ms/tok, 80.4 ms/step (118 steps / 246 tok, 95 % of wall) | mtp 2.08 tok/step/req, accept p1 70 % p2 38 % | prefill 1 prompt / 40 tok, 4 tok/s, 12.07 ms/tok, 483 ms avg (5 % of wall), 0 tok cached (0/1 hit) | live 1, queued 0 | pool 3/1664 blocks (0 %) | prefix cache 0/4096 entries
2026-10-07 00:35:46.083 INFO  sched: request 'chatcmpl-3c3d39970433d848' retired (steps): 256 tok in 10.3 s — prefill 40 tok (0 cached) in 483 ms; decode 255 tok / 123 passes in 9.9 s: 25.9 tok/s, 38.7 ms/tok, 80 ms/pass, 2.07 tok/pass, accept p1 71 % p2 37 %
2026-10-07 00:35:46.092 INFO  sched: request 'chatcmpl-3c3d39970433d849' starting prefill in slot 0 (40 prompt tokens)
2026-10-07 00:35:46.569 INFO  sched: request 'chatcmpl-3c3d39970433d849' prefix cache miss — 3 cut(s), the cache is empty
2026-10-07 00:35:46.569 INFO  sched: request 'chatcmpl-3c3d39970433d849' admitted to slot 0 (reserve 3 blocks; pool 3/1664 blocks in use) — first token 785
2026-10-07 00:35:53.099 INFO  stats: rank 1 | 10.1 s | decode 24.8 tok/s, 38.3 ms/tok, 80.2 ms/step (119 steps / 249 tok, 95 % of wall) | mtp 2.09 tok/step/req, accept p1 71 % p2 39 % | prefill 1 prompt / 40 tok, 4 tok/s, 11.95 ms/tok, 478 ms avg (5 % of wall), 0 tok cached (0/1 hit) | live 1, queued 0 | pool 3/1664 blocks (0 %) | prefix cache 0/4096 entries
2026-10-07 00:35:56.515 INFO  sched: request 'chatcmpl-3c3d39970433d849' retired (steps): 256 tok in 10.4 s — prefill 40 tok (0 cached) in 478 ms; decode 255 tok / 123 passes in 9.9 s: 25.6 tok/s, 39.0 ms/tok, 81 ms/pass, 2.07 tok/pass, accept p1 71 % p2 37 %
2026-10-07 00:35:57.709 INFO  journal: stop record — exiting
2026-10-07 00:35:57.756 INFO  rank 1: graph engine sampling summary — 0 sampled decode steps, 0 served by the exact gather fallback (0.0%), 112 candidates per rank
2026-10-07 00:35:58.950 INFO  rank 1: exited cleanly
