2026-10-06 17:10:58.958 INFO  dgpp-serve 0.1.0+g8f1c4cbcc1e9.dirty (git 8f1c4cbcc1e9)
2026-10-06 17:10:58.958 INFO  config /tmp/bus4/deployments/782fc45b63def755/cluster.json: model unsloth/GLM-5.3-Flash-FP8, world 4, rank 2, http :18080, fabric :29970, journal :29971
2026-10-06 17:10:58.958 INFO  model unsloth/GLM-5.3-Flash-FP8 -> /home/stephen/.cache/huggingface/hub/models--unsloth--GLM-5.3-Flash-FP8/snapshots/a160e2291674d9e3e92e98fd82faa2544a2867a3
2026-10-06 17:10:58.959 INFO  journal: connected to rank 0 at 192.168.88.11:29971 (120000 attempt window)
2026-10-06 17:10:58.996 INFO  rank 2: settings from rank 0: model=unsloth/GLM-5.3-Flash-FP8 world=4 fabric=29970 journal=29971 conc=4 kv=524288 kvdt=bf16 ngt=resident dw=checkpoint mtpef=fp8 bfw=bf12+bf16 fp8head=gemv pf=bounded emsh=replicated maxtok=32768 queue=8 eos=1 graph=1 compact=0 mtp=1 mtpd=1 mss=0 msrow=8 msbase=28 mslam=0 msmin=1 msad=1 msss=0.93 mdr=auto mdt=1 mvf=token dbr=0 batchmin=2 cand=128 pcgib=2 adm=full win=256 pfbudget=256 pfidle=2048 pmin=1024 phead=1 pace=-1 inflight=-1 reasoning_in_content=0 rs=off dflash=off dfw=checkpoint
2026-10-06 17:10:58.996 INFO  config: model=unsloth/GLM-5.3-Flash-FP8 world=4 fabric=29970 journal=29971 conc=4 kv=524288 kvdt=bf16 ngt=resident dw=checkpoint mtpef=fp8 bfw=bf12+bf16 fp8head=gemv pf=bounded emsh=replicated maxtok=32768 queue=8 eos=1 graph=1 compact=0 mtp=1 mtpd=1 mss=0 msrow=8 msbase=28 mslam=0 msmin=1 msad=1 msss=0.93 mdr=auto mdt=1 mvf=token dbr=0 batchmin=2 cand=128 pcgib=2 adm=full win=256 pfbudget=256 pfidle=2048 pmin=1024 phead=1 pace=-1 inflight=-1 reasoning_in_content=0 rs=off dflash=off dfw=checkpoint (digest 91ab08a4894e08c8)
2026-10-06 17:10:59.120 INFO  serve: model family glm5 (/home/stephen/.cache/huggingface/hub/models--unsloth--GLM-5.3-Flash-FP8/snapshots/a160e2291674d9e3e92e98fd82faa2544a2867a3)
2026-10-06 17:10:59.120 INFO  serve: decode rows 8 (4 slot(s) x 2 row(s) per request, floor 8, the glm5 family's cap 8)
2026-10-06 17:10:59.120 WARN  generation config /home/stephen/.cache/huggingface/hub/models--unsloth--GLM-5.3-Flash-FP8/snapshots/a160e2291674d9e3e92e98fd82faa2544a2867a3/generation_config.json omits top_k, min_p, repetition_penalty; using greedy-safe/neutral fallbacks for those fields
2026-10-06 17:10:59.120 INFO  generation defaults: temperature=1 top_p=0.95 top_k=0 min_p=0 repetition_penalty=1
2026-10-06 17:10:59.120 INFO  serve: sampling defaults temperature 1 top_p 0.95 top_k 0 min_p 0 repetition_penalty 1 (from generation_config.json; overrides: none)
2026-10-06 17:10:59.120 INFO  serve: request context limit 524288 tokens (the 524288-token K/V pool from engine.kv_capacity 524288; this family states no positional ceiling of its own)
2026-10-06 17:10:59.120 INFO  rank 2: prefix cache plan — 2 GiB budget, 58 slots of 35.227 MiB, 1.995 GiB allocated; cached K/V blocks share the 524288-token pool
2026-10-06 17:10:59.274 INFO  tokenizer: loaded vocab 154820 merges 321649 added 36 (revision 0x700b4469fc43f23b; glm pattern, no normalizer, ignore_merges true)
2026-10-06 17:10:59.283 INFO  serve: grammar vocabulary built (154880 ids, tool markers present, call-turn EOS 154829)
2026-10-06 17:10:59.387 INFO  serve: JSON grammar tables built in 0.10 s
2026-10-06 17:10:59.617 INFO  bus: globaltimer offset 10366446207 ns (+-2 us)
2026-10-06 17:10:59.622 INFO  verbs: device roceP2p1s0f0 port 1 gid_index 3
2026-10-06 17:10:59.626 INFO  verbs: device rocep1s0f0 port 1 gid_index 3
2026-10-06 17:11:00.737 INFO  bus: rank 2 up — 3 peer(s) x 2 lane(s), lat 8x65536B, bulk 8x262144B, bulk pace 28.3 Gb/s per QP, window 4 per lane
2026-10-06 17:11:00.737 INFO  rank 2: boundary reducer host-driven
2026-10-06 17:11:00.873 INFO  rank 2: process memory locked (mlockall MCL_CURRENT, 14546 MiB)
2026-10-06 17:11:00.873 INFO  rank 2: resident image cache at /home/stephen/.cache/dgpp/resident
2026-10-06 17:11:00.874 INFO  bus engine: rank 2 pinned to cpu 19
2026-10-06 17:11:00.911 INFO  rank 2: memory plan for a 524288-token context — vision weights (replicated) 1.05 GiB; vision workspace (bounded image prefill) 0.33 GiB; model weights (resident) 79.29 GiB (1.81 GiB pinned); tensor-parallel slice views 0.67 GiB; bf16 decode packing (12-bit companions) 1.96 GiB; gemm workspace (at least) 0.06 GiB; kda scratch 0.08 GiB; kv cache pool (bf16) 6.19 GiB; dsa scratch 0.22 GiB; moe scratch 0.68 GiB (0.00 GiB pinned); kda state (request slots) 0.14 GiB; kda speculative snapshots 0.27 GiB; draft hidden cache (per position) 16.00 GiB; draft activations 0.05 GiB; activations (per-forward rows) 0.32 GiB (0.00 GiB pinned); route-trace staging 0.10 GiB (0.10 GiB pinned); prefix cache 2.00 GiB; engine 0.07 GiB
2026-10-06 17:11:00.911 INFO  rank 2: memory plan total 109.48 GiB (105.50 GiB device + 3.98 GiB pinned) + 4.00 GiB headroom against 116.55 GiB free (device free 114.72 GiB of 121.69 GiB, host available 116.55 GiB)
2026-10-06 17:11:00.911 INFO  memory ledger: rank 2 after the plan check — rss 1.18 GiB (anon 0.42, shmem 0.09, file 0.67; locked 14.21); device free 114.72 GiB, node available 116.55 GiB
2026-10-06 17:11:00.911 INFO  memory ledger: rank 2 after the bus — rss 1.18 GiB (anon 0.42, shmem 0.09, file 0.67; locked 14.21); device free 114.72 GiB, node available 116.55 GiB
2026-10-06 17:11:01.129 INFO  glm loader: rank 2 resident footprint 77.5 GiB; device free 114.7 of 121.7 GiB, host available 116.5 GiB
2026-10-06 17:11:01.879 INFO  glm loader: rank 2 resident image /home/stephen/.cache/dgpp/resident/8d2b8834e148c7d3.img — 46/46 layers present, direct I/O
2026-10-06 17:11:01.906 INFO  l2 prefetch: on, window budget 12 MiB, boundary rate light, layer rate light
2026-10-06 17:11:01.906 INFO  glm loader: rank 2 boot digest from the resident image (713 tensors, 2.91 GiB)
2026-10-06 17:11:16.585 INFO  glm loader: rank 2 resident load complete — released 62 shard mappings (305.8 GiB) and evicted their page cache; image: 46 layers restored, 0 captured
2026-10-06 17:11:16.950 INFO  rank 2 bf12: 70 decode matrices packed (2.55 GiB of bf16 -> 1.92 GiB, 215186 escapes, widest row 62, 16 rows kept raw; 0 matrices kept bf16) in 1.4 s
2026-10-06 17:11:21.950 INFO  rank 2 boot phases: digest 0.0 s (3.96 GiB hashed), globals 1.5 s, layers 17.6 s
2026-10-06 17:11:21.950 INFO  memory ledger: rank 2 after the model — rss 3.10 GiB (anon 0.42, shmem 2.01, file 0.67; locked 14.19); device free 6.25 GiB, node available 8.06 GiB
2026-10-06 17:11:21.950 INFO  rank 2: model constructed in 21.0s (resident, 4 request slots, 524288-token pool in bf16, 2048-row forwards)
2026-10-06 17:11:21.950 INFO  rank 2: prefix cache on — 58 snapshot slot(s) of 35.2 MiB (2.00 GiB asked)
2026-10-06 17:11:22.017 INFO  rank 2: graph engine samples on the device — 112 candidates per rank (8 rows x 4 ranks in a 65536-byte latency slot; the planned width is 128); constrained decoding available
2026-10-06 17:11:22.018 INFO  rank 2: prefill budget 256 tokens/tick (0 = full prompt), 2048 with nothing decoding
2026-10-06 17:11:22.018 INFO  rank 2: sampled requests draft a draw from the draft's distribution under the ratio verify (engine.mtp_draft auto)
2026-10-06 17:11:28.432 INFO  memory ledger: rank 2 after the graph engine — rss 3.10 GiB (anon 0.42, shmem 2.01, file 0.67; locked 14.19); device free 4.24 GiB, node available 6.05 GiB
2026-10-06 17:11:28.700 INFO  allreduce: device clock rate 2418000 kHz (stamps conversion)
2026-10-06 17:11:28.700 INFO  allreduce: rank 2 seq 1 launched (3 peers)
2026-10-06 17:11:28.700 INFO  allreduce: rank 2 seq 1 ready after 49.1us
2026-10-06 17:11:28.706 INFO  allreduce: rank 2 seq 1 done status=0 after 6029.1us
2026-10-06 17:11:28.746 INFO  allreduce: rank 2 seq 2 launched (3 peers)
2026-10-06 17:11:28.746 INFO  allreduce: rank 2 seq 2 ready after 11.8us
2026-10-06 17:11:28.753 INFO  allreduce: rank 2 seq 2 done status=0 after 6521.8us
2026-10-06 17:11:28.753 INFO  allreduce: rank 2 seq 3 launched (3 peers)
2026-10-06 17:11:28.753 INFO  allreduce: rank 2 seq 3 ready after 11.4us
2026-10-06 17:11:28.753 INFO  allreduce: rank 2 seq 3 done status=0 after 56.5us
2026-10-06 17:11:28.753 INFO  allreduce: rank 2 seq 4 launched (3 peers)
2026-10-06 17:11:28.753 INFO  allreduce: rank 2 seq 4 ready after 13.2us
2026-10-06 17:11:28.754 INFO  allreduce: rank 2 seq 4 done status=0 after 81.5us
2026-10-06 17:11:28.754 INFO  allreduce: rank 2 seq 5 launched (3 peers)
2026-10-06 17:11:28.754 INFO  allreduce: rank 2 seq 5 ready after 11.6us
2026-10-06 17:11:28.754 INFO  allreduce: rank 2 seq 5 done status=0 after 72.7us
2026-10-06 17:11:28.754 INFO  allreduce: rank 2 seq 6 launched (3 peers)
2026-10-06 17:11:28.754 INFO  allreduce: rank 2 seq 6 ready after 11.8us
2026-10-06 17:11:28.754 INFO  allreduce: rank 2 seq 6 done status=0 after 80.1us
2026-10-06 17:11:28.758 INFO  allreduce: rank 2 seq 7 launched (3 peers)
2026-10-06 17:11:28.758 INFO  allreduce: rank 2 seq 7 ready after 17.2us
2026-10-06 17:11:28.758 INFO  allreduce: rank 2 seq 7 done status=0 after 513.0us
2026-10-06 17:11:28.759 INFO  allreduce: rank 2 seq 8 launched (3 peers)
2026-10-06 17:11:28.759 INFO  allreduce: rank 2 seq 8 ready after 14.1us
2026-10-06 17:11:28.759 INFO  allreduce: rank 2 seq 8 done status=0 after 64.2us
2026-10-06 17:11:28.760 INFO  allreduce: rank 2 seq 9 launched (3 peers)
2026-10-06 17:11:28.760 INFO  allreduce: rank 2 seq 9 ready after 11.2us
2026-10-06 17:11:28.760 INFO  allreduce: rank 2 seq 9 done status=0 after 77.3us
2026-10-06 17:11:28.760 INFO  allreduce: rank 2 seq 10 launched (3 peers)
2026-10-06 17:11:28.760 INFO  allreduce: rank 2 seq 10 ready after 13.1us
2026-10-06 17:11:28.760 INFO  allreduce: rank 2 seq 10 done status=0 after 72.1us
2026-10-06 17:11:28.761 INFO  allreduce: rank 2 seq 11 launched (3 peers)
2026-10-06 17:11:28.761 INFO  allreduce: rank 2 seq 11 ready after 11.2us
2026-10-06 17:11:28.761 INFO  allreduce: rank 2 seq 11 done status=0 after 56.1us
2026-10-06 17:11:28.762 INFO  allreduce: rank 2 seq 12 launched (3 peers)
2026-10-06 17:11:28.762 INFO  allreduce: rank 2 seq 12 ready after 15.1us
2026-10-06 17:11:28.762 INFO  allreduce: rank 2 seq 12 done status=0 after 53.2us
2026-10-06 17:11:28.762 INFO  allreduce: rank 2 seq 13 launched (3 peers)
2026-10-06 17:11:28.762 INFO  allreduce: rank 2 seq 13 ready after 11.3us
2026-10-06 17:11:28.763 INFO  allreduce: rank 2 seq 13 done status=0 after 111.4us
2026-10-06 17:11:28.763 INFO  allreduce: rank 2 seq 14 launched (3 peers)
2026-10-06 17:11:28.763 INFO  allreduce: rank 2 seq 14 ready after 17.6us
2026-10-06 17:11:28.764 INFO  allreduce: rank 2 seq 14 done status=0 after 65.4us
2026-10-06 17:11:28.764 INFO  allreduce: rank 2 seq 15 launched (3 peers)
2026-10-06 17:11:28.764 INFO  allreduce: rank 2 seq 15 ready after 9.8us
2026-10-06 17:11:28.764 INFO  allreduce: rank 2 seq 15 done status=0 after 60.9us
2026-10-06 17:11:28.765 INFO  allreduce: rank 2 seq 16 launched (3 peers)
2026-10-06 17:11:28.765 INFO  allreduce: rank 2 seq 16 ready after 9.1us
2026-10-06 17:11:28.765 INFO  allreduce: rank 2 seq 16 done status=0 after 147.1us
2026-10-06 17:11:28.848 INFO  bus graph era: variant 0 recorded with 94 collective node(s)
2026-10-06 17:11:28.848 INFO  rank 2: graph variant 0 shape: 1297 nodes, 1612 edges: kernel 1297 empty 0 memcpy 0 memset 0 host 0 event 0 other 0; max in-degree 2
2026-10-06 17:11:28.853 INFO  rank 2: graph variant 0 instantiated — 32.4 MiB of device memory (3.7 GiB free)
2026-10-06 17:11:28.854 INFO  bus graph era: variant 1 recorded with 94 collective node(s)
2026-10-06 17:11:28.855 INFO  rank 2: graph variant 1 shape: 1297 nodes, 1612 edges: kernel 1297 empty 0 memcpy 0 memset 0 host 0 event 0 other 0; max in-degree 2
2026-10-06 17:11:28.860 INFO  rank 2: graph variant 1 instantiated — 31.1 MiB of device memory (3.7 GiB free)
2026-10-06 17:11:28.860 INFO  rank 2: serving scalar graph variants 0/1 captured for request slot 0 (2 rows, MTP)
2026-10-06 17:11:28.862 INFO  bus graph era: variant 8 recorded with 94 collective node(s)
2026-10-06 17:11:28.862 INFO  rank 2: graph variant 8 shape: 1299 nodes, 1614 edges: kernel 1299 empty 0 memcpy 0 memset 0 host 0 event 0 other 0; max in-degree 2
2026-10-06 17:11:28.868 INFO  rank 2: graph variant 8 instantiated — 32.8 MiB of device memory (3.7 GiB free)
2026-10-06 17:11:28.869 INFO  bus graph era: variant 9 recorded with 94 collective node(s)
2026-10-06 17:11:28.869 INFO  rank 2: graph variant 9 shape: 1299 nodes, 1614 edges: kernel 1299 empty 0 memcpy 0 memset 0 host 0 event 0 other 0; max in-degree 2
2026-10-06 17:11:28.875 INFO  rank 2: graph variant 9 instantiated — 34.5 MiB of device memory (3.6 GiB free)
2026-10-06 17:11:28.875 INFO  rank 2: serving row-batched graph variants 8/9 captured for 2 slots x 2 rows = 4 fixed rows, MTP (a batch is selected at 2+ live requests, the smallest that covers the live slots)
2026-10-06 17:11:28.888 INFO  bus graph era: variant 10 recorded with 94 collective node(s)
2026-10-06 17:11:28.888 INFO  rank 2: graph variant 10 shape: 1359 nodes, 1674 edges: kernel 1359 empty 0 memcpy 0 memset 0 host 0 event 0 other 0; max in-degree 2
2026-10-06 17:11:28.894 INFO  rank 2: graph variant 10 instantiated — 29.3 MiB of device memory (3.6 GiB free)
2026-10-06 17:11:28.895 INFO  bus graph era: variant 11 recorded with 94 collective node(s)
2026-10-06 17:11:28.896 INFO  rank 2: graph variant 11 shape: 1359 nodes, 1674 edges: kernel 1359 empty 0 memcpy 0 memset 0 host 0 event 0 other 0; max in-degree 2
2026-10-06 17:11:28.902 INFO  rank 2: graph variant 11 instantiated — 31.6 MiB of device memory (3.6 GiB free)
2026-10-06 17:11:28.902 INFO  rank 2: serving row-batched graph variants 10/11 captured for 3 slots x 2 rows = 6 fixed rows, MTP (a batch is selected at 2+ live requests, the smallest that covers the live slots)
2026-10-06 17:11:28.903 INFO  bus graph era: variant 12 recorded with 94 collective node(s)
2026-10-06 17:11:28.903 INFO  rank 2: graph variant 12 shape: 1361 nodes, 1676 edges: kernel 1361 empty 0 memcpy 0 memset 0 host 0 event 0 other 0; max in-degree 2
2026-10-06 17:11:28.910 INFO  rank 2: graph variant 12 instantiated — 34.6 MiB of device memory (3.5 GiB free)
2026-10-06 17:11:28.911 INFO  bus graph era: variant 13 recorded with 94 collective node(s)
2026-10-06 17:11:28.911 INFO  rank 2: graph variant 13 shape: 1361 nodes, 1676 edges: kernel 1361 empty 0 memcpy 0 memset 0 host 0 event 0 other 0; max in-degree 2
2026-10-06 17:11:28.917 INFO  rank 2: graph variant 13 instantiated — 31.5 MiB of device memory (3.5 GiB free)
2026-10-06 17:11:28.917 INFO  rank 2: serving row-batched graph variants 12/13 captured for 4 slots x 2 rows = 8 fixed rows, MTP (a batch is selected at 2+ live requests, the smallest that covers the live slots)
2026-10-06 17:11:29.003 INFO  bus graph era: variant 2 recorded with 94 collective node(s)
2026-10-06 17:11:29.004 INFO  rank 2: graph variant 2 shape: 1297 nodes, 1612 edges: kernel 1297 empty 0 memcpy 0 memset 0 host 0 event 0 other 0; max in-degree 2
2026-10-06 17:11:29.010 INFO  rank 2: graph variant 2 instantiated — 32.4 MiB of device memory (3.5 GiB free)
2026-10-06 17:11:29.011 INFO  bus graph era: variant 3 recorded with 94 collective node(s)
2026-10-06 17:11:29.011 INFO  rank 2: graph variant 3 shape: 1297 nodes, 1612 edges: kernel 1297 empty 0 memcpy 0 memset 0 host 0 event 0 other 0; max in-degree 2
2026-10-06 17:11:29.018 INFO  rank 2: graph variant 3 instantiated — 33.7 MiB of device memory (3.4 GiB free)
2026-10-06 17:11:29.018 INFO  rank 2: serving scalar graph variants 2/3 captured for request slot 1 (2 rows, MTP)
2026-10-06 17:11:29.094 INFO  bus graph era: variant 4 recorded with 94 collective node(s)
2026-10-06 17:11:29.095 INFO  rank 2: graph variant 4 shape: 1297 nodes, 1612 edges: kernel 1297 empty 0 memcpy 0 memset 0 host 0 event 0 other 0; max in-degree 2
2026-10-06 17:11:29.101 INFO  rank 2: graph variant 4 instantiated — 33.7 MiB of device memory (3.4 GiB free)
2026-10-06 17:11:29.102 INFO  bus graph era: variant 5 recorded with 94 collective node(s)
2026-10-06 17:11:29.102 INFO  rank 2: graph variant 5 shape: 1297 nodes, 1612 edges: kernel 1297 empty 0 memcpy 0 memset 0 host 0 event 0 other 0; max in-degree 2
2026-10-06 17:11:29.111 INFO  rank 2: graph variant 5 instantiated — 32.5 MiB of device memory (3.4 GiB free)
2026-10-06 17:11:29.111 INFO  rank 2: serving scalar graph variants 4/5 captured for request slot 2 (2 rows, MTP)
2026-10-06 17:11:29.187 INFO  bus graph era: variant 6 recorded with 94 collective node(s)
2026-10-06 17:11:29.187 INFO  rank 2: graph variant 6 shape: 1297 nodes, 1612 edges: kernel 1297 empty 0 memcpy 0 memset 0 host 0 event 0 other 0; max in-degree 2
2026-10-06 17:11:29.194 INFO  rank 2: graph variant 6 instantiated — 33.8 MiB of device memory (3.3 GiB free)
2026-10-06 17:11:29.196 INFO  bus graph era: variant 7 recorded with 94 collective node(s)
2026-10-06 17:11:29.196 INFO  rank 2: graph variant 7 shape: 1297 nodes, 1612 edges: kernel 1297 empty 0 memcpy 0 memset 0 host 0 event 0 other 0; max in-degree 2
2026-10-06 17:11:29.202 INFO  rank 2: graph variant 7 instantiated — 32.9 MiB of device memory (3.3 GiB free)
2026-10-06 17:11:29.202 INFO  rank 2: serving scalar graph variants 6/7 captured for request slot 3 (2 rows, MTP)
2026-10-06 17:11:29.202 INFO  rank 2: warm capture complete — 4 scalar variants and the row batches for 2 slots, 3 slots, 4 slots recorded before the first request
2026-10-06 17:11:29.202 INFO  memory ledger: rank 2 after the warm capture — rss 3.60 GiB (anon 0.91, shmem 2.01, file 0.68; locked 14.19); device free 3.31 GiB, node available 5.13 GiB
2026-10-06 17:11:29.202 INFO  rank 2: graph variants warm-captured in 0.77s
2026-10-06 17:11:29.202 INFO  rank 2: following rank 0's journal (admission full, window 256)
2026-10-06 17:11:30.266 INFO  sched: request 'chatcmpl-6374f6dce06e4ef7' starting prefill in slot 0 (539 prompt tokens)
2026-10-06 17:11:30.860 INFO  sched: request 'chatcmpl-6374f6dce06e4ef7' prefix cache miss — 2 cut(s), the cache is empty
2026-10-06 17:11:30.860 INFO  sched: request 'chatcmpl-6374f6dce06e4ef7' admitted to slot 0 (reserve 5 blocks; pool 5/4096 blocks in use) — first token 785
2026-10-06 17:11:30.860 INFO  sched: request 'chatcmpl-6374f6dce06e4ef7' retired (steps): 1 tok in 0.6 s — prefill 539 tok (0 cached) in 593 ms; decode 0 tok / 0 passes in 0.0 s
2026-10-06 17:11:30.884 INFO  sched: request 'chatcmpl-6374f6dce06e4ef8' starting prefill in slot 0 (32393 prompt tokens)
2026-10-06 17:11:30.884 INFO  sched: request 'chatcmpl-6374f6dce06e4ef8' prefix cache miss — 17 cut(s), the cache is empty
2026-10-06 17:11:30.884 INFO  sched: request 'chatcmpl-6374f6dce06e4ef8' prefilling in slot 0 (2048 tokens/tick)
2026-10-06 17:11:39.571 INFO  stats: rank 2 | 10.2 s | decode 0.1 tok/s, 0.0 ms/tok, 0.0 ms/step (0 steps / 1 tok, 0 % of wall) | prefill 1 prompt / 12827 tok, 1256 tok/s, 0.72 ms/tok, 9277 ms avg (91 % of wall), 0 tok cached (0/2 hits) | live 1, queued 0 | pool 254/4096 blocks (6 %) | prefix cache 0/58 entries | 1 prefilling
2026-10-06 17:11:50.556 INFO  stats: rank 2 | 11.0 s | decode 0.0 tok/s, 0.0 ms/tok, 0.0 ms/step (0 steps / 0 tok, 0 % of wall) | prefill 0 prompts / 14336 tok, 1305 tok/s, 0.77 ms/tok (100 % of wall), 0 tok cached (0/0 hits) | live 1, queued 0 | pool 254/4096 blocks (6 %) | prefix cache 0/58 entries | 1 prefilling
2026-10-06 17:11:55.381 INFO  sched: request 'chatcmpl-6374f6dce06e4ef8' admitted to slot 0 (reserve 254 blocks; pool 255/4096 blocks in use) — first token 785
2026-10-06 17:11:55.381 INFO  sched: request 'chatcmpl-6374f6dce06e4ef8' retired (steps): 1 tok in 24.5 s — prefill 32393 tok (0 cached) in 24491 ms; decode 0 tok / 0 passes in 0.0 s
2026-10-06 17:11:55.425 INFO  sched: request 'chatcmpl-6374f6dce06e4ef9' starting prefill in slot 0 (32363 prompt tokens)
2026-10-06 17:11:55.425 INFO  sched: request 'chatcmpl-6374f6dce06e4ef9' prefix cache miss — 17 cut(s) probed against 2 entries; the nearest entry (position 32388) shares the first 36 of the prompt's 32363 tokens (the prompt differs from it from that token on)
2026-10-06 17:11:55.426 INFO  sched: request 'chatcmpl-6374f6dce06e4ef9' prefilling in slot 0 (2048 tokens/tick)
2026-10-06 17:12:01.146 INFO  stats: rank 2 | 10.6 s | decode 0.1 tok/s, 0.0 ms/tok, 0.0 ms/step (0 steps / 1 tok, 0 % of wall) | prefill 1 prompt / 13961 tok, 1318 tok/s, 0.76 ms/tok, 10545 ms avg (100 % of wall), 0 tok cached (0/1 hit) | live 1, queued 0 | pool 507/4096 blocks (12 %) | prefix cache 2/58 entries | 1 prefilling
2026-10-06 17:12:12.077 INFO  stats: rank 2 | 10.9 s | decode 0.0 tok/s, 0.0 ms/tok, 0.0 ms/step (0 steps / 0 tok, 0 % of wall) | prefill 0 prompts / 14336 tok, 1312 tok/s, 0.76 ms/tok (100 % of wall), 0 tok cached (0/0 hits) | live 1, queued 0 | pool 507/4096 blocks (12 %) | prefix cache 2/58 entries | 1 prefilling
2026-10-06 17:12:20.109 INFO  sched: request 'chatcmpl-6374f6dce06e4ef9' admitted to slot 0 (reserve 253 blocks; pool 508/4096 blocks in use) — first token 785
2026-10-06 17:12:20.109 INFO  sched: request 'chatcmpl-6374f6dce06e4ef9' retired (steps): 1 tok in 24.7 s — prefill 32363 tok (0 cached) in 24677 ms; decode 0 tok / 0 passes in 0.0 s
2026-10-06 17:12:20.152 INFO  sched: request 'chatcmpl-6374f6dce06e4efa' starting prefill in slot 0 (32319 prompt tokens)
2026-10-06 17:12:20.153 INFO  sched: request 'chatcmpl-6374f6dce06e4efa' prefix cache miss — 17 cut(s) probed against 4 entries; the nearest entry (position 32388) shares the first 36 of the prompt's 32319 tokens (the prompt differs from it from that token on)
2026-10-06 17:12:20.153 INFO  sched: request 'chatcmpl-6374f6dce06e4efa' prefilling in slot 0 (2048 tokens/tick)
2026-10-06 17:12:22.889 INFO  stats: rank 2 | 10.8 s | decode 0.1 tok/s, 0.0 ms/tok, 0.0 ms/step (0 steps / 1 tok, 0 % of wall) | prefill 1 prompt / 13931 tok, 1289 tok/s, 0.77 ms/tok, 10764 ms avg (100 % of wall), 0 tok cached (0/1 hit) | live 1, queued 0 | pool 760/4096 blocks (19 %) | prefix cache 4/58 entries | 1 prefilling
2026-10-06 17:12:33.482 INFO  stats: rank 2 | 10.6 s | decode 0.0 tok/s, 0.0 ms/tok, 0.0 ms/step (0 steps / 0 tok, 0 % of wall) | prefill 0 prompts / 14336 tok, 1353 tok/s, 0.74 ms/tok (100 % of wall), 0 tok cached (0/0 hits) | live 1, queued 0 | pool 760/4096 blocks (19 %) | prefix cache 4/58 entries | 1 prefilling
2026-10-06 17:12:44.579 INFO  stats: rank 2 | 11.1 s | decode 0.0 tok/s, 0.0 ms/tok, 0.0 ms/step (0 steps / 0 tok, 0 % of wall) | prefill 0 prompts / 13884 tok, 1251 tok/s, 0.80 ms/tok (100 % of wall), 0 tok cached (0/0 hits) | live 1, queued 0 | pool 761/4096 blocks (19 %) | prefix cache 4/58 entries | 1 prefilling
2026-10-06 17:12:44.657 INFO  sched: request 'chatcmpl-6374f6dce06e4efa' admitted to slot 0 (reserve 253 blocks; pool 761/4096 blocks in use) — first token 785
2026-10-06 17:12:44.657 INFO  sched: request 'chatcmpl-6374f6dce06e4efa' retired (steps): 1 tok in 24.5 s — prefill 32319 tok (0 cached) in 24499 ms; decode 0 tok / 0 passes in 0.0 s
2026-10-06 17:12:45.455 INFO  sched: request 'chatcmpl-6374f6dce06e4efb' starting prefill in slot 0 (32234 prompt tokens)
2026-10-06 17:12:45.455 INFO  sched: request 'chatcmpl-6374f6dce06e4efb' prefix cache miss — 17 cut(s) probed against 6 entries; the nearest entry (position 32388) shares the first 10 of the prompt's 32234 tokens (the prompt differs from it from that token on)
2026-10-06 17:12:45.455 INFO  sched: request 'chatcmpl-6374f6dce06e4efb' prefilling in slot 0 (2048 tokens/tick)
2026-10-06 17:12:55.653 INFO  stats: rank 2 | 11.1 s | decode 0.1 tok/s, 0.0 ms/tok, 0.0 ms/step (0 steps / 1 tok, 0 % of wall) | prefill 1 prompt / 14339 tok, 1295 tok/s, 0.72 ms/tok, 10272 ms avg (93 % of wall), 0 tok cached (0/1 hit) | live 1, queued 0 | pool 1014/4096 blocks (25 %) | prefix cache 6/58 entries | 1 prefilling
2026-10-06 17:13:06.667 INFO  stats: rank 2 | 11.0 s | decode 0.0 tok/s, 0.0 ms/tok, 0.0 ms/step (0 steps / 0 tok, 0 % of wall) | prefill 0 prompts / 14336 tok, 1302 tok/s, 0.77 ms/tok (100 % of wall), 0 tok cached (0/0 hits) | live 1, queued 0 | pool 1014/4096 blocks (25 %) | prefix cache 6/58 entries | 1 prefilling
2026-10-06 17:13:09.688 INFO  sched: request 'chatcmpl-6374f6dce06e4efb' admitted to slot 0 (reserve 254 blocks; pool 1015/4096 blocks in use) — first token 785
2026-10-06 17:13:14.945 INFO  sched: request 'chatcmpl-6374f6dce06e4efb' retired (steps): 256 tok in 29.5 s — prefill 32234 tok (0 cached) in 24223 ms; decode 255 tok / 130 passes in 5.3 s: 48.4 tok/s, 20.7 ms/tok, 41 ms/pass, 1.96 tok/pass, accept p1 96 %
2026-10-06 17:13:14.962 INFO  sched: request 'chatcmpl-6374f6dce06e4efc' starting prefill in slot 0 (32234 prompt tokens)
2026-10-06 17:13:14.963 INFO  sched: request 'chatcmpl-6374f6dce06e4efc' prefilling in slot 0 (2048 tokens/tick)
2026-10-06 17:13:15.025 INFO  sched: request 'chatcmpl-6374f6dce06e4efc' admitted to slot 0 (reserve 254 blocks; pool 1018/4096 blocks in use) — first token 785
2026-10-06 17:13:16.702 INFO  stats: rank 2 | 10.0 s | decode 33.5 tok/s, 20.3 ms/tok, 39.6 ms/step (172 steps / 336 tok, 68 % of wall) | mtp 1.95 tok/step/req, accept p1 94 % | prefill 2 prompts / 3564 tok, 355 tok/s, 0.86 ms/tok, 1541 ms avg (31 % of wall), 32232 tok cached (1/1 hit) | live 1, queued 0 | pool 1019/4096 blocks (25 %) | prefix cache 9/58 entries
2026-10-06 17:13:20.277 INFO  sched: request 'chatcmpl-6374f6dce06e4efc' retired (steps): 256 tok in 5.3 s — prefill 32234 tok (32232 cached) in 62 ms; decode 255 tok / 130 passes in 5.3 s: 48.5 tok/s, 20.6 ms/tok, 40 ms/pass, 1.96 tok/pass, accept p1 96 %
2026-10-06 17:13:20.299 INFO  sched: request 'chatcmpl-6374f6dce06e4efd' starting prefill in slot 0 (32234 prompt tokens)
2026-10-06 17:13:20.300 INFO  sched: request 'chatcmpl-6374f6dce06e4efd' prefilling in slot 0 (2048 tokens/tick)
2026-10-06 17:13:20.362 INFO  sched: request 'chatcmpl-6374f6dce06e4efd' admitted to slot 0 (reserve 254 blocks; pool 1018/4096 blocks in use) — first token 785
2026-10-06 17:13:25.608 INFO  sched: request 'chatcmpl-6374f6dce06e4efd' retired (steps): 256 tok in 5.3 s — prefill 32234 tok (32232 cached) in 63 ms; decode 255 tok / 130 passes in 5.2 s: 48.6 tok/s, 20.6 ms/tok, 40 ms/pass, 1.96 tok/pass, accept p1 96 %
2026-10-06 17:13:26.707 INFO  stats: rank 2 | 10.0 s | decode 43.2 tok/s, 20.1 ms/tok, 39.8 ms/step (218 steps / 432 tok, 87 % of wall) | mtp 1.98 tok/step/req, accept p1 98 % | prefill 1 prompt / 2 tok, 0 tok/s, 31.65 ms/tok, 63 ms avg (1 % of wall), 32232 tok cached (1/1 hit) | live 0, queued 0 | pool 1015/4096 blocks (25 %) | prefix cache 9/58 entries
2026-10-06 17:13:26.805 INFO  sched: request 'chatcmpl-6374f6dce06e4efe' starting prefill in slot 0 (65009 prompt tokens)
2026-10-06 17:13:26.805 INFO  sched: request 'chatcmpl-6374f6dce06e4efe' prefix cache miss — 33 cut(s) probed against 9 entries; the nearest entry (position 32488) shares the first 13 of the prompt's 65009 tokens (the prompt differs from it from that token on)
2026-10-06 17:13:26.805 INFO  sched: request 'chatcmpl-6374f6dce06e4efe' prefilling in slot 0 (2048 tokens/tick)
2026-10-06 17:13:36.984 INFO  stats: rank 2 | 10.3 s | decode 0.0 tok/s, 0.0 ms/tok, 0.0 ms/step (0 steps / 0 tok, 0 % of wall) | prefill 0 prompts / 14336 tok, 1395 tok/s, 0.71 ms/tok (99 % of wall), 0 tok cached (0/1 hit) | live 1, queued 0 | pool 1525/4096 blocks (37 %) | prefix cache 9/58 entries | 1 prefilling
2026-10-06 17:13:47.994 INFO  stats: rank 2 | 11.0 s | decode 0.0 tok/s, 0.0 ms/tok, 0.0 ms/step (0 steps / 0 tok, 0 % of wall) | prefill 0 prompts / 14336 tok, 1302 tok/s, 0.77 ms/tok (100 % of wall), 0 tok cached (0/0 hits) | live 1, queued 0 | pool 1525/4096 blocks (37 %) | prefix cache 9/58 entries | 1 prefilling
2026-10-06 17:13:58.106 INFO  stats: rank 2 | 10.1 s | decode 0.0 tok/s, 0.0 ms/tok, 0.0 ms/step (0 steps / 0 tok, 0 % of wall) | prefill 0 prompts / 12288 tok, 1215 tok/s, 0.82 ms/tok (100 % of wall), 0 tok cached (0/0 hits) | live 1, queued 0 | pool 1525/4096 blocks (37 %) | prefix cache 9/58 entries | 1 prefilling
2026-10-06 17:14:08.784 INFO  stats: rank 2 | 10.7 s | decode 0.0 tok/s, 0.0 ms/tok, 0.0 ms/step (0 steps / 0 tok, 0 % of wall) | prefill 0 prompts / 12288 tok, 1151 tok/s, 0.87 ms/tok (100 % of wall), 0 tok cached (0/0 hits) | live 1, queued 0 | pool 1525/4096 blocks (37 %) | prefix cache 9/58 entries | 1 prefilling
2026-10-06 17:14:19.720 INFO  stats: rank 2 | 10.9 s | decode 0.0 tok/s, 0.0 ms/tok, 0.0 ms/step (0 steps / 0 tok, 0 % of wall) | prefill 0 prompts / 11756 tok, 1075 tok/s, 0.93 ms/tok (100 % of wall), 0 tok cached (0/0 hits) | live 1, queued 0 | pool 1526/4096 blocks (37 %) | prefix cache 9/58 entries | 1 prefilling
2026-10-06 17:14:19.811 INFO  sched: request 'chatcmpl-6374f6dce06e4efe' admitted to slot 0 (reserve 510 blocks; pool 1526/4096 blocks in use) — first token 785
2026-10-06 17:14:25.351 INFO  sched: request 'chatcmpl-6374f6dce06e4efe' retired (steps): 256 tok in 58.5 s — prefill 65009 tok (0 cached) in 52991 ms; decode 255 tok / 132 passes in 5.6 s: 45.9 tok/s, 21.8 ms/tok, 42 ms/pass, 1.93 tok/pass, accept p1 94 %
2026-10-06 17:14:25.384 INFO  sched: request 'chatcmpl-6374f6dce06e4eff' starting prefill in slot 0 (65009 prompt tokens)
2026-10-06 17:14:25.384 INFO  sched: request 'chatcmpl-6374f6dce06e4eff' prefilling in slot 0 (2048 tokens/tick)
2026-10-06 17:14:25.470 INFO  sched: request 'chatcmpl-6374f6dce06e4eff' admitted to slot 0 (reserve 510 blocks; pool 1529/4096 blocks in use) — first token 785
2026-10-06 17:14:29.733 INFO  stats: rank 2 | 10.0 s | decode 45.2 tok/s, 21.3 ms/tok, 41.4 ms/step (233 steps / 453 tok, 96 % of wall) | mtp 1.94 tok/step/req, accept p1 94 % | prefill 2 prompts / 10 tok, 1 tok/s, 17.57 ms/tok, 88 ms avg (2 % of wall), 65004 tok cached (1/1 hit) | live 1, queued 0 | pool 1530/4096 blocks (37 %) | prefix cache 12/58 entries
2026-10-06 17:14:31.061 INFO  sched: request 'chatcmpl-6374f6dce06e4eff' retired (steps): 256 tok in 5.7 s — prefill 65009 tok (65004 cached) in 86 ms; decode 255 tok / 132 passes in 5.6 s: 45.6 tok/s, 21.9 ms/tok, 42 ms/pass, 1.93 tok/pass, accept p1 94 %
2026-10-06 17:14:31.084 INFO  sched: request 'chatcmpl-6374f6dce06e4f00' starting prefill in slot 0 (65009 prompt tokens)
2026-10-06 17:14:31.085 INFO  sched: request 'chatcmpl-6374f6dce06e4f00' prefilling in slot 0 (2048 tokens/tick)
2026-10-06 17:14:31.172 INFO  sched: request 'chatcmpl-6374f6dce06e4f00' admitted to slot 0 (reserve 510 blocks; pool 1529/4096 blocks in use) — first token 785
2026-10-06 17:14:36.696 INFO  sched: request 'chatcmpl-6374f6dce06e4f00' retired (steps): 256 tok in 5.6 s — prefill 65009 tok (65004 cached) in 88 ms; decode 255 tok / 132 passes in 5.5 s: 46.2 tok/s, 21.7 ms/tok, 42 ms/pass, 1.93 tok/pass, accept p1 94 %
2026-10-06 17:14:38.875 INFO  sched: request 'chatcmpl-6374f6dce06e4f01' starting prefill in slot 0 (130539 prompt tokens)
2026-10-06 17:14:38.875 INFO  sched: request 'chatcmpl-6374f6dce06e4f01' prefix cache miss — 65 cut(s) probed against 12 entries; the nearest entry (position 65264) shares the first 13 of the prompt's 130539 tokens (the prompt differs from it from that token on)
2026-10-06 17:14:38.875 INFO  sched: request 'chatcmpl-6374f6dce06e4f01' prefilling in slot 0 (2048 tokens/tick)
2026-10-06 17:14:40.155 INFO  stats: rank 2 | 10.4 s | decode 30.2 tok/s, 21.4 ms/tok, 41.3 ms/step (163 steps / 315 tok, 65 % of wall) | mtp 1.93 tok/step/req, accept p1 94 % | prefill 1 prompt / 2053 tok, 197 tok/s, 0.67 ms/tok, 1368 ms avg (13 % of wall), 65004 tok cached (1/2 hits) | live 1, queued 0 | pool 2548/4096 blocks (62 %) | prefix cache 12/58 entries | 1 prefilling
2026-10-06 17:14:50.800 INFO  stats: rank 2 | 10.6 s | decode 0.0 tok/s, 0.0 ms/tok, 0.0 ms/step (0 steps / 0 tok, 0 % of wall) | prefill 0 prompts / 14336 tok, 1347 tok/s, 0.74 ms/tok (100 % of wall), 0 tok cached (0/0 hits) | live 1, queued 0 | pool 2548/4096 blocks (62 %) | prefix cache 12/58 entries | 1 prefilling
2026-10-06 17:15:02.032 INFO  stats: rank 2 | 11.2 s | decode 0.0 tok/s, 0.0 ms/tok, 0.0 ms/step (0 steps / 0 tok, 0 % of wall) | prefill 0 prompts / 14336 tok, 1276 tok/s, 0.78 ms/tok (100 % of wall), 0 tok cached (0/0 hits) | live 1, queued 0 | pool 2548/4096 blocks (62 %) | prefix cache 12/58 entries | 1 prefilling
2026-10-06 17:15:12.344 INFO  stats: rank 2 | 10.3 s | decode 0.0 tok/s, 0.0 ms/tok, 0.0 ms/step (0 steps / 0 tok, 0 % of wall) | prefill 0 prompts / 12288 tok, 1192 tok/s, 0.84 ms/tok (100 % of wall), 0 tok cached (0/0 hits) | live 1, queued 0 | pool 2548/4096 blocks (62 %) | prefix cache 12/58 entries | 1 prefilling
2026-10-06 17:15:23.259 INFO  stats: rank 2 | 10.9 s | decode 0.0 tok/s, 0.0 ms/tok, 0.0 ms/step (0 steps / 0 tok, 0 % of wall) | prefill 0 prompts / 12288 tok, 1126 tok/s, 0.89 ms/tok (100 % of wall), 0 tok cached (0/0 hits) | live 1, queued 0 | pool 2548/4096 blocks (62 %) | prefix cache 12/58 entries | 1 prefilling
2026-10-06 17:15:34.667 INFO  stats: rank 2 | 11.4 s | decode 0.0 tok/s, 0.0 ms/tok, 0.0 ms/step (0 steps / 0 tok, 0 % of wall) | prefill 0 prompts / 12288 tok, 1077 tok/s, 0.93 ms/tok (100 % of wall), 0 tok cached (0/0 hits) | live 1, queued 0 | pool 2548/4096 blocks (62 %) | prefix cache 12/58 entries | 1 prefilling
2026-10-06 17:15:46.652 INFO  stats: rank 2 | 12.0 s | decode 0.0 tok/s, 0.0 ms/tok, 0.0 ms/step (0 steps / 0 tok, 0 % of wall) | prefill 0 prompts / 12288 tok, 1025 tok/s, 0.98 ms/tok (100 % of wall), 0 tok cached (0/0 hits) | live 1, queued 0 | pool 2548/4096 blocks (62 %) | prefix cache 12/58 entries | 1 prefilling
2026-10-06 17:15:57.157 INFO  stats: rank 2 | 10.5 s | decode 0.0 tok/s, 0.0 ms/tok, 0.0 ms/step (0 steps / 0 tok, 0 % of wall) | prefill 0 prompts / 10240 tok, 975 tok/s, 1.03 ms/tok (100 % of wall), 0 tok cached (0/0 hits) | live 1, queued 0 | pool 2548/4096 blocks (62 %) | prefix cache 12/58 entries | 1 prefilling
2026-10-06 17:16:08.047 INFO  stats: rank 2 | 10.9 s | decode 0.0 tok/s, 0.0 ms/tok, 0.0 ms/step (0 steps / 0 tok, 0 % of wall) | prefill 0 prompts / 10240 tok, 940 tok/s, 1.06 ms/tok (100 % of wall), 0 tok cached (0/0 hits) | live 1, queued 0 | pool 2548/4096 blocks (62 %) | prefix cache 12/58 entries | 1 prefilling
2026-10-06 17:16:19.373 INFO  stats: rank 2 | 11.3 s | decode 0.0 tok/s, 0.0 ms/tok, 0.0 ms/step (0 steps / 0 tok, 0 % of wall) | prefill 0 prompts / 10240 tok, 904 tok/s, 1.11 ms/tok (100 % of wall), 0 tok cached (0/0 hits) | live 1, queued 0 | pool 2548/4096 blocks (62 %) | prefix cache 12/58 entries | 1 prefilling
2026-10-06 17:16:31.134 INFO  stats: rank 2 | 11.8 s | decode 0.0 tok/s, 0.0 ms/tok, 0.0 ms/step (0 steps / 0 tok, 0 % of wall) | prefill 0 prompts / 10240 tok, 871 tok/s, 1.15 ms/tok (100 % of wall), 0 tok cached (0/0 hits) | live 1, queued 0 | pool 2548/4096 blocks (62 %) | prefix cache 12/58 entries | 1 prefilling
2026-10-06 17:16:42.729 INFO  stats: rank 2 | 11.6 s | decode 0.0 tok/s, 0.0 ms/tok, 0.0 ms/step (0 steps / 0 tok, 0 % of wall) | prefill 0 prompts / 9704 tok, 837 tok/s, 1.19 ms/tok (100 % of wall), 0 tok cached (0/0 hits) | live 1, queued 0 | pool 2549/4096 blocks (62 %) | prefix cache 12/58 entries | 1 prefilling
2026-10-06 17:16:42.810 INFO  sched: request 'chatcmpl-6374f6dce06e4f01' admitted to slot 0 (reserve 1022 blocks; pool 2549/4096 blocks in use) — first token 785
2026-10-06 17:16:48.411 INFO  sched: request 'chatcmpl-6374f6dce06e4f01' retired (steps): 256 tok in 129.5 s — prefill 130539 tok (0 cached) in 123905 ms; decode 255 tok / 130 passes in 5.6 s: 45.3 tok/s, 22.1 ms/tok, 43 ms/pass, 1.96 tok/pass, accept p1 96 %
2026-10-06 17:16:48.485 INFO  sched: request 'chatcmpl-6374f6dce06e4f02' starting prefill in slot 0 (130539 prompt tokens)
2026-10-06 17:16:48.485 INFO  sched: request 'chatcmpl-6374f6dce06e4f02' prefilling in slot 0 (2048 tokens/tick)
2026-10-06 17:16:48.559 INFO  sched: request 'chatcmpl-6374f6dce06e4f02' admitted to slot 0 (reserve 1022 blocks; pool 2552/4096 blocks in use) — first token 785
2026-10-06 17:16:52.752 INFO  stats: rank 2 | 10.0 s | decode 44.8 tok/s, 21.5 ms/tok, 42.3 ms/step (228 steps / 449 tok, 96 % of wall) | mtp 1.97 tok/step/req, accept p1 96 % | prefill 2 prompts / 6 tok, 1 tok/s, 25.53 ms/tok, 77 ms avg (2 % of wall), 130536 tok cached (1/1 hit) | live 1, queued 0 | pool 2553/4096 blocks (62 %) | prefix cache 15/58 entries
2026-10-06 17:16:54.161 INFO  sched: request 'chatcmpl-6374f6dce06e4f02' retired (steps): 256 tok in 5.7 s — prefill 130539 tok (130536 cached) in 74 ms; decode 255 tok / 130 passes in 5.6 s: 45.5 tok/s, 22.0 ms/tok, 43 ms/pass, 1.96 tok/pass, accept p1 96 %
2026-10-06 17:16:54.228 INFO  sched: request 'chatcmpl-6374f6dce06e4f03' starting prefill in slot 0 (130539 prompt tokens)
2026-10-06 17:16:54.228 INFO  sched: request 'chatcmpl-6374f6dce06e4f03' prefilling in slot 0 (2048 tokens/tick)
2026-10-06 17:16:54.300 INFO  sched: request 'chatcmpl-6374f6dce06e4f03' admitted to slot 0 (reserve 1022 blocks; pool 2552/4096 blocks in use) — first token 785
2026-10-06 17:16:59.882 INFO  sched: request 'chatcmpl-6374f6dce06e4f03' retired (steps): 256 tok in 5.7 s — prefill 130539 tok (130536 cached) in 72 ms; decode 255 tok / 130 passes in 5.6 s: 45.7 tok/s, 21.9 ms/tok, 43 ms/pass, 1.96 tok/pass, accept p1 96 %
2026-10-06 17:17:02.757 INFO  stats: rank 2 | 10.0 s | decode 31.9 tok/s, 21.6 ms/tok, 42.5 ms/step (162 steps / 319 tok, 69 % of wall) | mtp 1.97 tok/step/req, accept p1 96 % | prefill 1 prompt / 3 tok, 0 tok/s, 23.95 ms/tok, 72 ms avg (1 % of wall), 130536 tok cached (1/1 hit) | live 0, queued 0 | pool 2549/4096 blocks (62 %) | prefix cache 15/58 entries
2026-10-06 17:17:04.032 INFO  sched: request 'chatcmpl-6374f6dce06e4f04' starting prefill in slot 0 (261631 prompt tokens)
2026-10-06 17:17:04.032 INFO  sched: request 'chatcmpl-6374f6dce06e4f04' prefix cache miss — 129 cut(s) probed against 11 entries; the nearest entry (position 130792) shares the first 13 of the prompt's 261631 tokens (the prompt differs from it from that token on)
2026-10-06 17:17:04.032 INFO  sched: request 'chatcmpl-6374f6dce06e4f04' prefilling in slot 0 (2048 tokens/tick)
2026-10-06 17:17:12.798 INFO  stats: rank 2 | 10.0 s | decode 0.0 tok/s, 0.0 ms/tok, 0.0 ms/step (0 steps / 0 tok, 0 % of wall) | prefill 0 prompts / 12288 tok, 1224 tok/s, 0.71 ms/tok (87 % of wall), 0 tok cached (0/1 hit) | live 1, queued 0 | pool 4088/4096 blocks (100 %) | prefix cache 11/58 entries | 1 prefilling
2026-10-06 17:17:23.700 INFO  stats: rank 2 | 10.9 s | decode 0.0 tok/s, 0.0 ms/tok, 0.0 ms/step (0 steps / 0 tok, 0 % of wall) | prefill 0 prompts / 14336 tok, 1315 tok/s, 0.76 ms/tok (100 % of wall), 0 tok cached (0/0 hits) | live 1, queued 0 | pool 4088/4096 blocks (100 %) | prefix cache 11/58 entries | 1 prefilling
2026-10-06 17:17:33.722 INFO  stats: rank 2 | 10.0 s | decode 0.0 tok/s, 0.0 ms/tok, 0.0 ms/step (0 steps / 0 tok, 0 % of wall) | prefill 0 prompts / 12288 tok, 1226 tok/s, 0.82 ms/tok (100 % of wall), 0 tok cached (0/0 hits) | live 1, queued 0 | pool 4088/4096 blocks (100 %) | prefix cache 11/58 entries | 1 prefilling
2026-10-06 17:17:44.299 INFO  stats: rank 2 | 10.6 s | decode 0.0 tok/s, 0.0 ms/tok, 0.0 ms/step (0 steps / 0 tok, 0 % of wall) | prefill 0 prompts / 12288 tok, 1162 tok/s, 0.86 ms/tok (100 % of wall), 0 tok cached (0/0 hits) | live 1, queued 0 | pool 4088/4096 blocks (100 %) | prefix cache 11/58 entries | 1 prefilling
2026-10-06 17:17:55.471 INFO  stats: rank 2 | 11.2 s | decode 0.0 tok/s, 0.0 ms/tok, 0.0 ms/step (0 steps / 0 tok, 0 % of wall) | prefill 0 prompts / 12288 tok, 1100 tok/s, 0.91 ms/tok (100 % of wall), 0 tok cached (0/0 hits) | live 1, queued 0 | pool 4088/4096 blocks (100 %) | prefix cache 11/58 entries | 1 prefilling
2026-10-06 17:18:07.267 INFO  stats: rank 2 | 11.8 s | decode 0.0 tok/s, 0.0 ms/tok, 0.0 ms/step (0 steps / 0 tok, 0 % of wall) | prefill 0 prompts / 12288 tok, 1042 tok/s, 0.96 ms/tok (100 % of wall), 0 tok cached (0/0 hits) | live 1, queued 0 | pool 4088/4096 blocks (100 %) | prefix cache 11/58 entries | 1 prefilling
2026-10-06 17:18:17.557 INFO  stats: rank 2 | 10.3 s | decode 0.0 tok/s, 0.0 ms/tok, 0.0 ms/step (0 steps / 0 tok, 0 % of wall) | prefill 0 prompts / 10240 tok, 995 tok/s, 1.00 ms/tok (100 % of wall), 0 tok cached (0/0 hits) | live 1, queued 0 | pool 4088/4096 blocks (100 %) | prefix cache 11/58 entries | 1 prefilling
2026-10-06 17:18:28.318 INFO  stats: rank 2 | 10.8 s | decode 0.0 tok/s, 0.0 ms/tok, 0.0 ms/step (0 steps / 0 tok, 0 % of wall) | prefill 0 prompts / 10240 tok, 952 tok/s, 1.05 ms/tok (100 % of wall), 0 tok cached (0/0 hits) | live 1, queued 0 | pool 4088/4096 blocks (100 %) | prefix cache 11/58 entries | 1 prefilling
2026-10-06 17:18:39.438 INFO  stats: rank 2 | 11.1 s | decode 0.0 tok/s, 0.0 ms/tok, 0.0 ms/step (0 steps / 0 tok, 0 % of wall) | prefill 0 prompts / 10240 tok, 921 tok/s, 1.09 ms/tok (100 % of wall), 0 tok cached (0/0 hits) | live 1, queued 0 | pool 4088/4096 blocks (100 %) | prefix cache 11/58 entries | 1 prefilling
2026-10-06 17:18:51.039 INFO  stats: rank 2 | 11.6 s | decode 0.0 tok/s, 0.0 ms/tok, 0.0 ms/step (0 steps / 0 tok, 0 % of wall) | prefill 0 prompts / 10240 tok, 883 tok/s, 1.13 ms/tok (100 % of wall), 0 tok cached (0/0 hits) | live 1, queued 0 | pool 4088/4096 blocks (100 %) | prefix cache 11/58 entries | 1 prefilling
2026-10-06 17:19:03.120 INFO  stats: rank 2 | 12.1 s | decode 0.0 tok/s, 0.0 ms/tok, 0.0 ms/step (0 steps / 0 tok, 0 % of wall) | prefill 0 prompts / 10240 tok, 848 tok/s, 1.18 ms/tok (100 % of wall), 0 tok cached (0/0 hits) | live 1, queued 0 | pool 4088/4096 blocks (100 %) | prefix cache 11/58 entries | 1 prefilling
2026-10-06 17:19:15.536 INFO  stats: rank 2 | 12.4 s | decode 0.0 tok/s, 0.0 ms/tok, 0.0 ms/step (0 steps / 0 tok, 0 % of wall) | prefill 0 prompts / 10240 tok, 825 tok/s, 1.21 ms/tok (100 % of wall), 0 tok cached (0/0 hits) | live 1, queued 0 | pool 4088/4096 blocks (100 %) | prefix cache 11/58 entries | 1 prefilling
2026-10-06 17:19:25.814 INFO  stats: rank 2 | 10.3 s | decode 0.0 tok/s, 0.0 ms/tok, 0.0 ms/step (0 steps / 0 tok, 0 % of wall) | prefill 0 prompts / 8192 tok, 797 tok/s, 1.25 ms/tok (100 % of wall), 0 tok cached (0/0 hits) | live 1, queued 0 | pool 4088/4096 blocks (100 %) | prefix cache 11/58 entries | 1 prefilling
2026-10-06 17:19:36.396 INFO  stats: rank 2 | 10.6 s | decode 0.0 tok/s, 0.0 ms/tok, 0.0 ms/step (0 steps / 0 tok, 0 % of wall) | prefill 0 prompts / 8192 tok, 774 tok/s, 1.29 ms/tok (100 % of wall), 0 tok cached (0/0 hits) | live 1, queued 0 | pool 4088/4096 blocks (100 %) | prefix cache 11/58 entries | 1 prefilling
2026-10-06 17:19:47.179 INFO  stats: rank 2 | 10.8 s | decode 0.0 tok/s, 0.0 ms/tok, 0.0 ms/step (0 steps / 0 tok, 0 % of wall) | prefill 0 prompts / 8192 tok, 760 tok/s, 1.32 ms/tok (100 % of wall), 0 tok cached (0/0 hits) | live 1, queued 0 | pool 4088/4096 blocks (100 %) | prefix cache 11/58 entries | 1 prefilling
2026-10-06 17:19:58.237 INFO  stats: rank 2 | 11.1 s | decode 0.0 tok/s, 0.0 ms/tok, 0.0 ms/step (0 steps / 0 tok, 0 % of wall) | prefill 0 prompts / 8192 tok, 741 tok/s, 1.35 ms/tok (100 % of wall), 0 tok cached (0/0 hits) | live 1, queued 0 | pool 4088/4096 blocks (100 %) | prefix cache 11/58 entries | 1 prefilling
2026-10-06 17:20:09.597 INFO  stats: rank 2 | 11.4 s | decode 0.0 tok/s, 0.0 ms/tok, 0.0 ms/step (0 steps / 0 tok, 0 % of wall) | prefill 0 prompts / 8192 tok, 721 tok/s, 1.39 ms/tok (100 % of wall), 0 tok cached (0/0 hits) | live 1, queued 0 | pool 4088/4096 blocks (100 %) | prefix cache 11/58 entries | 1 prefilling
2026-10-06 17:20:21.289 INFO  stats: rank 2 | 11.7 s | decode 0.0 tok/s, 0.0 ms/tok, 0.0 ms/step (0 steps / 0 tok, 0 % of wall) | prefill 0 prompts / 8192 tok, 701 tok/s, 1.43 ms/tok (100 % of wall), 0 tok cached (0/0 hits) | live 1, queued 0 | pool 4088/4096 blocks (100 %) | prefix cache 11/58 entries | 1 prefilling
2026-10-06 17:20:33.225 INFO  stats: rank 2 | 11.9 s | decode 0.0 tok/s, 0.0 ms/tok, 0.0 ms/step (0 steps / 0 tok, 0 % of wall) | prefill 0 prompts / 8192 tok, 686 tok/s, 1.46 ms/tok (100 % of wall), 0 tok cached (0/0 hits) | live 1, queued 0 | pool 4088/4096 blocks (100 %) | prefix cache 11/58 entries | 1 prefilling
2026-10-06 17:20:45.454 INFO  stats: rank 2 | 12.2 s | decode 0.0 tok/s, 0.0 ms/tok, 0.0 ms/step (0 steps / 0 tok, 0 % of wall) | prefill 0 prompts / 8192 tok, 670 tok/s, 1.49 ms/tok (100 % of wall), 0 tok cached (0/0 hits) | live 1, queued 0 | pool 4088/4096 blocks (100 %) | prefix cache 11/58 entries | 1 prefilling
2026-10-06 17:20:57.959 INFO  stats: rank 2 | 12.5 s | decode 0.0 tok/s, 0.0 ms/tok, 0.0 ms/step (0 steps / 0 tok, 0 % of wall) | prefill 0 prompts / 8192 tok, 655 tok/s, 1.53 ms/tok (100 % of wall), 0 tok cached (0/0 hits) | live 1, queued 0 | pool 4088/4096 blocks (100 %) | prefix cache 11/58 entries | 1 prefilling
2026-10-06 17:21:10.812 INFO  stats: rank 2 | 12.9 s | decode 0.0 tok/s, 0.0 ms/tok, 0.0 ms/step (0 steps / 0 tok, 0 % of wall) | prefill 0 prompts / 8192 tok, 637 tok/s, 1.57 ms/tok (100 % of wall), 0 tok cached (0/0 hits) | live 1, queued 0 | pool 4088/4096 blocks (100 %) | prefix cache 11/58 entries | 1 prefilling
2026-10-06 17:21:23.824 INFO  stats: rank 2 | 13.0 s | decode 0.0 tok/s, 0.0 ms/tok, 0.0 ms/step (0 steps / 0 tok, 0 % of wall) | prefill 0 prompts / 8192 tok, 630 tok/s, 1.59 ms/tok (100 % of wall), 0 tok cached (0/0 hits) | live 1, queued 0 | pool 4088/4096 blocks (100 %) | prefix cache 11/58 entries | 1 prefilling
2026-10-06 17:21:37.121 INFO  stats: rank 2 | 13.3 s | decode 0.0 tok/s, 0.0 ms/tok, 0.0 ms/step (0 steps / 0 tok, 0 % of wall) | prefill 0 prompts / 8192 tok, 616 tok/s, 1.62 ms/tok (100 % of wall), 0 tok cached (0/0 hits) | live 1, queued 0 | pool 4088/4096 blocks (100 %) | prefix cache 11/58 entries | 1 prefilling
2026-10-06 17:21:47.317 INFO  stats: rank 2 | 10.2 s | decode 0.0 tok/s, 0.0 ms/tok, 0.0 ms/step (0 steps / 0 tok, 0 % of wall) | prefill 0 prompts / 6144 tok, 603 tok/s, 1.66 ms/tok (100 % of wall), 0 tok cached (0/0 hits) | live 1, queued 0 | pool 4088/4096 blocks (100 %) | prefix cache 11/58 entries | 1 prefilling
2026-10-06 17:21:57.632 INFO  stats: rank 2 | 10.3 s | decode 0.0 tok/s, 0.0 ms/tok, 0.0 ms/step (0 steps / 0 tok, 0 % of wall) | prefill 0 prompts / 6144 tok, 596 tok/s, 1.68 ms/tok (100 % of wall), 0 tok cached (0/0 hits) | live 1, queued 0 | pool 4088/4096 blocks (100 %) | prefix cache 11/58 entries | 1 prefilling
2026-10-06 17:22:08.113 INFO  stats: rank 2 | 10.5 s | decode 0.0 tok/s, 0.0 ms/tok, 0.0 ms/step (0 steps / 0 tok, 0 % of wall) | prefill 0 prompts / 6144 tok, 586 tok/s, 1.71 ms/tok (100 % of wall), 0 tok cached (0/0 hits) | live 1, queued 0 | pool 4088/4096 blocks (100 %) | prefix cache 11/58 entries | 1 prefilling
2026-10-06 17:22:18.735 INFO  stats: rank 2 | 10.6 s | decode 0.0 tok/s, 0.0 ms/tok, 0.0 ms/step (0 steps / 0 tok, 0 % of wall) | prefill 0 prompts / 6144 tok, 578 tok/s, 1.73 ms/tok (100 % of wall), 0 tok cached (0/0 hits) | live 1, queued 0 | pool 4088/4096 blocks (100 %) | prefix cache 11/58 entries | 1 prefilling
2026-10-06 17:22:21.551 INFO  sched: request 'chatcmpl-6374f6dce06e4f04' admitted to slot 0 (reserve 2046 blocks; pool 4089/4096 blocks in use) — first token 785
2026-10-06 17:22:27.585 INFO  sched: request 'chatcmpl-6374f6dce06e4f04' retired (steps): 256 tok in 323.6 s — prefill 261631 tok (0 cached) in 317471 ms; decode 255 tok / 131 passes in 6.1 s: 41.9 tok/s, 23.8 ms/tok, 46 ms/pass, 1.95 tok/pass, accept p1 95 %
2026-10-06 17:22:27.657 INFO  sched: request 'chatcmpl-6374f6dce06e4f05' starting prefill in slot 0 (261631 prompt tokens)
2026-10-06 17:22:27.657 INFO  sched: request 'chatcmpl-6374f6dce06e4f05' prefilling in slot 0 (2048 tokens/tick)
2026-10-06 17:22:27.735 INFO  sched: request 'chatcmpl-6374f6dce06e4f05' admitted to slot 0 (reserve 2046 blocks; pool 4092/4096 blocks in use) — first token 785
2026-10-06 17:22:28.745 INFO  stats: rank 2 | 10.0 s | decode 29.8 tok/s, 23.3 ms/tok, 45.3 ms/step (153 steps / 298 tok, 69 % of wall) | mtp 1.95 tok/step/req, accept p1 93 % | prefill 2 prompts / 1538 tok, 154 tok/s, 1.88 ms/tok, 1445 ms avg (29 % of wall), 261628 tok cached (1/1 hit) | live 1, queued 0 | pool 4093/4096 blocks (100 %) | prefix cache 14/58 entries
2026-10-06 17:22:33.795 INFO  sched: request 'chatcmpl-6374f6dce06e4f05' retired (steps): 256 tok in 6.1 s — prefill 261631 tok (261628 cached) in 78 ms; decode 255 tok / 131 passes in 6.1 s: 42.1 tok/s, 23.8 ms/tok, 46 ms/pass, 1.95 tok/pass, accept p1 95 %
2026-10-06 17:22:33.873 INFO  sched: request 'chatcmpl-6374f6dce06e4f06' starting prefill in slot 0 (261631 prompt tokens)
2026-10-06 17:22:33.873 INFO  sched: request 'chatcmpl-6374f6dce06e4f06' prefilling in slot 0 (2048 tokens/tick)
2026-10-06 17:22:33.949 INFO  sched: request 'chatcmpl-6374f6dce06e4f06' admitted to slot 0 (reserve 2046 blocks; pool 4092/4096 blocks in use) — first token 785
2026-10-06 17:22:38.789 INFO  stats: rank 2 | 10.0 s | decode 41.7 tok/s, 23.3 ms/tok, 45.6 ms/step (214 steps / 419 tok, 97 % of wall) | mtp 1.96 tok/step/req, accept p1 95 % | prefill 1 prompt / 3 tok, 0 tok/s, 25.31 ms/tok, 76 ms avg (1 % of wall), 261628 tok cached (1/1 hit) | live 1, queued 0 | pool 4093/4096 blocks (100 %) | prefix cache 14/58 entries
2026-10-06 17:22:39.990 INFO  sched: request 'chatcmpl-6374f6dce06e4f06' retired (steps): 256 tok in 6.1 s — prefill 261631 tok (261628 cached) in 76 ms; decode 255 tok / 131 passes in 6.0 s: 42.2 tok/s, 23.7 ms/tok, 46 ms/pass, 1.95 tok/pass, accept p1 95 %
2026-10-06 17:22:48.730 INFO  sched: request 'chatcmpl-6374f6dce06e4f07' starting prefill in slot 0 (523781 prompt tokens)
2026-10-06 17:22:48.730 INFO  sched: request 'chatcmpl-6374f6dce06e4f07' prefix cache miss — 257 cut(s), the cache is empty
2026-10-06 17:22:48.731 INFO  sched: request 'chatcmpl-6374f6dce06e4f07' prefilling in slot 0 (2048 tokens/tick)
2026-10-06 17:22:50.009 INFO  stats: rank 2 | 11.2 s | decode 4.5 tok/s, 23.1 ms/tok, 45.3 ms/step (26 steps / 51 tok, 10 % of wall) | mtp 1.96 tok/step/req, accept p1 96 % | prefill 0 prompts / 2048 tok, 183 tok/s, 0.62 ms/tok (11 % of wall), 0 tok cached (0/1 hit) | live 1, queued 0 | pool 4095/4096 blocks (100 %) | prefix cache 0/58 entries | 1 prefilling
2026-10-06 17:23:00.508 INFO  stats: rank 2 | 10.5 s | decode 0.0 tok/s, 0.0 ms/tok, 0.0 ms/step (0 steps / 0 tok, 0 % of wall) | prefill 0 prompts / 14336 tok, 1365 tok/s, 0.73 ms/tok (100 % of wall), 0 tok cached (0/0 hits) | live 1, queued 0 | pool 4095/4096 blocks (100 %) | prefix cache 0/58 entries | 1 prefilling
2026-10-06 17:23:11.620 INFO  stats: rank 2 | 11.1 s | decode 0.0 tok/s, 0.0 ms/tok, 0.0 ms/step (0 steps / 0 tok, 0 % of wall) | prefill 0 prompts / 14336 tok, 1290 tok/s, 0.77 ms/tok (100 % of wall), 0 tok cached (0/0 hits) | live 1, queued 0 | pool 4095/4096 blocks (100 %) | prefix cache 0/58 entries | 1 prefilling
2026-10-06 17:23:21.835 INFO  stats: rank 2 | 10.2 s | decode 0.0 tok/s, 0.0 ms/tok, 0.0 ms/step (0 steps / 0 tok, 0 % of wall) | prefill 0 prompts / 12288 tok, 1203 tok/s, 0.83 ms/tok (100 % of wall), 0 tok cached (0/0 hits) | live 1, queued 0 | pool 4095/4096 blocks (100 %) | prefix cache 0/58 entries | 1 prefilling
2026-10-06 17:23:32.626 INFO  stats: rank 2 | 10.8 s | decode 0.0 tok/s, 0.0 ms/tok, 0.0 ms/step (0 steps / 0 tok, 0 % of wall) | prefill 0 prompts / 12288 tok, 1139 tok/s, 0.88 ms/tok (100 % of wall), 0 tok cached (0/0 hits) | live 1, queued 0 | pool 4095/4096 blocks (100 %) | prefix cache 0/58 entries | 1 prefilling
2026-10-06 17:23:44.001 INFO  stats: rank 2 | 11.4 s | decode 0.0 tok/s, 0.0 ms/tok, 0.0 ms/step (0 steps / 0 tok, 0 % of wall) | prefill 0 prompts / 12288 tok, 1080 tok/s, 0.93 ms/tok (100 % of wall), 0 tok cached (0/0 hits) | live 1, queued 0 | pool 4095/4096 blocks (100 %) | prefix cache 0/58 entries | 1 prefilling
2026-10-06 17:23:54.003 INFO  stats: rank 2 | 10.0 s | decode 0.0 tok/s, 0.0 ms/tok, 0.0 ms/step (0 steps / 0 tok, 0 % of wall) | prefill 0 prompts / 10240 tok, 1024 tok/s, 0.98 ms/tok (100 % of wall), 0 tok cached (0/0 hits) | live 1, queued 0 | pool 4095/4096 blocks (100 %) | prefix cache 0/58 entries | 1 prefilling
2026-10-06 17:24:04.387 INFO  stats: rank 2 | 10.4 s | decode 0.0 tok/s, 0.0 ms/tok, 0.0 ms/step (0 steps / 0 tok, 0 % of wall) | prefill 0 prompts / 10240 tok, 986 tok/s, 1.01 ms/tok (100 % of wall), 0 tok cached (0/0 hits) | live 1, queued 0 | pool 4095/4096 blocks (100 %) | prefix cache 0/58 entries | 1 prefilling
2026-10-06 17:24:15.200 INFO  stats: rank 2 | 10.8 s | decode 0.0 tok/s, 0.0 ms/tok, 0.0 ms/step (0 steps / 0 tok, 0 % of wall) | prefill 0 prompts / 10240 tok, 947 tok/s, 1.06 ms/tok (100 % of wall), 0 tok cached (0/0 hits) | live 1, queued 0 | pool 4095/4096 blocks (100 %) | prefix cache 0/58 entries | 1 prefilling
2026-10-06 17:24:26.414 INFO  stats: rank 2 | 11.2 s | decode 0.0 tok/s, 0.0 ms/tok, 0.0 ms/step (0 steps / 0 tok, 0 % of wall) | prefill 0 prompts / 10240 tok, 913 tok/s, 1.09 ms/tok (100 % of wall), 0 tok cached (0/0 hits) | live 1, queued 0 | pool 4095/4096 blocks (100 %) | prefix cache 0/58 entries | 1 prefilling
2026-10-06 17:24:38.077 INFO  stats: rank 2 | 11.7 s | decode 0.0 tok/s, 0.0 ms/tok, 0.0 ms/step (0 steps / 0 tok, 0 % of wall) | prefill 0 prompts / 10240 tok, 878 tok/s, 1.14 ms/tok (100 % of wall), 0 tok cached (0/0 hits) | live 1, queued 0 | pool 4095/4096 blocks (100 %) | prefix cache 0/58 entries | 1 prefilling
2026-10-06 17:24:50.148 INFO  stats: rank 2 | 12.1 s | decode 0.0 tok/s, 0.0 ms/tok, 0.0 ms/step (0 steps / 0 tok, 0 % of wall) | prefill 0 prompts / 10240 tok, 848 tok/s, 1.18 ms/tok (100 % of wall), 0 tok cached (0/0 hits) | live 1, queued 0 | pool 4095/4096 blocks (100 %) | prefix cache 0/58 entries | 1 prefilling
2026-10-06 17:25:02.669 INFO  stats: rank 2 | 12.5 s | decode 0.0 tok/s, 0.0 ms/tok, 0.0 ms/step (0 steps / 0 tok, 0 % of wall) | prefill 0 prompts / 10240 tok, 818 tok/s, 1.22 ms/tok (100 % of wall), 0 tok cached (0/0 hits) | live 1, queued 0 | pool 4095/4096 blocks (100 %) | prefix cache 0/58 entries | 1 prefilling
2026-10-06 17:25:12.995 INFO  stats: rank 2 | 10.3 s | decode 0.0 tok/s, 0.0 ms/tok, 0.0 ms/step (0 steps / 0 tok, 0 % of wall) | prefill 0 prompts / 8192 tok, 793 tok/s, 1.26 ms/tok (100 % of wall), 0 tok cached (0/0 hits) | live 1, queued 0 | pool 4095/4096 blocks (100 %) | prefix cache 0/58 entries | 1 prefilling
2026-10-06 17:25:23.581 INFO  stats: rank 2 | 10.6 s | decode 0.0 tok/s, 0.0 ms/tok, 0.0 ms/step (0 steps / 0 tok, 0 % of wall) | prefill 0 prompts / 8192 tok, 774 tok/s, 1.29 ms/tok (100 % of wall), 0 tok cached (0/0 hits) | live 1, queued 0 | pool 4095/4096 blocks (100 %) | prefix cache 0/58 entries | 1 prefilling
2026-10-06 17:25:34.445 INFO  stats: rank 2 | 10.9 s | decode 0.0 tok/s, 0.0 ms/tok, 0.0 ms/step (0 steps / 0 tok, 0 % of wall) | prefill 0 prompts / 8192 tok, 754 tok/s, 1.33 ms/tok (100 % of wall), 0 tok cached (0/0 hits) | live 1, queued 0 | pool 4095/4096 blocks (100 %) | prefix cache 0/58 entries | 1 prefilling
2026-10-06 17:25:45.553 INFO  stats: rank 2 | 11.1 s | decode 0.0 tok/s, 0.0 ms/tok, 0.0 ms/step (0 steps / 0 tok, 0 % of wall) | prefill 0 prompts / 8192 tok, 737 tok/s, 1.36 ms/tok (100 % of wall), 0 tok cached (0/0 hits) | live 1, queued 0 | pool 4095/4096 blocks (100 %) | prefix cache 0/58 entries | 1 prefilling
2026-10-06 17:25:56.984 INFO  stats: rank 2 | 11.4 s | decode 0.0 tok/s, 0.0 ms/tok, 0.0 ms/step (0 steps / 0 tok, 0 % of wall) | prefill 0 prompts / 8192 tok, 717 tok/s, 1.40 ms/tok (100 % of wall), 0 tok cached (0/0 hits) | live 1, queued 0 | pool 4095/4096 blocks (100 %) | prefix cache 0/58 entries | 1 prefilling
2026-10-06 17:26:08.740 INFO  stats: rank 2 | 11.8 s | decode 0.0 tok/s, 0.0 ms/tok, 0.0 ms/step (0 steps / 0 tok, 0 % of wall) | prefill 0 prompts / 8192 tok, 697 tok/s, 1.43 ms/tok (100 % of wall), 0 tok cached (0/0 hits) | live 1, queued 0 | pool 4095/4096 blocks (100 %) | prefix cache 0/58 entries | 1 prefilling
2026-10-06 17:26:20.763 INFO  stats: rank 2 | 12.0 s | decode 0.0 tok/s, 0.0 ms/tok, 0.0 ms/step (0 steps / 0 tok, 0 % of wall) | prefill 0 prompts / 8192 tok, 681 tok/s, 1.47 ms/tok (100 % of wall), 0 tok cached (0/0 hits) | live 1, queued 0 | pool 4095/4096 blocks (100 %) | prefix cache 0/58 entries | 1 prefilling
2026-10-06 17:26:33.044 INFO  stats: rank 2 | 12.3 s | decode 0.0 tok/s, 0.0 ms/tok, 0.0 ms/step (0 steps / 0 tok, 0 % of wall) | prefill 0 prompts / 8192 tok, 667 tok/s, 1.50 ms/tok (100 % of wall), 0 tok cached (0/0 hits) | live 1, queued 0 | pool 4095/4096 blocks (100 %) | prefix cache 0/58 entries | 1 prefilling
2026-10-06 17:26:45.618 INFO  stats: rank 2 | 12.6 s | decode 0.0 tok/s, 0.0 ms/tok, 0.0 ms/step (0 steps / 0 tok, 0 % of wall) | prefill 0 prompts / 8192 tok, 651 tok/s, 1.53 ms/tok (100 % of wall), 0 tok cached (0/0 hits) | live 1, queued 0 | pool 4095/4096 blocks (100 %) | prefix cache 0/58 entries | 1 prefilling
2026-10-06 17:26:58.453 INFO  stats: rank 2 | 12.8 s | decode 0.0 tok/s, 0.0 ms/tok, 0.0 ms/step (0 steps / 0 tok, 0 % of wall) | prefill 0 prompts / 8192 tok, 638 tok/s, 1.57 ms/tok (100 % of wall), 0 tok cached (0/0 hits) | live 1, queued 0 | pool 4095/4096 blocks (100 %) | prefix cache 0/58 entries | 1 prefilling
2026-10-06 17:27:11.514 INFO  stats: rank 2 | 13.1 s | decode 0.0 tok/s, 0.0 ms/tok, 0.0 ms/step (0 steps / 0 tok, 0 % of wall) | prefill 0 prompts / 8192 tok, 627 tok/s, 1.59 ms/tok (100 % of wall), 0 tok cached (0/0 hits) | live 1, queued 0 | pool 4095/4096 blocks (100 %) | prefix cache 0/58 entries | 1 prefilling
2026-10-06 17:27:24.887 INFO  stats: rank 2 | 13.4 s | decode 0.0 tok/s, 0.0 ms/tok, 0.0 ms/step (0 steps / 0 tok, 0 % of wall) | prefill 0 prompts / 8192 tok, 613 tok/s, 1.63 ms/tok (100 % of wall), 0 tok cached (0/0 hits) | live 1, queued 0 | pool 4095/4096 blocks (100 %) | prefix cache 0/58 entries | 1 prefilling
2026-10-06 17:27:35.109 INFO  stats: rank 2 | 10.2 s | decode 0.0 tok/s, 0.0 ms/tok, 0.0 ms/step (0 steps / 0 tok, 0 % of wall) | prefill 0 prompts / 6144 tok, 601 tok/s, 1.66 ms/tok (100 % of wall), 0 tok cached (0/0 hits) | live 1, queued 0 | pool 4095/4096 blocks (100 %) | prefix cache 0/58 entries | 1 prefilling
2026-10-06 17:27:45.480 INFO  stats: rank 2 | 10.4 s | decode 0.0 tok/s, 0.0 ms/tok, 0.0 ms/step (0 steps / 0 tok, 0 % of wall) | prefill 0 prompts / 6144 tok, 592 tok/s, 1.69 ms/tok (100 % of wall), 0 tok cached (0/0 hits) | live 1, queued 0 | pool 4095/4096 blocks (100 %) | prefix cache 0/58 entries | 1 prefilling
2026-10-06 17:27:55.985 INFO  stats: rank 2 | 10.5 s | decode 0.0 tok/s, 0.0 ms/tok, 0.0 ms/step (0 steps / 0 tok, 0 % of wall) | prefill 0 prompts / 6144 tok, 585 tok/s, 1.71 ms/tok (100 % of wall), 0 tok cached (0/0 hits) | live 1, queued 0 | pool 4095/4096 blocks (100 %) | prefix cache 0/58 entries | 1 prefilling
2026-10-06 17:28:06.642 INFO  stats: rank 2 | 10.7 s | decode 0.0 tok/s, 0.0 ms/tok, 0.0 ms/step (0 steps / 0 tok, 0 % of wall) | prefill 0 prompts / 6144 tok, 577 tok/s, 1.73 ms/tok (100 % of wall), 0 tok cached (0/0 hits) | live 1, queued 0 | pool 4095/4096 blocks (100 %) | prefix cache 0/58 entries | 1 prefilling
2026-10-06 17:28:17.566 INFO  stats: rank 2 | 10.9 s | decode 0.0 tok/s, 0.0 ms/tok, 0.0 ms/step (0 steps / 0 tok, 0 % of wall) | prefill 0 prompts / 6144 tok, 562 tok/s, 1.78 ms/tok (100 % of wall), 0 tok cached (0/0 hits) | live 1, queued 0 | pool 4095/4096 blocks (100 %) | prefix cache 0/58 entries | 1 prefilling
2026-10-06 17:28:28.598 INFO  stats: rank 2 | 11.0 s | decode 0.0 tok/s, 0.0 ms/tok, 0.0 ms/step (0 steps / 0 tok, 0 % of wall) | prefill 0 prompts / 6144 tok, 557 tok/s, 1.80 ms/tok (100 % of wall), 0 tok cached (0/0 hits) | live 1, queued 0 | pool 4095/4096 blocks (100 %) | prefix cache 0/58 entries | 1 prefilling
2026-10-06 17:28:39.791 INFO  stats: rank 2 | 11.2 s | decode 0.0 tok/s, 0.0 ms/tok, 0.0 ms/step (0 steps / 0 tok, 0 % of wall) | prefill 0 prompts / 6144 tok, 549 tok/s, 1.82 ms/tok (100 % of wall), 0 tok cached (0/0 hits) | live 1, queued 0 | pool 4095/4096 blocks (100 %) | prefix cache 0/58 entries | 1 prefilling
2026-10-06 17:28:51.111 INFO  stats: rank 2 | 11.3 s | decode 0.0 tok/s, 0.0 ms/tok, 0.0 ms/step (0 steps / 0 tok, 0 % of wall) | prefill 0 prompts / 6144 tok, 543 tok/s, 1.84 ms/tok (100 % of wall), 0 tok cached (0/0 hits) | live 1, queued 0 | pool 4095/4096 blocks (100 %) | prefix cache 0/58 entries | 1 prefilling
2026-10-06 17:29:02.608 INFO  stats: rank 2 | 11.5 s | decode 0.0 tok/s, 0.0 ms/tok, 0.0 ms/step (0 steps / 0 tok, 0 % of wall) | prefill 0 prompts / 6144 tok, 534 tok/s, 1.87 ms/tok (100 % of wall), 0 tok cached (0/0 hits) | live 1, queued 0 | pool 4095/4096 blocks (100 %) | prefix cache 0/58 entries | 1 prefilling
2026-10-06 17:29:14.211 INFO  stats: rank 2 | 11.6 s | decode 0.0 tok/s, 0.0 ms/tok, 0.0 ms/step (0 steps / 0 tok, 0 % of wall) | prefill 0 prompts / 6144 tok, 530 tok/s, 1.89 ms/tok (100 % of wall), 0 tok cached (0/0 hits) | live 1, queued 0 | pool 4095/4096 blocks (100 %) | prefix cache 0/58 entries | 1 prefilling
2026-10-06 17:29:26.130 INFO  stats: rank 2 | 11.9 s | decode 0.0 tok/s, 0.0 ms/tok, 0.0 ms/step (0 steps / 0 tok, 0 % of wall) | prefill 0 prompts / 6144 tok, 515 tok/s, 1.94 ms/tok (100 % of wall), 0 tok cached (0/0 hits) | live 1, queued 0 | pool 4095/4096 blocks (100 %) | prefix cache 0/58 entries | 1 prefilling
2026-10-06 17:29:38.177 INFO  stats: rank 2 | 12.0 s | decode 0.0 tok/s, 0.0 ms/tok, 0.0 ms/step (0 steps / 0 tok, 0 % of wall) | prefill 0 prompts / 6144 tok, 510 tok/s, 1.96 ms/tok (100 % of wall), 0 tok cached (0/0 hits) | live 1, queued 0 | pool 4095/4096 blocks (100 %) | prefix cache 0/58 entries | 1 prefilling
2026-10-06 17:29:50.392 INFO  stats: rank 2 | 12.2 s | decode 0.0 tok/s, 0.0 ms/tok, 0.0 ms/step (0 steps / 0 tok, 0 % of wall) | prefill 0 prompts / 6144 tok, 503 tok/s, 1.99 ms/tok (100 % of wall), 0 tok cached (0/0 hits) | live 1, queued 0 | pool 4095/4096 blocks (100 %) | prefix cache 0/58 entries | 1 prefilling
2026-10-06 17:30:02.729 INFO  stats: rank 2 | 12.3 s | decode 0.0 tok/s, 0.0 ms/tok, 0.0 ms/step (0 steps / 0 tok, 0 % of wall) | prefill 0 prompts / 6144 tok, 498 tok/s, 2.01 ms/tok (100 % of wall), 0 tok cached (0/0 hits) | live 1, queued 0 | pool 4095/4096 blocks (100 %) | prefix cache 0/58 entries | 1 prefilling
2026-10-06 17:30:15.225 INFO  stats: rank 2 | 12.5 s | decode 0.0 tok/s, 0.0 ms/tok, 0.0 ms/step (0 steps / 0 tok, 0 % of wall) | prefill 0 prompts / 6144 tok, 492 tok/s, 2.03 ms/tok (100 % of wall), 0 tok cached (0/0 hits) | live 1, queued 0 | pool 4095/4096 blocks (100 %) | prefix cache 0/58 entries | 1 prefilling
2026-10-06 17:30:27.844 INFO  stats: rank 2 | 12.6 s | decode 0.0 tok/s, 0.0 ms/tok, 0.0 ms/step (0 steps / 0 tok, 0 % of wall) | prefill 0 prompts / 6144 tok, 487 tok/s, 2.05 ms/tok (100 % of wall), 0 tok cached (0/0 hits) | live 1, queued 0 | pool 4095/4096 blocks (100 %) | prefix cache 0/58 entries | 1 prefilling
2026-10-06 17:30:40.574 INFO  stats: rank 2 | 12.7 s | decode 0.0 tok/s, 0.0 ms/tok, 0.0 ms/step (0 steps / 0 tok, 0 % of wall) | prefill 0 prompts / 6144 tok, 483 tok/s, 2.07 ms/tok (100 % of wall), 0 tok cached (0/0 hits) | live 1, queued 0 | pool 4095/4096 blocks (100 %) | prefix cache 0/58 entries | 1 prefilling
2026-10-06 17:30:53.574 INFO  stats: rank 2 | 13.0 s | decode 0.0 tok/s, 0.0 ms/tok, 0.0 ms/step (0 steps / 0 tok, 0 % of wall) | prefill 0 prompts / 6144 tok, 473 tok/s, 2.12 ms/tok (100 % of wall), 0 tok cached (0/0 hits) | live 1, queued 0 | pool 4095/4096 blocks (100 %) | prefix cache 0/58 entries | 1 prefilling
2026-10-06 17:31:06.959 INFO  stats: rank 2 | 13.4 s | decode 0.0 tok/s, 0.0 ms/tok, 0.0 ms/step (0 steps / 0 tok, 0 % of wall) | prefill 0 prompts / 6144 tok, 459 tok/s, 2.18 ms/tok (100 % of wall), 0 tok cached (0/0 hits) | live 1, queued 0 | pool 4095/4096 blocks (100 %) | prefix cache 0/58 entries | 1 prefilling
2026-10-06 17:31:20.490 INFO  stats: rank 2 | 13.5 s | decode 0.0 tok/s, 0.0 ms/tok, 0.0 ms/step (0 steps / 0 tok, 0 % of wall) | prefill 0 prompts / 6144 tok, 454 tok/s, 2.20 ms/tok (100 % of wall), 0 tok cached (0/0 hits) | live 1, queued 0 | pool 4095/4096 blocks (100 %) | prefix cache 0/58 entries | 1 prefilling
2026-10-06 17:31:34.227 INFO  stats: rank 2 | 13.7 s | decode 0.0 tok/s, 0.0 ms/tok, 0.0 ms/step (0 steps / 0 tok, 0 % of wall) | prefill 0 prompts / 6144 tok, 447 tok/s, 2.24 ms/tok (100 % of wall), 0 tok cached (0/0 hits) | live 1, queued 0 | pool 4095/4096 blocks (100 %) | prefix cache 0/58 entries | 1 prefilling
2026-10-06 17:31:48.105 INFO  stats: rank 2 | 13.9 s | decode 0.0 tok/s, 0.0 ms/tok, 0.0 ms/step (0 steps / 0 tok, 0 % of wall) | prefill 0 prompts / 6144 tok, 443 tok/s, 2.26 ms/tok (100 % of wall), 0 tok cached (0/0 hits) | live 1, queued 0 | pool 4095/4096 blocks (100 %) | prefix cache 0/58 entries | 1 prefilling
2026-10-06 17:32:02.081 INFO  stats: rank 2 | 14.0 s | decode 0.0 tok/s, 0.0 ms/tok, 0.0 ms/step (0 steps / 0 tok, 0 % of wall) | prefill 0 prompts / 6144 tok, 440 tok/s, 2.27 ms/tok (100 % of wall), 0 tok cached (0/0 hits) | live 1, queued 0 | pool 4095/4096 blocks (100 %) | prefix cache 0/58 entries | 1 prefilling
2026-10-06 17:32:16.245 INFO  stats: rank 2 | 14.2 s | decode 0.0 tok/s, 0.0 ms/tok, 0.0 ms/step (0 steps / 0 tok, 0 % of wall) | prefill 0 prompts / 6144 tok, 434 tok/s, 2.31 ms/tok (100 % of wall), 0 tok cached (0/0 hits) | live 1, queued 0 | pool 4095/4096 blocks (100 %) | prefix cache 0/58 entries | 1 prefilling
2026-10-06 17:32:30.512 INFO  stats: rank 2 | 14.3 s | decode 0.0 tok/s, 0.0 ms/tok, 0.0 ms/step (0 steps / 0 tok, 0 % of wall) | prefill 0 prompts / 6144 tok, 431 tok/s, 2.32 ms/tok (100 % of wall), 0 tok cached (0/0 hits) | live 1, queued 0 | pool 4095/4096 blocks (100 %) | prefix cache 0/58 entries | 1 prefilling
2026-10-06 17:32:44.962 INFO  stats: rank 2 | 14.4 s | decode 0.0 tok/s, 0.0 ms/tok, 0.0 ms/step (0 steps / 0 tok, 0 % of wall) | prefill 0 prompts / 6144 tok, 425 tok/s, 2.35 ms/tok (100 % of wall), 0 tok cached (0/0 hits) | live 1, queued 0 | pool 4095/4096 blocks (100 %) | prefix cache 0/58 entries | 1 prefilling
2026-10-06 17:32:59.558 INFO  stats: rank 2 | 14.6 s | decode 0.0 tok/s, 0.0 ms/tok, 0.0 ms/step (0 steps / 0 tok, 0 % of wall) | prefill 0 prompts / 6144 tok, 421 tok/s, 2.38 ms/tok (100 % of wall), 0 tok cached (0/0 hits) | live 1, queued 0 | pool 4095/4096 blocks (100 %) | prefix cache 0/58 entries | 1 prefilling
2026-10-06 17:33:14.230 INFO  stats: rank 2 | 14.7 s | decode 0.0 tok/s, 0.0 ms/tok, 0.0 ms/step (0 steps / 0 tok, 0 % of wall) | prefill 0 prompts / 6144 tok, 419 tok/s, 2.39 ms/tok (100 % of wall), 0 tok cached (0/0 hits) | live 1, queued 0 | pool 4095/4096 blocks (100 %) | prefix cache 0/58 entries | 1 prefilling
2026-10-06 17:33:29.037 INFO  stats: rank 2 | 14.8 s | decode 0.0 tok/s, 0.0 ms/tok, 0.0 ms/step (0 steps / 0 tok, 0 % of wall) | prefill 0 prompts / 6144 tok, 415 tok/s, 2.41 ms/tok (100 % of wall), 0 tok cached (0/0 hits) | live 1, queued 0 | pool 4095/4096 blocks (100 %) | prefix cache 0/58 entries | 1 prefilling
2026-10-06 17:33:44.013 INFO  stats: rank 2 | 15.0 s | decode 0.0 tok/s, 0.0 ms/tok, 0.0 ms/step (0 steps / 0 tok, 0 % of wall) | prefill 0 prompts / 6144 tok, 410 tok/s, 2.44 ms/tok (100 % of wall), 0 tok cached (0/0 hits) | live 1, queued 0 | pool 4095/4096 blocks (100 %) | prefix cache 0/58 entries | 1 prefilling
2026-10-06 17:33:54.207 INFO  stats: rank 2 | 10.2 s | decode 0.0 tok/s, 0.0 ms/tok, 0.0 ms/step (0 steps / 0 tok, 0 % of wall) | prefill 0 prompts / 4096 tok, 402 tok/s, 2.49 ms/tok (100 % of wall), 0 tok cached (0/0 hits) | live 1, queued 0 | pool 4095/4096 blocks (100 %) | prefix cache 0/58 entries | 1 prefilling
2026-10-06 17:34:04.599 INFO  stats: rank 2 | 10.4 s | decode 0.0 tok/s, 0.0 ms/tok, 0.0 ms/step (0 steps / 0 tok, 0 % of wall) | prefill 0 prompts / 4096 tok, 394 tok/s, 2.54 ms/tok (100 % of wall), 0 tok cached (0/0 hits) | live 1, queued 0 | pool 4095/4096 blocks (100 %) | prefix cache 0/58 entries | 1 prefilling
2026-10-06 17:34:14.820 INFO  stats: rank 2 | 10.2 s | decode 0.0 tok/s, 0.0 ms/tok, 0.0 ms/step (0 steps / 0 tok, 0 % of wall) | prefill 0 prompts / 4096 tok, 401 tok/s, 2.50 ms/tok (100 % of wall), 0 tok cached (0/0 hits) | live 1, queued 0 | pool 4095/4096 blocks (100 %) | prefix cache 0/58 entries | 1 prefilling
2026-10-06 17:34:25.064 INFO  stats: rank 2 | 10.2 s | decode 0.0 tok/s, 0.0 ms/tok, 0.0 ms/step (0 steps / 0 tok, 0 % of wall) | prefill 0 prompts / 4096 tok, 400 tok/s, 2.50 ms/tok (100 % of wall), 0 tok cached (0/0 hits) | live 1, queued 0 | pool 4095/4096 blocks (100 %) | prefix cache 0/58 entries | 1 prefilling
2026-10-06 17:34:35.480 INFO  stats: rank 2 | 10.4 s | decode 0.0 tok/s, 0.0 ms/tok, 0.0 ms/step (0 steps / 0 tok, 0 % of wall) | prefill 0 prompts / 4096 tok, 393 tok/s, 2.54 ms/tok (100 % of wall), 0 tok cached (0/0 hits) | live 1, queued 0 | pool 4095/4096 blocks (100 %) | prefix cache 0/58 entries | 1 prefilling
2026-10-06 17:34:45.924 INFO  stats: rank 2 | 10.4 s | decode 0.0 tok/s, 0.0 ms/tok, 0.0 ms/step (0 steps / 0 tok, 0 % of wall) | prefill 0 prompts / 4096 tok, 392 tok/s, 2.55 ms/tok (100 % of wall), 0 tok cached (0/0 hits) | live 1, queued 0 | pool 4095/4096 blocks (100 %) | prefix cache 0/58 entries | 1 prefilling
2026-10-06 17:34:56.467 INFO  stats: rank 2 | 10.5 s | decode 0.0 tok/s, 0.0 ms/tok, 0.0 ms/step (0 steps / 0 tok, 0 % of wall) | prefill 0 prompts / 4096 tok, 388 tok/s, 2.57 ms/tok (100 % of wall), 0 tok cached (0/0 hits) | live 1, queued 0 | pool 4095/4096 blocks (100 %) | prefix cache 0/58 entries | 1 prefilling
2026-10-06 17:35:07.503 INFO  stats: rank 2 | 11.0 s | decode 0.0 tok/s, 0.0 ms/tok, 0.0 ms/step (0 steps / 0 tok, 0 % of wall) | prefill 0 prompts / 4096 tok, 371 tok/s, 2.69 ms/tok (100 % of wall), 0 tok cached (0/0 hits) | live 1, queued 0 | pool 4095/4096 blocks (100 %) | prefix cache 0/58 entries | 1 prefilling
2026-10-06 17:35:18.107 INFO  stats: rank 2 | 10.6 s | decode 0.0 tok/s, 0.0 ms/tok, 0.0 ms/step (0 steps / 0 tok, 0 % of wall) | prefill 0 prompts / 4096 tok, 386 tok/s, 2.59 ms/tok (100 % of wall), 0 tok cached (0/0 hits) | live 1, queued 0 | pool 4095/4096 blocks (100 %) | prefix cache 0/58 entries | 1 prefilling
2026-10-06 17:35:28.766 INFO  stats: rank 2 | 10.7 s | decode 0.0 tok/s, 0.0 ms/tok, 0.0 ms/step (0 steps / 0 tok, 0 % of wall) | prefill 0 prompts / 4096 tok, 384 tok/s, 2.60 ms/tok (100 % of wall), 0 tok cached (0/0 hits) | live 1, queued 0 | pool 4095/4096 blocks (100 %) | prefix cache 0/58 entries | 1 prefilling
2026-10-06 17:35:39.688 INFO  stats: rank 2 | 10.9 s | decode 0.0 tok/s, 0.0 ms/tok, 0.0 ms/step (0 steps / 0 tok, 0 % of wall) | prefill 0 prompts / 4096 tok, 375 tok/s, 2.67 ms/tok (100 % of wall), 0 tok cached (0/0 hits) | live 1, queued 0 | pool 4095/4096 blocks (100 %) | prefix cache 0/58 entries | 1 prefilling
2026-10-06 17:35:50.468 INFO  stats: rank 2 | 10.8 s | decode 0.0 tok/s, 0.0 ms/tok, 0.0 ms/step (0 steps / 0 tok, 0 % of wall) | prefill 0 prompts / 4096 tok, 380 tok/s, 2.63 ms/tok (100 % of wall), 0 tok cached (0/0 hits) | live 1, queued 0 | pool 4095/4096 blocks (100 %) | prefix cache 0/58 entries | 1 prefilling
2026-10-06 17:36:01.321 INFO  stats: rank 2 | 10.9 s | decode 0.0 tok/s, 0.0 ms/tok, 0.0 ms/step (0 steps / 0 tok, 0 % of wall) | prefill 0 prompts / 4096 tok, 377 tok/s, 2.65 ms/tok (100 % of wall), 0 tok cached (0/0 hits) | live 1, queued 0 | pool 4095/4096 blocks (100 %) | prefix cache 0/58 entries | 1 prefilling
2026-10-06 17:36:12.483 INFO  stats: rank 2 | 11.2 s | decode 0.0 tok/s, 0.0 ms/tok, 0.0 ms/step (0 steps / 0 tok, 0 % of wall) | prefill 0 prompts / 4096 tok, 367 tok/s, 2.72 ms/tok (100 % of wall), 0 tok cached (0/0 hits) | live 1, queued 0 | pool 4095/4096 blocks (100 %) | prefix cache 0/58 entries | 1 prefilling
2026-10-06 17:36:23.476 INFO  stats: rank 2 | 11.0 s | decode 0.0 tok/s, 0.0 ms/tok, 0.0 ms/step (0 steps / 0 tok, 0 % of wall) | prefill 0 prompts / 4096 tok, 373 tok/s, 2.68 ms/tok (100 % of wall), 0 tok cached (0/0 hits) | live 1, queued 0 | pool 4095/4096 blocks (100 %) | prefix cache 0/58 entries | 1 prefilling
2026-10-06 17:36:34.528 INFO  stats: rank 2 | 11.1 s | decode 0.0 tok/s, 0.0 ms/tok, 0.0 ms/step (0 steps / 0 tok, 0 % of wall) | prefill 0 prompts / 4096 tok, 371 tok/s, 2.70 ms/tok (100 % of wall), 0 tok cached (0/0 hits) | live 1, queued 0 | pool 4095/4096 blocks (100 %) | prefix cache 0/58 entries | 1 prefilling
2026-10-06 17:36:45.879 INFO  stats: rank 2 | 11.4 s | decode 0.0 tok/s, 0.0 ms/tok, 0.0 ms/step (0 steps / 0 tok, 0 % of wall) | prefill 0 prompts / 4096 tok, 361 tok/s, 2.77 ms/tok (100 % of wall), 0 tok cached (0/0 hits) | live 1, queued 0 | pool 4095/4096 blocks (100 %) | prefix cache 0/58 entries | 1 prefilling
2026-10-06 17:36:57.072 INFO  stats: rank 2 | 11.2 s | decode 0.0 tok/s, 0.0 ms/tok, 0.0 ms/step (0 steps / 0 tok, 0 % of wall) | prefill 0 prompts / 4096 tok, 366 tok/s, 2.73 ms/tok (100 % of wall), 0 tok cached (0/0 hits) | live 1, queued 0 | pool 4095/4096 blocks (100 %) | prefix cache 0/58 entries | 1 prefilling
2026-10-06 17:37:08.360 INFO  stats: rank 2 | 11.3 s | decode 0.0 tok/s, 0.0 ms/tok, 0.0 ms/step (0 steps / 0 tok, 0 % of wall) | prefill 0 prompts / 4096 tok, 363 tok/s, 2.76 ms/tok (100 % of wall), 0 tok cached (0/0 hits) | live 1, queued 0 | pool 4095/4096 blocks (100 %) | prefix cache 0/58 entries | 1 prefilling
2026-10-06 17:37:19.884 INFO  stats: rank 2 | 11.5 s | decode 0.0 tok/s, 0.0 ms/tok, 0.0 ms/step (0 steps / 0 tok, 0 % of wall) | prefill 0 prompts / 4096 tok, 355 tok/s, 2.81 ms/tok (100 % of wall), 0 tok cached (0/0 hits) | live 1, queued 0 | pool 4095/4096 blocks (100 %) | prefix cache 0/58 entries | 1 prefilling
2026-10-06 17:37:31.303 INFO  stats: rank 2 | 11.4 s | decode 0.0 tok/s, 0.0 ms/tok, 0.0 ms/step (0 steps / 0 tok, 0 % of wall) | prefill 0 prompts / 4096 tok, 359 tok/s, 2.79 ms/tok (100 % of wall), 0 tok cached (0/0 hits) | live 1, queued 0 | pool 4095/4096 blocks (100 %) | prefix cache 0/58 entries | 1 prefilling
2026-10-06 17:37:42.774 INFO  stats: rank 2 | 11.5 s | decode 0.0 tok/s, 0.0 ms/tok, 0.0 ms/step (0 steps / 0 tok, 0 % of wall) | prefill 0 prompts / 4096 tok, 357 tok/s, 2.80 ms/tok (100 % of wall), 0 tok cached (0/0 hits) | live 1, queued 0 | pool 4095/4096 blocks (100 %) | prefix cache 0/58 entries | 1 prefilling
2026-10-06 17:37:54.764 INFO  stats: rank 2 | 12.0 s | decode 0.0 tok/s, 0.0 ms/tok, 0.0 ms/step (0 steps / 0 tok, 0 % of wall) | prefill 0 prompts / 4096 tok, 342 tok/s, 2.93 ms/tok (100 % of wall), 0 tok cached (0/0 hits) | live 1, queued 0 | pool 4095/4096 blocks (100 %) | prefix cache 0/58 entries | 1 prefilling
2026-10-06 17:38:06.402 INFO  stats: rank 2 | 11.6 s | decode 0.0 tok/s, 0.0 ms/tok, 0.0 ms/step (0 steps / 0 tok, 0 % of wall) | prefill 0 prompts / 4096 tok, 352 tok/s, 2.84 ms/tok (100 % of wall), 0 tok cached (0/0 hits) | live 1, queued 0 | pool 4095/4096 blocks (100 %) | prefix cache 0/58 entries | 1 prefilling
2026-10-06 17:38:16.727 INFO  stats: rank 2 | 10.3 s | decode 0.0 tok/s, 0.0 ms/tok, 0.0 ms/step (0 steps / 0 tok, 0 % of wall) | prefill 0 prompts / 3584 tok, 347 tok/s, 2.88 ms/tok (100 % of wall), 0 tok cached (0/0 hits) | live 1, queued 0 | pool 4095/4096 blocks (100 %) | prefix cache 0/58 entries | 1 prefilling
2026-10-06 17:38:16.836 INFO  sched: request 'chatcmpl-6374f6dce06e4f07' admitted to slot 0 (reserve 4095 blocks; pool 4095/4096 blocks in use) — first token 785
2026-10-06 17:38:24.172 INFO  sched: request 'chatcmpl-6374f6dce06e4f07' retired (steps): 256 tok in 935.4 s — prefill 523781 tok (0 cached) in 927995 ms; decode 255 tok / 129 passes in 7.4 s: 34.2 tok/s, 29.2 ms/tok, 58 ms/pass, 1.98 tok/pass, accept p1 98 %
2026-10-06 17:38:24.349 INFO  sched: request 'chatcmpl-6374f6dce06e4f08' starting prefill in slot 0 (523781 prompt tokens)
2026-10-06 17:38:24.350 INFO  sched: request 'chatcmpl-6374f6dce06e4f08' prefilling in slot 0 (2048 tokens/tick)
2026-10-06 17:38:24.451 INFO  sched: request 'chatcmpl-6374f6dce06e4f08' admitted to slot 0 (reserve 4095 blocks; pool 4095/4096 blocks in use) — first token 785
2026-10-06 17:38:26.742 INFO  stats: rank 2 | 10.0 s | decode 34.3 tok/s, 27.6 ms/tok, 54.9 ms/step (173 steps / 344 tok, 95 % of wall) | mtp 1.99 tok/step/req, accept p1 98 % | prefill 2 prompts / 10 tok, 1 tok/s, 20.43 ms/tok, 102 ms avg (2 % of wall), 523776 tok cached (1/1 hit) | live 1, queued 0 | pool 4096/4096 blocks (100 %) | prefix cache 1/58 entries
2026-10-06 17:38:31.211 INFO  sched: request 'chatcmpl-6374f6dce06e4f08' retired (steps): 256 tok in 6.9 s — prefill 523781 tok (523776 cached) in 102 ms; decode 255 tok / 129 passes in 6.8 s: 37.7 tok/s, 26.5 ms/tok, 52 ms/pass, 1.98 tok/pass, accept p1 98 %
2026-10-06 17:38:31.382 INFO  sched: request 'chatcmpl-6374f6dce06e4f09' starting prefill in slot 0 (523781 prompt tokens)
2026-10-06 17:38:31.383 INFO  sched: request 'chatcmpl-6374f6dce06e4f09' prefilling in slot 0 (2048 tokens/tick)
2026-10-06 17:38:31.485 INFO  sched: request 'chatcmpl-6374f6dce06e4f09' admitted to slot 0 (reserve 4095 blocks; pool 4095/4096 blocks in use) — first token 785
2026-10-06 17:38:36.773 INFO  stats: rank 2 | 10.0 s | decode 36.8 tok/s, 26.1 ms/tok, 51.7 ms/step (186 steps / 369 tok, 96 % of wall) | mtp 1.98 tok/step/req, accept p1 98 % | prefill 1 prompt / 5 tok, 0 tok/s, 20.50 ms/tok, 103 ms avg (1 % of wall), 523776 tok cached (1/1 hit) | live 1, queued 0 | pool 4096/4096 blocks (100 %) | prefix cache 1/58 entries
2026-10-06 17:38:38.252 INFO  sched: request 'chatcmpl-6374f6dce06e4f09' retired (steps): 256 tok in 6.9 s — prefill 523781 tok (523776 cached) in 103 ms; decode 255 tok / 129 passes in 6.8 s: 37.7 tok/s, 26.5 ms/tok, 52 ms/pass, 1.98 tok/pass, accept p1 98 %
2026-10-06 17:38:39.425 INFO  journal: stop record — exiting
2026-10-06 17:38:39.458 INFO  rank 2: graph engine sampling summary — 0 sampled decode steps, 0 served by the exact gather fallback (0.0%), 112 candidates per rank
2026-10-06 17:38:40.940 INFO  rank 2: exited cleanly
