2026-10-06 17:12:18.892 INFO  dgpp-serve 0.1.0+g8f1c4cbcc1e9.dirty (git 8f1c4cbcc1e9)
2026-10-06 17:12:18.892 INFO  config /tmp/bus4/deployments/782fc45b63def755/cluster.json: model unsloth/GLM-5.3-Flash-FP8, world 4, rank 1, http :18080, fabric :29970, journal :29971
2026-10-06 17:12:18.892 INFO  model unsloth/GLM-5.3-Flash-FP8 -> /home/stephen/.cache/huggingface/hub/models--unsloth--GLM-5.3-Flash-FP8/snapshots/a160e2291674d9e3e92e98fd82faa2544a2867a3
2026-10-06 17:12:18.893 INFO  journal: connected to rank 0 at 192.168.88.11:29971 (120000 attempt window)
2026-10-06 17:12:18.908 INFO  rank 1: settings from rank 0: model=unsloth/GLM-5.3-Flash-FP8 world=4 fabric=29970 journal=29971 conc=4 kv=524288 kvdt=bf16 ngt=resident dw=checkpoint mtpef=fp8 bfw=bf12+bf16 fp8head=gemv pf=bounded emsh=replicated maxtok=32768 queue=8 eos=1 graph=1 compact=0 mtp=1 mtpd=1 mss=0 msrow=8 msbase=28 mslam=0 msmin=1 msad=1 msss=0.93 mdr=auto mdt=1 mvf=token dbr=0 batchmin=2 cand=128 pcgib=2 adm=full win=256 pfbudget=256 pfidle=2048 pmin=1024 phead=1 pace=-1 inflight=-1 reasoning_in_content=0 rs=off dflash=off dfw=checkpoint
2026-10-06 17:12:18.909 INFO  config: model=unsloth/GLM-5.3-Flash-FP8 world=4 fabric=29970 journal=29971 conc=4 kv=524288 kvdt=bf16 ngt=resident dw=checkpoint mtpef=fp8 bfw=bf12+bf16 fp8head=gemv pf=bounded emsh=replicated maxtok=32768 queue=8 eos=1 graph=1 compact=0 mtp=1 mtpd=1 mss=0 msrow=8 msbase=28 mslam=0 msmin=1 msad=1 msss=0.93 mdr=auto mdt=1 mvf=token dbr=0 batchmin=2 cand=128 pcgib=2 adm=full win=256 pfbudget=256 pfidle=2048 pmin=1024 phead=1 pace=-1 inflight=-1 reasoning_in_content=0 rs=off dflash=off dfw=checkpoint (digest 91ab08a4894e08c8)
2026-10-06 17:12:19.028 INFO  serve: model family glm5 (/home/stephen/.cache/huggingface/hub/models--unsloth--GLM-5.3-Flash-FP8/snapshots/a160e2291674d9e3e92e98fd82faa2544a2867a3)
2026-10-06 17:12:19.028 INFO  serve: decode rows 8 (4 slot(s) x 2 row(s) per request, floor 8, the glm5 family's cap 8)
2026-10-06 17:12:19.028 WARN  generation config /home/stephen/.cache/huggingface/hub/models--unsloth--GLM-5.3-Flash-FP8/snapshots/a160e2291674d9e3e92e98fd82faa2544a2867a3/generation_config.json omits top_k, min_p, repetition_penalty; using greedy-safe/neutral fallbacks for those fields
2026-10-06 17:12:19.028 INFO  generation defaults: temperature=1 top_p=0.95 top_k=0 min_p=0 repetition_penalty=1
2026-10-06 17:12:19.028 INFO  serve: sampling defaults temperature 1 top_p 0.95 top_k 0 min_p 0 repetition_penalty 1 (from generation_config.json; overrides: none)
2026-10-06 17:12:19.028 INFO  serve: request context limit 524288 tokens (the 524288-token K/V pool from engine.kv_capacity 524288; this family states no positional ceiling of its own)
2026-10-06 17:12:19.028 INFO  rank 1: prefix cache plan — 2 GiB budget, 58 slots of 35.227 MiB, 1.995 GiB allocated; cached K/V blocks share the 524288-token pool
2026-10-06 17:12:19.207 INFO  tokenizer: loaded vocab 154820 merges 321649 added 36 (revision 0x700b4469fc43f23b; glm pattern, no normalizer, ignore_merges true)
2026-10-06 17:12:19.217 INFO  serve: grammar vocabulary built (154880 ids, tool markers present, call-turn EOS 154829)
2026-10-06 17:12:19.320 INFO  serve: JSON grammar tables built in 0.10 s
2026-10-06 17:12:19.562 INFO  bus: globaltimer offset -62162360752 ns (+-2 us)
2026-10-06 17:12:19.566 INFO  verbs: device roceP2p1s0f0 port 1 gid_index 3
2026-10-06 17:12:19.569 INFO  verbs: device rocep1s0f0 port 1 gid_index 3
2026-10-06 17:12:20.649 INFO  bus: rank 1 up — 3 peer(s) x 2 lane(s), lat 8x65536B, bulk 8x262144B, bulk pace 28.3 Gb/s per QP, window 4 per lane
2026-10-06 17:12:20.649 INFO  rank 1: boundary reducer host-driven
2026-10-06 17:12:20.801 INFO  rank 1: process memory locked (mlockall MCL_CURRENT, 14546 MiB)
2026-10-06 17:12:20.801 INFO  rank 1: resident image cache at /home/stephen/.cache/dgpp/resident
2026-10-06 17:12:20.801 INFO  bus engine: rank 1 pinned to cpu 19
2026-10-06 17:12:20.839 INFO  rank 1: memory plan for a 524288-token context — vision weights (replicated) 1.05 GiB; vision workspace (bounded image prefill) 0.33 GiB; model weights (resident) 79.29 GiB (1.81 GiB pinned); tensor-parallel slice views 0.67 GiB; bf16 decode packing (12-bit companions) 1.96 GiB; gemm workspace (at least) 0.06 GiB; kda scratch 0.08 GiB; kv cache pool (bf16) 6.19 GiB; dsa scratch 0.22 GiB; moe scratch 0.68 GiB (0.00 GiB pinned); kda state (request slots) 0.14 GiB; kda speculative snapshots 0.27 GiB; draft hidden cache (per position) 16.00 GiB; draft activations 0.05 GiB; activations (per-forward rows) 0.32 GiB (0.00 GiB pinned); route-trace staging 0.10 GiB (0.10 GiB pinned); prefix cache 2.00 GiB; engine 0.07 GiB
2026-10-06 17:12:20.839 INFO  rank 1: memory plan total 109.48 GiB (105.50 GiB device + 3.98 GiB pinned) + 4.00 GiB headroom against 116.71 GiB free (device free 113.98 GiB of 121.69 GiB, host available 116.71 GiB)
2026-10-06 17:12:20.839 INFO  memory ledger: rank 1 after the plan check — rss 1.18 GiB (anon 0.42, shmem 0.09, file 0.67; locked 14.21); device free 113.98 GiB, node available 116.71 GiB
2026-10-06 17:12:20.839 INFO  memory ledger: rank 1 after the bus — rss 1.18 GiB (anon 0.42, shmem 0.09, file 0.67; locked 14.21); device free 113.98 GiB, node available 116.71 GiB
2026-10-06 17:12:21.057 INFO  glm loader: rank 1 resident footprint 77.5 GiB; device free 114.0 of 121.7 GiB, host available 116.7 GiB
2026-10-06 17:12:22.024 INFO  glm loader: rank 1 resident image /home/stephen/.cache/dgpp/resident/2a6f0e54a2ffd844.img — 46/46 layers present, direct I/O
2026-10-06 17:12:22.052 INFO  l2 prefetch: on, window budget 12 MiB, boundary rate light, layer rate light
2026-10-06 17:12:22.052 INFO  glm loader: rank 1 boot digest from the resident image (713 tensors, 2.91 GiB)
2026-10-06 17:12:36.722 INFO  glm loader: rank 1 resident load complete — released 62 shard mappings (305.8 GiB) and evicted their page cache; image: 46 layers restored, 0 captured
2026-10-06 17:12:37.086 INFO  rank 1 bf12: 70 decode matrices packed (2.55 GiB of bf16 -> 1.92 GiB, 213419 escapes, widest row 64, 3 rows kept raw; 0 matrices kept bf16) in 1.4 s
2026-10-06 17:12:42.632 INFO  rank 1 boot phases: digest 0.0 s (3.96 GiB hashed), globals 1.4 s, layers 18.2 s
2026-10-06 17:12:42.632 INFO  memory ledger: rank 1 after the model — rss 3.10 GiB (anon 0.42, shmem 2.01, file 0.67; locked 14.19); device free 5.47 GiB, node available 8.19 GiB
2026-10-06 17:12:42.632 INFO  rank 1: model constructed in 21.8s (resident, 4 request slots, 524288-token pool in bf16, 2048-row forwards)
2026-10-06 17:12:42.632 INFO  rank 1: prefix cache on — 58 snapshot slot(s) of 35.2 MiB (2.00 GiB asked)
2026-10-06 17:12:42.705 INFO  rank 1: graph engine samples on the device — 112 candidates per rank (8 rows x 4 ranks in a 65536-byte latency slot; the planned width is 128); constrained decoding available
2026-10-06 17:12:42.706 INFO  rank 1: prefill budget 256 tokens/tick (0 = full prompt), 2048 with nothing decoding
2026-10-06 17:12:42.706 INFO  rank 1: sampled requests draft a draw from the draft's distribution under the ratio verify (engine.mtp_draft auto)
2026-10-06 17:12:48.346 INFO  memory ledger: rank 1 after the graph engine — rss 3.10 GiB (anon 0.42, shmem 2.01, file 0.67; locked 14.19); device free 3.47 GiB, node available 6.19 GiB
2026-10-06 17:12:48.620 INFO  allreduce: device clock rate 2418000 kHz (stamps conversion)
2026-10-06 17:12:48.620 INFO  allreduce: rank 1 seq 1 launched (3 peers)
2026-10-06 17:12:48.620 INFO  allreduce: rank 1 seq 1 ready after 42.6us
2026-10-06 17:12:48.621 INFO  allreduce: rank 1 seq 1 done status=0 after 137.7us
2026-10-06 17:12:48.667 INFO  allreduce: rank 1 seq 2 launched (3 peers)
2026-10-06 17:12:48.667 INFO  allreduce: rank 1 seq 2 ready after 11.3us
2026-10-06 17:12:48.667 INFO  allreduce: rank 1 seq 2 done status=0 after 49.1us
2026-10-06 17:12:48.667 INFO  allreduce: rank 1 seq 3 launched (3 peers)
2026-10-06 17:12:48.667 INFO  allreduce: rank 1 seq 3 ready after 11.2us
2026-10-06 17:12:48.667 INFO  allreduce: rank 1 seq 3 done status=0 after 125.6us
2026-10-06 17:12:48.668 INFO  allreduce: rank 1 seq 4 launched (3 peers)
2026-10-06 17:12:48.668 INFO  allreduce: rank 1 seq 4 ready after 12.2us
2026-10-06 17:12:48.668 INFO  allreduce: rank 1 seq 4 done status=0 after 50.4us
2026-10-06 17:12:48.668 INFO  allreduce: rank 1 seq 5 launched (3 peers)
2026-10-06 17:12:48.668 INFO  allreduce: rank 1 seq 5 ready after 11.3us
2026-10-06 17:12:48.668 INFO  allreduce: rank 1 seq 5 done status=0 after 59.9us
2026-10-06 17:12:48.669 INFO  allreduce: rank 1 seq 6 launched (3 peers)
2026-10-06 17:12:48.669 INFO  allreduce: rank 1 seq 6 ready after 11.5us
2026-10-06 17:12:48.669 INFO  allreduce: rank 1 seq 6 done status=0 after 50.1us
2026-10-06 17:12:48.673 INFO  allreduce: rank 1 seq 7 launched (3 peers)
2026-10-06 17:12:48.673 INFO  allreduce: rank 1 seq 7 ready after 14.6us
2026-10-06 17:12:48.673 INFO  allreduce: rank 1 seq 7 done status=0 after 53.0us
2026-10-06 17:12:48.673 INFO  allreduce: rank 1 seq 8 launched (3 peers)
2026-10-06 17:12:48.673 INFO  allreduce: rank 1 seq 8 ready after 11.1us
2026-10-06 17:12:48.673 INFO  allreduce: rank 1 seq 8 done status=0 after 51.7us
2026-10-06 17:12:48.674 INFO  allreduce: rank 1 seq 9 launched (3 peers)
2026-10-06 17:12:48.674 INFO  allreduce: rank 1 seq 9 ready after 11.1us
2026-10-06 17:12:48.674 INFO  allreduce: rank 1 seq 9 done status=0 after 64.8us
2026-10-06 17:12:48.675 INFO  allreduce: rank 1 seq 10 launched (3 peers)
2026-10-06 17:12:48.675 INFO  allreduce: rank 1 seq 10 ready after 15.5us
2026-10-06 17:12:48.675 INFO  allreduce: rank 1 seq 10 done status=0 after 54.0us
2026-10-06 17:12:48.675 INFO  allreduce: rank 1 seq 11 launched (3 peers)
2026-10-06 17:12:48.675 INFO  allreduce: rank 1 seq 11 ready after 11.0us
2026-10-06 17:12:48.675 INFO  allreduce: rank 1 seq 11 done status=0 after 56.3us
2026-10-06 17:12:48.676 INFO  allreduce: rank 1 seq 12 launched (3 peers)
2026-10-06 17:12:48.676 INFO  allreduce: rank 1 seq 12 ready after 10.9us
2026-10-06 17:12:48.676 INFO  allreduce: rank 1 seq 12 done status=0 after 59.5us
2026-10-06 17:12:48.677 INFO  allreduce: rank 1 seq 13 launched (3 peers)
2026-10-06 17:12:48.677 INFO  allreduce: rank 1 seq 13 ready after 11.1us
2026-10-06 17:12:48.677 INFO  allreduce: rank 1 seq 13 done status=0 after 103.1us
2026-10-06 17:12:48.678 INFO  allreduce: rank 1 seq 14 launched (3 peers)
2026-10-06 17:12:48.678 INFO  allreduce: rank 1 seq 14 ready after 12.4us
2026-10-06 17:12:48.678 INFO  allreduce: rank 1 seq 14 done status=0 after 76.9us
2026-10-06 17:12:48.678 INFO  allreduce: rank 1 seq 15 launched (3 peers)
2026-10-06 17:12:48.678 INFO  allreduce: rank 1 seq 15 ready after 8.9us
2026-10-06 17:12:48.678 INFO  allreduce: rank 1 seq 15 done status=0 after 44.7us
2026-10-06 17:12:48.680 INFO  allreduce: rank 1 seq 16 launched (3 peers)
2026-10-06 17:12:48.680 INFO  allreduce: rank 1 seq 16 ready after 12.9us
2026-10-06 17:12:48.680 INFO  allreduce: rank 1 seq 16 done status=0 after 48.0us
2026-10-06 17:12:48.763 INFO  bus graph era: variant 0 recorded with 94 collective node(s)
2026-10-06 17:12:48.763 INFO  rank 1: graph variant 0 shape: 1297 nodes, 1612 edges: kernel 1297 empty 0 memcpy 0 memset 0 host 0 event 0 other 0; max in-degree 2
2026-10-06 17:12:48.769 INFO  rank 1: graph variant 0 instantiated — 33.3 MiB of device memory (3.0 GiB free)
2026-10-06 17:12:48.770 INFO  bus graph era: variant 1 recorded with 94 collective node(s)
2026-10-06 17:12:48.771 INFO  rank 1: graph variant 1 shape: 1297 nodes, 1612 edges: kernel 1297 empty 0 memcpy 0 memset 0 host 0 event 0 other 0; max in-degree 2
2026-10-06 17:12:48.777 INFO  rank 1: graph variant 1 instantiated — 30.6 MiB of device memory (3.0 GiB free)
2026-10-06 17:12:48.777 INFO  rank 1: serving scalar graph variants 0/1 captured for request slot 0 (2 rows, MTP)
2026-10-06 17:12:48.779 INFO  bus graph era: variant 8 recorded with 94 collective node(s)
2026-10-06 17:12:48.779 INFO  rank 1: graph variant 8 shape: 1299 nodes, 1614 edges: kernel 1299 empty 0 memcpy 0 memset 0 host 0 event 0 other 0; max in-degree 2
2026-10-06 17:12:48.785 INFO  rank 1: graph variant 8 instantiated — 33.4 MiB of device memory (2.9 GiB free)
2026-10-06 17:12:48.786 INFO  bus graph era: variant 9 recorded with 94 collective node(s)
2026-10-06 17:12:48.787 INFO  rank 1: graph variant 9 shape: 1299 nodes, 1614 edges: kernel 1299 empty 0 memcpy 0 memset 0 host 0 event 0 other 0; max in-degree 2
2026-10-06 17:12:48.794 INFO  rank 1: graph variant 9 instantiated — 34.5 MiB of device memory (2.9 GiB free)
2026-10-06 17:12:48.794 INFO  rank 1: serving row-batched graph variants 8/9 captured for 2 slots x 2 rows = 4 fixed rows, MTP (a batch is selected at 2+ live requests, the smallest that covers the live slots)
2026-10-06 17:12:48.808 INFO  bus graph era: variant 10 recorded with 94 collective node(s)
2026-10-06 17:12:48.808 INFO  rank 1: graph variant 10 shape: 1359 nodes, 1674 edges: kernel 1359 empty 0 memcpy 0 memset 0 host 0 event 0 other 0; max in-degree 2
2026-10-06 17:12:48.814 INFO  rank 1: graph variant 10 instantiated — 28.9 MiB of device memory (2.8 GiB free)
2026-10-06 17:12:48.816 INFO  bus graph era: variant 11 recorded with 94 collective node(s)
2026-10-06 17:12:48.816 INFO  rank 1: graph variant 11 shape: 1359 nodes, 1674 edges: kernel 1359 empty 0 memcpy 0 memset 0 host 0 event 0 other 0; max in-degree 2
2026-10-06 17:12:48.822 INFO  rank 1: graph variant 11 instantiated — 31.6 MiB of device memory (2.8 GiB free)
2026-10-06 17:12:48.822 INFO  rank 1: serving row-batched graph variants 10/11 captured for 3 slots x 2 rows = 6 fixed rows, MTP (a batch is selected at 2+ live requests, the smallest that covers the live slots)
2026-10-06 17:12:48.824 INFO  bus graph era: variant 12 recorded with 94 collective node(s)
2026-10-06 17:12:48.824 INFO  rank 1: graph variant 12 shape: 1361 nodes, 1676 edges: kernel 1361 empty 0 memcpy 0 memset 0 host 0 event 0 other 0; max in-degree 2
2026-10-06 17:12:48.831 INFO  rank 1: graph variant 12 instantiated — 35.0 MiB of device memory (2.8 GiB free)
2026-10-06 17:12:48.833 INFO  bus graph era: variant 13 recorded with 94 collective node(s)
2026-10-06 17:12:48.833 INFO  rank 1: graph variant 13 shape: 1361 nodes, 1676 edges: kernel 1361 empty 0 memcpy 0 memset 0 host 0 event 0 other 0; max in-degree 2
2026-10-06 17:12:48.839 INFO  rank 1: graph variant 13 instantiated — 31.0 MiB of device memory (2.7 GiB free)
2026-10-06 17:12:48.839 INFO  rank 1: serving row-batched graph variants 12/13 captured for 4 slots x 2 rows = 8 fixed rows, MTP (a batch is selected at 2+ live requests, the smallest that covers the live slots)
2026-10-06 17:12:48.918 INFO  bus graph era: variant 2 recorded with 94 collective node(s)
2026-10-06 17:12:48.918 INFO  rank 1: graph variant 2 shape: 1297 nodes, 1612 edges: kernel 1297 empty 0 memcpy 0 memset 0 host 0 event 0 other 0; max in-degree 2
2026-10-06 17:12:48.924 INFO  rank 1: graph variant 2 instantiated — 32.4 MiB of device memory (2.7 GiB free)
2026-10-06 17:12:48.926 INFO  bus graph era: variant 3 recorded with 94 collective node(s)
2026-10-06 17:12:48.926 INFO  rank 1: graph variant 3 shape: 1297 nodes, 1612 edges: kernel 1297 empty 0 memcpy 0 memset 0 host 0 event 0 other 0; max in-degree 2
2026-10-06 17:12:48.933 INFO  rank 1: graph variant 3 instantiated — 34.1 MiB of device memory (2.7 GiB free)
2026-10-06 17:12:48.933 INFO  rank 1: serving scalar graph variants 2/3 captured for request slot 1 (2 rows, MTP)
2026-10-06 17:12:49.009 INFO  bus graph era: variant 4 recorded with 94 collective node(s)
2026-10-06 17:12:49.009 INFO  rank 1: graph variant 4 shape: 1297 nodes, 1612 edges: kernel 1297 empty 0 memcpy 0 memset 0 host 0 event 0 other 0; max in-degree 2
2026-10-06 17:12:49.016 INFO  rank 1: graph variant 4 instantiated — 32.8 MiB of device memory (2.6 GiB free)
2026-10-06 17:12:49.017 INFO  bus graph era: variant 5 recorded with 94 collective node(s)
2026-10-06 17:12:49.017 INFO  rank 1: graph variant 5 shape: 1297 nodes, 1612 edges: kernel 1297 empty 0 memcpy 0 memset 0 host 0 event 0 other 0; max in-degree 2
2026-10-06 17:12:49.027 INFO  rank 1: graph variant 5 instantiated — 36.4 MiB of device memory (2.6 GiB free)
2026-10-06 17:12:49.027 INFO  rank 1: serving scalar graph variants 4/5 captured for request slot 2 (2 rows, MTP)
2026-10-06 17:12:49.102 INFO  bus graph era: variant 6 recorded with 94 collective node(s)
2026-10-06 17:12:49.102 INFO  rank 1: graph variant 6 shape: 1297 nodes, 1612 edges: kernel 1297 empty 0 memcpy 0 memset 0 host 0 event 0 other 0; max in-degree 2
2026-10-06 17:12:49.109 INFO  rank 1: graph variant 6 instantiated — 34.2 MiB of device memory (2.6 GiB free)
2026-10-06 17:12:49.110 INFO  bus graph era: variant 7 recorded with 94 collective node(s)
2026-10-06 17:12:49.111 INFO  rank 1: graph variant 7 shape: 1297 nodes, 1612 edges: kernel 1297 empty 0 memcpy 0 memset 0 host 0 event 0 other 0; max in-degree 2
2026-10-06 17:12:49.117 INFO  rank 1: graph variant 7 instantiated — 33.3 MiB of device memory (2.5 GiB free)
2026-10-06 17:12:49.117 INFO  rank 1: serving scalar graph variants 6/7 captured for request slot 3 (2 rows, MTP)
2026-10-06 17:12:49.118 INFO  rank 1: warm capture complete — 4 scalar variants and the row batches for 2 slots, 3 slots, 4 slots recorded before the first request
2026-10-06 17:12:49.118 INFO  memory ledger: rank 1 after the warm capture — rss 3.60 GiB (anon 0.91, shmem 2.01, file 0.68; locked 14.19); device free 2.53 GiB, node available 5.25 GiB
2026-10-06 17:12:49.118 INFO  rank 1: graph variants warm-captured in 0.77s
2026-10-06 17:12:49.118 INFO  rank 1: following rank 0's journal (admission full, window 256)
2026-10-06 17:12:50.181 INFO  sched: request 'chatcmpl-6374f6dce06e4ef7' starting prefill in slot 0 (539 prompt tokens)
2026-10-06 17:12:50.774 INFO  sched: request 'chatcmpl-6374f6dce06e4ef7' prefix cache miss — 2 cut(s), the cache is empty
2026-10-06 17:12:50.774 INFO  sched: request 'chatcmpl-6374f6dce06e4ef7' admitted to slot 0 (reserve 5 blocks; pool 5/4096 blocks in use) — first token 785
2026-10-06 17:12:50.774 INFO  sched: request 'chatcmpl-6374f6dce06e4ef7' retired (steps): 1 tok in 0.6 s — prefill 539 tok (0 cached) in 594 ms; decode 0 tok / 0 passes in 0.0 s
2026-10-06 17:12:50.798 INFO  sched: request 'chatcmpl-6374f6dce06e4ef8' starting prefill in slot 0 (32393 prompt tokens)
2026-10-06 17:12:50.798 INFO  sched: request 'chatcmpl-6374f6dce06e4ef8' prefix cache miss — 17 cut(s), the cache is empty
2026-10-06 17:12:50.798 INFO  sched: request 'chatcmpl-6374f6dce06e4ef8' prefilling in slot 0 (2048 tokens/tick)
2026-10-06 17:12:59.485 INFO  stats: rank 1 | 10.2 s | decode 0.1 tok/s, 0.0 ms/tok, 0.0 ms/step (0 steps / 1 tok, 0 % of wall) | prefill 1 prompt / 12827 tok, 1256 tok/s, 0.72 ms/tok, 9279 ms avg (91 % of wall), 0 tok cached (0/2 hits) | live 1, queued 0 | pool 254/4096 blocks (6 %) | prefix cache 0/58 entries | 1 prefilling
2026-10-06 17:13:10.472 INFO  stats: rank 1 | 11.0 s | decode 0.0 tok/s, 0.0 ms/tok, 0.0 ms/step (0 steps / 0 tok, 0 % of wall) | prefill 0 prompts / 14336 tok, 1305 tok/s, 0.77 ms/tok (100 % of wall), 0 tok cached (0/0 hits) | live 1, queued 0 | pool 254/4096 blocks (6 %) | prefix cache 0/58 entries | 1 prefilling
2026-10-06 17:13:15.297 INFO  sched: request 'chatcmpl-6374f6dce06e4ef8' admitted to slot 0 (reserve 254 blocks; pool 255/4096 blocks in use) — first token 785
2026-10-06 17:13:15.297 INFO  sched: request 'chatcmpl-6374f6dce06e4ef8' retired (steps): 1 tok in 24.5 s — prefill 32393 tok (0 cached) in 24495 ms; decode 0 tok / 0 passes in 0.0 s
2026-10-06 17:13:15.341 INFO  sched: request 'chatcmpl-6374f6dce06e4ef9' starting prefill in slot 0 (32363 prompt tokens)
2026-10-06 17:13:15.341 INFO  sched: request 'chatcmpl-6374f6dce06e4ef9' prefix cache miss — 17 cut(s) probed against 2 entries; the nearest entry (position 32388) shares the first 36 of the prompt's 32363 tokens (the prompt differs from it from that token on)
2026-10-06 17:13:15.341 INFO  sched: request 'chatcmpl-6374f6dce06e4ef9' prefilling in slot 0 (2048 tokens/tick)
2026-10-06 17:13:21.062 INFO  stats: rank 1 | 10.6 s | decode 0.1 tok/s, 0.0 ms/tok, 0.0 ms/step (0 steps / 1 tok, 0 % of wall) | prefill 1 prompt / 13961 tok, 1318 tok/s, 0.76 ms/tok, 10545 ms avg (100 % of wall), 0 tok cached (0/1 hit) | live 1, queued 0 | pool 507/4096 blocks (12 %) | prefix cache 2/58 entries | 1 prefilling
2026-10-06 17:13:31.995 INFO  stats: rank 1 | 10.9 s | decode 0.0 tok/s, 0.0 ms/tok, 0.0 ms/step (0 steps / 0 tok, 0 % of wall) | prefill 0 prompts / 14336 tok, 1311 tok/s, 0.76 ms/tok (100 % of wall), 0 tok cached (0/0 hits) | live 1, queued 0 | pool 507/4096 blocks (12 %) | prefix cache 2/58 entries | 1 prefilling
2026-10-06 17:13:40.026 INFO  sched: request 'chatcmpl-6374f6dce06e4ef9' admitted to slot 0 (reserve 253 blocks; pool 508/4096 blocks in use) — first token 785
2026-10-06 17:13:40.026 INFO  sched: request 'chatcmpl-6374f6dce06e4ef9' retired (steps): 1 tok in 24.7 s — prefill 32363 tok (0 cached) in 24680 ms; decode 0 tok / 0 passes in 0.0 s
2026-10-06 17:13:40.069 INFO  sched: request 'chatcmpl-6374f6dce06e4efa' starting prefill in slot 0 (32319 prompt tokens)
2026-10-06 17:13:40.069 INFO  sched: request 'chatcmpl-6374f6dce06e4efa' prefix cache miss — 17 cut(s) probed against 4 entries; the nearest entry (position 32388) shares the first 36 of the prompt's 32319 tokens (the prompt differs from it from that token on)
2026-10-06 17:13:40.069 INFO  sched: request 'chatcmpl-6374f6dce06e4efa' prefilling in slot 0 (2048 tokens/tick)
2026-10-06 17:13:42.806 INFO  stats: rank 1 | 10.8 s | decode 0.1 tok/s, 0.0 ms/tok, 0.0 ms/step (0 steps / 1 tok, 0 % of wall) | prefill 1 prompt / 13931 tok, 1289 tok/s, 0.77 ms/tok, 10767 ms avg (100 % of wall), 0 tok cached (0/1 hit) | live 1, queued 0 | pool 760/4096 blocks (19 %) | prefix cache 4/58 entries | 1 prefilling
2026-10-06 17:13:53.401 INFO  stats: rank 1 | 10.6 s | decode 0.0 tok/s, 0.0 ms/tok, 0.0 ms/step (0 steps / 0 tok, 0 % of wall) | prefill 0 prompts / 14336 tok, 1353 tok/s, 0.74 ms/tok (100 % of wall), 0 tok cached (0/0 hits) | live 1, queued 0 | pool 760/4096 blocks (19 %) | prefix cache 4/58 entries | 1 prefilling
2026-10-06 17:14:04.498 INFO  stats: rank 1 | 11.1 s | decode 0.0 tok/s, 0.0 ms/tok, 0.0 ms/step (0 steps / 0 tok, 0 % of wall) | prefill 0 prompts / 13884 tok, 1251 tok/s, 0.80 ms/tok (100 % of wall), 0 tok cached (0/0 hits) | live 1, queued 0 | pool 761/4096 blocks (19 %) | prefix cache 4/58 entries | 1 prefilling
2026-10-06 17:14:04.576 INFO  sched: request 'chatcmpl-6374f6dce06e4efa' admitted to slot 0 (reserve 253 blocks; pool 761/4096 blocks in use) — first token 785
2026-10-06 17:14:04.576 INFO  sched: request 'chatcmpl-6374f6dce06e4efa' retired (steps): 1 tok in 24.5 s — prefill 32319 tok (0 cached) in 24503 ms; decode 0 tok / 0 passes in 0.0 s
2026-10-06 17:14:05.373 INFO  sched: request 'chatcmpl-6374f6dce06e4efb' starting prefill in slot 0 (32234 prompt tokens)
2026-10-06 17:14:05.373 INFO  sched: request 'chatcmpl-6374f6dce06e4efb' prefix cache miss — 17 cut(s) probed against 6 entries; the nearest entry (position 32388) shares the first 10 of the prompt's 32234 tokens (the prompt differs from it from that token on)
2026-10-06 17:14:05.373 INFO  sched: request 'chatcmpl-6374f6dce06e4efb' prefilling in slot 0 (2048 tokens/tick)
2026-10-06 17:14:15.571 INFO  stats: rank 1 | 11.1 s | decode 0.1 tok/s, 0.0 ms/tok, 0.0 ms/step (0 steps / 1 tok, 0 % of wall) | prefill 1 prompt / 14339 tok, 1295 tok/s, 0.72 ms/tok, 10273 ms avg (93 % of wall), 0 tok cached (0/1 hit) | live 1, queued 0 | pool 1014/4096 blocks (25 %) | prefix cache 6/58 entries | 1 prefilling
2026-10-06 17:14:26.586 INFO  stats: rank 1 | 11.0 s | decode 0.0 tok/s, 0.0 ms/tok, 0.0 ms/step (0 steps / 0 tok, 0 % of wall) | prefill 0 prompts / 14336 tok, 1301 tok/s, 0.77 ms/tok (100 % of wall), 0 tok cached (0/0 hits) | live 1, queued 0 | pool 1014/4096 blocks (25 %) | prefix cache 6/58 entries | 1 prefilling
2026-10-06 17:14:29.608 INFO  sched: request 'chatcmpl-6374f6dce06e4efb' admitted to slot 0 (reserve 254 blocks; pool 1015/4096 blocks in use) — first token 785
2026-10-06 17:14:34.865 INFO  sched: request 'chatcmpl-6374f6dce06e4efb' retired (steps): 256 tok in 29.5 s — prefill 32234 tok (0 cached) in 24230 ms; decode 255 tok / 130 passes in 5.3 s: 48.5 tok/s, 20.6 ms/tok, 40 ms/pass, 1.96 tok/pass, accept p1 96 %
2026-10-06 17:14:34.882 INFO  sched: request 'chatcmpl-6374f6dce06e4efc' starting prefill in slot 0 (32234 prompt tokens)
2026-10-06 17:14:34.882 INFO  sched: request 'chatcmpl-6374f6dce06e4efc' prefilling in slot 0 (2048 tokens/tick)
2026-10-06 17:14:34.945 INFO  sched: request 'chatcmpl-6374f6dce06e4efc' admitted to slot 0 (reserve 254 blocks; pool 1018/4096 blocks in use) — first token 785
2026-10-06 17:14:36.622 INFO  stats: rank 1 | 10.0 s | decode 33.5 tok/s, 20.4 ms/tok, 39.8 ms/step (172 steps / 336 tok, 68 % of wall) | mtp 1.95 tok/step/req, accept p1 94 % | prefill 2 prompts / 3564 tok, 355 tok/s, 0.87 ms/tok, 1542 ms avg (31 % of wall), 32232 tok cached (1/1 hit) | live 1, queued 0 | pool 1019/4096 blocks (25 %) | prefix cache 9/58 entries
2026-10-06 17:14:40.198 INFO  sched: request 'chatcmpl-6374f6dce06e4efc' retired (steps): 256 tok in 5.3 s — prefill 32234 tok (32232 cached) in 63 ms; decode 255 tok / 130 passes in 5.3 s: 48.5 tok/s, 20.6 ms/tok, 40 ms/pass, 1.96 tok/pass, accept p1 96 %
2026-10-06 17:14:40.219 INFO  sched: request 'chatcmpl-6374f6dce06e4efd' starting prefill in slot 0 (32234 prompt tokens)
2026-10-06 17:14:40.219 INFO  sched: request 'chatcmpl-6374f6dce06e4efd' prefilling in slot 0 (2048 tokens/tick)
2026-10-06 17:14:40.283 INFO  sched: request 'chatcmpl-6374f6dce06e4efd' admitted to slot 0 (reserve 254 blocks; pool 1018/4096 blocks in use) — first token 785
2026-10-06 17:14:45.528 INFO  sched: request 'chatcmpl-6374f6dce06e4efd' retired (steps): 256 tok in 5.3 s — prefill 32234 tok (32232 cached) in 64 ms; decode 255 tok / 130 passes in 5.2 s: 48.6 tok/s, 20.6 ms/tok, 40 ms/pass, 1.96 tok/pass, accept p1 96 %
2026-10-06 17:14:46.627 INFO  stats: rank 1 | 10.0 s | decode 43.2 tok/s, 20.2 ms/tok, 40.0 ms/step (218 steps / 432 tok, 87 % of wall) | mtp 1.98 tok/step/req, accept p1 98 % | prefill 1 prompt / 2 tok, 0 tok/s, 32.17 ms/tok, 64 ms avg (1 % of wall), 32232 tok cached (1/1 hit) | live 0, queued 0 | pool 1015/4096 blocks (25 %) | prefix cache 9/58 entries
2026-10-06 17:14:46.725 INFO  sched: request 'chatcmpl-6374f6dce06e4efe' starting prefill in slot 0 (65009 prompt tokens)
2026-10-06 17:14:46.725 INFO  sched: request 'chatcmpl-6374f6dce06e4efe' prefix cache miss — 33 cut(s) probed against 9 entries; the nearest entry (position 32488) shares the first 13 of the prompt's 65009 tokens (the prompt differs from it from that token on)
2026-10-06 17:14:46.725 INFO  sched: request 'chatcmpl-6374f6dce06e4efe' prefilling in slot 0 (2048 tokens/tick)
2026-10-06 17:14:56.906 INFO  stats: rank 1 | 10.3 s | decode 0.0 tok/s, 0.0 ms/tok, 0.0 ms/step (0 steps / 0 tok, 0 % of wall) | prefill 0 prompts / 14336 tok, 1395 tok/s, 0.71 ms/tok (99 % of wall), 0 tok cached (0/1 hit) | live 1, queued 0 | pool 1525/4096 blocks (37 %) | prefix cache 9/58 entries | 1 prefilling
2026-10-06 17:15:07.916 INFO  stats: rank 1 | 11.0 s | decode 0.0 tok/s, 0.0 ms/tok, 0.0 ms/step (0 steps / 0 tok, 0 % of wall) | prefill 0 prompts / 14336 tok, 1302 tok/s, 0.77 ms/tok (100 % of wall), 0 tok cached (0/0 hits) | live 1, queued 0 | pool 1525/4096 blocks (37 %) | prefix cache 9/58 entries | 1 prefilling
2026-10-06 17:15:18.029 INFO  stats: rank 1 | 10.1 s | decode 0.0 tok/s, 0.0 ms/tok, 0.0 ms/step (0 steps / 0 tok, 0 % of wall) | prefill 0 prompts / 12288 tok, 1215 tok/s, 0.82 ms/tok (100 % of wall), 0 tok cached (0/0 hits) | live 1, queued 0 | pool 1525/4096 blocks (37 %) | prefix cache 9/58 entries | 1 prefilling
2026-10-06 17:15:28.707 INFO  stats: rank 1 | 10.7 s | decode 0.0 tok/s, 0.0 ms/tok, 0.0 ms/step (0 steps / 0 tok, 0 % of wall) | prefill 0 prompts / 12288 tok, 1151 tok/s, 0.87 ms/tok (100 % of wall), 0 tok cached (0/0 hits) | live 1, queued 0 | pool 1525/4096 blocks (37 %) | prefix cache 9/58 entries | 1 prefilling
2026-10-06 17:15:39.644 INFO  stats: rank 1 | 10.9 s | decode 0.0 tok/s, 0.0 ms/tok, 0.0 ms/step (0 steps / 0 tok, 0 % of wall) | prefill 0 prompts / 11756 tok, 1075 tok/s, 0.93 ms/tok (100 % of wall), 0 tok cached (0/0 hits) | live 1, queued 0 | pool 1526/4096 blocks (37 %) | prefix cache 9/58 entries | 1 prefilling
2026-10-06 17:15:39.735 INFO  sched: request 'chatcmpl-6374f6dce06e4efe' admitted to slot 0 (reserve 510 blocks; pool 1526/4096 blocks in use) — first token 785
2026-10-06 17:15:45.275 INFO  sched: request 'chatcmpl-6374f6dce06e4efe' retired (steps): 256 tok in 58.6 s — prefill 65009 tok (0 cached) in 53000 ms; decode 255 tok / 132 passes in 5.6 s: 45.9 tok/s, 21.8 ms/tok, 42 ms/pass, 1.93 tok/pass, accept p1 94 %
2026-10-06 17:15:45.306 INFO  sched: request 'chatcmpl-6374f6dce06e4eff' starting prefill in slot 0 (65009 prompt tokens)
2026-10-06 17:15:45.306 INFO  sched: request 'chatcmpl-6374f6dce06e4eff' prefilling in slot 0 (2048 tokens/tick)
2026-10-06 17:15:45.394 INFO  sched: request 'chatcmpl-6374f6dce06e4eff' admitted to slot 0 (reserve 510 blocks; pool 1529/4096 blocks in use) — first token 785
2026-10-06 17:15:49.657 INFO  stats: rank 1 | 10.0 s | decode 45.2 tok/s, 21.5 ms/tok, 41.7 ms/step (233 steps / 453 tok, 97 % of wall) | mtp 1.94 tok/step/req, accept p1 94 % | prefill 2 prompts / 10 tok, 1 tok/s, 17.78 ms/tok, 89 ms avg (2 % of wall), 65004 tok cached (1/1 hit) | live 1, queued 0 | pool 1530/4096 blocks (37 %) | prefix cache 12/58 entries
2026-10-06 17:15:50.985 INFO  sched: request 'chatcmpl-6374f6dce06e4eff' retired (steps): 256 tok in 5.7 s — prefill 65009 tok (65004 cached) in 88 ms; decode 255 tok / 132 passes in 5.6 s: 45.6 tok/s, 21.9 ms/tok, 42 ms/pass, 1.93 tok/pass, accept p1 94 %
2026-10-06 17:15:51.008 INFO  sched: request 'chatcmpl-6374f6dce06e4f00' starting prefill in slot 0 (65009 prompt tokens)
2026-10-06 17:15:51.009 INFO  sched: request 'chatcmpl-6374f6dce06e4f00' prefilling in slot 0 (2048 tokens/tick)
2026-10-06 17:15:51.096 INFO  sched: request 'chatcmpl-6374f6dce06e4f00' admitted to slot 0 (reserve 510 blocks; pool 1529/4096 blocks in use) — first token 785
2026-10-06 17:15:56.621 INFO  sched: request 'chatcmpl-6374f6dce06e4f00' retired (steps): 256 tok in 5.6 s — prefill 65009 tok (65004 cached) in 88 ms; decode 255 tok / 132 passes in 5.5 s: 46.2 tok/s, 21.7 ms/tok, 42 ms/pass, 1.93 tok/pass, accept p1 94 %
2026-10-06 17:15:58.799 INFO  sched: request 'chatcmpl-6374f6dce06e4f01' starting prefill in slot 0 (130539 prompt tokens)
2026-10-06 17:15:58.799 INFO  sched: request 'chatcmpl-6374f6dce06e4f01' prefix cache miss — 65 cut(s) probed against 12 entries; the nearest entry (position 65264) shares the first 13 of the prompt's 130539 tokens (the prompt differs from it from that token on)
2026-10-06 17:15:58.800 INFO  sched: request 'chatcmpl-6374f6dce06e4f01' prefilling in slot 0 (2048 tokens/tick)
2026-10-06 17:16:00.080 INFO  stats: rank 1 | 10.4 s | decode 30.2 tok/s, 21.6 ms/tok, 41.7 ms/step (163 steps / 315 tok, 65 % of wall) | mtp 1.93 tok/step/req, accept p1 94 % | prefill 1 prompt / 2053 tok, 197 tok/s, 0.67 ms/tok, 1368 ms avg (13 % of wall), 65004 tok cached (1/2 hits) | live 1, queued 0 | pool 2548/4096 blocks (62 %) | prefix cache 12/58 entries | 1 prefilling
2026-10-06 17:16:10.726 INFO  stats: rank 1 | 10.6 s | decode 0.0 tok/s, 0.0 ms/tok, 0.0 ms/step (0 steps / 0 tok, 0 % of wall) | prefill 0 prompts / 14336 tok, 1347 tok/s, 0.74 ms/tok (100 % of wall), 0 tok cached (0/0 hits) | live 1, queued 0 | pool 2548/4096 blocks (62 %) | prefix cache 12/58 entries | 1 prefilling
2026-10-06 17:16:21.957 INFO  stats: rank 1 | 11.2 s | decode 0.0 tok/s, 0.0 ms/tok, 0.0 ms/step (0 steps / 0 tok, 0 % of wall) | prefill 0 prompts / 14336 tok, 1276 tok/s, 0.78 ms/tok (100 % of wall), 0 tok cached (0/0 hits) | live 1, queued 0 | pool 2548/4096 blocks (62 %) | prefix cache 12/58 entries | 1 prefilling
2026-10-06 17:16:32.271 INFO  stats: rank 1 | 10.3 s | decode 0.0 tok/s, 0.0 ms/tok, 0.0 ms/step (0 steps / 0 tok, 0 % of wall) | prefill 0 prompts / 12288 tok, 1191 tok/s, 0.84 ms/tok (100 % of wall), 0 tok cached (0/0 hits) | live 1, queued 0 | pool 2548/4096 blocks (62 %) | prefix cache 12/58 entries | 1 prefilling
2026-10-06 17:16:43.187 INFO  stats: rank 1 | 10.9 s | decode 0.0 tok/s, 0.0 ms/tok, 0.0 ms/step (0 steps / 0 tok, 0 % of wall) | prefill 0 prompts / 12288 tok, 1126 tok/s, 0.89 ms/tok (100 % of wall), 0 tok cached (0/0 hits) | live 1, queued 0 | pool 2548/4096 blocks (62 %) | prefix cache 12/58 entries | 1 prefilling
2026-10-06 17:16:54.595 INFO  stats: rank 1 | 11.4 s | decode 0.0 tok/s, 0.0 ms/tok, 0.0 ms/step (0 steps / 0 tok, 0 % of wall) | prefill 0 prompts / 12288 tok, 1077 tok/s, 0.93 ms/tok (100 % of wall), 0 tok cached (0/0 hits) | live 1, queued 0 | pool 2548/4096 blocks (62 %) | prefix cache 12/58 entries | 1 prefilling
2026-10-06 17:17:06.580 INFO  stats: rank 1 | 12.0 s | decode 0.0 tok/s, 0.0 ms/tok, 0.0 ms/step (0 steps / 0 tok, 0 % of wall) | prefill 0 prompts / 12288 tok, 1025 tok/s, 0.98 ms/tok (100 % of wall), 0 tok cached (0/0 hits) | live 1, queued 0 | pool 2548/4096 blocks (62 %) | prefix cache 12/58 entries | 1 prefilling
2026-10-06 17:17:17.087 INFO  stats: rank 1 | 10.5 s | decode 0.0 tok/s, 0.0 ms/tok, 0.0 ms/step (0 steps / 0 tok, 0 % of wall) | prefill 0 prompts / 10240 tok, 975 tok/s, 1.03 ms/tok (100 % of wall), 0 tok cached (0/0 hits) | live 1, queued 0 | pool 2548/4096 blocks (62 %) | prefix cache 12/58 entries | 1 prefilling
2026-10-06 17:17:27.977 INFO  stats: rank 1 | 10.9 s | decode 0.0 tok/s, 0.0 ms/tok, 0.0 ms/step (0 steps / 0 tok, 0 % of wall) | prefill 0 prompts / 10240 tok, 940 tok/s, 1.06 ms/tok (100 % of wall), 0 tok cached (0/0 hits) | live 1, queued 0 | pool 2548/4096 blocks (62 %) | prefix cache 12/58 entries | 1 prefilling
2026-10-06 17:17:39.304 INFO  stats: rank 1 | 11.3 s | decode 0.0 tok/s, 0.0 ms/tok, 0.0 ms/step (0 steps / 0 tok, 0 % of wall) | prefill 0 prompts / 10240 tok, 904 tok/s, 1.11 ms/tok (100 % of wall), 0 tok cached (0/0 hits) | live 1, queued 0 | pool 2548/4096 blocks (62 %) | prefix cache 12/58 entries | 1 prefilling
2026-10-06 17:17:51.065 INFO  stats: rank 1 | 11.8 s | decode 0.0 tok/s, 0.0 ms/tok, 0.0 ms/step (0 steps / 0 tok, 0 % of wall) | prefill 0 prompts / 10240 tok, 871 tok/s, 1.15 ms/tok (100 % of wall), 0 tok cached (0/0 hits) | live 1, queued 0 | pool 2548/4096 blocks (62 %) | prefix cache 12/58 entries | 1 prefilling
2026-10-06 17:18:02.661 INFO  stats: rank 1 | 11.6 s | decode 0.0 tok/s, 0.0 ms/tok, 0.0 ms/step (0 steps / 0 tok, 0 % of wall) | prefill 0 prompts / 9704 tok, 837 tok/s, 1.19 ms/tok (100 % of wall), 0 tok cached (0/0 hits) | live 1, queued 0 | pool 2549/4096 blocks (62 %) | prefix cache 12/58 entries | 1 prefilling
2026-10-06 17:18:02.742 INFO  sched: request 'chatcmpl-6374f6dce06e4f01' admitted to slot 0 (reserve 1022 blocks; pool 2549/4096 blocks in use) — first token 785
2026-10-06 17:18:08.344 INFO  sched: request 'chatcmpl-6374f6dce06e4f01' retired (steps): 256 tok in 129.5 s — prefill 130539 tok (0 cached) in 123920 ms; decode 255 tok / 130 passes in 5.6 s: 45.3 tok/s, 22.1 ms/tok, 43 ms/pass, 1.96 tok/pass, accept p1 96 %
2026-10-06 17:18:08.416 INFO  sched: request 'chatcmpl-6374f6dce06e4f02' starting prefill in slot 0 (130539 prompt tokens)
2026-10-06 17:18:08.416 INFO  sched: request 'chatcmpl-6374f6dce06e4f02' prefilling in slot 0 (2048 tokens/tick)
2026-10-06 17:18:08.491 INFO  sched: request 'chatcmpl-6374f6dce06e4f02' admitted to slot 0 (reserve 1022 blocks; pool 2552/4096 blocks in use) — first token 785
2026-10-06 17:18:12.684 INFO  stats: rank 1 | 10.0 s | decode 44.8 tok/s, 21.5 ms/tok, 42.4 ms/step (228 steps / 449 tok, 97 % of wall) | mtp 1.97 tok/step/req, accept p1 96 % | prefill 2 prompts / 6 tok, 1 tok/s, 25.83 ms/tok, 77 ms avg (2 % of wall), 130536 tok cached (1/1 hit) | live 1, queued 0 | pool 2553/4096 blocks (62 %) | prefix cache 15/58 entries
2026-10-06 17:18:14.094 INFO  sched: request 'chatcmpl-6374f6dce06e4f02' retired (steps): 256 tok in 5.7 s — prefill 130539 tok (130536 cached) in 76 ms; decode 255 tok / 130 passes in 5.6 s: 45.5 tok/s, 22.0 ms/tok, 43 ms/pass, 1.96 tok/pass, accept p1 96 %
2026-10-06 17:18:14.157 INFO  sched: request 'chatcmpl-6374f6dce06e4f03' starting prefill in slot 0 (130539 prompt tokens)
2026-10-06 17:18:14.157 INFO  sched: request 'chatcmpl-6374f6dce06e4f03' prefilling in slot 0 (2048 tokens/tick)
2026-10-06 17:18:14.232 INFO  sched: request 'chatcmpl-6374f6dce06e4f03' admitted to slot 0 (reserve 1022 blocks; pool 2552/4096 blocks in use) — first token 785
2026-10-06 17:18:19.815 INFO  sched: request 'chatcmpl-6374f6dce06e4f03' retired (steps): 256 tok in 5.7 s — prefill 130539 tok (130536 cached) in 76 ms; decode 255 tok / 130 passes in 5.6 s: 45.7 tok/s, 21.9 ms/tok, 43 ms/pass, 1.96 tok/pass, accept p1 96 %
2026-10-06 17:18:22.684 INFO  stats: rank 1 | 10.0 s | decode 31.9 tok/s, 21.6 ms/tok, 42.6 ms/step (162 steps / 319 tok, 69 % of wall) | mtp 1.97 tok/step/req, accept p1 96 % | prefill 1 prompt / 3 tok, 0 tok/s, 25.18 ms/tok, 76 ms avg (1 % of wall), 130536 tok cached (1/1 hit) | live 0, queued 0 | pool 2549/4096 blocks (62 %) | prefix cache 15/58 entries
2026-10-06 17:18:23.958 INFO  sched: request 'chatcmpl-6374f6dce06e4f04' starting prefill in slot 0 (261631 prompt tokens)
2026-10-06 17:18:23.958 INFO  sched: request 'chatcmpl-6374f6dce06e4f04' prefix cache miss — 129 cut(s) probed against 11 entries; the nearest entry (position 130792) shares the first 13 of the prompt's 261631 tokens (the prompt differs from it from that token on)
2026-10-06 17:18:23.959 INFO  sched: request 'chatcmpl-6374f6dce06e4f04' prefilling in slot 0 (2048 tokens/tick)
2026-10-06 17:18:32.731 INFO  stats: rank 1 | 10.0 s | decode 0.0 tok/s, 0.0 ms/tok, 0.0 ms/step (0 steps / 0 tok, 0 % of wall) | prefill 0 prompts / 12288 tok, 1223 tok/s, 0.71 ms/tok (87 % of wall), 0 tok cached (0/1 hit) | live 1, queued 0 | pool 4088/4096 blocks (100 %) | prefix cache 11/58 entries | 1 prefilling
2026-10-06 17:18:43.635 INFO  stats: rank 1 | 10.9 s | decode 0.0 tok/s, 0.0 ms/tok, 0.0 ms/step (0 steps / 0 tok, 0 % of wall) | prefill 0 prompts / 14336 tok, 1315 tok/s, 0.76 ms/tok (100 % of wall), 0 tok cached (0/0 hits) | live 1, queued 0 | pool 4088/4096 blocks (100 %) | prefix cache 11/58 entries | 1 prefilling
2026-10-06 17:18:53.657 INFO  stats: rank 1 | 10.0 s | decode 0.0 tok/s, 0.0 ms/tok, 0.0 ms/step (0 steps / 0 tok, 0 % of wall) | prefill 0 prompts / 12288 tok, 1226 tok/s, 0.82 ms/tok (100 % of wall), 0 tok cached (0/0 hits) | live 1, queued 0 | pool 4088/4096 blocks (100 %) | prefix cache 11/58 entries | 1 prefilling
2026-10-06 17:19:04.235 INFO  stats: rank 1 | 10.6 s | decode 0.0 tok/s, 0.0 ms/tok, 0.0 ms/step (0 steps / 0 tok, 0 % of wall) | prefill 0 prompts / 12288 tok, 1162 tok/s, 0.86 ms/tok (100 % of wall), 0 tok cached (0/0 hits) | live 1, queued 0 | pool 4088/4096 blocks (100 %) | prefix cache 11/58 entries | 1 prefilling
2026-10-06 17:19:15.406 INFO  stats: rank 1 | 11.2 s | decode 0.0 tok/s, 0.0 ms/tok, 0.0 ms/step (0 steps / 0 tok, 0 % of wall) | prefill 0 prompts / 12288 tok, 1100 tok/s, 0.91 ms/tok (100 % of wall), 0 tok cached (0/0 hits) | live 1, queued 0 | pool 4088/4096 blocks (100 %) | prefix cache 11/58 entries | 1 prefilling
2026-10-06 17:19:27.204 INFO  stats: rank 1 | 11.8 s | decode 0.0 tok/s, 0.0 ms/tok, 0.0 ms/step (0 steps / 0 tok, 0 % of wall) | prefill 0 prompts / 12288 tok, 1042 tok/s, 0.96 ms/tok (100 % of wall), 0 tok cached (0/0 hits) | live 1, queued 0 | pool 4088/4096 blocks (100 %) | prefix cache 11/58 entries | 1 prefilling
2026-10-06 17:19:37.494 INFO  stats: rank 1 | 10.3 s | decode 0.0 tok/s, 0.0 ms/tok, 0.0 ms/step (0 steps / 0 tok, 0 % of wall) | prefill 0 prompts / 10240 tok, 995 tok/s, 1.00 ms/tok (100 % of wall), 0 tok cached (0/0 hits) | live 1, queued 0 | pool 4088/4096 blocks (100 %) | prefix cache 11/58 entries | 1 prefilling
2026-10-06 17:19:48.256 INFO  stats: rank 1 | 10.8 s | decode 0.0 tok/s, 0.0 ms/tok, 0.0 ms/step (0 steps / 0 tok, 0 % of wall) | prefill 0 prompts / 10240 tok, 952 tok/s, 1.05 ms/tok (100 % of wall), 0 tok cached (0/0 hits) | live 1, queued 0 | pool 4088/4096 blocks (100 %) | prefix cache 11/58 entries | 1 prefilling
2026-10-06 17:19:59.377 INFO  stats: rank 1 | 11.1 s | decode 0.0 tok/s, 0.0 ms/tok, 0.0 ms/step (0 steps / 0 tok, 0 % of wall) | prefill 0 prompts / 10240 tok, 921 tok/s, 1.09 ms/tok (100 % of wall), 0 tok cached (0/0 hits) | live 1, queued 0 | pool 4088/4096 blocks (100 %) | prefix cache 11/58 entries | 1 prefilling
2026-10-06 17:20:10.979 INFO  stats: rank 1 | 11.6 s | decode 0.0 tok/s, 0.0 ms/tok, 0.0 ms/step (0 steps / 0 tok, 0 % of wall) | prefill 0 prompts / 10240 tok, 883 tok/s, 1.13 ms/tok (100 % of wall), 0 tok cached (0/0 hits) | live 1, queued 0 | pool 4088/4096 blocks (100 %) | prefix cache 11/58 entries | 1 prefilling
2026-10-06 17:20:23.061 INFO  stats: rank 1 | 12.1 s | decode 0.0 tok/s, 0.0 ms/tok, 0.0 ms/step (0 steps / 0 tok, 0 % of wall) | prefill 0 prompts / 10240 tok, 848 tok/s, 1.18 ms/tok (100 % of wall), 0 tok cached (0/0 hits) | live 1, queued 0 | pool 4088/4096 blocks (100 %) | prefix cache 11/58 entries | 1 prefilling
2026-10-06 17:20:35.477 INFO  stats: rank 1 | 12.4 s | decode 0.0 tok/s, 0.0 ms/tok, 0.0 ms/step (0 steps / 0 tok, 0 % of wall) | prefill 0 prompts / 10240 tok, 825 tok/s, 1.21 ms/tok (100 % of wall), 0 tok cached (0/0 hits) | live 1, queued 0 | pool 4088/4096 blocks (100 %) | prefix cache 11/58 entries | 1 prefilling
2026-10-06 17:20:45.755 INFO  stats: rank 1 | 10.3 s | decode 0.0 tok/s, 0.0 ms/tok, 0.0 ms/step (0 steps / 0 tok, 0 % of wall) | prefill 0 prompts / 8192 tok, 797 tok/s, 1.25 ms/tok (100 % of wall), 0 tok cached (0/0 hits) | live 1, queued 0 | pool 4088/4096 blocks (100 %) | prefix cache 11/58 entries | 1 prefilling
2026-10-06 17:20:56.338 INFO  stats: rank 1 | 10.6 s | decode 0.0 tok/s, 0.0 ms/tok, 0.0 ms/step (0 steps / 0 tok, 0 % of wall) | prefill 0 prompts / 8192 tok, 774 tok/s, 1.29 ms/tok (100 % of wall), 0 tok cached (0/0 hits) | live 1, queued 0 | pool 4088/4096 blocks (100 %) | prefix cache 11/58 entries | 1 prefilling
2026-10-06 17:21:07.122 INFO  stats: rank 1 | 10.8 s | decode 0.0 tok/s, 0.0 ms/tok, 0.0 ms/step (0 steps / 0 tok, 0 % of wall) | prefill 0 prompts / 8192 tok, 760 tok/s, 1.32 ms/tok (100 % of wall), 0 tok cached (0/0 hits) | live 1, queued 0 | pool 4088/4096 blocks (100 %) | prefix cache 11/58 entries | 1 prefilling
2026-10-06 17:21:18.180 INFO  stats: rank 1 | 11.1 s | decode 0.0 tok/s, 0.0 ms/tok, 0.0 ms/step (0 steps / 0 tok, 0 % of wall) | prefill 0 prompts / 8192 tok, 741 tok/s, 1.35 ms/tok (100 % of wall), 0 tok cached (0/0 hits) | live 1, queued 0 | pool 4088/4096 blocks (100 %) | prefix cache 11/58 entries | 1 prefilling
2026-10-06 17:21:29.541 INFO  stats: rank 1 | 11.4 s | decode 0.0 tok/s, 0.0 ms/tok, 0.0 ms/step (0 steps / 0 tok, 0 % of wall) | prefill 0 prompts / 8192 tok, 721 tok/s, 1.39 ms/tok (100 % of wall), 0 tok cached (0/0 hits) | live 1, queued 0 | pool 4088/4096 blocks (100 %) | prefix cache 11/58 entries | 1 prefilling
2026-10-06 17:21:41.233 INFO  stats: rank 1 | 11.7 s | decode 0.0 tok/s, 0.0 ms/tok, 0.0 ms/step (0 steps / 0 tok, 0 % of wall) | prefill 0 prompts / 8192 tok, 701 tok/s, 1.43 ms/tok (100 % of wall), 0 tok cached (0/0 hits) | live 1, queued 0 | pool 4088/4096 blocks (100 %) | prefix cache 11/58 entries | 1 prefilling
2026-10-06 17:21:53.170 INFO  stats: rank 1 | 11.9 s | decode 0.0 tok/s, 0.0 ms/tok, 0.0 ms/step (0 steps / 0 tok, 0 % of wall) | prefill 0 prompts / 8192 tok, 686 tok/s, 1.46 ms/tok (100 % of wall), 0 tok cached (0/0 hits) | live 1, queued 0 | pool 4088/4096 blocks (100 %) | prefix cache 11/58 entries | 1 prefilling
2026-10-06 17:22:05.399 INFO  stats: rank 1 | 12.2 s | decode 0.0 tok/s, 0.0 ms/tok, 0.0 ms/step (0 steps / 0 tok, 0 % of wall) | prefill 0 prompts / 8192 tok, 670 tok/s, 1.49 ms/tok (100 % of wall), 0 tok cached (0/0 hits) | live 1, queued 0 | pool 4088/4096 blocks (100 %) | prefix cache 11/58 entries | 1 prefilling
2026-10-06 17:22:17.906 INFO  stats: rank 1 | 12.5 s | decode 0.0 tok/s, 0.0 ms/tok, 0.0 ms/step (0 steps / 0 tok, 0 % of wall) | prefill 0 prompts / 8192 tok, 655 tok/s, 1.53 ms/tok (100 % of wall), 0 tok cached (0/0 hits) | live 1, queued 0 | pool 4088/4096 blocks (100 %) | prefix cache 11/58 entries | 1 prefilling
2026-10-06 17:22:30.758 INFO  stats: rank 1 | 12.9 s | decode 0.0 tok/s, 0.0 ms/tok, 0.0 ms/step (0 steps / 0 tok, 0 % of wall) | prefill 0 prompts / 8192 tok, 637 tok/s, 1.57 ms/tok (100 % of wall), 0 tok cached (0/0 hits) | live 1, queued 0 | pool 4088/4096 blocks (100 %) | prefix cache 11/58 entries | 1 prefilling
2026-10-06 17:22:43.772 INFO  stats: rank 1 | 13.0 s | decode 0.0 tok/s, 0.0 ms/tok, 0.0 ms/step (0 steps / 0 tok, 0 % of wall) | prefill 0 prompts / 8192 tok, 629 tok/s, 1.59 ms/tok (100 % of wall), 0 tok cached (0/0 hits) | live 1, queued 0 | pool 4088/4096 blocks (100 %) | prefix cache 11/58 entries | 1 prefilling
2026-10-06 17:22:57.070 INFO  stats: rank 1 | 13.3 s | decode 0.0 tok/s, 0.0 ms/tok, 0.0 ms/step (0 steps / 0 tok, 0 % of wall) | prefill 0 prompts / 8192 tok, 616 tok/s, 1.62 ms/tok (100 % of wall), 0 tok cached (0/0 hits) | live 1, queued 0 | pool 4088/4096 blocks (100 %) | prefix cache 11/58 entries | 1 prefilling
2026-10-06 17:23:07.266 INFO  stats: rank 1 | 10.2 s | decode 0.0 tok/s, 0.0 ms/tok, 0.0 ms/step (0 steps / 0 tok, 0 % of wall) | prefill 0 prompts / 6144 tok, 603 tok/s, 1.66 ms/tok (100 % of wall), 0 tok cached (0/0 hits) | live 1, queued 0 | pool 4088/4096 blocks (100 %) | prefix cache 11/58 entries | 1 prefilling
2026-10-06 17:23:17.583 INFO  stats: rank 1 | 10.3 s | decode 0.0 tok/s, 0.0 ms/tok, 0.0 ms/step (0 steps / 0 tok, 0 % of wall) | prefill 0 prompts / 6144 tok, 596 tok/s, 1.68 ms/tok (100 % of wall), 0 tok cached (0/0 hits) | live 1, queued 0 | pool 4088/4096 blocks (100 %) | prefix cache 11/58 entries | 1 prefilling
2026-10-06 17:23:28.063 INFO  stats: rank 1 | 10.5 s | decode 0.0 tok/s, 0.0 ms/tok, 0.0 ms/step (0 steps / 0 tok, 0 % of wall) | prefill 0 prompts / 6144 tok, 586 tok/s, 1.71 ms/tok (100 % of wall), 0 tok cached (0/0 hits) | live 1, queued 0 | pool 4088/4096 blocks (100 %) | prefix cache 11/58 entries | 1 prefilling
2026-10-06 17:23:38.685 INFO  stats: rank 1 | 10.6 s | decode 0.0 tok/s, 0.0 ms/tok, 0.0 ms/step (0 steps / 0 tok, 0 % of wall) | prefill 0 prompts / 6144 tok, 578 tok/s, 1.73 ms/tok (100 % of wall), 0 tok cached (0/0 hits) | live 1, queued 0 | pool 4088/4096 blocks (100 %) | prefix cache 11/58 entries | 1 prefilling
2026-10-06 17:23:41.502 INFO  sched: request 'chatcmpl-6374f6dce06e4f04' admitted to slot 0 (reserve 2046 blocks; pool 4089/4096 blocks in use) — first token 785
2026-10-06 17:23:47.536 INFO  sched: request 'chatcmpl-6374f6dce06e4f04' retired (steps): 256 tok in 323.6 s — prefill 261631 tok (0 cached) in 317501 ms; decode 255 tok / 131 passes in 6.1 s: 42.0 tok/s, 23.8 ms/tok, 46 ms/pass, 1.95 tok/pass, accept p1 95 %
2026-10-06 17:23:47.609 INFO  sched: request 'chatcmpl-6374f6dce06e4f05' starting prefill in slot 0 (261631 prompt tokens)
2026-10-06 17:23:47.609 INFO  sched: request 'chatcmpl-6374f6dce06e4f05' prefilling in slot 0 (2048 tokens/tick)
2026-10-06 17:23:47.686 INFO  sched: request 'chatcmpl-6374f6dce06e4f05' admitted to slot 0 (reserve 2046 blocks; pool 4092/4096 blocks in use) — first token 785
2026-10-06 17:23:48.697 INFO  stats: rank 1 | 10.0 s | decode 29.8 tok/s, 23.3 ms/tok, 45.5 ms/step (153 steps / 298 tok, 69 % of wall) | mtp 1.95 tok/step/req, accept p1 93 % | prefill 2 prompts / 1538 tok, 154 tok/s, 1.88 ms/tok, 1445 ms avg (29 % of wall), 261628 tok cached (1/1 hit) | live 1, queued 0 | pool 4093/4096 blocks (100 %) | prefix cache 14/58 entries
2026-10-06 17:23:53.747 INFO  sched: request 'chatcmpl-6374f6dce06e4f05' retired (steps): 256 tok in 6.1 s — prefill 261631 tok (261628 cached) in 77 ms; decode 255 tok / 131 passes in 6.1 s: 42.1 tok/s, 23.8 ms/tok, 46 ms/pass, 1.95 tok/pass, accept p1 95 %
2026-10-06 17:23:53.824 INFO  sched: request 'chatcmpl-6374f6dce06e4f06' starting prefill in slot 0 (261631 prompt tokens)
2026-10-06 17:23:53.825 INFO  sched: request 'chatcmpl-6374f6dce06e4f06' prefilling in slot 0 (2048 tokens/tick)
2026-10-06 17:23:53.901 INFO  sched: request 'chatcmpl-6374f6dce06e4f06' admitted to slot 0 (reserve 2046 blocks; pool 4092/4096 blocks in use) — first token 785
2026-10-06 17:23:58.741 INFO  stats: rank 1 | 10.0 s | decode 41.7 tok/s, 23.3 ms/tok, 45.7 ms/step (214 steps / 419 tok, 97 % of wall) | mtp 1.96 tok/step/req, accept p1 95 % | prefill 1 prompt / 3 tok, 0 tok/s, 25.52 ms/tok, 77 ms avg (1 % of wall), 261628 tok cached (1/1 hit) | live 1, queued 0 | pool 4093/4096 blocks (100 %) | prefix cache 14/58 entries
2026-10-06 17:23:59.942 INFO  sched: request 'chatcmpl-6374f6dce06e4f06' retired (steps): 256 tok in 6.1 s — prefill 261631 tok (261628 cached) in 77 ms; decode 255 tok / 131 passes in 6.0 s: 42.2 tok/s, 23.7 ms/tok, 46 ms/pass, 1.95 tok/pass, accept p1 95 %
2026-10-06 17:24:08.688 INFO  sched: request 'chatcmpl-6374f6dce06e4f07' starting prefill in slot 0 (523781 prompt tokens)
2026-10-06 17:24:08.688 INFO  sched: request 'chatcmpl-6374f6dce06e4f07' prefix cache miss — 257 cut(s), the cache is empty
2026-10-06 17:24:08.689 INFO  sched: request 'chatcmpl-6374f6dce06e4f07' prefilling in slot 0 (2048 tokens/tick)
2026-10-06 17:24:09.962 INFO  stats: rank 1 | 11.2 s | decode 4.5 tok/s, 23.1 ms/tok, 45.4 ms/step (26 steps / 51 tok, 11 % of wall) | mtp 1.96 tok/step/req, accept p1 96 % | prefill 0 prompts / 2048 tok, 183 tok/s, 0.62 ms/tok (11 % of wall), 0 tok cached (0/1 hit) | live 1, queued 0 | pool 4095/4096 blocks (100 %) | prefix cache 0/58 entries | 1 prefilling
2026-10-06 17:24:20.462 INFO  stats: rank 1 | 10.5 s | decode 0.0 tok/s, 0.0 ms/tok, 0.0 ms/step (0 steps / 0 tok, 0 % of wall) | prefill 0 prompts / 14336 tok, 1365 tok/s, 0.73 ms/tok (100 % of wall), 0 tok cached (0/0 hits) | live 1, queued 0 | pool 4095/4096 blocks (100 %) | prefix cache 0/58 entries | 1 prefilling
2026-10-06 17:24:31.575 INFO  stats: rank 1 | 11.1 s | decode 0.0 tok/s, 0.0 ms/tok, 0.0 ms/step (0 steps / 0 tok, 0 % of wall) | prefill 0 prompts / 14336 tok, 1290 tok/s, 0.77 ms/tok (100 % of wall), 0 tok cached (0/0 hits) | live 1, queued 0 | pool 4095/4096 blocks (100 %) | prefix cache 0/58 entries | 1 prefilling
2026-10-06 17:24:41.789 INFO  stats: rank 1 | 10.2 s | decode 0.0 tok/s, 0.0 ms/tok, 0.0 ms/step (0 steps / 0 tok, 0 % of wall) | prefill 0 prompts / 12288 tok, 1203 tok/s, 0.83 ms/tok (100 % of wall), 0 tok cached (0/0 hits) | live 1, queued 0 | pool 4095/4096 blocks (100 %) | prefix cache 0/58 entries | 1 prefilling
2026-10-06 17:24:52.581 INFO  stats: rank 1 | 10.8 s | decode 0.0 tok/s, 0.0 ms/tok, 0.0 ms/step (0 steps / 0 tok, 0 % of wall) | prefill 0 prompts / 12288 tok, 1139 tok/s, 0.88 ms/tok (100 % of wall), 0 tok cached (0/0 hits) | live 1, queued 0 | pool 4095/4096 blocks (100 %) | prefix cache 0/58 entries | 1 prefilling
2026-10-06 17:25:03.958 INFO  stats: rank 1 | 11.4 s | decode 0.0 tok/s, 0.0 ms/tok, 0.0 ms/step (0 steps / 0 tok, 0 % of wall) | prefill 0 prompts / 12288 tok, 1080 tok/s, 0.93 ms/tok (100 % of wall), 0 tok cached (0/0 hits) | live 1, queued 0 | pool 4095/4096 blocks (100 %) | prefix cache 0/58 entries | 1 prefilling
2026-10-06 17:25:13.960 INFO  stats: rank 1 | 10.0 s | decode 0.0 tok/s, 0.0 ms/tok, 0.0 ms/step (0 steps / 0 tok, 0 % of wall) | prefill 0 prompts / 10240 tok, 1024 tok/s, 0.98 ms/tok (100 % of wall), 0 tok cached (0/0 hits) | live 1, queued 0 | pool 4095/4096 blocks (100 %) | prefix cache 0/58 entries | 1 prefilling
2026-10-06 17:25:24.344 INFO  stats: rank 1 | 10.4 s | decode 0.0 tok/s, 0.0 ms/tok, 0.0 ms/step (0 steps / 0 tok, 0 % of wall) | prefill 0 prompts / 10240 tok, 986 tok/s, 1.01 ms/tok (100 % of wall), 0 tok cached (0/0 hits) | live 1, queued 0 | pool 4095/4096 blocks (100 %) | prefix cache 0/58 entries | 1 prefilling
2026-10-06 17:25:35.158 INFO  stats: rank 1 | 10.8 s | decode 0.0 tok/s, 0.0 ms/tok, 0.0 ms/step (0 steps / 0 tok, 0 % of wall) | prefill 0 prompts / 10240 tok, 947 tok/s, 1.06 ms/tok (100 % of wall), 0 tok cached (0/0 hits) | live 1, queued 0 | pool 4095/4096 blocks (100 %) | prefix cache 0/58 entries | 1 prefilling
2026-10-06 17:25:46.372 INFO  stats: rank 1 | 11.2 s | decode 0.0 tok/s, 0.0 ms/tok, 0.0 ms/step (0 steps / 0 tok, 0 % of wall) | prefill 0 prompts / 10240 tok, 913 tok/s, 1.10 ms/tok (100 % of wall), 0 tok cached (0/0 hits) | live 1, queued 0 | pool 4095/4096 blocks (100 %) | prefix cache 0/58 entries | 1 prefilling
2026-10-06 17:25:58.036 INFO  stats: rank 1 | 11.7 s | decode 0.0 tok/s, 0.0 ms/tok, 0.0 ms/step (0 steps / 0 tok, 0 % of wall) | prefill 0 prompts / 10240 tok, 878 tok/s, 1.14 ms/tok (100 % of wall), 0 tok cached (0/0 hits) | live 1, queued 0 | pool 4095/4096 blocks (100 %) | prefix cache 0/58 entries | 1 prefilling
2026-10-06 17:26:10.108 INFO  stats: rank 1 | 12.1 s | decode 0.0 tok/s, 0.0 ms/tok, 0.0 ms/step (0 steps / 0 tok, 0 % of wall) | prefill 0 prompts / 10240 tok, 848 tok/s, 1.18 ms/tok (100 % of wall), 0 tok cached (0/0 hits) | live 1, queued 0 | pool 4095/4096 blocks (100 %) | prefix cache 0/58 entries | 1 prefilling
2026-10-06 17:26:22.629 INFO  stats: rank 1 | 12.5 s | decode 0.0 tok/s, 0.0 ms/tok, 0.0 ms/step (0 steps / 0 tok, 0 % of wall) | prefill 0 prompts / 10240 tok, 818 tok/s, 1.22 ms/tok (100 % of wall), 0 tok cached (0/0 hits) | live 1, queued 0 | pool 4095/4096 blocks (100 %) | prefix cache 0/58 entries | 1 prefilling
2026-10-06 17:26:32.955 INFO  stats: rank 1 | 10.3 s | decode 0.0 tok/s, 0.0 ms/tok, 0.0 ms/step (0 steps / 0 tok, 0 % of wall) | prefill 0 prompts / 8192 tok, 793 tok/s, 1.26 ms/tok (100 % of wall), 0 tok cached (0/0 hits) | live 1, queued 0 | pool 4095/4096 blocks (100 %) | prefix cache 0/58 entries | 1 prefilling
2026-10-06 17:26:43.543 INFO  stats: rank 1 | 10.6 s | decode 0.0 tok/s, 0.0 ms/tok, 0.0 ms/step (0 steps / 0 tok, 0 % of wall) | prefill 0 prompts / 8192 tok, 774 tok/s, 1.29 ms/tok (100 % of wall), 0 tok cached (0/0 hits) | live 1, queued 0 | pool 4095/4096 blocks (100 %) | prefix cache 0/58 entries | 1 prefilling
2026-10-06 17:26:54.407 INFO  stats: rank 1 | 10.9 s | decode 0.0 tok/s, 0.0 ms/tok, 0.0 ms/step (0 steps / 0 tok, 0 % of wall) | prefill 0 prompts / 8192 tok, 754 tok/s, 1.33 ms/tok (100 % of wall), 0 tok cached (0/0 hits) | live 1, queued 0 | pool 4095/4096 blocks (100 %) | prefix cache 0/58 entries | 1 prefilling
2026-10-06 17:27:05.516 INFO  stats: rank 1 | 11.1 s | decode 0.0 tok/s, 0.0 ms/tok, 0.0 ms/step (0 steps / 0 tok, 0 % of wall) | prefill 0 prompts / 8192 tok, 737 tok/s, 1.36 ms/tok (100 % of wall), 0 tok cached (0/0 hits) | live 1, queued 0 | pool 4095/4096 blocks (100 %) | prefix cache 0/58 entries | 1 prefilling
2026-10-06 17:27:16.948 INFO  stats: rank 1 | 11.4 s | decode 0.0 tok/s, 0.0 ms/tok, 0.0 ms/step (0 steps / 0 tok, 0 % of wall) | prefill 0 prompts / 8192 tok, 717 tok/s, 1.40 ms/tok (100 % of wall), 0 tok cached (0/0 hits) | live 1, queued 0 | pool 4095/4096 blocks (100 %) | prefix cache 0/58 entries | 1 prefilling
2026-10-06 17:27:28.704 INFO  stats: rank 1 | 11.8 s | decode 0.0 tok/s, 0.0 ms/tok, 0.0 ms/step (0 steps / 0 tok, 0 % of wall) | prefill 0 prompts / 8192 tok, 697 tok/s, 1.44 ms/tok (100 % of wall), 0 tok cached (0/0 hits) | live 1, queued 0 | pool 4095/4096 blocks (100 %) | prefix cache 0/58 entries | 1 prefilling
2026-10-06 17:27:40.728 INFO  stats: rank 1 | 12.0 s | decode 0.0 tok/s, 0.0 ms/tok, 0.0 ms/step (0 steps / 0 tok, 0 % of wall) | prefill 0 prompts / 8192 tok, 681 tok/s, 1.47 ms/tok (100 % of wall), 0 tok cached (0/0 hits) | live 1, queued 0 | pool 4095/4096 blocks (100 %) | prefix cache 0/58 entries | 1 prefilling
2026-10-06 17:27:53.010 INFO  stats: rank 1 | 12.3 s | decode 0.0 tok/s, 0.0 ms/tok, 0.0 ms/step (0 steps / 0 tok, 0 % of wall) | prefill 0 prompts / 8192 tok, 667 tok/s, 1.50 ms/tok (100 % of wall), 0 tok cached (0/0 hits) | live 1, queued 0 | pool 4095/4096 blocks (100 %) | prefix cache 0/58 entries | 1 prefilling
2026-10-06 17:28:05.585 INFO  stats: rank 1 | 12.6 s | decode 0.0 tok/s, 0.0 ms/tok, 0.0 ms/step (0 steps / 0 tok, 0 % of wall) | prefill 0 prompts / 8192 tok, 651 tok/s, 1.53 ms/tok (100 % of wall), 0 tok cached (0/0 hits) | live 1, queued 0 | pool 4095/4096 blocks (100 %) | prefix cache 0/58 entries | 1 prefilling
2026-10-06 17:28:18.420 INFO  stats: rank 1 | 12.8 s | decode 0.0 tok/s, 0.0 ms/tok, 0.0 ms/step (0 steps / 0 tok, 0 % of wall) | prefill 0 prompts / 8192 tok, 638 tok/s, 1.57 ms/tok (100 % of wall), 0 tok cached (0/0 hits) | live 1, queued 0 | pool 4095/4096 blocks (100 %) | prefix cache 0/58 entries | 1 prefilling
2026-10-06 17:28:31.482 INFO  stats: rank 1 | 13.1 s | decode 0.0 tok/s, 0.0 ms/tok, 0.0 ms/step (0 steps / 0 tok, 0 % of wall) | prefill 0 prompts / 8192 tok, 627 tok/s, 1.59 ms/tok (100 % of wall), 0 tok cached (0/0 hits) | live 1, queued 0 | pool 4095/4096 blocks (100 %) | prefix cache 0/58 entries | 1 prefilling
2026-10-06 17:28:44.855 INFO  stats: rank 1 | 13.4 s | decode 0.0 tok/s, 0.0 ms/tok, 0.0 ms/step (0 steps / 0 tok, 0 % of wall) | prefill 0 prompts / 8192 tok, 613 tok/s, 1.63 ms/tok (100 % of wall), 0 tok cached (0/0 hits) | live 1, queued 0 | pool 4095/4096 blocks (100 %) | prefix cache 0/58 entries | 1 prefilling
2026-10-06 17:28:55.078 INFO  stats: rank 1 | 10.2 s | decode 0.0 tok/s, 0.0 ms/tok, 0.0 ms/step (0 steps / 0 tok, 0 % of wall) | prefill 0 prompts / 6144 tok, 601 tok/s, 1.66 ms/tok (100 % of wall), 0 tok cached (0/0 hits) | live 1, queued 0 | pool 4095/4096 blocks (100 %) | prefix cache 0/58 entries | 1 prefilling
2026-10-06 17:29:05.450 INFO  stats: rank 1 | 10.4 s | decode 0.0 tok/s, 0.0 ms/tok, 0.0 ms/step (0 steps / 0 tok, 0 % of wall) | prefill 0 prompts / 6144 tok, 592 tok/s, 1.69 ms/tok (100 % of wall), 0 tok cached (0/0 hits) | live 1, queued 0 | pool 4095/4096 blocks (100 %) | prefix cache 0/58 entries | 1 prefilling
2026-10-06 17:29:15.955 INFO  stats: rank 1 | 10.5 s | decode 0.0 tok/s, 0.0 ms/tok, 0.0 ms/step (0 steps / 0 tok, 0 % of wall) | prefill 0 prompts / 6144 tok, 585 tok/s, 1.71 ms/tok (100 % of wall), 0 tok cached (0/0 hits) | live 1, queued 0 | pool 4095/4096 blocks (100 %) | prefix cache 0/58 entries | 1 prefilling
2026-10-06 17:29:26.613 INFO  stats: rank 1 | 10.7 s | decode 0.0 tok/s, 0.0 ms/tok, 0.0 ms/step (0 steps / 0 tok, 0 % of wall) | prefill 0 prompts / 6144 tok, 576 tok/s, 1.73 ms/tok (100 % of wall), 0 tok cached (0/0 hits) | live 1, queued 0 | pool 4095/4096 blocks (100 %) | prefix cache 0/58 entries | 1 prefilling
2026-10-06 17:29:37.538 INFO  stats: rank 1 | 10.9 s | decode 0.0 tok/s, 0.0 ms/tok, 0.0 ms/step (0 steps / 0 tok, 0 % of wall) | prefill 0 prompts / 6144 tok, 562 tok/s, 1.78 ms/tok (100 % of wall), 0 tok cached (0/0 hits) | live 1, queued 0 | pool 4095/4096 blocks (100 %) | prefix cache 0/58 entries | 1 prefilling
2026-10-06 17:29:48.571 INFO  stats: rank 1 | 11.0 s | decode 0.0 tok/s, 0.0 ms/tok, 0.0 ms/step (0 steps / 0 tok, 0 % of wall) | prefill 0 prompts / 6144 tok, 557 tok/s, 1.80 ms/tok (100 % of wall), 0 tok cached (0/0 hits) | live 1, queued 0 | pool 4095/4096 blocks (100 %) | prefix cache 0/58 entries | 1 prefilling
2026-10-06 17:29:59.764 INFO  stats: rank 1 | 11.2 s | decode 0.0 tok/s, 0.0 ms/tok, 0.0 ms/step (0 steps / 0 tok, 0 % of wall) | prefill 0 prompts / 6144 tok, 549 tok/s, 1.82 ms/tok (100 % of wall), 0 tok cached (0/0 hits) | live 1, queued 0 | pool 4095/4096 blocks (100 %) | prefix cache 0/58 entries | 1 prefilling
2026-10-06 17:30:11.085 INFO  stats: rank 1 | 11.3 s | decode 0.0 tok/s, 0.0 ms/tok, 0.0 ms/step (0 steps / 0 tok, 0 % of wall) | prefill 0 prompts / 6144 tok, 543 tok/s, 1.84 ms/tok (100 % of wall), 0 tok cached (0/0 hits) | live 1, queued 0 | pool 4095/4096 blocks (100 %) | prefix cache 0/58 entries | 1 prefilling
2026-10-06 17:30:22.582 INFO  stats: rank 1 | 11.5 s | decode 0.0 tok/s, 0.0 ms/tok, 0.0 ms/step (0 steps / 0 tok, 0 % of wall) | prefill 0 prompts / 6144 tok, 534 tok/s, 1.87 ms/tok (100 % of wall), 0 tok cached (0/0 hits) | live 1, queued 0 | pool 4095/4096 blocks (100 %) | prefix cache 0/58 entries | 1 prefilling
2026-10-06 17:30:34.185 INFO  stats: rank 1 | 11.6 s | decode 0.0 tok/s, 0.0 ms/tok, 0.0 ms/step (0 steps / 0 tok, 0 % of wall) | prefill 0 prompts / 6144 tok, 530 tok/s, 1.89 ms/tok (100 % of wall), 0 tok cached (0/0 hits) | live 1, queued 0 | pool 4095/4096 blocks (100 %) | prefix cache 0/58 entries | 1 prefilling
2026-10-06 17:30:46.105 INFO  stats: rank 1 | 11.9 s | decode 0.0 tok/s, 0.0 ms/tok, 0.0 ms/step (0 steps / 0 tok, 0 % of wall) | prefill 0 prompts / 6144 tok, 515 tok/s, 1.94 ms/tok (100 % of wall), 0 tok cached (0/0 hits) | live 1, queued 0 | pool 4095/4096 blocks (100 %) | prefix cache 0/58 entries | 1 prefilling
2026-10-06 17:30:58.153 INFO  stats: rank 1 | 12.0 s | decode 0.0 tok/s, 0.0 ms/tok, 0.0 ms/step (0 steps / 0 tok, 0 % of wall) | prefill 0 prompts / 6144 tok, 510 tok/s, 1.96 ms/tok (100 % of wall), 0 tok cached (0/0 hits) | live 1, queued 0 | pool 4095/4096 blocks (100 %) | prefix cache 0/58 entries | 1 prefilling
2026-10-06 17:31:10.369 INFO  stats: rank 1 | 12.2 s | decode 0.0 tok/s, 0.0 ms/tok, 0.0 ms/step (0 steps / 0 tok, 0 % of wall) | prefill 0 prompts / 6144 tok, 503 tok/s, 1.99 ms/tok (100 % of wall), 0 tok cached (0/0 hits) | live 1, queued 0 | pool 4095/4096 blocks (100 %) | prefix cache 0/58 entries | 1 prefilling
2026-10-06 17:31:22.707 INFO  stats: rank 1 | 12.3 s | decode 0.0 tok/s, 0.0 ms/tok, 0.0 ms/step (0 steps / 0 tok, 0 % of wall) | prefill 0 prompts / 6144 tok, 498 tok/s, 2.01 ms/tok (100 % of wall), 0 tok cached (0/0 hits) | live 1, queued 0 | pool 4095/4096 blocks (100 %) | prefix cache 0/58 entries | 1 prefilling
2026-10-06 17:31:35.203 INFO  stats: rank 1 | 12.5 s | decode 0.0 tok/s, 0.0 ms/tok, 0.0 ms/step (0 steps / 0 tok, 0 % of wall) | prefill 0 prompts / 6144 tok, 492 tok/s, 2.03 ms/tok (100 % of wall), 0 tok cached (0/0 hits) | live 1, queued 0 | pool 4095/4096 blocks (100 %) | prefix cache 0/58 entries | 1 prefilling
2026-10-06 17:31:47.823 INFO  stats: rank 1 | 12.6 s | decode 0.0 tok/s, 0.0 ms/tok, 0.0 ms/step (0 steps / 0 tok, 0 % of wall) | prefill 0 prompts / 6144 tok, 487 tok/s, 2.05 ms/tok (100 % of wall), 0 tok cached (0/0 hits) | live 1, queued 0 | pool 4095/4096 blocks (100 %) | prefix cache 0/58 entries | 1 prefilling
2026-10-06 17:32:00.554 INFO  stats: rank 1 | 12.7 s | decode 0.0 tok/s, 0.0 ms/tok, 0.0 ms/step (0 steps / 0 tok, 0 % of wall) | prefill 0 prompts / 6144 tok, 483 tok/s, 2.07 ms/tok (100 % of wall), 0 tok cached (0/0 hits) | live 1, queued 0 | pool 4095/4096 blocks (100 %) | prefix cache 0/58 entries | 1 prefilling
2026-10-06 17:32:13.554 INFO  stats: rank 1 | 13.0 s | decode 0.0 tok/s, 0.0 ms/tok, 0.0 ms/step (0 steps / 0 tok, 0 % of wall) | prefill 0 prompts / 6144 tok, 473 tok/s, 2.12 ms/tok (100 % of wall), 0 tok cached (0/0 hits) | live 1, queued 0 | pool 4095/4096 blocks (100 %) | prefix cache 0/58 entries | 1 prefilling
2026-10-06 17:32:26.939 INFO  stats: rank 1 | 13.4 s | decode 0.0 tok/s, 0.0 ms/tok, 0.0 ms/step (0 steps / 0 tok, 0 % of wall) | prefill 0 prompts / 6144 tok, 459 tok/s, 2.18 ms/tok (100 % of wall), 0 tok cached (0/0 hits) | live 1, queued 0 | pool 4095/4096 blocks (100 %) | prefix cache 0/58 entries | 1 prefilling
2026-10-06 17:32:40.472 INFO  stats: rank 1 | 13.5 s | decode 0.0 tok/s, 0.0 ms/tok, 0.0 ms/step (0 steps / 0 tok, 0 % of wall) | prefill 0 prompts / 6144 tok, 454 tok/s, 2.20 ms/tok (100 % of wall), 0 tok cached (0/0 hits) | live 1, queued 0 | pool 4095/4096 blocks (100 %) | prefix cache 0/58 entries | 1 prefilling
2026-10-06 17:32:54.209 INFO  stats: rank 1 | 13.7 s | decode 0.0 tok/s, 0.0 ms/tok, 0.0 ms/step (0 steps / 0 tok, 0 % of wall) | prefill 0 prompts / 6144 tok, 447 tok/s, 2.24 ms/tok (100 % of wall), 0 tok cached (0/0 hits) | live 1, queued 0 | pool 4095/4096 blocks (100 %) | prefix cache 0/58 entries | 1 prefilling
2026-10-06 17:33:08.089 INFO  stats: rank 1 | 13.9 s | decode 0.0 tok/s, 0.0 ms/tok, 0.0 ms/step (0 steps / 0 tok, 0 % of wall) | prefill 0 prompts / 6144 tok, 443 tok/s, 2.26 ms/tok (100 % of wall), 0 tok cached (0/0 hits) | live 1, queued 0 | pool 4095/4096 blocks (100 %) | prefix cache 0/58 entries | 1 prefilling
2026-10-06 17:33:22.065 INFO  stats: rank 1 | 14.0 s | decode 0.0 tok/s, 0.0 ms/tok, 0.0 ms/step (0 steps / 0 tok, 0 % of wall) | prefill 0 prompts / 6144 tok, 440 tok/s, 2.27 ms/tok (100 % of wall), 0 tok cached (0/0 hits) | live 1, queued 0 | pool 4095/4096 blocks (100 %) | prefix cache 0/58 entries | 1 prefilling
2026-10-06 17:33:36.230 INFO  stats: rank 1 | 14.2 s | decode 0.0 tok/s, 0.0 ms/tok, 0.0 ms/step (0 steps / 0 tok, 0 % of wall) | prefill 0 prompts / 6144 tok, 434 tok/s, 2.31 ms/tok (100 % of wall), 0 tok cached (0/0 hits) | live 1, queued 0 | pool 4095/4096 blocks (100 %) | prefix cache 0/58 entries | 1 prefilling
2026-10-06 17:33:50.498 INFO  stats: rank 1 | 14.3 s | decode 0.0 tok/s, 0.0 ms/tok, 0.0 ms/step (0 steps / 0 tok, 0 % of wall) | prefill 0 prompts / 6144 tok, 431 tok/s, 2.32 ms/tok (100 % of wall), 0 tok cached (0/0 hits) | live 1, queued 0 | pool 4095/4096 blocks (100 %) | prefix cache 0/58 entries | 1 prefilling
2026-10-06 17:34:04.948 INFO  stats: rank 1 | 14.5 s | decode 0.0 tok/s, 0.0 ms/tok, 0.0 ms/step (0 steps / 0 tok, 0 % of wall) | prefill 0 prompts / 6144 tok, 425 tok/s, 2.35 ms/tok (100 % of wall), 0 tok cached (0/0 hits) | live 1, queued 0 | pool 4095/4096 blocks (100 %) | prefix cache 0/58 entries | 1 prefilling
2026-10-06 17:34:19.544 INFO  stats: rank 1 | 14.6 s | decode 0.0 tok/s, 0.0 ms/tok, 0.0 ms/step (0 steps / 0 tok, 0 % of wall) | prefill 0 prompts / 6144 tok, 421 tok/s, 2.38 ms/tok (100 % of wall), 0 tok cached (0/0 hits) | live 1, queued 0 | pool 4095/4096 blocks (100 %) | prefix cache 0/58 entries | 1 prefilling
2026-10-06 17:34:34.218 INFO  stats: rank 1 | 14.7 s | decode 0.0 tok/s, 0.0 ms/tok, 0.0 ms/step (0 steps / 0 tok, 0 % of wall) | prefill 0 prompts / 6144 tok, 419 tok/s, 2.39 ms/tok (100 % of wall), 0 tok cached (0/0 hits) | live 1, queued 0 | pool 4095/4096 blocks (100 %) | prefix cache 0/58 entries | 1 prefilling
2026-10-06 17:34:49.026 INFO  stats: rank 1 | 14.8 s | decode 0.0 tok/s, 0.0 ms/tok, 0.0 ms/step (0 steps / 0 tok, 0 % of wall) | prefill 0 prompts / 6144 tok, 415 tok/s, 2.41 ms/tok (100 % of wall), 0 tok cached (0/0 hits) | live 1, queued 0 | pool 4095/4096 blocks (100 %) | prefix cache 0/58 entries | 1 prefilling
2026-10-06 17:35:04.003 INFO  stats: rank 1 | 15.0 s | decode 0.0 tok/s, 0.0 ms/tok, 0.0 ms/step (0 steps / 0 tok, 0 % of wall) | prefill 0 prompts / 6144 tok, 410 tok/s, 2.44 ms/tok (100 % of wall), 0 tok cached (0/0 hits) | live 1, queued 0 | pool 4095/4096 blocks (100 %) | prefix cache 0/58 entries | 1 prefilling
2026-10-06 17:35:14.197 INFO  stats: rank 1 | 10.2 s | decode 0.0 tok/s, 0.0 ms/tok, 0.0 ms/step (0 steps / 0 tok, 0 % of wall) | prefill 0 prompts / 4096 tok, 402 tok/s, 2.49 ms/tok (100 % of wall), 0 tok cached (0/0 hits) | live 1, queued 0 | pool 4095/4096 blocks (100 %) | prefix cache 0/58 entries | 1 prefilling
2026-10-06 17:35:24.590 INFO  stats: rank 1 | 10.4 s | decode 0.0 tok/s, 0.0 ms/tok, 0.0 ms/step (0 steps / 0 tok, 0 % of wall) | prefill 0 prompts / 4096 tok, 394 tok/s, 2.54 ms/tok (100 % of wall), 0 tok cached (0/0 hits) | live 1, queued 0 | pool 4095/4096 blocks (100 %) | prefix cache 0/58 entries | 1 prefilling
2026-10-06 17:35:34.811 INFO  stats: rank 1 | 10.2 s | decode 0.0 tok/s, 0.0 ms/tok, 0.0 ms/step (0 steps / 0 tok, 0 % of wall) | prefill 0 prompts / 4096 tok, 401 tok/s, 2.50 ms/tok (100 % of wall), 0 tok cached (0/0 hits) | live 1, queued 0 | pool 4095/4096 blocks (100 %) | prefix cache 0/58 entries | 1 prefilling
2026-10-06 17:35:45.056 INFO  stats: rank 1 | 10.2 s | decode 0.0 tok/s, 0.0 ms/tok, 0.0 ms/step (0 steps / 0 tok, 0 % of wall) | prefill 0 prompts / 4096 tok, 400 tok/s, 2.50 ms/tok (100 % of wall), 0 tok cached (0/0 hits) | live 1, queued 0 | pool 4095/4096 blocks (100 %) | prefix cache 0/58 entries | 1 prefilling
2026-10-06 17:35:55.472 INFO  stats: rank 1 | 10.4 s | decode 0.0 tok/s, 0.0 ms/tok, 0.0 ms/step (0 steps / 0 tok, 0 % of wall) | prefill 0 prompts / 4096 tok, 393 tok/s, 2.54 ms/tok (100 % of wall), 0 tok cached (0/0 hits) | live 1, queued 0 | pool 4095/4096 blocks (100 %) | prefix cache 0/58 entries | 1 prefilling
2026-10-06 17:36:05.918 INFO  stats: rank 1 | 10.4 s | decode 0.0 tok/s, 0.0 ms/tok, 0.0 ms/step (0 steps / 0 tok, 0 % of wall) | prefill 0 prompts / 4096 tok, 392 tok/s, 2.55 ms/tok (100 % of wall), 0 tok cached (0/0 hits) | live 1, queued 0 | pool 4095/4096 blocks (100 %) | prefix cache 0/58 entries | 1 prefilling
2026-10-06 17:36:16.461 INFO  stats: rank 1 | 10.5 s | decode 0.0 tok/s, 0.0 ms/tok, 0.0 ms/step (0 steps / 0 tok, 0 % of wall) | prefill 0 prompts / 4096 tok, 388 tok/s, 2.57 ms/tok (100 % of wall), 0 tok cached (0/0 hits) | live 1, queued 0 | pool 4095/4096 blocks (100 %) | prefix cache 0/58 entries | 1 prefilling
2026-10-06 17:36:27.498 INFO  stats: rank 1 | 11.0 s | decode 0.0 tok/s, 0.0 ms/tok, 0.0 ms/step (0 steps / 0 tok, 0 % of wall) | prefill 0 prompts / 4096 tok, 371 tok/s, 2.69 ms/tok (100 % of wall), 0 tok cached (0/0 hits) | live 1, queued 0 | pool 4095/4096 blocks (100 %) | prefix cache 0/58 entries | 1 prefilling
2026-10-06 17:36:38.102 INFO  stats: rank 1 | 10.6 s | decode 0.0 tok/s, 0.0 ms/tok, 0.0 ms/step (0 steps / 0 tok, 0 % of wall) | prefill 0 prompts / 4096 tok, 386 tok/s, 2.59 ms/tok (100 % of wall), 0 tok cached (0/0 hits) | live 1, queued 0 | pool 4095/4096 blocks (100 %) | prefix cache 0/58 entries | 1 prefilling
2026-10-06 17:36:48.762 INFO  stats: rank 1 | 10.7 s | decode 0.0 tok/s, 0.0 ms/tok, 0.0 ms/step (0 steps / 0 tok, 0 % of wall) | prefill 0 prompts / 4096 tok, 384 tok/s, 2.60 ms/tok (100 % of wall), 0 tok cached (0/0 hits) | live 1, queued 0 | pool 4095/4096 blocks (100 %) | prefix cache 0/58 entries | 1 prefilling
2026-10-06 17:36:59.685 INFO  stats: rank 1 | 10.9 s | decode 0.0 tok/s, 0.0 ms/tok, 0.0 ms/step (0 steps / 0 tok, 0 % of wall) | prefill 0 prompts / 4096 tok, 375 tok/s, 2.67 ms/tok (100 % of wall), 0 tok cached (0/0 hits) | live 1, queued 0 | pool 4095/4096 blocks (100 %) | prefix cache 0/58 entries | 1 prefilling
2026-10-06 17:37:10.465 INFO  stats: rank 1 | 10.8 s | decode 0.0 tok/s, 0.0 ms/tok, 0.0 ms/step (0 steps / 0 tok, 0 % of wall) | prefill 0 prompts / 4096 tok, 380 tok/s, 2.63 ms/tok (100 % of wall), 0 tok cached (0/0 hits) | live 1, queued 0 | pool 4095/4096 blocks (100 %) | prefix cache 0/58 entries | 1 prefilling
2026-10-06 17:37:21.319 INFO  stats: rank 1 | 10.9 s | decode 0.0 tok/s, 0.0 ms/tok, 0.0 ms/step (0 steps / 0 tok, 0 % of wall) | prefill 0 prompts / 4096 tok, 377 tok/s, 2.65 ms/tok (100 % of wall), 0 tok cached (0/0 hits) | live 1, queued 0 | pool 4095/4096 blocks (100 %) | prefix cache 0/58 entries | 1 prefilling
2026-10-06 17:37:32.481 INFO  stats: rank 1 | 11.2 s | decode 0.0 tok/s, 0.0 ms/tok, 0.0 ms/step (0 steps / 0 tok, 0 % of wall) | prefill 0 prompts / 4096 tok, 367 tok/s, 2.72 ms/tok (100 % of wall), 0 tok cached (0/0 hits) | live 1, queued 0 | pool 4095/4096 blocks (100 %) | prefix cache 0/58 entries | 1 prefilling
2026-10-06 17:37:43.475 INFO  stats: rank 1 | 11.0 s | decode 0.0 tok/s, 0.0 ms/tok, 0.0 ms/step (0 steps / 0 tok, 0 % of wall) | prefill 0 prompts / 4096 tok, 373 tok/s, 2.68 ms/tok (100 % of wall), 0 tok cached (0/0 hits) | live 1, queued 0 | pool 4095/4096 blocks (100 %) | prefix cache 0/58 entries | 1 prefilling
2026-10-06 17:37:54.528 INFO  stats: rank 1 | 11.1 s | decode 0.0 tok/s, 0.0 ms/tok, 0.0 ms/step (0 steps / 0 tok, 0 % of wall) | prefill 0 prompts / 4096 tok, 371 tok/s, 2.70 ms/tok (100 % of wall), 0 tok cached (0/0 hits) | live 1, queued 0 | pool 4095/4096 blocks (100 %) | prefix cache 0/58 entries | 1 prefilling
2026-10-06 17:38:05.879 INFO  stats: rank 1 | 11.4 s | decode 0.0 tok/s, 0.0 ms/tok, 0.0 ms/step (0 steps / 0 tok, 0 % of wall) | prefill 0 prompts / 4096 tok, 361 tok/s, 2.77 ms/tok (100 % of wall), 0 tok cached (0/0 hits) | live 1, queued 0 | pool 4095/4096 blocks (100 %) | prefix cache 0/58 entries | 1 prefilling
2026-10-06 17:38:17.073 INFO  stats: rank 1 | 11.2 s | decode 0.0 tok/s, 0.0 ms/tok, 0.0 ms/step (0 steps / 0 tok, 0 % of wall) | prefill 0 prompts / 4096 tok, 366 tok/s, 2.73 ms/tok (100 % of wall), 0 tok cached (0/0 hits) | live 1, queued 0 | pool 4095/4096 blocks (100 %) | prefix cache 0/58 entries | 1 prefilling
2026-10-06 17:38:28.361 INFO  stats: rank 1 | 11.3 s | decode 0.0 tok/s, 0.0 ms/tok, 0.0 ms/step (0 steps / 0 tok, 0 % of wall) | prefill 0 prompts / 4096 tok, 363 tok/s, 2.76 ms/tok (100 % of wall), 0 tok cached (0/0 hits) | live 1, queued 0 | pool 4095/4096 blocks (100 %) | prefix cache 0/58 entries | 1 prefilling
2026-10-06 17:38:39.886 INFO  stats: rank 1 | 11.5 s | decode 0.0 tok/s, 0.0 ms/tok, 0.0 ms/step (0 steps / 0 tok, 0 % of wall) | prefill 0 prompts / 4096 tok, 355 tok/s, 2.81 ms/tok (100 % of wall), 0 tok cached (0/0 hits) | live 1, queued 0 | pool 4095/4096 blocks (100 %) | prefix cache 0/58 entries | 1 prefilling
2026-10-06 17:38:51.306 INFO  stats: rank 1 | 11.4 s | decode 0.0 tok/s, 0.0 ms/tok, 0.0 ms/step (0 steps / 0 tok, 0 % of wall) | prefill 0 prompts / 4096 tok, 359 tok/s, 2.79 ms/tok (100 % of wall), 0 tok cached (0/0 hits) | live 1, queued 0 | pool 4095/4096 blocks (100 %) | prefix cache 0/58 entries | 1 prefilling
2026-10-06 17:39:02.777 INFO  stats: rank 1 | 11.5 s | decode 0.0 tok/s, 0.0 ms/tok, 0.0 ms/step (0 steps / 0 tok, 0 % of wall) | prefill 0 prompts / 4096 tok, 357 tok/s, 2.80 ms/tok (100 % of wall), 0 tok cached (0/0 hits) | live 1, queued 0 | pool 4095/4096 blocks (100 %) | prefix cache 0/58 entries | 1 prefilling
2026-10-06 17:39:14.767 INFO  stats: rank 1 | 12.0 s | decode 0.0 tok/s, 0.0 ms/tok, 0.0 ms/step (0 steps / 0 tok, 0 % of wall) | prefill 0 prompts / 4096 tok, 342 tok/s, 2.93 ms/tok (100 % of wall), 0 tok cached (0/0 hits) | live 1, queued 0 | pool 4095/4096 blocks (100 %) | prefix cache 0/58 entries | 1 prefilling
2026-10-06 17:39:26.407 INFO  stats: rank 1 | 11.6 s | decode 0.0 tok/s, 0.0 ms/tok, 0.0 ms/step (0 steps / 0 tok, 0 % of wall) | prefill 0 prompts / 4096 tok, 352 tok/s, 2.84 ms/tok (100 % of wall), 0 tok cached (0/0 hits) | live 1, queued 0 | pool 4095/4096 blocks (100 %) | prefix cache 0/58 entries | 1 prefilling
2026-10-06 17:39:36.732 INFO  stats: rank 1 | 10.3 s | decode 0.0 tok/s, 0.0 ms/tok, 0.0 ms/step (0 steps / 0 tok, 0 % of wall) | prefill 0 prompts / 3584 tok, 347 tok/s, 2.88 ms/tok (100 % of wall), 0 tok cached (0/0 hits) | live 1, queued 0 | pool 4095/4096 blocks (100 %) | prefix cache 0/58 entries | 1 prefilling
2026-10-06 17:39:36.841 INFO  sched: request 'chatcmpl-6374f6dce06e4f07' admitted to slot 0 (reserve 4095 blocks; pool 4095/4096 blocks in use) — first token 785
2026-10-06 17:39:44.178 INFO  sched: request 'chatcmpl-6374f6dce06e4f07' retired (steps): 256 tok in 935.5 s — prefill 523781 tok (0 cached) in 928048 ms; decode 255 tok / 129 passes in 7.4 s: 34.3 tok/s, 29.2 ms/tok, 58 ms/pass, 1.98 tok/pass, accept p1 98 %
2026-10-06 17:39:44.350 INFO  sched: request 'chatcmpl-6374f6dce06e4f08' starting prefill in slot 0 (523781 prompt tokens)
2026-10-06 17:39:44.350 INFO  sched: request 'chatcmpl-6374f6dce06e4f08' prefilling in slot 0 (2048 tokens/tick)
2026-10-06 17:39:44.457 INFO  sched: request 'chatcmpl-6374f6dce06e4f08' admitted to slot 0 (reserve 4095 blocks; pool 4095/4096 blocks in use) — first token 785
2026-10-06 17:39:46.748 INFO  stats: rank 1 | 10.0 s | decode 34.3 tok/s, 27.7 ms/tok, 55.0 ms/step (173 steps / 344 tok, 95 % of wall) | mtp 1.99 tok/step/req, accept p1 98 % | prefill 2 prompts / 10 tok, 1 tok/s, 20.95 ms/tok, 105 ms avg (2 % of wall), 523776 tok cached (1/1 hit) | live 1, queued 0 | pool 4096/4096 blocks (100 %) | prefix cache 1/58 entries
2026-10-06 17:39:51.217 INFO  sched: request 'chatcmpl-6374f6dce06e4f08' retired (steps): 256 tok in 6.9 s — prefill 523781 tok (523776 cached) in 107 ms; decode 255 tok / 129 passes in 6.8 s: 37.7 tok/s, 26.5 ms/tok, 52 ms/pass, 1.98 tok/pass, accept p1 98 %
2026-10-06 17:39:51.383 INFO  sched: request 'chatcmpl-6374f6dce06e4f09' starting prefill in slot 0 (523781 prompt tokens)
2026-10-06 17:39:51.384 INFO  sched: request 'chatcmpl-6374f6dce06e4f09' prefilling in slot 0 (2048 tokens/tick)
2026-10-06 17:39:51.491 INFO  sched: request 'chatcmpl-6374f6dce06e4f09' admitted to slot 0 (reserve 4095 blocks; pool 4095/4096 blocks in use) — first token 785
2026-10-06 17:39:56.780 INFO  stats: rank 1 | 10.0 s | decode 36.8 tok/s, 26.1 ms/tok, 51.8 ms/step (186 steps / 369 tok, 96 % of wall) | mtp 1.98 tok/step/req, accept p1 98 % | prefill 1 prompt / 5 tok, 0 tok/s, 21.60 ms/tok, 108 ms avg (1 % of wall), 523776 tok cached (1/1 hit) | live 1, queued 0 | pool 4096/4096 blocks (100 %) | prefix cache 1/58 entries
2026-10-06 17:39:58.258 INFO  sched: request 'chatcmpl-6374f6dce06e4f09' retired (steps): 256 tok in 6.9 s — prefill 523781 tok (523776 cached) in 108 ms; decode 255 tok / 129 passes in 6.8 s: 37.7 tok/s, 26.5 ms/tok, 52 ms/pass, 1.98 tok/pass, accept p1 98 %
2026-10-06 17:39:59.431 INFO  journal: stop record — exiting
2026-10-06 17:39:59.479 INFO  rank 1: graph engine sampling summary — 0 sampled decode steps, 0 served by the exact gather fallback (0.0%), 112 candidates per rank
2026-10-06 17:40:00.963 INFO  rank 1: exited cleanly
