Traceback (most recent call last):
  File "/usr/lib/python3.12/http/client.py", line 584, in _get_chunk_left
    chunk_left = self._read_next_chunk_size()
                 ^^^^^^^^^^^^^^^^^^^^^^^^^^^^
  File "/usr/lib/python3.12/http/client.py", line 551, in _read_next_chunk_size
    return int(line, 16)
           ^^^^^^^^^^^^^
ValueError: invalid literal for int() with base 16: b''

During handling of the above exception, another exception occurred:

Traceback (most recent call last):
  File "/home/stephen/workspace/dgpp/scripts/serve_context_matrix.py", line 103, in <module>
    main()
  File "/home/stephen/workspace/dgpp/scripts/serve_context_matrix.py", line 71, in main
    answer = lane.ask(prompt, 256, timeout=14400)
             ^^^^^^^^^^^^^^^^^^^^^^^^^^^^^^^^^^^^
  File "/home/stephen/workspace/dgpp/scripts/qwen_yarn_release_check.py", line 202, in ask
    result = read_completion(conn.getresponse())
             ^^^^^^^^^^^^^^^^^^^^^^^^^^^^^^^^^^^
  File "/home/stephen/workspace/dgpp/scripts/bench_stream.py", line 18, in read_completion
    chunk = response.read1(65536)
            ^^^^^^^^^^^^^^^^^^^^^
  File "/usr/lib/python3.12/http/client.py", line 680, in read1
    return self._read1_chunked(n)
           ^^^^^^^^^^^^^^^^^^^^^^
  File "/usr/lib/python3.12/http/client.py", line 721, in _read1_chunked
    chunk_left = self._get_chunk_left()
                 ^^^^^^^^^^^^^^^^^^^^^^
  File "/usr/lib/python3.12/http/client.py", line 586, in _get_chunk_left
    raise IncompleteRead(b'')
http.client.IncompleteRead: IncompleteRead(0 bytes read)
