model HawkBearPig/GLM-5.3-Flash-NVFP4-FP8
warm 0: status 200 tokens 64
== prose concurrency 1: 05:35:13.363 .. 05:35:17.802  wall 4.4 s
   req 0: status 200 finish=length tokens 256 chunks 256 ttft 177 ms  client update pace 16.71 ms/update
   aggregate wall: 256 tokens in 4.44 s = 57.67 tok/s (prefill included)
   legacy output-span aggregate: 60.06606311497791 tok/s (initial TTFT excluded; later admissions included)
   engine decode: 59.977 tok/s
== prose concurrency 1: 05:35:17.802 .. 05:35:22.232  wall 4.4 s
   req 0: status 200 finish=length tokens 256 chunks 256 ttft 177 ms  client update pace 16.67 ms/update
   aggregate wall: 256 tokens in 4.43 s = 57.80 tok/s (prefill included)
   legacy output-span aggregate: 60.22612979778113 tok/s (initial TTFT excluded; later admissions included)
   engine decode: 59.937 tok/s
== prose concurrency 1: 05:35:22.233 .. 05:35:26.672  wall 4.4 s
   req 0: status 200 finish=length tokens 256 chunks 256 ttft 177 ms  client update pace 16.72 ms/update
   aggregate wall: 256 tokens in 4.44 s = 57.66 tok/s (prefill included)
   legacy output-span aggregate: 60.06063278241277 tok/s (initial TTFT excluded; later admissions included)
   engine decode: 59.937 tok/s
== prose concurrency 2: 05:35:26.674 .. 05:35:33.117  wall 6.4 s
   req 0: status 200 finish=length tokens 256 chunks 256 ttft 228 ms  client update pace 24.17 ms/update
   req 1: status 200 finish=length tokens 256 chunks 256 ttft 228 ms  client update pace 24.37 ms/update
   aggregate wall: 512 tokens in 6.44 s = 79.46 tok/s (prefill included)
   legacy output-span aggregate: 82.3882510670128 tok/s (initial TTFT excluded; later admissions included)
   engine decode: 81.959 tok/s
== prose concurrency 2: 05:35:33.119 .. 05:35:39.561  wall 6.4 s
   req 0: status 200 finish=length tokens 256 chunks 256 ttft 202 ms  client update pace 24.27 ms/update
   req 1: status 200 finish=length tokens 256 chunks 256 ttft 202 ms  client update pace 24.47 ms/update
   aggregate wall: 512 tokens in 6.44 s = 79.47 tok/s (prefill included)
   legacy output-span aggregate: 82.0597058991637 tok/s (initial TTFT excluded; later admissions included)
   engine decode: 81.894 tok/s
== prose concurrency 2: 05:35:39.562 .. 05:35:46.766  wall 7.2 s
   req 0: status 200 finish=length tokens 256 chunks 256 ttft 227 ms  client update pace 26.96 ms/update
   req 1: status 200 finish=length tokens 256 chunks 256 ttft 227 ms  client update pace 27.36 ms/update
   aggregate wall: 512 tokens in 7.20 s = 71.07 tok/s (prefill included)
   legacy output-span aggregate: 73.39475911173088 tok/s (initial TTFT excluded; later admissions included)
   engine decode: 73.110 tok/s
== prose concurrency 4: 05:35:46.770 .. 05:35:57.022  wall 10.3 s
   req 0: status 200 finish=length tokens 256 chunks 256 ttft 456 ms  client update pace 37.70 ms/update
   req 1: status 200 finish=length tokens 256 chunks 256 ttft 456 ms  client update pace 38.40 ms/update
   req 2: status 200 finish=length tokens 256 chunks 256 ttft 456 ms  client update pace 37.21 ms/update
   req 3: status 200 finish=length tokens 256 chunks 256 ttft 457 ms  client update pace 37.91 ms/update
   aggregate wall: 1024 tokens in 10.25 s = 99.88 tok/s (prefill included)
   legacy output-span aggregate: 104.56131111787194 tok/s (initial TTFT excluded; later admissions included)
   engine decode: 104.416 tok/s
== prose concurrency 4: 05:35:57.023 .. 05:36:06.111  wall 9.1 s
   req 0: status 200 finish=length tokens 256 chunks 256 ttft 305 ms  client update pace 33.84 ms/update
   req 1: status 200 finish=length tokens 256 chunks 256 ttft 305 ms  client update pace 34.44 ms/update
   req 2: status 200 finish=length tokens 256 chunks 256 ttft 304 ms  client update pace 33.44 ms/update
   req 3: status 200 finish=length tokens 256 chunks 256 ttft 304 ms  client update pace 34.04 ms/update
   aggregate wall: 1024 tokens in 9.09 s = 112.67 tok/s (prefill included)
   legacy output-span aggregate: 116.59861114643394 tok/s (initial TTFT excluded; later admissions included)
   engine decode: 116.381 tok/s
== prose concurrency 4: 05:36:06.112 .. 05:36:15.233  wall 9.1 s
   req 0: status 200 finish=length tokens 256 chunks 256 ttft 304 ms  client update pace 33.97 ms/update
   req 1: status 200 finish=length tokens 256 chunks 256 ttft 303 ms  client update pace 34.57 ms/update
   req 2: status 200 finish=length tokens 256 chunks 256 ttft 303 ms  client update pace 33.47 ms/update
   req 3: status 200 finish=length tokens 256 chunks 256 ttft 303 ms  client update pace 34.17 ms/update
   aggregate wall: 1024 tokens in 9.12 s = 112.27 tok/s (prefill included)
   legacy output-span aggregate: 116.15276980028526 tok/s (initial TTFT excluded; later admissions included)
   engine decode: 115.830 tok/s
== prose concurrency 8: 05:36:15.239 .. 05:36:34.611  wall 19.4 s
   req 0: status 200 finish=length tokens 256 chunks 256 ttft 281 ms  client update pace 35.64 ms/update
   req 1: status 200 finish=length tokens 256 chunks 256 ttft 282 ms  client update pace 37.03 ms/update
   req 2: status 200 finish=length tokens 256 chunks 256 ttft 282 ms  client update pace 39.13 ms/update
   req 3: status 200 finish=length tokens 256 chunks 256 ttft 10080 ms  client update pace 36.32 ms/update
   req 4: status 200 finish=length tokens 256 chunks 256 ttft 10410 ms  client update pace 35.12 ms/update
   req 5: status 200 finish=length tokens 256 chunks 256 ttft 282 ms  client update pace 37.83 ms/update
   req 6: status 200 finish=length tokens 256 chunks 256 ttft 9851 ms  client update pace 36.22 ms/update
   req 7: status 200 finish=length tokens 256 chunks 256 ttft 9520 ms  client update pace 37.02 ms/update
   aggregate wall: 2048 tokens in 19.37 s = 105.72 tok/s (prefill included)
   legacy output-span aggregate: 107.30003361685115 tok/s (initial TTFT excluded; later admissions included)
   engine decode: 110.576 tok/s
== prose concurrency 8: 05:36:34.612 .. 05:36:53.210  wall 18.6 s
   req 0: status 200 finish=length tokens 256 chunks 256 ttft 281 ms  client update pace 33.03 ms/update
   req 1: status 200 finish=length tokens 256 chunks 256 ttft 280 ms  client update pace 34.42 ms/update
   req 2: status 200 finish=length tokens 256 chunks 256 ttft 9812 ms  client update pace 34.43 ms/update
   req 3: status 200 finish=length tokens 256 chunks 256 ttft 8854 ms  client update pace 37.60 ms/update
   req 4: status 200 finish=length tokens 256 chunks 256 ttft 279 ms  client update pace 36.80 ms/update
   req 5: status 200 finish=length tokens 256 chunks 256 ttft 280 ms  client update pace 35.21 ms/update
   req 6: status 200 finish=length tokens 256 chunks 256 ttft 9182 ms  client update pace 35.91 ms/update
   req 7: status 200 finish=length tokens 256 chunks 256 ttft 9409 ms  client update pace 35.42 ms/update
   aggregate wall: 2048 tokens in 18.60 s = 110.12 tok/s (prefill included)
   legacy output-span aggregate: 111.81805313069759 tok/s (initial TTFT excluded; later admissions included)
   engine decode: 115.251 tok/s
== prose concurrency 8: 05:36:53.211 .. 05:37:15.231  wall 22.0 s
   req 0: status 200 finish=length tokens 256 chunks 256 ttft 11951 ms  client update pace 36.60 ms/update
   req 1: status 200 finish=length tokens 256 chunks 256 ttft 281 ms  client update pace 44.78 ms/update
   req 2: status 200 finish=length tokens 256 chunks 256 ttft 281 ms  client update pace 48.24 ms/update
   req 3: status 200 finish=length tokens 256 chunks 256 ttft 13110 ms  client update pace 34.92 ms/update
   req 4: status 200 finish=length tokens 256 chunks 256 ttft 280 ms  client update pace 49.62 ms/update
   req 5: status 200 finish=length tokens 256 chunks 256 ttft 12379 ms  client update pace 36.40 ms/update
   req 6: status 200 finish=length tokens 256 chunks 256 ttft 280 ms  client update pace 46.56 ms/update
   req 7: status 200 finish=length tokens 256 chunks 256 ttft 12832 ms  client update pace 35.42 ms/update
   aggregate wall: 2048 tokens in 22.02 s = 93.01 tok/s (prefill included)
   legacy output-span aggregate: 94.2187240446753 tok/s (initial TTFT excluded; later admissions included)
   engine decode: 98.060 tok/s
== code concurrency 1: 05:37:15.243 .. 05:37:19.604  wall 4.4 s
   req 0: status 200 finish=length tokens 256 chunks 256 ttft 202 ms  client update pace 16.31 ms/update
   aggregate wall: 256 tokens in 4.36 s = 58.71 tok/s (prefill included)
   legacy output-span aggregate: 61.5669273324008 tok/s (initial TTFT excluded; later admissions included)
   engine decode: 61.588 tok/s
== code concurrency 1: 05:37:19.605 .. 05:37:23.947  wall 4.3 s
   req 0: status 200 finish=length tokens 256 chunks 256 ttft 204 ms  client update pace 16.23 ms/update
   aggregate wall: 256 tokens in 4.34 s = 58.96 tok/s (prefill included)
   legacy output-span aggregate: 61.86927234572425 tok/s (initial TTFT excluded; later admissions included)
   engine decode: 61.563 tok/s
== code concurrency 1: 05:37:23.948 .. 05:37:28.313  wall 4.4 s
   req 0: status 200 finish=length tokens 256 chunks 256 ttft 203 ms  client update pace 16.21 ms/update
   aggregate wall: 256 tokens in 4.36 s = 58.66 tok/s (prefill included)
   legacy output-span aggregate: 61.91847995867122 tok/s (initial TTFT excluded; later admissions included)
   engine decode: 61.444 tok/s
== code concurrency 2: 05:37:28.326 .. 05:37:34.592  wall 6.3 s
   req 0: status 200 finish=length tokens 256 chunks 256 ttft 255 ms  client update pace 22.97 ms/update
   req 1: status 200 finish=length tokens 256 chunks 256 ttft 254 ms  client update pace 23.57 ms/update
   aggregate wall: 512 tokens in 6.27 s = 81.71 tok/s (prefill included)
   legacy output-span aggregate: 85.18373254294909 tok/s (initial TTFT excluded; later admissions included)
   engine decode: 84.885 tok/s
== code concurrency 2: 05:37:34.594 .. 05:37:41.722  wall 7.1 s
   req 0: status 200 finish=length tokens 256 chunks 256 ttft 254 ms  client update pace 26.26 ms/update
   req 1: status 200 finish=length tokens 256 chunks 256 ttft 253 ms  client update pace 26.96 ms/update
   aggregate wall: 512 tokens in 7.13 s = 71.83 tok/s (prefill included)
   legacy output-span aggregate: 74.48509432488697 tok/s (initial TTFT excluded; later admissions included)
   engine decode: 74.275 tok/s
== code concurrency 2: 05:37:41.723 .. 05:37:48.005  wall 6.3 s
   req 0: status 200 finish=length tokens 256 chunks 256 ttft 254 ms  client update pace 22.94 ms/update
   req 1: status 200 finish=length tokens 256 chunks 256 ttft 253 ms  client update pace 23.64 ms/update
   aggregate wall: 512 tokens in 6.28 s = 81.50 tok/s (prefill included)
   legacy output-span aggregate: 84.93859533853475 tok/s (initial TTFT excluded; later admissions included)
   engine decode: 84.499 tok/s
== code concurrency 4: 05:37:48.020 .. 05:37:57.435  wall 9.4 s
   req 0: status 200 finish=length tokens 256 chunks 256 ttft 307 ms  client update pace 34.11 ms/update
   req 1: status 200 finish=length tokens 256 chunks 256 ttft 305 ms  client update pace 35.71 ms/update
   req 2: status 200 finish=length tokens 256 chunks 256 ttft 306 ms  client update pace 35.21 ms/update
   req 3: status 200 finish=length tokens 256 chunks 256 ttft 305 ms  client update pace 34.41 ms/update
   aggregate wall: 1024 tokens in 9.41 s = 108.76 tok/s (prefill included)
   legacy output-span aggregate: 112.44867147524513 tok/s (initial TTFT excluded; later admissions included)
   engine decode: 112.269 tok/s
== code concurrency 4: 05:37:57.436 .. 05:38:06.914  wall 9.5 s
   req 0: status 200 finish=length tokens 256 chunks 256 ttft 305 ms  client update pace 34.26 ms/update
   req 1: status 200 finish=length tokens 256 chunks 256 ttft 305 ms  client update pace 35.97 ms/update
   req 2: status 200 finish=length tokens 256 chunks 256 ttft 304 ms  client update pace 35.46 ms/update
   req 3: status 200 finish=length tokens 256 chunks 256 ttft 305 ms  client update pace 34.56 ms/update
   aggregate wall: 1024 tokens in 9.48 s = 108.04 tok/s (prefill included)
   legacy output-span aggregate: 111.65293599941572 tok/s (initial TTFT excluded; later admissions included)
   engine decode: 111.528 tok/s
== code concurrency 4: 05:38:06.914 .. 05:38:18.002  wall 11.1 s
   req 0: status 200 finish=length tokens 256 chunks 256 ttft 305 ms  client update pace 40.59 ms/update
   req 1: status 200 finish=length tokens 256 chunks 256 ttft 304 ms  client update pace 42.28 ms/update
   req 2: status 200 finish=length tokens 256 chunks 256 ttft 304 ms  client update pace 41.79 ms/update
   req 3: status 200 finish=length tokens 256 chunks 256 ttft 304 ms  client update pace 40.89 ms/update
   aggregate wall: 1024 tokens in 11.09 s = 92.35 tok/s (prefill included)
   legacy output-span aggregate: 94.9707347859208 tok/s (initial TTFT excluded; later admissions included)
   engine decode: 94.992 tok/s
== code concurrency 8: 05:38:18.021 .. 05:38:37.341  wall 19.3 s
   req 0: status 200 finish=length tokens 256 chunks 256 ttft 305 ms  client update pace 36.52 ms/update
   req 1: status 200 finish=length tokens 256 chunks 256 ttft 9133 ms  client update pace 38.04 ms/update
   req 2: status 200 finish=length tokens 256 chunks 256 ttft 307 ms  client update pace 34.02 ms/update
   req 3: status 200 finish=length tokens 256 chunks 256 ttft 306 ms  client update pace 35.12 ms/update
   req 4: status 200 finish=length tokens 256 chunks 256 ttft 306 ms  client update pace 38.11 ms/update
   req 5: status 200 finish=length tokens 256 chunks 256 ttft 10177 ms  client update pace 35.84 ms/update
   req 6: status 200 finish=length tokens 256 chunks 256 ttft 9768 ms  client update pace 35.84 ms/update
   req 7: status 200 finish=length tokens 256 chunks 256 ttft 9413 ms  client update pace 38.44 ms/update
   aggregate wall: 2048 tokens in 19.32 s = 106.00 tok/s (prefill included)
   legacy output-span aggregate: 107.72250955169898 tok/s (initial TTFT excluded; later admissions included)
   engine decode: 111.106 tok/s
== code concurrency 8: 05:38:37.342 .. 05:38:58.236  wall 20.9 s
   req 0: status 200 finish=length tokens 256 chunks 256 ttft 309 ms  client update pace 36.56 ms/update
   req 1: status 200 finish=length tokens 256 chunks 256 ttft 9146 ms  client update pace 44.46 ms/update
   req 2: status 200 finish=length tokens 256 chunks 256 ttft 307 ms  client update pace 34.06 ms/update
   req 3: status 200 finish=length tokens 256 chunks 256 ttft 308 ms  client update pace 35.16 ms/update
   req 4: status 200 finish=length tokens 256 chunks 256 ttft 307 ms  client update pace 38.15 ms/update
   req 5: status 200 finish=length tokens 256 chunks 256 ttft 9426 ms  client update pace 43.96 ms/update
   req 6: status 200 finish=length tokens 256 chunks 256 ttft 10188 ms  client update pace 41.37 ms/update
   req 7: status 200 finish=length tokens 256 chunks 256 ttft 9781 ms  client update pace 43.56 ms/update
   aggregate wall: 2048 tokens in 20.89 s = 98.02 tok/s (prefill included)
   legacy output-span aggregate: 99.49496702096454 tok/s (initial TTFT excluded; later admissions included)
   engine decode: 102.213 tok/s
== code concurrency 8: 05:38:58.236 .. 05:39:17.587  wall 19.4 s
   req 0: status 200 finish=length tokens 256 chunks 256 ttft 385 ms  client update pace 36.33 ms/update
   req 1: status 200 finish=length tokens 256 chunks 256 ttft 384 ms  client update pace 37.42 ms/update
   req 2: status 200 finish=length tokens 256 chunks 256 ttft 383 ms  client update pace 33.95 ms/update
   req 3: status 200 finish=length tokens 256 chunks 256 ttft 383 ms  client update pace 35.04 ms/update
   req 4: status 200 finish=length tokens 256 chunks 256 ttft 9469 ms  client update pace 37.84 ms/update
   req 5: status 200 finish=length tokens 256 chunks 256 ttft 9165 ms  client update pace 38.24 ms/update
   req 6: status 200 finish=length tokens 256 chunks 256 ttft 10074 ms  client update pace 35.17 ms/update
   req 7: status 200 finish=length tokens 256 chunks 256 ttft 9796 ms  client update pace 37.45 ms/update
   aggregate wall: 2048 tokens in 19.35 s = 105.84 tok/s (prefill included)
   legacy output-span aggregate: 107.99124781748571 tok/s (initial TTFT excluded; later admissions included)
   engine decode: 111.212 tok/s
== json concurrency 1: 05:39:17.611 .. 05:39:21.917  wall 4.3 s
   req 0: status 200 finish=length tokens 256 chunks 256 ttft 203 ms  client update pace 16.08 ms/update
   aggregate wall: 256 tokens in 4.31 s = 59.46 tok/s (prefill included)
   legacy output-span aggregate: 62.41621704695844 tok/s (initial TTFT excluded; later admissions included)
   engine decode: 62.008 tok/s
== json concurrency 1: 05:39:21.918 .. 05:39:26.710  wall 4.8 s
   req 0: status 200 finish=length tokens 256 chunks 256 ttft 202 ms  client update pace 18.00 ms/update
   aggregate wall: 256 tokens in 4.79 s = 53.41 tok/s (prefill included)
   legacy output-span aggregate: 55.77792601307604 tok/s (initial TTFT excluded; later admissions included)
   engine decode: 55.603 tok/s
== json concurrency 1: 05:39:26.712 .. 05:39:31.887  wall 5.2 s
   req 0: status 200 finish=length tokens 256 chunks 256 ttft 280 ms  client update pace 19.10 ms/update
   aggregate wall: 256 tokens in 5.18 s = 49.46 tok/s (prefill included)
   legacy output-span aggregate: 52.56292391168572 tok/s (initial TTFT excluded; later admissions included)
   engine decode: 52.394 tok/s
== json concurrency 2: 05:39:31.902 .. 05:39:38.285  wall 6.4 s
   req 0: status 200 finish=length tokens 256 chunks 256 ttft 253 ms  client update pace 24.04 ms/update
   req 1: status 200 finish=length tokens 256 chunks 256 ttft 252 ms  client update pace 22.45 ms/update
   aggregate wall: 512 tokens in 6.38 s = 80.21 tok/s (prefill included)
   legacy output-span aggregate: 83.53101395131633 tok/s (initial TTFT excluded; later admissions included)
   engine decode: 83.127 tok/s
== json concurrency 2: 05:39:38.286 .. 05:39:44.697  wall 6.4 s
   req 0: status 200 finish=length tokens 256 chunks 256 ttft 253 ms  client update pace 24.05 ms/update
   req 1: status 200 finish=length tokens 256 chunks 256 ttft 253 ms  client update pace 22.46 ms/update
   aggregate wall: 512 tokens in 6.41 s = 79.86 tok/s (prefill included)
   legacy output-span aggregate: 83.49508016848547 tok/s (initial TTFT excluded; later admissions included)
   engine decode: 82.959 tok/s
== json concurrency 2: 05:39:44.698 .. 05:39:51.079  wall 6.4 s
   req 0: status 200 finish=length tokens 256 chunks 256 ttft 228 ms  client update pace 24.13 ms/update
   req 1: status 200 finish=length tokens 256 chunks 256 ttft 227 ms  client update pace 22.55 ms/update
   aggregate wall: 512 tokens in 6.38 s = 80.23 tok/s (prefill included)
   legacy output-span aggregate: 83.21118807014841 tok/s (initial TTFT excluded; later admissions included)
   engine decode: 83.058 tok/s
== json concurrency 4: 05:39:51.095 .. 05:39:59.792  wall 8.7 s
   req 0: status 200 finish=length tokens 256 chunks 256 ttft 303 ms  client update pace 32.31 ms/update
   req 1: status 200 finish=length tokens 256 chunks 256 ttft 302 ms  client update pace 32.41 ms/update
   req 2: status 200 finish=length tokens 256 chunks 256 ttft 302 ms  client update pace 32.91 ms/update
   req 3: status 200 finish=length tokens 256 chunks 256 ttft 303 ms  client update pace 32.61 ms/update
   aggregate wall: 1024 tokens in 8.70 s = 117.74 tok/s (prefill included)
   legacy output-span aggregate: 122.01183396991416 tok/s (initial TTFT excluded; later admissions included)
   engine decode: 121.924 tok/s
== json concurrency 4: 05:39:59.793 .. 05:40:10.108  wall 10.3 s
   req 0: status 200 finish=length tokens 256 chunks 256 ttft 303 ms  client update pace 38.76 ms/update
   req 1: status 200 finish=length tokens 256 chunks 256 ttft 303 ms  client update pace 38.66 ms/update
   req 2: status 200 finish=length tokens 256 chunks 256 ttft 303 ms  client update pace 39.26 ms/update
   req 3: status 200 finish=length tokens 256 chunks 256 ttft 303 ms  client update pace 38.96 ms/update
   aggregate wall: 1024 tokens in 10.32 s = 99.27 tok/s (prefill included)
   legacy output-span aggregate: 102.2851984391315 tok/s (initial TTFT excluded; later admissions included)
   engine decode: 102.186 tok/s
== json concurrency 4: 05:40:10.109 .. 05:40:18.782  wall 8.7 s
   req 0: status 200 finish=length tokens 256 chunks 256 ttft 306 ms  client update pace 32.31 ms/update
   req 1: status 200 finish=length tokens 256 chunks 256 ttft 305 ms  client update pace 32.30 ms/update
   req 2: status 200 finish=length tokens 256 chunks 256 ttft 306 ms  client update pace 32.80 ms/update
   req 3: status 200 finish=length tokens 256 chunks 256 ttft 305 ms  client update pace 32.50 ms/update
   aggregate wall: 1024 tokens in 8.67 s = 118.07 tok/s (prefill included)
   legacy output-span aggregate: 122.40988224626102 tok/s (initial TTFT excluded; later admissions included)
   engine decode: 122.405 tok/s
== json concurrency 8: 05:40:18.814 .. 05:40:36.550  wall 17.7 s
   req 0: status 200 finish=length tokens 256 chunks 256 ttft 307 ms  client update pace 31.44 ms/update
   req 1: status 200 finish=length tokens 256 chunks 256 ttft 306 ms  client update pace 32.34 ms/update
   req 2: status 200 finish=length tokens 256 chunks 256 ttft 306 ms  client update pace 33.23 ms/update
   req 3: status 200 finish=length tokens 256 chunks 256 ttft 8500 ms  client update pace 35.91 ms/update
   req 4: status 200 finish=length tokens 256 chunks 256 ttft 305 ms  client update pace 34.52 ms/update
   req 5: status 200 finish=length tokens 256 chunks 256 ttft 8702 ms  client update pace 33.92 ms/update
   req 6: status 200 finish=length tokens 256 chunks 256 ttft 8930 ms  client update pace 33.52 ms/update
   req 7: status 200 finish=length tokens 256 chunks 256 ttft 9258 ms  client update pace 33.23 ms/update
   aggregate wall: 2048 tokens in 17.74 s = 115.47 tok/s (prefill included)
   legacy output-span aggregate: 117.50983512081346 tok/s (initial TTFT excluded; later admissions included)
   engine decode: 121.552 tok/s
== json concurrency 8: 05:40:36.550 .. 05:40:55.878  wall 19.3 s
   req 0: status 200 finish=length tokens 256 chunks 256 ttft 305 ms  client update pace 37.78 ms/update
   req 1: status 200 finish=length tokens 256 chunks 256 ttft 304 ms  client update pace 38.68 ms/update
   req 2: status 200 finish=length tokens 256 chunks 256 ttft 305 ms  client update pace 39.48 ms/update
   req 3: status 200 finish=length tokens 256 chunks 256 ttft 304 ms  client update pace 41.37 ms/update
   req 4: status 200 finish=length tokens 256 chunks 256 ttft 10115 ms  client update pace 35.51 ms/update
   req 5: status 200 finish=length tokens 256 chunks 256 ttft 10318 ms  client update pace 34.11 ms/update
   req 6: status 200 finish=length tokens 256 chunks 256 ttft 11005 ms  client update pace 32.62 ms/update
   req 7: status 200 finish=length tokens 256 chunks 256 ttft 10522 ms  client update pace 34.21 ms/update
   aggregate wall: 2048 tokens in 19.33 s = 105.96 tok/s (prefill included)
   legacy output-span aggregate: 107.67312682376142 tok/s (initial TTFT excluded; later admissions included)
   engine decode: 110.956 tok/s
== json concurrency 8: 05:40:55.879 .. 05:41:13.715  wall 17.8 s
   req 0: status 200 finish=length tokens 256 chunks 256 ttft 386 ms  client update pace 31.48 ms/update
   req 1: status 200 finish=length tokens 256 chunks 256 ttft 385 ms  client update pace 32.28 ms/update
   req 2: status 200 finish=length tokens 256 chunks 256 ttft 386 ms  client update pace 33.18 ms/update
   req 3: status 200 finish=length tokens 256 chunks 256 ttft 385 ms  client update pace 34.98 ms/update
   req 4: status 200 finish=length tokens 256 chunks 256 ttft 8564 ms  client update pace 35.54 ms/update
   req 5: status 200 finish=length tokens 256 chunks 256 ttft 8768 ms  client update pace 33.94 ms/update
   req 6: status 200 finish=length tokens 256 chunks 256 ttft 8997 ms  client update pace 33.54 ms/update
   req 7: status 200 finish=length tokens 256 chunks 256 ttft 9479 ms  client update pace 32.65 ms/update
   aggregate wall: 2048 tokens in 17.84 s = 114.82 tok/s (prefill included)
   legacy output-span aggregate: 117.54842875706835 tok/s (initial TTFT excluded; later admissions included)
   engine decode: 121.618 tok/s
== math concurrency 1: 05:41:13.736 .. 05:41:19.574  wall 5.8 s
   req 0: status 200 finish=length tokens 256 chunks 256 ttft 279 ms  client update pace 21.80 ms/update
   aggregate wall: 256 tokens in 5.84 s = 43.85 tok/s (prefill included)
   legacy output-span aggregate: 46.059345709530476 tok/s (initial TTFT excluded; later admissions included)
   engine decode: 46.013 tok/s
== math concurrency 1: 05:41:19.575 .. 05:41:24.042  wall 4.5 s
   req 0: status 200 finish=length tokens 256 chunks 256 ttft 229 ms  client update pace 16.62 ms/update
   aggregate wall: 256 tokens in 4.47 s = 57.30 tok/s (prefill included)
   legacy output-span aggregate: 60.40477960954141 tok/s (initial TTFT excluded; later admissions included)
   engine decode: 59.932 tok/s
== math concurrency 1: 05:41:24.043 .. 05:41:28.533  wall 4.5 s
   req 0: status 200 finish=length tokens 256 chunks 256 ttft 203 ms  client update pace 16.71 ms/update
   aggregate wall: 256 tokens in 4.49 s = 57.02 tok/s (prefill included)
   legacy output-span aggregate: 60.096572466191894 tok/s (initial TTFT excluded; later admissions included)
   engine decode: 59.845 tok/s
== math concurrency 2: 05:41:28.569 .. 05:41:34.558  wall 6.0 s
   req 0: status 200 finish=length tokens 256 chunks 256 ttft 280 ms  client update pace 22.38 ms/update
   req 1: status 200 finish=length tokens 256 chunks 254 ttft 279 ms  client update pace 22.36 ms/update
   aggregate wall: 512 tokens in 5.99 s = 85.49 tok/s (prefill included)
   legacy output-span aggregate: 89.70102799938522 tok/s (initial TTFT excluded; later admissions included)
   engine decode: 89.472 tok/s
== math concurrency 2: 05:41:34.558 .. 05:41:40.537  wall 6.0 s
   req 0: status 200 finish=length tokens 256 chunks 256 ttft 278 ms  client update pace 22.35 ms/update
   req 1: status 200 finish=length tokens 256 chunks 254 ttft 278 ms  client update pace 22.43 ms/update
   aggregate wall: 512 tokens in 5.98 s = 85.63 tok/s (prefill included)
   legacy output-span aggregate: 89.82313310593659 tok/s (initial TTFT excluded; later admissions included)
   engine decode: 89.441 tok/s
== math concurrency 2: 05:41:40.538 .. 05:41:46.522  wall 6.0 s
   req 0: status 200 finish=length tokens 256 chunks 256 ttft 278 ms  client update pace 22.37 ms/update
   req 1: status 200 finish=length tokens 256 chunks 254 ttft 277 ms  client update pace 22.45 ms/update
   aggregate wall: 512 tokens in 5.98 s = 85.56 tok/s (prefill included)
   legacy output-span aggregate: 89.7464076475224 tok/s (initial TTFT excluded; later admissions included)
   engine decode: 89.348 tok/s
== math concurrency 4: 05:41:46.551 .. 05:41:57.425  wall 10.9 s
   req 0: status 200 finish=length tokens 256 chunks 256 ttft 330 ms  client update pace 40.14 ms/update
   req 1: status 200 finish=length tokens 256 chunks 256 ttft 329 ms  client update pace 40.14 ms/update
   req 2: status 200 finish=length tokens 256 chunks 256 ttft 328 ms  client update pace 41.35 ms/update
   req 3: status 200 finish=length tokens 256 chunks 256 ttft 328 ms  client update pace 40.84 ms/update
   aggregate wall: 1024 tokens in 10.87 s = 94.17 tok/s (prefill included)
   legacy output-span aggregate: 97.11852242449984 tok/s (initial TTFT excluded; later admissions included)
   engine decode: 96.909 tok/s
== math concurrency 4: 05:41:57.426 .. 05:42:06.705  wall 9.3 s
   req 0: status 200 finish=length tokens 256 chunks 256 ttft 332 ms  client update pace 33.79 ms/update
   req 1: status 200 finish=length tokens 256 chunks 256 ttft 331 ms  client update pace 33.79 ms/update
   req 2: status 200 finish=length tokens 256 chunks 256 ttft 331 ms  client update pace 34.98 ms/update
   req 3: status 200 finish=length tokens 256 chunks 256 ttft 331 ms  client update pace 34.48 ms/update
   aggregate wall: 1024 tokens in 9.28 s = 110.36 tok/s (prefill included)
   legacy output-span aggregate: 114.79928250835515 tok/s (initial TTFT excluded; later admissions included)
   engine decode: 114.409 tok/s
== math concurrency 4: 05:42:06.706 .. 05:42:15.941  wall 9.2 s
   req 0: status 200 finish=length tokens 256 chunks 256 ttft 329 ms  client update pace 33.72 ms/update
   req 1: status 200 finish=length tokens 256 chunks 256 ttft 328 ms  client update pace 33.73 ms/update
   req 2: status 200 finish=length tokens 256 chunks 256 ttft 328 ms  client update pace 34.92 ms/update
   req 3: status 200 finish=length tokens 256 chunks 256 ttft 329 ms  client update pace 34.42 ms/update
   aggregate wall: 1024 tokens in 9.23 s = 110.89 tok/s (prefill included)
   legacy output-span aggregate: 115.00049063373605 tok/s (initial TTFT excluded; later admissions included)
   engine decode: 114.811 tok/s
== math concurrency 8: 05:42:15.967 .. 05:42:36.143  wall 20.2 s
   req 0: status 200 finish=length tokens 256 chunks 256 ttft 331 ms  client update pace 34.92 ms/update
   req 1: status 200 finish=length tokens 256 chunks 256 ttft 332 ms  client update pace 33.92 ms/update
   req 2: status 200 finish=length tokens 256 chunks 252 ttft 330 ms  client update pace 37.00 ms/update
   req 3: status 200 finish=length tokens 256 chunks 256 ttft 331 ms  client update pace 34.92 ms/update
   req 4: status 200 finish=length tokens 256 chunks 256 ttft 9158 ms  client update pace 42.59 ms/update
   req 5: status 200 finish=length tokens 256 chunks 256 ttft 9439 ms  client update pace 40.50 ms/update
   req 6: status 200 finish=length tokens 256 chunks 256 ttft 9439 ms  client update pace 42.09 ms/update
   req 7: status 200 finish=length tokens 256 chunks 243 ttft 9795 ms  client update pace 42.77 ms/update
   aggregate wall: 2048 tokens in 20.18 s = 101.51 tok/s (prefill included)
   legacy output-span aggregate: 103.21130441533423 tok/s (initial TTFT excluded; later admissions included)
   engine decode: 105.794 tok/s
== math concurrency 8: 05:42:36.143 .. 05:42:54.646  wall 18.5 s
   req 0: status 200 finish=length tokens 256 chunks 256 ttft 309 ms  client update pace 35.03 ms/update
   req 1: status 200 finish=length tokens 256 chunks 256 ttft 309 ms  client update pace 34.14 ms/update
   req 2: status 200 finish=length tokens 256 chunks 252 ttft 306 ms  client update pace 37.10 ms/update
   req 3: status 200 finish=length tokens 256 chunks 256 ttft 307 ms  client update pace 35.03 ms/update
   req 4: status 200 finish=length tokens 256 chunks 256 ttft 9440 ms  client update pace 35.42 ms/update
   req 5: status 200 finish=length tokens 256 chunks 256 ttft 9794 ms  client update pace 33.53 ms/update
   req 6: status 200 finish=length tokens 256 chunks 256 ttft 9163 ms  client update pace 36.61 ms/update
   req 7: status 200 finish=length tokens 256 chunks 243 ttft 9441 ms  client update pace 36.80 ms/update
   aggregate wall: 2048 tokens in 18.50 s = 110.69 tok/s (prefill included)
   legacy output-span aggregate: 112.56539703322764 tok/s (initial TTFT excluded; later admissions included)
   engine decode: 115.845 tok/s
== math concurrency 8: 05:42:54.647 .. 05:43:14.837  wall 20.2 s
   req 0: status 200 finish=length tokens 256 chunks 256 ttft 332 ms  client update pace 37.90 ms/update
   req 1: status 200 finish=length tokens 256 chunks 256 ttft 10247 ms  client update pace 38.38 ms/update
   req 2: status 200 finish=length tokens 256 chunks 252 ttft 332 ms  client update pace 41.82 ms/update
   req 3: status 200 finish=length tokens 256 chunks 256 ttft 9465 ms  client update pace 40.65 ms/update
   req 4: status 200 finish=length tokens 256 chunks 256 ttft 10725 ms  client update pace 37.10 ms/update
   req 5: status 200 finish=length tokens 256 chunks 256 ttft 330 ms  client update pace 34.73 ms/update
   req 6: status 200 finish=length tokens 256 chunks 256 ttft 330 ms  client update pace 39.68 ms/update
   req 7: status 200 finish=length tokens 256 chunks 243 ttft 11077 ms  client update pace 37.53 ms/update
   aggregate wall: 2048 tokens in 20.19 s = 101.44 tok/s (prefill included)
   legacy output-span aggregate: 103.14282262356485 tok/s (initial TTFT excluded; later admissions included)
   engine decode: 108.638 tok/s
== chat concurrency 1: 05:43:14.868 .. 05:43:19.562  wall 4.7 s
   req 0: status 200 finish=length tokens 256 chunks 256 ttft 177 ms  client update pace 17.71 ms/update
   aggregate wall: 256 tokens in 4.69 s = 54.54 tok/s (prefill included)
   legacy output-span aggregate: 56.68808211760755 tok/s (initial TTFT excluded; later admissions included)
   engine decode: 56.626 tok/s
== chat concurrency 1: 05:43:19.562 .. 05:43:24.255  wall 4.7 s
   req 0: status 200 finish=length tokens 256 chunks 256 ttft 177 ms  client update pace 17.70 ms/update
   aggregate wall: 256 tokens in 4.69 s = 54.55 tok/s (prefill included)
   legacy output-span aggregate: 56.70579335581813 tok/s (initial TTFT excluded; later admissions included)
   engine decode: 56.693 tok/s
== chat concurrency 1: 05:43:24.256 .. 05:43:28.950  wall 4.7 s
   req 0: status 200 finish=length tokens 256 chunks 256 ttft 178 ms  client update pace 17.71 ms/update
   aggregate wall: 256 tokens in 4.69 s = 54.54 tok/s (prefill included)
   legacy output-span aggregate: 56.69744083268183 tok/s (initial TTFT excluded; later admissions included)
   engine decode: 56.701 tok/s
== chat concurrency 2: 05:43:28.984 .. 05:43:35.369  wall 6.4 s
   req 0: status 200 finish=length tokens 256 chunks 256 ttft 253 ms  client update pace 23.94 ms/update
   req 1: status 200 finish=length tokens 256 chunks 256 ttft 252 ms  client update pace 24.04 ms/update
   aggregate wall: 512 tokens in 6.38 s = 80.19 tok/s (prefill included)
   legacy output-span aggregate: 83.51315230573555 tok/s (initial TTFT excluded; later admissions included)
   engine decode: 83.077 tok/s
== chat concurrency 2: 05:43:35.370 .. 05:43:43.414  wall 8.0 s
   req 0: status 200 finish=length tokens 256 chunks 256 ttft 228 ms  client update pace 30.55 ms/update
   req 1: status 200 finish=length tokens 256 chunks 256 ttft 228 ms  client update pace 30.65 ms/update
   aggregate wall: 512 tokens in 8.04 s = 63.64 tok/s (prefill included)
   legacy output-span aggregate: 65.51321052717189 tok/s (initial TTFT excluded; later admissions included)
   engine decode: 65.385 tok/s
== chat concurrency 2: 05:43:43.415 .. 05:43:49.801  wall 6.4 s
   req 0: status 200 finish=length tokens 256 chunks 256 ttft 227 ms  client update pace 24.04 ms/update
   req 1: status 200 finish=length tokens 256 chunks 256 ttft 228 ms  client update pace 24.14 ms/update
   aggregate wall: 512 tokens in 6.39 s = 80.18 tok/s (prefill included)
   legacy output-span aggregate: 83.16441495505397 tok/s (initial TTFT excluded; later admissions included)
   engine decode: 83.024 tok/s
== chat concurrency 4: 05:43:49.830 .. 05:43:59.391  wall 9.6 s
   req 0: status 200 finish=length tokens 256 chunks 256 ttft 304 ms  client update pace 36.30 ms/update
   req 1: status 200 finish=length tokens 256 chunks 256 ttft 304 ms  client update pace 35.30 ms/update
   req 2: status 200 finish=length tokens 256 chunks 256 ttft 303 ms  client update pace 36.20 ms/update
   req 3: status 200 finish=length tokens 256 chunks 256 ttft 303 ms  client update pace 35.50 ms/update
   aggregate wall: 1024 tokens in 9.56 s = 107.10 tok/s (prefill included)
   legacy output-span aggregate: 110.63525507238035 tok/s (initial TTFT excluded; later admissions included)
   engine decode: 110.356 tok/s
== chat concurrency 4: 05:43:59.392 .. 05:44:09.000  wall 9.6 s
   req 0: status 200 finish=length tokens 256 chunks 256 ttft 305 ms  client update pace 36.48 ms/update
   req 1: status 200 finish=length tokens 256 chunks 256 ttft 303 ms  client update pace 35.28 ms/update
   req 2: status 200 finish=length tokens 256 chunks 256 ttft 304 ms  client update pace 36.28 ms/update
   req 3: status 200 finish=length tokens 256 chunks 256 ttft 304 ms  client update pace 35.48 ms/update
   aggregate wall: 1024 tokens in 9.61 s = 106.57 tok/s (prefill included)
   legacy output-span aggregate: 110.08009363318749 tok/s (initial TTFT excluded; later admissions included)
   engine decode: 109.865 tok/s
== chat concurrency 4: 05:44:09.001 .. 05:44:20.254  wall 11.3 s
   req 0: status 200 finish=length tokens 256 chunks 256 ttft 304 ms  client update pace 42.93 ms/update
   req 1: status 200 finish=length tokens 256 chunks 256 ttft 304 ms  client update pace 41.73 ms/update
   req 2: status 200 finish=length tokens 256 chunks 256 ttft 303 ms  client update pace 42.83 ms/update
   req 3: status 200 finish=length tokens 256 chunks 256 ttft 303 ms  client update pace 41.93 ms/update
   aggregate wall: 1024 tokens in 11.25 s = 91.00 tok/s (prefill included)
   legacy output-span aggregate: 93.54096231370991 tok/s (initial TTFT excluded; later admissions included)
   engine decode: 93.283 tok/s
== chat concurrency 8: 05:44:20.288 .. 05:44:39.155  wall 18.9 s
   req 0: status 200 finish=length tokens 256 chunks 256 ttft 282 ms  client update pace 34.83 ms/update
   req 1: status 200 finish=length tokens 256 chunks 256 ttft 281 ms  client update pace 34.83 ms/update
   req 2: status 200 finish=length tokens 256 chunks 256 ttft 9337 ms  client update pace 37.36 ms/update
   req 3: status 200 finish=length tokens 256 chunks 256 ttft 280 ms  client update pace 36.81 ms/update
   req 4: status 200 finish=length tokens 256 chunks 256 ttft 279 ms  client update pace 36.01 ms/update
   req 5: status 200 finish=length tokens 256 chunks 256 ttft 9614 ms  client update pace 36.06 ms/update
   req 6: status 200 finish=length tokens 256 chunks 256 ttft 9336 ms  client update pace 36.46 ms/update
   req 7: status 200 finish=length tokens 256 chunks 253 ttft 9816 ms  client update pace 34.78 ms/update
   aggregate wall: 2048 tokens in 18.87 s = 108.55 tok/s (prefill included)
   legacy output-span aggregate: 110.20278348411017 tok/s (initial TTFT excluded; later admissions included)
   engine decode: 112.894 tok/s
== chat concurrency 8: 05:44:39.156 .. 05:44:59.561  wall 20.4 s
   req 0: status 200 finish=length tokens 256 chunks 256 ttft 283 ms  client update pace 34.80 ms/update
   req 1: status 200 finish=length tokens 256 chunks 256 ttft 283 ms  client update pace 34.80 ms/update
   req 2: status 200 finish=length tokens 256 chunks 256 ttft 9357 ms  client update pace 43.31 ms/update
   req 3: status 200 finish=length tokens 256 chunks 256 ttft 282 ms  client update pace 36.78 ms/update
   req 4: status 200 finish=length tokens 256 chunks 256 ttft 281 ms  client update pace 35.99 ms/update
   req 5: status 200 finish=length tokens 256 chunks 256 ttft 9356 ms  client update pace 42.81 ms/update
   req 6: status 200 finish=length tokens 256 chunks 256 ttft 9608 ms  client update pace 42.02 ms/update
   req 7: status 200 finish=length tokens 256 chunks 253 ttft 9811 ms  client update pace 41.01 ms/update
   aggregate wall: 2048 tokens in 20.40 s = 100.37 tok/s (prefill included)
   legacy output-span aggregate: 101.78577770343102 tok/s (initial TTFT excluded; later admissions included)
   engine decode: 104.246 tok/s
== chat concurrency 8: 05:44:59.562 .. 05:45:18.432  wall 18.9 s
   req 0: status 200 finish=length tokens 256 chunks 256 ttft 281 ms  client update pace 34.90 ms/update
   req 1: status 200 finish=length tokens 256 chunks 256 ttft 281 ms  client update pace 34.90 ms/update
   req 2: status 200 finish=length tokens 256 chunks 256 ttft 9760 ms  client update pace 35.71 ms/update
   req 3: status 200 finish=length tokens 256 chunks 256 ttft 9558 ms  client update pace 36.20 ms/update
   req 4: status 200 finish=length tokens 256 chunks 256 ttft 279 ms  client update pace 36.68 ms/update
   req 5: status 200 finish=length tokens 256 chunks 256 ttft 280 ms  client update pace 35.79 ms/update
   req 6: status 200 finish=length tokens 256 chunks 256 ttft 9356 ms  client update pace 36.11 ms/update
   req 7: status 200 finish=length tokens 256 chunks 253 ttft 9356 ms  client update pace 35.53 ms/update
   aggregate wall: 2048 tokens in 18.87 s = 108.53 tok/s (prefill included)
   legacy output-span aggregate: 110.18014621312122 tok/s (initial TTFT excluded; later admissions included)
   engine decode: 112.799 tok/s
== per-class wall aggregate tokens/s (prefill included), greedy, max_tokens 256
| class | c=1 | c=2 | c=4 | c=8 |
|---|---|---|---|---|
| prose | 57.7 | 79.5 | 112.3 | 105.7 |
| code | 58.7 | 81.5 | 108.0 | 105.8 |
| json | 53.4 | 80.2 | 117.7 | 114.8 |
| math | 57.0 | 85.6 | 110.4 | 101.5 |
| chat | 54.5 | 80.2 | 106.6 | 108.5 |
