2026-10-06 14:41:13.594 INFO  dgpp-serve 0.1.0+g50309fdcf51d.dirty (git 50309fdcf51d)
2026-10-06 14:41:13.595 INFO  config /tmp/bus4/deployments/191aa84fb32e3def/cluster.json: model unsloth/GLM-5.3-Flash-FP8, world 4, rank 1, http :18080, fabric :29970, journal :29971
2026-10-06 14:41:13.595 INFO  model unsloth/GLM-5.3-Flash-FP8 -> /home/stephen/.cache/huggingface/hub/models--unsloth--GLM-5.3-Flash-FP8/snapshots/a160e2291674d9e3e92e98fd82faa2544a2867a3
2026-10-06 14:41:13.595 INFO  journal: connected to rank 0 at 192.168.88.11:29971 (120000 attempt window)
2026-10-06 14:41:13.596 INFO  rank 1: settings from rank 0: model=unsloth/GLM-5.3-Flash-FP8 world=4 fabric=29970 journal=29971 conc=4 kv=393216 kvdt=bf16 ngt=resident dw=checkpoint mtpef=fp8 bfw=bf12+bf16 fp8head=gemv pf=bounded emsh=replicated maxtok=32768 queue=8 eos=1 graph=1 compact=0 mtp=1 mtpd=3 mss=0 msrow=8 msbase=28 mslam=0 msmin=1 msad=1 msss=0.93 mdr=auto mdt=1 mvf=token dbr=0 batchmin=2 cand=128 pcgib=8 adm=full win=256 pfbudget=256 pfidle=2048 pmin=1024 phead=1 pace=-1 inflight=-1 reasoning_in_content=0 rs=off dflash=off dfw=checkpoint
2026-10-06 14:41:13.597 INFO  config: model=unsloth/GLM-5.3-Flash-FP8 world=4 fabric=29970 journal=29971 conc=4 kv=393216 kvdt=bf16 ngt=resident dw=checkpoint mtpef=fp8 bfw=bf12+bf16 fp8head=gemv pf=bounded emsh=replicated maxtok=32768 queue=8 eos=1 graph=1 compact=0 mtp=1 mtpd=3 mss=0 msrow=8 msbase=28 mslam=0 msmin=1 msad=1 msss=0.93 mdr=auto mdt=1 mvf=token dbr=0 batchmin=2 cand=128 pcgib=8 adm=full win=256 pfbudget=256 pfidle=2048 pmin=1024 phead=1 pace=-1 inflight=-1 reasoning_in_content=0 rs=off dflash=off dfw=checkpoint (digest cc8cf631ecdf53a5)
2026-10-06 14:41:13.716 INFO  serve: model family glm5 (/home/stephen/.cache/huggingface/hub/models--unsloth--GLM-5.3-Flash-FP8/snapshots/a160e2291674d9e3e92e98fd82faa2544a2867a3)
2026-10-06 14:41:13.716 INFO  serve: 4 slots x 4 rows exceed the glm5 family's 8-row decode ceiling; depth 3 uses fitting batch families where supported, otherwise scalar graphs
2026-10-06 14:41:13.716 INFO  serve: decode rows 8 (4 slot(s) x 4 row(s) per request, floor 8, the glm5 family's cap 8)
2026-10-06 14:41:13.716 WARN  generation config /home/stephen/.cache/huggingface/hub/models--unsloth--GLM-5.3-Flash-FP8/snapshots/a160e2291674d9e3e92e98fd82faa2544a2867a3/generation_config.json omits top_k, min_p, repetition_penalty; using greedy-safe/neutral fallbacks for those fields
2026-10-06 14:41:13.716 INFO  generation defaults: temperature=1 top_p=0.95 top_k=0 min_p=0 repetition_penalty=1
2026-10-06 14:41:13.716 INFO  serve: sampling defaults temperature 1 top_p 0.95 top_k 0 min_p 0 repetition_penalty 1 (from generation_config.json; overrides: none)
2026-10-06 14:41:13.716 INFO  serve: request context limit 393216 tokens (the 393216-token K/V pool from engine.kv_capacity 393216; this family states no positional ceiling of its own)
2026-10-06 14:41:13.716 INFO  rank 1: prefix cache plan — 8 GiB budget, 232 slots of 35.227 MiB, 7.981 GiB allocated; cached K/V blocks share the 393216-token pool
2026-10-06 14:41:13.881 INFO  tokenizer: loaded vocab 154820 merges 321649 added 36 (revision 0x700b4469fc43f23b; glm pattern, no normalizer, ignore_merges true)
2026-10-06 14:41:13.891 INFO  serve: grammar vocabulary built (154880 ids, tool markers present, call-turn EOS 154829)
2026-10-06 14:41:14.001 INFO  serve: JSON grammar tables built in 0.11 s
2026-10-06 14:41:14.235 INFO  bus: globaltimer offset -61657268364 ns (+-2 us)
2026-10-06 14:41:14.240 INFO  verbs: device roceP2p1s0f0 port 1 gid_index 3
2026-10-06 14:41:14.244 INFO  verbs: device rocep1s0f0 port 1 gid_index 3
2026-10-06 14:41:15.314 INFO  bus: rank 1 up — 3 peer(s) x 2 lane(s), lat 8x65536B, bulk 8x262144B, bulk pace 28.3 Gb/s per QP, window 4 per lane
2026-10-06 14:41:15.314 INFO  rank 1: boundary reducer host-driven
2026-10-06 14:41:15.459 INFO  rank 1: process memory locked (mlockall MCL_CURRENT, 14546 MiB)
2026-10-06 14:41:15.459 INFO  rank 1: resident image cache at /home/stephen/.cache/dgpp/resident
2026-10-06 14:41:15.459 INFO  bus engine: rank 1 pinned to cpu 19
2026-10-06 14:41:15.496 INFO  rank 1: memory plan for a 393216-token context — vision weights (replicated) 1.05 GiB; vision workspace (bounded image prefill) 0.33 GiB; model weights (resident) 79.29 GiB (1.81 GiB pinned); tensor-parallel slice views 0.67 GiB; bf16 decode packing (12-bit companions) 1.96 GiB; gemm workspace (at least) 0.06 GiB; kda scratch 0.08 GiB; kv cache pool (bf16) 4.65 GiB; dsa scratch 0.20 GiB; moe scratch 0.68 GiB (0.00 GiB pinned); kda state (request slots) 0.14 GiB; kda speculative snapshots 0.27 GiB; draft hidden cache (per position) 12.00 GiB; draft activations 0.05 GiB; activations (per-forward rows) 0.32 GiB (0.00 GiB pinned); route-trace staging 0.10 GiB (0.10 GiB pinned); prefix cache 7.98 GiB; engine 0.07 GiB
2026-10-06 14:41:15.496 INFO  rank 1: memory plan total 109.90 GiB (99.94 GiB device + 9.97 GiB pinned) + 4.00 GiB headroom against 116.68 GiB free (device free 114.49 GiB of 121.69 GiB, host available 116.68 GiB)
2026-10-06 14:41:15.496 INFO  memory ledger: rank 1 after the plan check — rss 1.18 GiB (anon 0.42, shmem 0.09, file 0.67; locked 14.21); device free 114.49 GiB, node available 116.68 GiB
2026-10-06 14:41:15.496 INFO  memory ledger: rank 1 after the bus — rss 1.18 GiB (anon 0.42, shmem 0.09, file 0.67; locked 14.21); device free 114.49 GiB, node available 116.68 GiB
2026-10-06 14:41:15.699 INFO  glm loader: rank 1 resident footprint 77.5 GiB; device free 114.5 of 121.7 GiB, host available 116.7 GiB
2026-10-06 14:41:16.649 INFO  glm loader: rank 1 resident image /home/stephen/.cache/dgpp/resident/2a6f0e54a2ffd844.img — 46/46 layers present, direct I/O
2026-10-06 14:41:16.672 INFO  l2 prefetch: on, window budget 12 MiB, boundary rate light, layer rate light
2026-10-06 14:41:16.672 INFO  glm loader: rank 1 boot digest from the resident image (713 tensors, 2.91 GiB)
2026-10-06 14:41:30.715 INFO  glm loader: rank 1 resident load complete — released 62 shard mappings (305.8 GiB) and evicted their page cache; image: 46 layers restored, 0 captured
2026-10-06 14:41:31.053 INFO  rank 1 bf12: 70 decode matrices packed (2.55 GiB of bf16 -> 1.92 GiB, 213419 escapes, widest row 64, 3 rows kept raw; 0 matrices kept bf16) in 1.3 s
2026-10-06 14:41:35.760 INFO  rank 1 boot phases: digest 0.0 s (3.96 GiB hashed), globals 1.3 s, layers 17.2 s
2026-10-06 14:41:35.760 INFO  memory ledger: rank 1 after the model — rss 3.09 GiB (anon 0.42, shmem 2.01, file 0.67; locked 14.19); device free 11.68 GiB, node available 13.85 GiB
2026-10-06 14:41:35.760 INFO  rank 1: model constructed in 20.3s (resident, 4 request slots, 393216-token pool in bf16, 2048-row forwards)
2026-10-06 14:41:35.760 INFO  rank 1: prefix cache on — 232 snapshot slot(s) of 35.2 MiB (8.00 GiB asked)
2026-10-06 14:41:36.013 INFO  rank 1: graph engine samples on the device — 55 candidates per rank (16 rows x 4 ranks in a 65536-byte latency slot; the planned width is 128); constrained decoding available
2026-10-06 14:41:36.013 INFO  rank 1: graph row batch unavailable at mtp depth 3 (this family has no batched chain); every step replays a scalar graph
2026-10-06 14:41:36.013 INFO  rank 1: prefill budget 256 tokens/tick (0 = full prompt), 2048 with nothing decoding
2026-10-06 14:41:36.013 INFO  rank 1: sampled requests draft a draw from the draft's distribution under the ratio verify (engine.mtp_draft auto)
2026-10-06 14:41:42.983 INFO  memory ledger: rank 1 after the graph engine — rss 3.10 GiB (anon 0.42, shmem 2.01, file 0.67; locked 14.19); device free 3.63 GiB, node available 5.80 GiB
2026-10-06 14:41:43.252 INFO  allreduce: device clock rate 2418000 kHz (stamps conversion)
2026-10-06 14:41:43.252 INFO  allreduce: rank 1 seq 1 launched (3 peers)
2026-10-06 14:41:43.252 INFO  allreduce: rank 1 seq 1 ready after 32.7us
2026-10-06 14:41:43.352 INFO  allreduce: rank 1 seq 1 done status=0 after 99219.4us
2026-10-06 14:41:43.392 INFO  allreduce: rank 1 seq 2 launched (3 peers)
2026-10-06 14:41:43.392 INFO  allreduce: rank 1 seq 2 ready after 10.2us
2026-10-06 14:41:43.400 INFO  allreduce: rank 1 seq 2 done status=0 after 8350.5us
2026-10-06 14:41:43.400 INFO  allreduce: rank 1 seq 3 launched (3 peers)
2026-10-06 14:41:43.400 INFO  allreduce: rank 1 seq 3 ready after 11.7us
2026-10-06 14:41:43.401 INFO  allreduce: rank 1 seq 3 done status=0 after 170.5us
2026-10-06 14:41:43.401 INFO  allreduce: rank 1 seq 4 launched (3 peers)
2026-10-06 14:41:43.401 INFO  allreduce: rank 1 seq 4 ready after 11.4us
2026-10-06 14:41:43.401 INFO  allreduce: rank 1 seq 4 done status=0 after 84.6us
2026-10-06 14:41:43.401 INFO  allreduce: rank 1 seq 5 launched (3 peers)
2026-10-06 14:41:43.401 INFO  allreduce: rank 1 seq 5 ready after 11.6us
2026-10-06 14:41:43.401 INFO  allreduce: rank 1 seq 5 done status=0 after 71.8us
2026-10-06 14:41:43.402 INFO  allreduce: rank 1 seq 6 launched (3 peers)
2026-10-06 14:41:43.402 INFO  allreduce: rank 1 seq 6 ready after 11.6us
2026-10-06 14:41:43.402 INFO  allreduce: rank 1 seq 6 done status=0 after 55.5us
2026-10-06 14:41:43.405 INFO  allreduce: rank 1 seq 7 launched (3 peers)
2026-10-06 14:41:43.405 INFO  allreduce: rank 1 seq 7 ready after 14.9us
2026-10-06 14:41:43.406 INFO  allreduce: rank 1 seq 7 done status=0 after 277.1us
2026-10-06 14:41:43.406 INFO  allreduce: rank 1 seq 8 launched (3 peers)
2026-10-06 14:41:43.407 INFO  allreduce: rank 1 seq 8 ready after 14.0us
2026-10-06 14:41:43.407 INFO  allreduce: rank 1 seq 8 done status=0 after 157.3us
2026-10-06 14:41:43.407 INFO  allreduce: rank 1 seq 9 launched (3 peers)
2026-10-06 14:41:43.407 INFO  allreduce: rank 1 seq 9 ready after 11.0us
2026-10-06 14:41:43.407 INFO  allreduce: rank 1 seq 9 done status=0 after 71.3us
2026-10-06 14:41:43.408 INFO  allreduce: rank 1 seq 10 launched (3 peers)
2026-10-06 14:41:43.408 INFO  allreduce: rank 1 seq 10 ready after 13.6us
2026-10-06 14:41:43.408 INFO  allreduce: rank 1 seq 10 done status=0 after 72.9us
2026-10-06 14:41:43.408 INFO  allreduce: rank 1 seq 11 launched (3 peers)
2026-10-06 14:41:43.408 INFO  allreduce: rank 1 seq 11 ready after 11.3us
2026-10-06 14:41:43.408 INFO  allreduce: rank 1 seq 11 done status=0 after 66.7us
2026-10-06 14:41:43.409 INFO  allreduce: rank 1 seq 12 launched (3 peers)
2026-10-06 14:41:43.409 INFO  allreduce: rank 1 seq 12 ready after 11.2us
2026-10-06 14:41:43.410 INFO  allreduce: rank 1 seq 12 done status=0 after 49.5us
2026-10-06 14:41:43.410 INFO  allreduce: rank 1 seq 13 launched (3 peers)
2026-10-06 14:41:43.410 INFO  allreduce: rank 1 seq 13 ready after 11.2us
2026-10-06 14:41:43.410 INFO  allreduce: rank 1 seq 13 done status=0 after 102.9us
2026-10-06 14:41:43.411 INFO  allreduce: rank 1 seq 14 launched (3 peers)
2026-10-06 14:41:43.411 INFO  allreduce: rank 1 seq 14 ready after 15.1us
2026-10-06 14:41:43.411 INFO  allreduce: rank 1 seq 14 done status=0 after 99.0us
2026-10-06 14:41:43.412 INFO  allreduce: rank 1 seq 15 launched (3 peers)
2026-10-06 14:41:43.412 INFO  allreduce: rank 1 seq 15 ready after 9.4us
2026-10-06 14:41:43.412 INFO  allreduce: rank 1 seq 15 done status=0 after 44.3us
2026-10-06 14:41:43.413 INFO  allreduce: rank 1 seq 16 launched (3 peers)
2026-10-06 14:41:43.413 INFO  allreduce: rank 1 seq 16 ready after 9.2us
2026-10-06 14:41:43.413 INFO  allreduce: rank 1 seq 16 done status=0 after 44.4us
2026-10-06 14:41:43.501 INFO  bus graph era: variant 0 recorded with 100 collective node(s)
2026-10-06 14:41:43.502 INFO  rank 1: graph variant 0 shape: 1385 nodes, 1704 edges: kernel 1385 empty 0 memcpy 0 memset 0 host 0 event 0 other 0; max in-degree 2
2026-10-06 14:41:43.508 INFO  rank 1: graph variant 0 instantiated — 31.5 MiB of device memory (3.1 GiB free)
2026-10-06 14:41:43.509 INFO  bus graph era: variant 1 recorded with 100 collective node(s)
2026-10-06 14:41:43.509 INFO  rank 1: graph variant 1 shape: 1385 nodes, 1704 edges: kernel 1385 empty 0 memcpy 0 memset 0 host 0 event 0 other 0; max in-degree 2
2026-10-06 14:41:43.515 INFO  rank 1: graph variant 1 instantiated — 31.1 MiB of device memory (3.1 GiB free)
2026-10-06 14:41:43.515 INFO  rank 1: serving scalar graph variants 0/1 captured for request slot 0 (4 rows, MTP)
2026-10-06 14:41:43.598 INFO  bus graph era: variant 2 recorded with 100 collective node(s)
2026-10-06 14:41:43.598 INFO  rank 1: graph variant 2 shape: 1385 nodes, 1704 edges: kernel 1385 empty 0 memcpy 0 memset 0 host 0 event 0 other 0; max in-degree 2
2026-10-06 14:41:43.605 INFO  rank 1: graph variant 2 instantiated — 36.3 MiB of device memory (3.1 GiB free)
2026-10-06 14:41:43.606 INFO  bus graph era: variant 3 recorded with 100 collective node(s)
2026-10-06 14:41:43.606 INFO  rank 1: graph variant 3 shape: 1385 nodes, 1704 edges: kernel 1385 empty 0 memcpy 0 memset 0 host 0 event 0 other 0; max in-degree 2
2026-10-06 14:41:43.612 INFO  rank 1: graph variant 3 instantiated — 31.9 MiB of device memory (3.0 GiB free)
2026-10-06 14:41:43.612 INFO  rank 1: serving scalar graph variants 2/3 captured for request slot 1 (4 rows, MTP)
2026-10-06 14:41:43.694 INFO  bus graph era: variant 4 recorded with 100 collective node(s)
2026-10-06 14:41:43.694 INFO  rank 1: graph variant 4 shape: 1385 nodes, 1704 edges: kernel 1385 empty 0 memcpy 0 memset 0 host 0 event 0 other 0; max in-degree 2
2026-10-06 14:41:43.700 INFO  rank 1: graph variant 4 instantiated — 31.5 MiB of device memory (3.0 GiB free)
2026-10-06 14:41:43.701 INFO  bus graph era: variant 5 recorded with 100 collective node(s)
2026-10-06 14:41:43.701 INFO  rank 1: graph variant 5 shape: 1385 nodes, 1704 edges: kernel 1385 empty 0 memcpy 0 memset 0 host 0 event 0 other 0; max in-degree 2
2026-10-06 14:41:43.708 INFO  rank 1: graph variant 5 instantiated — 37.2 MiB of device memory (3.0 GiB free)
2026-10-06 14:41:43.708 INFO  rank 1: serving scalar graph variants 4/5 captured for request slot 2 (4 rows, MTP)
2026-10-06 14:41:43.790 INFO  bus graph era: variant 6 recorded with 100 collective node(s)
2026-10-06 14:41:43.790 INFO  rank 1: graph variant 6 shape: 1385 nodes, 1704 edges: kernel 1385 empty 0 memcpy 0 memset 0 host 0 event 0 other 0; max in-degree 2
2026-10-06 14:41:43.796 INFO  rank 1: graph variant 6 instantiated — 31.1 MiB of device memory (2.9 GiB free)
2026-10-06 14:41:43.797 INFO  bus graph era: variant 7 recorded with 100 collective node(s)
2026-10-06 14:41:43.798 INFO  rank 1: graph variant 7 shape: 1385 nodes, 1704 edges: kernel 1385 empty 0 memcpy 0 memset 0 host 0 event 0 other 0; max in-degree 2
2026-10-06 14:41:43.804 INFO  rank 1: graph variant 7 instantiated — 31.1 MiB of device memory (2.9 GiB free)
2026-10-06 14:41:43.804 INFO  rank 1: serving scalar graph variants 6/7 captured for request slot 3 (4 rows, MTP)
2026-10-06 14:41:43.804 INFO  rank 1: warm capture complete — 4 scalar variants recorded before the first request
2026-10-06 14:41:43.804 INFO  memory ledger: rank 1 after the warm capture — rss 3.51 GiB (anon 0.82, shmem 2.01, file 0.67; locked 14.19); device free 2.91 GiB, node available 5.08 GiB
2026-10-06 14:41:43.804 INFO  rank 1: graph variants warm-captured in 0.82s
2026-10-06 14:41:43.804 INFO  rank 1: following rank 0's journal (admission full, window 256)
2026-10-06 14:41:44.659 INFO  sched: request 'chatcmpl-0e5f3a23c35d97a0' starting prefill in slot 0 (62 prompt tokens)
2026-10-06 14:41:44.953 INFO  sched: request 'chatcmpl-0e5f3a23c35d97a0' prefix cache miss — 2 cut(s), the cache is empty
2026-10-06 14:41:44.953 INFO  sched: request 'chatcmpl-0e5f3a23c35d97a0' admitted to slot 0 (reserve 1 blocks; pool 1/3072 blocks in use) — first token 785
2026-10-06 14:41:46.367 INFO  sched: request 'chatcmpl-0e5f3a23c35d97a0' retired (steps): 64 tok in 1.7 s — prefill 62 tok (0 cached) in 294 ms; decode 63 tok / 24 passes in 1.4 s: 44.5 tok/s, 22.5 ms/tok, 59 ms/pass, 2.62 tok/pass, accept p1 79 % p2 54 % p3 29 %
2026-10-06 14:41:46.376 INFO  sched: request 'chatcmpl-0e5f3a23c35d97a1' starting prefill in slot 0 (37 prompt tokens)
2026-10-06 14:41:46.588 INFO  sched: request 'chatcmpl-0e5f3a23c35d97a1' prefix cache miss — 2 cut(s), the cache is empty
2026-10-06 14:41:46.588 INFO  sched: request 'chatcmpl-0e5f3a23c35d97a1' admitted to slot 0 (reserve 3 blocks; pool 3/3072 blocks in use) — first token 785
2026-10-06 14:41:52.137 INFO  sched: request 'chatcmpl-0e5f3a23c35d97a1' retired (steps): 256 tok in 5.8 s — prefill 37 tok (0 cached) in 213 ms; decode 255 tok / 96 passes in 5.5 s: 46.0 tok/s, 21.8 ms/tok, 58 ms/pass, 2.66 tok/pass, accept p1 82 % p2 64 % p3 21 %
2026-10-06 14:41:52.152 INFO  sched: request 'chatcmpl-0e5f3a23c35d97a2' starting prefill in slot 0 (37 prompt tokens)
2026-10-06 14:41:52.362 INFO  sched: request 'chatcmpl-0e5f3a23c35d97a2' prefix cache miss — 2 cut(s), the cache is empty
2026-10-06 14:41:52.362 INFO  sched: request 'chatcmpl-0e5f3a23c35d97a2' admitted to slot 0 (reserve 3 blocks; pool 3/3072 blocks in use) — first token 785
2026-10-06 14:41:54.008 INFO  stats: rank 1 | 10.0 s | decode 39.5 tok/s, 21.5 ms/tok, 57.5 ms/step (148 steps / 396 tok, 85 % of wall) | mtp 2.68 tok/step/req, accept p1 83 % p2 61 % p3 22 % | prefill 3 prompts / 136 tok, 14 tok/s, 5.27 ms/tok, 239 ms avg (7 % of wall), 0 tok cached (0/3 hits) | live 1, queued 0 | pool 3/3072 blocks (0 %) | prefix cache 0/232 entries
2026-10-06 14:41:57.905 INFO  sched: request 'chatcmpl-0e5f3a23c35d97a2' retired (steps): 256 tok in 5.8 s — prefill 37 tok (0 cached) in 210 ms; decode 255 tok / 96 passes in 5.5 s: 46.0 tok/s, 21.7 ms/tok, 58 ms/pass, 2.66 tok/pass, accept p1 82 % p2 64 % p3 21 %
2026-10-06 14:41:57.924 INFO  sched: request 'chatcmpl-0e5f3a23c35d97a3' starting prefill in slot 0 (37 prompt tokens)
2026-10-06 14:41:58.148 INFO  sched: request 'chatcmpl-0e5f3a23c35d97a3' prefix cache miss — 2 cut(s), the cache is empty
2026-10-06 14:41:58.148 INFO  sched: request 'chatcmpl-0e5f3a23c35d97a3' admitted to slot 0 (reserve 3 blocks; pool 3/3072 blocks in use) — first token 785
2026-10-06 14:42:03.715 INFO  sched: request 'chatcmpl-0e5f3a23c35d97a3' retired (steps): 256 tok in 5.8 s — prefill 37 tok (0 cached) in 224 ms; decode 255 tok / 96 passes in 5.6 s: 45.8 tok/s, 21.8 ms/tok, 58 ms/pass, 2.66 tok/pass, accept p1 82 % p2 64 % p3 21 %
2026-10-06 14:42:03.730 INFO  sched: request 'chatcmpl-0e5f3a23c35d97a4' starting prefill in slot 0 (51 prompt tokens)
2026-10-06 14:42:03.979 INFO  sched: request 'chatcmpl-0e5f3a23c35d97a4' prefix cache miss — 2 cut(s), the cache is empty
2026-10-06 14:42:03.979 INFO  sched: request 'chatcmpl-0e5f3a23c35d97a4' admitted to slot 0 (reserve 3 blocks; pool 3/3072 blocks in use) — first token 785
2026-10-06 14:42:04.032 INFO  stats: rank 1 | 10.0 s | decode 44.0 tok/s, 21.3 ms/tok, 57.0 ms/step (165 steps / 441 tok, 94 % of wall) | mtp 2.67 tok/step/req, accept p1 81 % p2 65 % p3 21 % | prefill 2 prompts / 88 tok, 9 tok/s, 5.37 ms/tok, 236 ms avg (5 % of wall), 0 tok cached (0/2 hits) | live 1, queued 0 | pool 3/3072 blocks (0 %) | prefix cache 0/232 entries
2026-10-06 14:42:09.120 INFO  sched: request 'chatcmpl-0e5f3a23c35d97a4' retired (steps): 256 tok in 5.4 s — prefill 51 tok (0 cached) in 249 ms; decode 255 tok / 85 passes in 5.1 s: 49.6 tok/s, 20.2 ms/tok, 60 ms/pass, 3.00 tok/pass, accept p1 99 % p2 72 % p3 32 %
2026-10-06 14:42:09.151 INFO  sched: request 'chatcmpl-0e5f3a23c35d97a5' starting prefill in slot 0 (51 prompt tokens)
2026-10-06 14:42:09.400 INFO  sched: request 'chatcmpl-0e5f3a23c35d97a5' prefix cache miss — 2 cut(s), the cache is empty
2026-10-06 14:42:09.400 INFO  sched: request 'chatcmpl-0e5f3a23c35d97a5' admitted to slot 0 (reserve 3 blocks; pool 3/3072 blocks in use) — first token 785
2026-10-06 14:42:14.081 INFO  stats: rank 1 | 10.0 s | decode 48.2 tok/s, 20.0 ms/tok, 59.8 ms/step (162 steps / 484 tok, 96 % of wall) | mtp 2.99 tok/step/req, accept p1 99 % p2 70 % p3 30 % | prefill 1 prompt / 51 tok, 5 tok/s, 4.87 ms/tok, 249 ms avg (2 % of wall), 0 tok cached (0/1 hit) | live 1, queued 0 | pool 3/3072 blocks (0 %) | prefix cache 0/232 entries
2026-10-06 14:42:14.513 INFO  sched: request 'chatcmpl-0e5f3a23c35d97a5' retired (steps): 256 tok in 5.4 s — prefill 51 tok (0 cached) in 249 ms; decode 255 tok / 85 passes in 5.1 s: 49.9 tok/s, 20.1 ms/tok, 60 ms/pass, 3.00 tok/pass, accept p1 99 % p2 72 % p3 32 %
2026-10-06 14:42:14.523 INFO  sched: request 'chatcmpl-0e5f3a23c35d97a6' starting prefill in slot 0 (51 prompt tokens)
2026-10-06 14:42:14.775 INFO  sched: request 'chatcmpl-0e5f3a23c35d97a6' prefix cache miss — 2 cut(s), the cache is empty
2026-10-06 14:42:14.775 INFO  sched: request 'chatcmpl-0e5f3a23c35d97a6' admitted to slot 0 (reserve 3 blocks; pool 3/3072 blocks in use) — first token 785
2026-10-06 14:42:19.889 INFO  sched: request 'chatcmpl-0e5f3a23c35d97a6' retired (steps): 256 tok in 5.4 s — prefill 51 tok (0 cached) in 253 ms; decode 255 tok / 85 passes in 5.1 s: 49.9 tok/s, 20.1 ms/tok, 60 ms/pass, 3.00 tok/pass, accept p1 99 % p2 72 % p3 32 %
2026-10-06 14:42:19.903 INFO  sched: request 'chatcmpl-0e5f3a23c35d97a7' starting prefill in slot 0 (46 prompt tokens)
2026-10-06 14:42:20.141 INFO  sched: request 'chatcmpl-0e5f3a23c35d97a7' prefix cache miss — 2 cut(s), the cache is empty
2026-10-06 14:42:20.141 INFO  sched: request 'chatcmpl-0e5f3a23c35d97a7' admitted to slot 0 (reserve 3 blocks; pool 3/3072 blocks in use) — first token 785
2026-10-06 14:42:24.089 INFO  stats: rank 1 | 10.0 s | decode 46.6 tok/s, 20.2 ms/tok, 59.2 ms/step (159 steps / 466 tok, 94 % of wall) | mtp 2.93 tok/step/req, accept p1 97 % p2 68 % p3 29 % | prefill 2 prompts / 97 tok, 10 tok/s, 5.05 ms/tok, 245 ms avg (5 % of wall), 0 tok cached (0/2 hits) | live 1, queued 0 | pool 3/3072 blocks (0 %) | prefix cache 0/232 entries
2026-10-06 14:42:25.510 INFO  sched: request 'chatcmpl-0e5f3a23c35d97a7' retired (steps): 256 tok in 5.6 s — prefill 46 tok (0 cached) in 238 ms; decode 255 tok / 91 passes in 5.4 s: 47.5 tok/s, 21.1 ms/tok, 59 ms/pass, 2.80 tok/pass, accept p1 96 % p2 64 % p3 21 %
2026-10-06 14:42:25.524 INFO  sched: request 'chatcmpl-0e5f3a23c35d97a8' starting prefill in slot 0 (46 prompt tokens)
2026-10-06 14:42:25.761 INFO  sched: request 'chatcmpl-0e5f3a23c35d97a8' prefix cache miss — 2 cut(s), the cache is empty
2026-10-06 14:42:25.761 INFO  sched: request 'chatcmpl-0e5f3a23c35d97a8' admitted to slot 0 (reserve 3 blocks; pool 3/3072 blocks in use) — first token 785
2026-10-06 14:42:31.122 INFO  sched: request 'chatcmpl-0e5f3a23c35d97a8' retired (steps): 256 tok in 5.6 s — prefill 46 tok (0 cached) in 237 ms; decode 255 tok / 91 passes in 5.4 s: 47.6 tok/s, 21.0 ms/tok, 59 ms/pass, 2.80 tok/pass, accept p1 96 % p2 64 % p3 21 %
2026-10-06 14:42:31.158 INFO  sched: request 'chatcmpl-0e5f3a23c35d97a9' starting prefill in slot 0 (46 prompt tokens)
2026-10-06 14:42:31.395 INFO  sched: request 'chatcmpl-0e5f3a23c35d97a9' prefix cache miss — 2 cut(s), the cache is empty
2026-10-06 14:42:31.395 INFO  sched: request 'chatcmpl-0e5f3a23c35d97a9' admitted to slot 0 (reserve 3 blocks; pool 3/3072 blocks in use) — first token 785
2026-10-06 14:42:34.106 INFO  stats: rank 1 | 10.0 s | decode 45.1 tok/s, 20.8 ms/tok, 58.4 ms/step (161 steps / 452 tok, 94 % of wall) | mtp 2.81 tok/step/req, accept p1 95 % p2 64 % p3 20 % | prefill 2 prompts / 92 tok, 9 tok/s, 5.16 ms/tok, 237 ms avg (5 % of wall), 0 tok cached (0/2 hits) | live 1, queued 0 | pool 3/3072 blocks (0 %) | prefix cache 0/232 entries
2026-10-06 14:42:36.753 INFO  sched: request 'chatcmpl-0e5f3a23c35d97a9' retired (steps): 256 tok in 5.6 s — prefill 46 tok (0 cached) in 238 ms; decode 255 tok / 91 passes in 5.4 s: 47.6 tok/s, 21.0 ms/tok, 59 ms/pass, 2.80 tok/pass, accept p1 96 % p2 64 % p3 21 %
2026-10-06 14:42:36.788 INFO  sched: request 'chatcmpl-0e5f3a23c35d97aa' starting prefill in slot 0 (68 prompt tokens)
2026-10-06 14:42:37.069 INFO  sched: request 'chatcmpl-0e5f3a23c35d97aa' prefix cache miss — 2 cut(s), the cache is empty
2026-10-06 14:42:37.069 INFO  sched: request 'chatcmpl-0e5f3a23c35d97aa' admitted to slot 0 (reserve 3 blocks; pool 3/3072 blocks in use) — first token 785
2026-10-06 14:42:42.316 INFO  sched: request 'chatcmpl-0e5f3a23c35d97aa' retired (steps): 256 tok in 5.5 s — prefill 68 tok (0 cached) in 281 ms; decode 255 tok / 88 passes in 5.2 s: 48.6 tok/s, 20.6 ms/tok, 60 ms/pass, 2.90 tok/pass, accept p1 93 % p2 65 % p3 32 %
2026-10-06 14:42:42.336 INFO  sched: request 'chatcmpl-0e5f3a23c35d97ab' starting prefill in slot 0 (68 prompt tokens)
2026-10-06 14:42:42.610 INFO  sched: request 'chatcmpl-0e5f3a23c35d97ab' prefix cache miss — 2 cut(s), the cache is empty
2026-10-06 14:42:42.611 INFO  sched: request 'chatcmpl-0e5f3a23c35d97ab' admitted to slot 0 (reserve 3 blocks; pool 3/3072 blocks in use) — first token 785
2026-10-06 14:42:44.146 INFO  stats: rank 1 | 10.0 s | decode 45.7 tok/s, 20.5 ms/tok, 59.1 ms/step (159 steps / 459 tok, 94 % of wall) | mtp 2.89 tok/step/req, accept p1 94 % p2 65 % p3 28 % | prefill 2 prompts / 136 tok, 14 tok/s, 4.09 ms/tok, 278 ms avg (6 % of wall), 0 tok cached (0/2 hits) | live 1, queued 0 | pool 3/3072 blocks (0 %) | prefix cache 0/232 entries
2026-10-06 14:42:47.851 INFO  sched: request 'chatcmpl-0e5f3a23c35d97ab' retired (steps): 256 tok in 5.5 s — prefill 68 tok (0 cached) in 275 ms; decode 255 tok / 88 passes in 5.2 s: 48.7 tok/s, 20.6 ms/tok, 60 ms/pass, 2.90 tok/pass, accept p1 93 % p2 65 % p3 32 %
2026-10-06 14:42:47.882 INFO  sched: request 'chatcmpl-0e5f3a23c35d97ac' starting prefill in slot 0 (68 prompt tokens)
2026-10-06 14:42:48.159 INFO  sched: request 'chatcmpl-0e5f3a23c35d97ac' prefix cache miss — 2 cut(s), the cache is empty
2026-10-06 14:42:48.159 INFO  sched: request 'chatcmpl-0e5f3a23c35d97ac' admitted to slot 0 (reserve 3 blocks; pool 3/3072 blocks in use) — first token 785
2026-10-06 14:42:53.390 INFO  sched: request 'chatcmpl-0e5f3a23c35d97ac' retired (steps): 256 tok in 5.5 s — prefill 68 tok (0 cached) in 277 ms; decode 255 tok / 88 passes in 5.2 s: 48.7 tok/s, 20.5 ms/tok, 59 ms/pass, 2.90 tok/pass, accept p1 93 % p2 65 % p3 32 %
2026-10-06 14:42:53.410 INFO  sched: request 'chatcmpl-0e5f3a23c35d97ad' starting prefill in slot 0 (40 prompt tokens)
2026-10-06 14:42:53.639 INFO  sched: request 'chatcmpl-0e5f3a23c35d97ad' prefix cache miss — 2 cut(s), the cache is empty
2026-10-06 14:42:53.639 INFO  sched: request 'chatcmpl-0e5f3a23c35d97ad' admitted to slot 0 (reserve 3 blocks; pool 3/3072 blocks in use) — first token 785
2026-10-06 14:42:54.185 INFO  stats: rank 1 | 10.0 s | decode 45.5 tok/s, 20.7 ms/tok, 59.4 ms/step (159 steps / 457 tok, 94 % of wall) | mtp 2.87 tok/step/req, accept p1 91 % p2 64 % p3 31 % | prefill 2 prompts / 108 tok, 11 tok/s, 4.69 ms/tok, 253 ms avg (5 % of wall), 0 tok cached (0/2 hits) | live 1, queued 0 | pool 3/3072 blocks (0 %) | prefix cache 0/232 entries
2026-10-06 14:43:00.048 INFO  sched: request 'chatcmpl-0e5f3a23c35d97ad' retired (steps): 256 tok in 6.6 s — prefill 40 tok (0 cached) in 230 ms; decode 255 tok / 108 passes in 6.4 s: 39.8 tok/s, 25.1 ms/tok, 59 ms/pass, 2.36 tok/pass, accept p1 81 % p2 42 % p3 14 %
2026-10-06 14:43:00.067 INFO  sched: request 'chatcmpl-0e5f3a23c35d97ae' starting prefill in slot 0 (40 prompt tokens)
2026-10-06 14:43:00.306 INFO  sched: request 'chatcmpl-0e5f3a23c35d97ae' prefix cache miss — 2 cut(s), the cache is empty
2026-10-06 14:43:00.306 INFO  sched: request 'chatcmpl-0e5f3a23c35d97ae' admitted to slot 0 (reserve 3 blocks; pool 3/3072 blocks in use) — first token 785
2026-10-06 14:43:04.202 INFO  stats: rank 1 | 10.0 s | decode 39.5 tok/s, 24.6 ms/tok, 59.0 ms/step (165 steps / 396 tok, 97 % of wall) | mtp 2.40 tok/step/req, accept p1 82 % p2 44 % p3 14 % | prefill 1 prompt / 40 tok, 4 tok/s, 5.96 ms/tok, 239 ms avg (2 % of wall), 0 tok cached (0/1 hit) | live 1, queued 0 | pool 3/3072 blocks (0 %) | prefix cache 0/232 entries
2026-10-06 14:43:06.696 INFO  sched: request 'chatcmpl-0e5f3a23c35d97ae' retired (steps): 256 tok in 6.6 s — prefill 40 tok (0 cached) in 239 ms; decode 255 tok / 108 passes in 6.4 s: 39.9 tok/s, 25.1 ms/tok, 59 ms/pass, 2.36 tok/pass, accept p1 81 % p2 42 % p3 14 %
2026-10-06 14:43:06.722 INFO  sched: request 'chatcmpl-0e5f3a23c35d97af' starting prefill in slot 0 (40 prompt tokens)
2026-10-06 14:43:06.954 INFO  sched: request 'chatcmpl-0e5f3a23c35d97af' prefix cache miss — 2 cut(s), the cache is empty
2026-10-06 14:43:06.954 INFO  sched: request 'chatcmpl-0e5f3a23c35d97af' admitted to slot 0 (reserve 3 blocks; pool 3/3072 blocks in use) — first token 785
2026-10-06 14:43:13.360 INFO  sched: request 'chatcmpl-0e5f3a23c35d97af' retired (steps): 256 tok in 6.6 s — prefill 40 tok (0 cached) in 231 ms; decode 255 tok / 108 passes in 6.4 s: 39.8 tok/s, 25.1 ms/tok, 59 ms/pass, 2.36 tok/pass, accept p1 81 % p2 42 % p3 14 %
2026-10-06 14:43:14.202 INFO  stats: rank 1 | 10.0 s | decode 35.3 tok/s, 25.1 ms/tok, 59.2 ms/step (150 steps / 353 tok, 89 % of wall) | mtp 2.35 tok/step/req, accept p1 81 % p2 41 % p3 13 % | prefill 1 prompt / 40 tok, 4 tok/s, 5.79 ms/tok, 231 ms avg (2 % of wall), 0 tok cached (0/1 hit) | live 0, queued 0 | pool 0/3072 blocks (0 %) | prefix cache 0/232 entries
2026-10-06 14:43:14.542 INFO  journal: stop record — exiting
2026-10-06 14:43:14.564 INFO  rank 1: graph engine sampling summary — 0 sampled decode steps, 0 served by the exact gather fallback (0.0%), 55 candidates per rank
2026-10-06 14:43:16.275 INFO  rank 1: exited cleanly
