2026-10-06 13:47:15.365 INFO  dgpp-serve 0.1.0+g50309fdcf51d.dirty (git 50309fdcf51d)
2026-10-06 13:47:15.366 INFO  config /tmp/bus4/deployments/6bc9232612be5a34/cluster.json: model HawkBearPig/GLM-5.3-Flash-NVFP4-FP8, world 4, rank 2, http :18080, fabric :29970, journal :29971
2026-10-06 13:47:15.366 INFO  model HawkBearPig/GLM-5.3-Flash-NVFP4-FP8 -> /home/stephen/.cache/huggingface/hub/models--HawkBearPig--GLM-5.3-Flash-NVFP4-FP8/snapshots/17b8d4d83e33e836e9549d7e1a8d25b5117203c1
2026-10-06 13:47:15.367 INFO  journal: connected to rank 0 at 192.168.88.11:29971 (120000 attempt window)
2026-10-06 13:47:15.388 INFO  rank 2: settings from rank 0: model=HawkBearPig/GLM-5.3-Flash-NVFP4-FP8 world=4 fabric=29970 journal=29971 conc=4 kv=786432 kvdt=bf16 ngt=resident dw=checkpoint mtpef=fp8 bfw=bf12+bf16 fp8head=gemv pf=bounded emsh=replicated maxtok=32768 queue=8 eos=1 graph=1 compact=0 mtp=1 mtpd=2 mss=0 msrow=8 msbase=28 mslam=0 msmin=1 msad=1 msss=0.93 mdr=auto mdt=1 mvf=token dbr=0 batchmin=2 cand=128 pcgib=22 adm=full win=256 pfbudget=256 pfidle=2048 pmin=1024 phead=1 pace=-1 inflight=-1 reasoning_in_content=0 rs=off dflash=off dfw=checkpoint
2026-10-06 13:47:15.388 INFO  config: model=HawkBearPig/GLM-5.3-Flash-NVFP4-FP8 world=4 fabric=29970 journal=29971 conc=4 kv=786432 kvdt=bf16 ngt=resident dw=checkpoint mtpef=fp8 bfw=bf12+bf16 fp8head=gemv pf=bounded emsh=replicated maxtok=32768 queue=8 eos=1 graph=1 compact=0 mtp=1 mtpd=2 mss=0 msrow=8 msbase=28 mslam=0 msmin=1 msad=1 msss=0.93 mdr=auto mdt=1 mvf=token dbr=0 batchmin=2 cand=128 pcgib=22 adm=full win=256 pfbudget=256 pfidle=2048 pmin=1024 phead=1 pace=-1 inflight=-1 reasoning_in_content=0 rs=off dflash=off dfw=checkpoint (digest d5c01d028a0017b7)
2026-10-06 13:47:15.511 INFO  serve: model family glm5 (/home/stephen/.cache/huggingface/hub/models--HawkBearPig--GLM-5.3-Flash-NVFP4-FP8/snapshots/17b8d4d83e33e836e9549d7e1a8d25b5117203c1)
2026-10-06 13:47:15.511 INFO  serve: 4 slots x 3 rows exceed the glm5 family's 8-row decode ceiling; depth 2 uses fitting batch families where supported, otherwise scalar graphs
2026-10-06 13:47:15.511 INFO  serve: decode rows 8 (4 slot(s) x 3 row(s) per request, floor 8, the glm5 family's cap 8)
2026-10-06 13:47:15.511 WARN  generation config /home/stephen/.cache/huggingface/hub/models--HawkBearPig--GLM-5.3-Flash-NVFP4-FP8/snapshots/17b8d4d83e33e836e9549d7e1a8d25b5117203c1/generation_config.json omits top_k, min_p, repetition_penalty; using greedy-safe/neutral fallbacks for those fields
2026-10-06 13:47:15.511 INFO  generation defaults: temperature=1 top_p=0.95 top_k=0 min_p=0 repetition_penalty=1
2026-10-06 13:47:15.511 INFO  serve: sampling defaults temperature 1 top_p 0.95 top_k 0 min_p 0 repetition_penalty 1 (from generation_config.json; overrides: none)
2026-10-06 13:47:15.511 INFO  serve: request context limit 786432 tokens (the 786432-token K/V pool from engine.kv_capacity 786432; this family states no positional ceiling of its own)
2026-10-06 13:47:15.511 INFO  rank 2: prefix cache plan — 22 GiB budget, 639 slots of 35.227 MiB, 21.982 GiB allocated; cached K/V blocks share the 786432-token pool
2026-10-06 13:47:15.666 INFO  tokenizer: loaded vocab 154820 merges 321649 added 36 (revision 0x700b4469fc43f23b; glm pattern, no normalizer, ignore_merges true)
2026-10-06 13:47:15.675 INFO  serve: grammar vocabulary built (154880 ids, tool markers present, call-turn EOS 154829)
2026-10-06 13:47:15.786 INFO  serve: JSON grammar tables built in 0.11 s
2026-10-06 13:47:16.002 INFO  bus: globaltimer offset 10446246868 ns (+-2 us)
2026-10-06 13:47:16.005 INFO  verbs: device roceP2p1s0f0 port 1 gid_index 3
2026-10-06 13:47:16.007 INFO  verbs: device rocep1s0f0 port 1 gid_index 3
2026-10-06 13:47:17.111 INFO  bus: rank 2 up — 3 peer(s) x 2 lane(s), lat 8x65536B, bulk 8x262144B, bulk pace 28.3 Gb/s per QP, window 4 per lane
2026-10-06 13:47:17.111 INFO  rank 2: boundary reducer host-driven
2026-10-06 13:47:17.239 INFO  rank 2: process memory locked (mlockall MCL_CURRENT, 14546 MiB)
2026-10-06 13:47:17.239 INFO  rank 2: resident image cache at /home/stephen/.cache/dgpp/resident
2026-10-06 13:47:17.240 INFO  bus engine: rank 2 pinned to cpu 19
2026-10-06 13:47:17.296 INFO  rank 2: memory plan for a 786432-token context — vision weights (replicated) 1.05 GiB; vision workspace (bounded image prefill) 0.33 GiB; model weights (resident) 48.27 GiB (1.81 GiB pinned); tensor-parallel slice views 0.67 GiB; bf16 decode packing (12-bit companions) 1.96 GiB; gemm workspace (at least) 0.06 GiB; kda scratch 0.08 GiB; kv cache pool (bf16) 9.29 GiB; dsa scratch 0.23 GiB; moe scratch 0.68 GiB (0.00 GiB pinned); kda state (request slots) 0.14 GiB; kda speculative snapshots 0.27 GiB; draft hidden cache (per position) 24.00 GiB; draft activations 0.05 GiB; activations (per-forward rows) 0.32 GiB (0.00 GiB pinned); route-trace staging 0.10 GiB (0.10 GiB pinned); prefix cache 21.98 GiB; engine 0.08 GiB
2026-10-06 13:47:17.296 INFO  rank 2: memory plan total 109.55 GiB (85.58 GiB device + 23.97 GiB pinned) + 4.00 GiB headroom against 116.60 GiB free (device free 115.61 GiB of 121.69 GiB, host available 116.60 GiB)
2026-10-06 13:47:17.296 INFO  memory ledger: rank 2 after the plan check — rss 1.18 GiB (anon 0.42, shmem 0.09, file 0.67; locked 14.21); device free 115.61 GiB, node available 116.60 GiB
2026-10-06 13:47:17.296 INFO  memory ledger: rank 2 after the bus — rss 1.18 GiB (anon 0.42, shmem 0.09, file 0.67; locked 14.21); device free 115.61 GiB, node available 116.60 GiB
2026-10-06 13:47:17.648 INFO  glm loader: rank 2 resident footprint 46.5 GiB; device free 115.6 of 121.7 GiB, host available 116.6 GiB
2026-10-06 13:47:18.448 INFO  glm loader: rank 2 resident image /home/stephen/.cache/dgpp/resident/e96e68119906dd8f.img — 46/46 layers present, direct I/O
2026-10-06 13:47:18.491 INFO  l2 prefetch: on, window budget 12 MiB, boundary rate light, layer rate light
2026-10-06 13:47:18.491 INFO  glm loader: rank 2 boot digest from the resident image (713 tensors, 2.91 GiB)
2026-10-06 13:47:28.961 INFO  glm loader: rank 2 resident load complete — released 40 shard mappings (181.7 GiB) and evicted their page cache; image: 46 layers restored, 0 captured
2026-10-06 13:47:29.290 INFO  rank 2 bf12: 70 decode matrices packed (2.55 GiB of bf16 -> 1.92 GiB, 215186 escapes, widest row 62, 16 rows kept raw; 0 matrices kept bf16) in 1.3 s
2026-10-06 13:47:34.220 INFO  rank 2 boot phases: digest 0.0 s (3.96 GiB hashed), globals 1.5 s, layers 12.9 s
2026-10-06 13:47:34.220 INFO  memory ledger: rank 2 after the model — rss 3.09 GiB (anon 0.42, shmem 2.01, file 0.67; locked 14.19); device free 27.08 GiB, node available 28.05 GiB
2026-10-06 13:47:34.220 INFO  rank 2: model constructed in 16.9s (resident, 4 request slots, 786432-token pool in bf16, 2048-row forwards)
2026-10-06 13:47:34.220 INFO  rank 2: prefix cache on — 639 snapshot slot(s) of 35.2 MiB (22.00 GiB asked)
2026-10-06 13:47:34.916 INFO  rank 2: graph engine samples on the device — 74 candidates per rank (12 rows x 4 ranks in a 65536-byte latency slot; the planned width is 128); constrained decoding available
2026-10-06 13:47:34.916 INFO  rank 2: graph row batch unavailable at mtp depth 2 (this family has no batched chain); every step replays a scalar graph
2026-10-06 13:47:34.916 INFO  rank 2: prefill budget 256 tokens/tick (0 = full prompt), 2048 with nothing decoding
2026-10-06 13:47:34.916 INFO  rank 2: sampled requests draft a draw from the draft's distribution under the ratio verify (engine.mtp_draft auto)
2026-10-06 13:47:38.516 INFO  memory ledger: rank 2 after the graph engine — rss 3.10 GiB (anon 0.42, shmem 2.02, file 0.67; locked 14.19); device free 4.83 GiB, node available 5.79 GiB
2026-10-06 13:47:38.789 INFO  allreduce: device clock rate 2418000 kHz (stamps conversion)
2026-10-06 13:47:38.789 INFO  allreduce: rank 2 seq 1 launched (3 peers)
2026-10-06 13:47:38.789 INFO  allreduce: rank 2 seq 1 ready after 53.5us
2026-10-06 13:47:38.799 INFO  allreduce: rank 2 seq 1 done status=0 after 9835.5us
2026-10-06 13:47:38.842 INFO  allreduce: rank 2 seq 2 launched (3 peers)
2026-10-06 13:47:38.842 INFO  allreduce: rank 2 seq 2 ready after 11.3us
2026-10-06 13:47:38.845 INFO  allreduce: rank 2 seq 2 done status=0 after 2752.8us
2026-10-06 13:47:38.846 INFO  allreduce: rank 2 seq 3 launched (3 peers)
2026-10-06 13:47:38.846 INFO  allreduce: rank 2 seq 3 ready after 11.4us
2026-10-06 13:47:38.846 INFO  allreduce: rank 2 seq 3 done status=0 after 127.1us
2026-10-06 13:47:38.846 INFO  allreduce: rank 2 seq 4 launched (3 peers)
2026-10-06 13:47:38.846 INFO  allreduce: rank 2 seq 4 ready after 11.5us
2026-10-06 13:47:38.846 INFO  allreduce: rank 2 seq 4 done status=0 after 140.1us
2026-10-06 13:47:38.847 INFO  allreduce: rank 2 seq 5 launched (3 peers)
2026-10-06 13:47:38.847 INFO  allreduce: rank 2 seq 5 ready after 11.5us
2026-10-06 13:47:38.847 INFO  allreduce: rank 2 seq 5 done status=0 after 67.2us
2026-10-06 13:47:38.847 INFO  allreduce: rank 2 seq 6 launched (3 peers)
2026-10-06 13:47:38.847 INFO  allreduce: rank 2 seq 6 ready after 11.5us
2026-10-06 13:47:38.847 INFO  allreduce: rank 2 seq 6 done status=0 after 69.4us
2026-10-06 13:47:38.850 INFO  allreduce: rank 2 seq 7 launched (3 peers)
2026-10-06 13:47:38.850 INFO  allreduce: rank 2 seq 7 ready after 14.1us
2026-10-06 13:47:38.850 INFO  allreduce: rank 2 seq 7 done status=0 after 257.4us
2026-10-06 13:47:38.851 INFO  allreduce: rank 2 seq 8 launched (3 peers)
2026-10-06 13:47:38.851 INFO  allreduce: rank 2 seq 8 ready after 14.7us
2026-10-06 13:47:38.851 INFO  allreduce: rank 2 seq 8 done status=0 after 75.5us
2026-10-06 13:47:38.852 INFO  allreduce: rank 2 seq 9 launched (3 peers)
2026-10-06 13:47:38.852 INFO  allreduce: rank 2 seq 9 ready after 11.2us
2026-10-06 13:47:38.852 INFO  allreduce: rank 2 seq 9 done status=0 after 82.2us
2026-10-06 13:47:38.852 INFO  allreduce: rank 2 seq 10 launched (3 peers)
2026-10-06 13:47:38.852 INFO  allreduce: rank 2 seq 10 ready after 11.3us
2026-10-06 13:47:38.852 INFO  allreduce: rank 2 seq 10 done status=0 after 56.9us
2026-10-06 13:47:38.853 INFO  allreduce: rank 2 seq 11 launched (3 peers)
2026-10-06 13:47:38.853 INFO  allreduce: rank 2 seq 11 ready after 11.3us
2026-10-06 13:47:38.853 INFO  allreduce: rank 2 seq 11 done status=0 after 70.4us
2026-10-06 13:47:38.853 INFO  allreduce: rank 2 seq 12 launched (3 peers)
2026-10-06 13:47:38.853 INFO  allreduce: rank 2 seq 12 ready after 14.7us
2026-10-06 13:47:38.853 INFO  allreduce: rank 2 seq 12 done status=0 after 75.8us
2026-10-06 13:47:38.854 INFO  allreduce: rank 2 seq 13 launched (3 peers)
2026-10-06 13:47:38.854 INFO  allreduce: rank 2 seq 13 ready after 11.2us
2026-10-06 13:47:38.854 INFO  allreduce: rank 2 seq 13 done status=0 after 77.6us
2026-10-06 13:47:38.855 INFO  allreduce: rank 2 seq 14 launched (3 peers)
2026-10-06 13:47:38.855 INFO  allreduce: rank 2 seq 14 ready after 14.6us
2026-10-06 13:47:38.855 INFO  allreduce: rank 2 seq 14 done status=0 after 58.5us
2026-10-06 13:47:38.855 INFO  allreduce: rank 2 seq 15 launched (3 peers)
2026-10-06 13:47:38.855 INFO  allreduce: rank 2 seq 15 ready after 9.5us
2026-10-06 13:47:38.855 INFO  allreduce: rank 2 seq 15 done status=0 after 75.2us
2026-10-06 13:47:38.856 INFO  allreduce: rank 2 seq 16 launched (3 peers)
2026-10-06 13:47:38.856 INFO  allreduce: rank 2 seq 16 ready after 13.2us
2026-10-06 13:47:38.856 INFO  allreduce: rank 2 seq 16 done status=0 after 51.9us
2026-10-06 13:47:38.929 INFO  bus graph era: variant 0 recorded with 97 collective node(s)
2026-10-06 13:47:38.929 INFO  rank 2: graph variant 0 shape: 1342 nodes, 1659 edges: kernel 1342 empty 0 memcpy 0 memset 0 host 0 event 0 other 0; max in-degree 2
2026-10-06 13:47:38.932 INFO  rank 2: graph variant 0 instantiated — 23.3 MiB of device memory (4.4 GiB free)
2026-10-06 13:47:38.933 INFO  bus graph era: variant 1 recorded with 97 collective node(s)
2026-10-06 13:47:38.933 INFO  rank 2: graph variant 1 shape: 1342 nodes, 1659 edges: kernel 1342 empty 0 memcpy 0 memset 0 host 0 event 0 other 0; max in-degree 2
2026-10-06 13:47:38.938 INFO  rank 2: graph variant 1 instantiated — 21.1 MiB of device memory (4.3 GiB free)
2026-10-06 13:47:38.938 INFO  rank 2: serving scalar graph variants 0/1 captured for request slot 0 (3 rows, MTP)
2026-10-06 13:47:39.006 INFO  bus graph era: variant 2 recorded with 97 collective node(s)
2026-10-06 13:47:39.006 INFO  rank 2: graph variant 2 shape: 1342 nodes, 1659 edges: kernel 1342 empty 0 memcpy 0 memset 0 host 0 event 0 other 0; max in-degree 2
2026-10-06 13:47:39.012 INFO  rank 2: graph variant 2 instantiated — 32.0 MiB of device memory (4.3 GiB free)
2026-10-06 13:47:39.013 INFO  bus graph era: variant 3 recorded with 97 collective node(s)
2026-10-06 13:47:39.013 INFO  rank 2: graph variant 3 shape: 1342 nodes, 1659 edges: kernel 1342 empty 0 memcpy 0 memset 0 host 0 event 0 other 0; max in-degree 2
2026-10-06 13:47:39.020 INFO  rank 2: graph variant 3 instantiated — 34.6 MiB of device memory (4.3 GiB free)
2026-10-06 13:47:39.020 INFO  rank 2: serving scalar graph variants 2/3 captured for request slot 1 (3 rows, MTP)
2026-10-06 13:47:39.088 INFO  bus graph era: variant 4 recorded with 97 collective node(s)
2026-10-06 13:47:39.088 INFO  rank 2: graph variant 4 shape: 1342 nodes, 1659 edges: kernel 1342 empty 0 memcpy 0 memset 0 host 0 event 0 other 0; max in-degree 2
2026-10-06 13:47:39.094 INFO  rank 2: graph variant 4 instantiated — 38.8 MiB of device memory (4.2 GiB free)
2026-10-06 13:47:39.095 INFO  bus graph era: variant 5 recorded with 97 collective node(s)
2026-10-06 13:47:39.096 INFO  rank 2: graph variant 5 shape: 1342 nodes, 1659 edges: kernel 1342 empty 0 memcpy 0 memset 0 host 0 event 0 other 0; max in-degree 2
2026-10-06 13:47:39.102 INFO  rank 2: graph variant 5 instantiated — 34.1 MiB of device memory (4.2 GiB free)
2026-10-06 13:47:39.102 INFO  rank 2: serving scalar graph variants 4/5 captured for request slot 2 (3 rows, MTP)
2026-10-06 13:47:39.170 INFO  bus graph era: variant 6 recorded with 97 collective node(s)
2026-10-06 13:47:39.170 INFO  rank 2: graph variant 6 shape: 1342 nodes, 1659 edges: kernel 1342 empty 0 memcpy 0 memset 0 host 0 event 0 other 0; max in-degree 2
2026-10-06 13:47:39.177 INFO  rank 2: graph variant 6 instantiated — 34.1 MiB of device memory (4.2 GiB free)
2026-10-06 13:47:39.178 INFO  bus graph era: variant 7 recorded with 97 collective node(s)
2026-10-06 13:47:39.178 INFO  rank 2: graph variant 7 shape: 1342 nodes, 1659 edges: kernel 1342 empty 0 memcpy 0 memset 0 host 0 event 0 other 0; max in-degree 2
2026-10-06 13:47:39.184 INFO  rank 2: graph variant 7 instantiated — 31.1 MiB of device memory (4.1 GiB free)
2026-10-06 13:47:39.184 INFO  rank 2: serving scalar graph variants 6/7 captured for request slot 3 (3 rows, MTP)
2026-10-06 13:47:39.184 INFO  rank 2: warm capture complete — 4 scalar variants recorded before the first request
2026-10-06 13:47:39.184 INFO  memory ledger: rank 2 after the warm capture — rss 3.51 GiB (anon 0.83, shmem 2.02, file 0.67; locked 14.19); device free 4.14 GiB, node available 5.11 GiB
2026-10-06 13:47:39.184 INFO  rank 2: graph variants warm-captured in 0.67s
2026-10-06 13:47:39.184 INFO  rank 2: following rank 0's journal (admission full, window 256)
2026-10-06 13:47:40.399 INFO  sched: request 'chatcmpl-c9c3b4848fb5f36e' starting prefill in slot 0 (62 prompt tokens)
2026-10-06 13:47:40.612 INFO  sched: request 'chatcmpl-c9c3b4848fb5f36e' prefix cache miss — 2 cut(s), the cache is empty
2026-10-06 13:47:40.612 INFO  sched: request 'chatcmpl-c9c3b4848fb5f36e' admitted to slot 0 (reserve 1 blocks; pool 1/6144 blocks in use) — first token 785
2026-10-06 13:47:41.660 INFO  sched: request 'chatcmpl-c9c3b4848fb5f36e' retired (steps): 64 tok in 1.3 s — prefill 62 tok (0 cached) in 212 ms; decode 63 tok / 27 passes in 1.0 s: 60.1 tok/s, 16.6 ms/tok, 39 ms/pass, 2.33 tok/pass, accept p1 81 % p2 52 %
2026-10-06 13:47:41.674 INFO  sched: request 'chatcmpl-c9c3b4848fb5f36f' starting prefill in slot 0 (37 prompt tokens)
2026-10-06 13:47:41.828 INFO  sched: request 'chatcmpl-c9c3b4848fb5f36f' prefix cache miss — 2 cut(s), the cache is empty
2026-10-06 13:47:41.828 INFO  sched: request 'chatcmpl-c9c3b4848fb5f36f' admitted to slot 0 (reserve 3 blocks; pool 3/6144 blocks in use) — first token 785
2026-10-06 13:47:45.909 INFO  sched: request 'chatcmpl-c9c3b4848fb5f36f' retired (steps): 256 tok in 4.2 s — prefill 37 tok (0 cached) in 154 ms; decode 255 tok / 107 passes in 4.1 s: 62.5 tok/s, 16.0 ms/tok, 38 ms/pass, 2.38 tok/pass, accept p1 84 % p2 54 %
2026-10-06 13:47:45.938 INFO  sched: request 'chatcmpl-c9c3b4848fb5f370' starting prefill in slot 0 (37 prompt tokens)
2026-10-06 13:47:46.093 INFO  sched: request 'chatcmpl-c9c3b4848fb5f370' prefix cache miss — 2 cut(s), the cache is empty
2026-10-06 13:47:46.093 INFO  sched: request 'chatcmpl-c9c3b4848fb5f370' admitted to slot 0 (reserve 3 blocks; pool 3/6144 blocks in use) — first token 785
2026-10-06 13:47:49.358 INFO  stats: rank 2 | 10.0 s | decode 52.1 tok/s, 16.0 ms/tok, 38.0 ms/step (220 steps / 522 tok, 83 % of wall) | mtp 2.37 tok/step/req, accept p1 83 % p2 53 % | prefill 3 prompts / 136 tok, 14 tok/s, 3.83 ms/tok, 174 ms avg (5 % of wall), 0 tok cached (0/3 hits) | live 1, queued 0 | pool 3/6144 blocks (0 %) | prefix cache 0/639 entries
2026-10-06 13:47:50.170 INFO  sched: request 'chatcmpl-c9c3b4848fb5f370' retired (steps): 256 tok in 4.2 s — prefill 37 tok (0 cached) in 155 ms; decode 255 tok / 107 passes in 4.1 s: 62.6 tok/s, 16.0 ms/tok, 38 ms/pass, 2.38 tok/pass, accept p1 84 % p2 54 %
2026-10-06 13:47:50.194 INFO  sched: request 'chatcmpl-c9c3b4848fb5f371' starting prefill in slot 0 (37 prompt tokens)
2026-10-06 13:47:50.356 INFO  sched: request 'chatcmpl-c9c3b4848fb5f371' prefix cache miss — 2 cut(s), the cache is empty
2026-10-06 13:47:50.356 INFO  sched: request 'chatcmpl-c9c3b4848fb5f371' admitted to slot 0 (reserve 3 blocks; pool 3/6144 blocks in use) — first token 785
2026-10-06 13:47:54.426 INFO  sched: request 'chatcmpl-c9c3b4848fb5f371' retired (steps): 256 tok in 4.2 s — prefill 37 tok (0 cached) in 162 ms; decode 255 tok / 107 passes in 4.1 s: 62.7 tok/s, 16.0 ms/tok, 38 ms/pass, 2.38 tok/pass, accept p1 84 % p2 54 %
2026-10-06 13:47:54.450 INFO  sched: request 'chatcmpl-c9c3b4848fb5f372' starting prefill in slot 0 (51 prompt tokens)
2026-10-06 13:47:54.629 INFO  sched: request 'chatcmpl-c9c3b4848fb5f372' prefix cache miss — 2 cut(s), the cache is empty
2026-10-06 13:47:54.629 INFO  sched: request 'chatcmpl-c9c3b4848fb5f372' admitted to slot 0 (reserve 3 blocks; pool 3/6144 blocks in use) — first token 785
2026-10-06 13:47:58.337 INFO  sched: request 'chatcmpl-c9c3b4848fb5f372' retired (steps): 256 tok in 3.9 s — prefill 51 tok (0 cached) in 178 ms; decode 255 tok / 94 passes in 3.7 s: 68.8 tok/s, 14.5 ms/tok, 39 ms/pass, 2.71 tok/pass, accept p1 98 % p2 73 %
2026-10-06 13:47:58.356 INFO  sched: request 'chatcmpl-c9c3b4848fb5f373' starting prefill in slot 0 (51 prompt tokens)
2026-10-06 13:47:58.533 INFO  sched: request 'chatcmpl-c9c3b4848fb5f373' prefix cache miss — 2 cut(s), the cache is empty
2026-10-06 13:47:58.533 INFO  sched: request 'chatcmpl-c9c3b4848fb5f373' admitted to slot 0 (reserve 3 blocks; pool 3/6144 blocks in use) — first token 785
2026-10-06 13:47:59.392 INFO  stats: rank 2 | 10.0 s | decode 62.6 tok/s, 15.0 ms/tok, 38.6 ms/step (244 steps / 628 tok, 94 % of wall) | mtp 2.57 tok/step/req, accept p1 92 % p2 64 % | prefill 3 prompts / 139 tok, 14 tok/s, 3.73 ms/tok, 173 ms avg (5 % of wall), 0 tok cached (0/3 hits) | live 1, queued 0 | pool 3/6144 blocks (0 %) | prefix cache 0/639 entries
2026-10-06 13:48:02.243 INFO  sched: request 'chatcmpl-c9c3b4848fb5f373' retired (steps): 256 tok in 3.9 s — prefill 51 tok (0 cached) in 177 ms; decode 255 tok / 94 passes in 3.7 s: 68.7 tok/s, 14.5 ms/tok, 39 ms/pass, 2.71 tok/pass, accept p1 98 % p2 73 %
2026-10-06 13:48:02.262 INFO  sched: request 'chatcmpl-c9c3b4848fb5f374' starting prefill in slot 0 (51 prompt tokens)
2026-10-06 13:48:02.441 INFO  sched: request 'chatcmpl-c9c3b4848fb5f374' prefix cache miss — 2 cut(s), the cache is empty
2026-10-06 13:48:02.441 INFO  sched: request 'chatcmpl-c9c3b4848fb5f374' admitted to slot 0 (reserve 3 blocks; pool 3/6144 blocks in use) — first token 785
2026-10-06 13:48:06.148 INFO  sched: request 'chatcmpl-c9c3b4848fb5f374' retired (steps): 256 tok in 3.9 s — prefill 51 tok (0 cached) in 178 ms; decode 255 tok / 94 passes in 3.7 s: 68.8 tok/s, 14.5 ms/tok, 39 ms/pass, 2.71 tok/pass, accept p1 98 % p2 73 %
2026-10-06 13:48:06.172 INFO  sched: request 'chatcmpl-c9c3b4848fb5f375' starting prefill in slot 0 (46 prompt tokens)
2026-10-06 13:48:06.342 INFO  sched: request 'chatcmpl-c9c3b4848fb5f375' prefix cache miss — 2 cut(s), the cache is empty
2026-10-06 13:48:06.342 INFO  sched: request 'chatcmpl-c9c3b4848fb5f375' admitted to slot 0 (reserve 3 blocks; pool 3/6144 blocks in use) — first token 785
2026-10-06 13:48:09.419 INFO  stats: rank 2 | 10.0 s | decode 65.6 tok/s, 14.6 ms/tok, 39.0 ms/step (246 steps / 658 tok, 96 % of wall) | mtp 2.67 tok/step/req, accept p1 96 % p2 71 % | prefill 2 prompts / 97 tok, 10 tok/s, 3.60 ms/tok, 174 ms avg (3 % of wall), 0 tok cached (0/2 hits) | live 1, queued 0 | pool 3/6144 blocks (0 %) | prefix cache 0/639 entries
2026-10-06 13:48:10.153 INFO  sched: request 'chatcmpl-c9c3b4848fb5f375' retired (steps): 256 tok in 4.0 s — prefill 46 tok (0 cached) in 171 ms; decode 255 tok / 99 passes in 3.8 s: 66.9 tok/s, 14.9 ms/tok, 38 ms/pass, 2.58 tok/pass, accept p1 92 % p2 68 %
2026-10-06 13:48:10.161 INFO  sched: request 'chatcmpl-c9c3b4848fb5f376' starting prefill in slot 0 (46 prompt tokens)
2026-10-06 13:48:10.331 INFO  sched: request 'chatcmpl-c9c3b4848fb5f376' prefix cache miss — 2 cut(s), the cache is empty
2026-10-06 13:48:10.331 INFO  sched: request 'chatcmpl-c9c3b4848fb5f376' admitted to slot 0 (reserve 3 blocks; pool 3/6144 blocks in use) — first token 785
2026-10-06 13:48:14.418 INFO  sched: request 'chatcmpl-c9c3b4848fb5f376' retired (steps): 256 tok in 4.3 s — prefill 46 tok (0 cached) in 170 ms; decode 255 tok / 99 passes in 4.1 s: 62.4 tok/s, 16.0 ms/tok, 41 ms/pass, 2.58 tok/pass, accept p1 92 % p2 68 %
2026-10-06 13:48:14.432 INFO  sched: request 'chatcmpl-c9c3b4848fb5f377' starting prefill in slot 0 (46 prompt tokens)
2026-10-06 13:48:14.602 INFO  sched: request 'chatcmpl-c9c3b4848fb5f377' prefix cache miss — 2 cut(s), the cache is empty
2026-10-06 13:48:14.602 INFO  sched: request 'chatcmpl-c9c3b4848fb5f377' admitted to slot 0 (reserve 3 blocks; pool 3/6144 blocks in use) — first token 785
2026-10-06 13:48:18.428 INFO  sched: request 'chatcmpl-c9c3b4848fb5f377' retired (steps): 256 tok in 4.0 s — prefill 46 tok (0 cached) in 169 ms; decode 255 tok / 99 passes in 3.8 s: 66.7 tok/s, 15.0 ms/tok, 39 ms/pass, 2.58 tok/pass, accept p1 92 % p2 68 %
2026-10-06 13:48:18.441 INFO  sched: request 'chatcmpl-c9c3b4848fb5f378' starting prefill in slot 0 (68 prompt tokens)
2026-10-06 13:48:18.642 INFO  sched: request 'chatcmpl-c9c3b4848fb5f378' prefix cache miss — 2 cut(s), the cache is empty
2026-10-06 13:48:18.642 INFO  sched: request 'chatcmpl-c9c3b4848fb5f378' admitted to slot 0 (reserve 3 blocks; pool 3/6144 blocks in use) — first token 785
2026-10-06 13:48:19.452 INFO  stats: rank 2 | 10.0 s | decode 61.0 tok/s, 15.4 ms/tok, 39.6 ms/step (238 steps / 612 tok, 94 % of wall) | mtp 2.57 tok/step/req, accept p1 92 % p2 67 % | prefill 3 prompts / 160 tok, 16 tok/s, 3.37 ms/tok, 180 ms avg (5 % of wall), 0 tok cached (0/3 hits) | live 1, queued 0 | pool 3/6144 blocks (0 %) | prefix cache 0/639 entries
2026-10-06 13:48:22.616 INFO  sched: request 'chatcmpl-c9c3b4848fb5f378' retired (steps): 256 tok in 4.2 s — prefill 68 tok (0 cached) in 201 ms; decode 255 tok / 101 passes in 4.0 s: 64.2 tok/s, 15.6 ms/tok, 39 ms/pass, 2.52 tok/pass, accept p1 89 % p2 63 %
2026-10-06 13:48:22.651 INFO  sched: request 'chatcmpl-c9c3b4848fb5f379' starting prefill in slot 0 (68 prompt tokens)
2026-10-06 13:48:22.850 INFO  sched: request 'chatcmpl-c9c3b4848fb5f379' prefix cache miss — 2 cut(s), the cache is empty
2026-10-06 13:48:22.850 INFO  sched: request 'chatcmpl-c9c3b4848fb5f379' admitted to slot 0 (reserve 3 blocks; pool 3/6144 blocks in use) — first token 785
2026-10-06 13:48:26.822 INFO  sched: request 'chatcmpl-c9c3b4848fb5f379' retired (steps): 256 tok in 4.2 s — prefill 68 tok (0 cached) in 199 ms; decode 255 tok / 101 passes in 4.0 s: 64.2 tok/s, 15.6 ms/tok, 39 ms/pass, 2.52 tok/pass, accept p1 89 % p2 63 %
2026-10-06 13:48:26.842 INFO  sched: request 'chatcmpl-c9c3b4848fb5f37a' starting prefill in slot 0 (68 prompt tokens)
2026-10-06 13:48:27.040 INFO  sched: request 'chatcmpl-c9c3b4848fb5f37a' prefix cache miss — 2 cut(s), the cache is empty
2026-10-06 13:48:27.040 INFO  sched: request 'chatcmpl-c9c3b4848fb5f37a' admitted to slot 0 (reserve 3 blocks; pool 3/6144 blocks in use) — first token 785
2026-10-06 13:48:29.479 INFO  stats: rank 2 | 10.0 s | decode 61.2 tok/s, 15.5 ms/tok, 39.1 ms/step (244 steps / 614 tok, 95 % of wall) | mtp 2.52 tok/step/req, accept p1 89 % p2 62 % | prefill 2 prompts / 136 tok, 14 tok/s, 2.92 ms/tok, 199 ms avg (4 % of wall), 0 tok cached (0/2 hits) | live 1, queued 0 | pool 3/6144 blocks (0 %) | prefix cache 0/639 entries
2026-10-06 13:48:31.011 INFO  sched: request 'chatcmpl-c9c3b4848fb5f37a' retired (steps): 256 tok in 4.2 s — prefill 68 tok (0 cached) in 198 ms; decode 255 tok / 101 passes in 4.0 s: 64.2 tok/s, 15.6 ms/tok, 39 ms/pass, 2.52 tok/pass, accept p1 89 % p2 63 %
2026-10-06 13:48:31.035 INFO  sched: request 'chatcmpl-c9c3b4848fb5f37b' starting prefill in slot 0 (40 prompt tokens)
2026-10-06 13:48:31.201 INFO  sched: request 'chatcmpl-c9c3b4848fb5f37b' prefix cache miss — 2 cut(s), the cache is empty
2026-10-06 13:48:31.201 INFO  sched: request 'chatcmpl-c9c3b4848fb5f37b' admitted to slot 0 (reserve 3 blocks; pool 3/6144 blocks in use) — first token 785
2026-10-06 13:48:35.533 INFO  sched: request 'chatcmpl-c9c3b4848fb5f37b' retired (steps): 256 tok in 4.5 s — prefill 40 tok (0 cached) in 166 ms; decode 255 tok / 112 passes in 4.3 s: 58.9 tok/s, 17.0 ms/tok, 39 ms/pass, 2.28 tok/pass, accept p1 83 % p2 46 %
2026-10-06 13:48:35.557 INFO  sched: request 'chatcmpl-c9c3b4848fb5f37c' starting prefill in slot 0 (40 prompt tokens)
2026-10-06 13:48:35.722 INFO  sched: request 'chatcmpl-c9c3b4848fb5f37c' prefix cache miss — 2 cut(s), the cache is empty
2026-10-06 13:48:35.722 INFO  sched: request 'chatcmpl-c9c3b4848fb5f37c' admitted to slot 0 (reserve 3 blocks; pool 3/6144 blocks in use) — first token 785
2026-10-06 13:48:39.480 INFO  stats: rank 2 | 10.0 s | decode 58.5 tok/s, 16.4 ms/tok, 38.8 ms/step (247 steps / 585 tok, 96 % of wall) | mtp 2.37 tok/step/req, accept p1 85 % p2 51 % | prefill 2 prompts / 80 tok, 8 tok/s, 4.14 ms/tok, 166 ms avg (3 % of wall), 0 tok cached (0/2 hits) | live 1, queued 0 | pool 3/6144 blocks (0 %) | prefix cache 0/639 entries
2026-10-06 13:48:40.064 INFO  sched: request 'chatcmpl-c9c3b4848fb5f37c' retired (steps): 256 tok in 4.5 s — prefill 40 tok (0 cached) in 165 ms; decode 255 tok / 112 passes in 4.3 s: 58.7 tok/s, 17.0 ms/tok, 39 ms/pass, 2.28 tok/pass, accept p1 83 % p2 46 %
2026-10-06 13:48:40.078 INFO  sched: request 'chatcmpl-c9c3b4848fb5f37d' starting prefill in slot 0 (40 prompt tokens)
2026-10-06 13:48:40.243 INFO  sched: request 'chatcmpl-c9c3b4848fb5f37d' prefix cache miss — 2 cut(s), the cache is empty
2026-10-06 13:48:40.243 INFO  sched: request 'chatcmpl-c9c3b4848fb5f37d' admitted to slot 0 (reserve 3 blocks; pool 3/6144 blocks in use) — first token 785
2026-10-06 13:48:44.588 INFO  sched: request 'chatcmpl-c9c3b4848fb5f37d' retired (steps): 256 tok in 4.5 s — prefill 40 tok (0 cached) in 165 ms; decode 255 tok / 112 passes in 4.3 s: 58.7 tok/s, 17.0 ms/tok, 39 ms/pass, 2.28 tok/pass, accept p1 83 % p2 46 %
2026-10-06 13:48:45.720 INFO  journal: stop record — exiting
2026-10-06 13:48:45.768 INFO  rank 2: graph engine sampling summary — 0 sampled decode steps, 0 served by the exact gather fallback (0.0%), 74 candidates per rank
2026-10-06 13:48:47.254 INFO  rank 2: exited cleanly
