2026-10-06 23:31:19.687 INFO  dgpp-serve 0.1.0+g8f1c4cbcc1e9.dirty (git 8f1c4cbcc1e9)
2026-10-06 23:31:19.688 INFO  config /tmp/bus4/deployments/a75569ef13ae33a2/cluster.json: model HawkBearPig/GLM-5.3-Int4-Int8Mix-RTN-g64, world 4, rank 2, http :18080, fabric :29970, journal :29971
2026-10-06 23:31:19.688 INFO  model HawkBearPig/GLM-5.3-Int4-Int8Mix-RTN-g64 -> /home/stephen/.cache/huggingface/hub/models--HawkBearPig--GLM-5.3-Int4-Int8Mix-RTN-g64/snapshots/147684fbad20c1e283ddff46fd07cb9d4ccbb3da
2026-10-06 23:31:19.689 INFO  journal: connected to rank 0 at 192.168.88.11:29971 (120000 attempt window)
2026-10-06 23:31:19.717 INFO  rank 2: settings from rank 0: model=HawkBearPig/GLM-5.3-Int4-Int8Mix-RTN-g64 world=4 fabric=29970 journal=29971 conc=8 kv=122880 kvdt=bf16 ngt=resident dw=checkpoint mtpef=fp8 bfw=bf12 fp8head=gemv pf=bounded emsh=vocab maxtok=32768 queue=8 eos=1 graph=1 compact=0 mtp=0 mtpd=1 mss=0 msrow=8 msbase=28 mslam=0 msmin=1 msad=1 msss=0.93 mdr=auto mdt=1 mvf=token dbr=0 batchmin=2 cand=128 pcgib=1 adm=full win=256 pfbudget=-1 pfidle=0 pmin=1024 phead=1 pace=-1 inflight=-1 reasoning_in_content=0 rs=off dflash=off dfw=checkpoint
2026-10-06 23:31:19.718 INFO  config: model=HawkBearPig/GLM-5.3-Int4-Int8Mix-RTN-g64 world=4 fabric=29970 journal=29971 conc=8 kv=122880 kvdt=bf16 ngt=resident dw=checkpoint mtpef=fp8 bfw=bf12 fp8head=gemv pf=bounded emsh=vocab maxtok=32768 queue=8 eos=1 graph=1 compact=0 mtp=0 mtpd=1 mss=0 msrow=8 msbase=28 mslam=0 msmin=1 msad=1 msss=0.93 mdr=auto mdt=1 mvf=token dbr=0 batchmin=2 cand=128 pcgib=1 adm=full win=256 pfbudget=-1 pfidle=0 pmin=1024 phead=1 pace=-1 inflight=-1 reasoning_in_content=0 rs=off dflash=off dfw=checkpoint (digest cda1c1ff7d4d9358)
2026-10-06 23:31:19.848 INFO  serve: model family glm_moe_dsa (/home/stephen/.cache/huggingface/hub/models--HawkBearPig--GLM-5.3-Int4-Int8Mix-RTN-g64/snapshots/147684fbad20c1e283ddff46fd07cb9d4ccbb3da)
2026-10-06 23:31:19.848 INFO  serve: decode rows 8 (8 slot(s) x 1 row(s) per request, floor 8, the glm_moe_dsa family's cap 16)
2026-10-06 23:31:19.858 WARN  generation config /home/stephen/.cache/huggingface/hub/models--HawkBearPig--GLM-5.3-Int4-Int8Mix-RTN-g64/snapshots/147684fbad20c1e283ddff46fd07cb9d4ccbb3da/generation_config.json omits top_k, min_p, repetition_penalty; using greedy-safe/neutral fallbacks for those fields
2026-10-06 23:31:19.858 INFO  generation defaults: temperature=1 top_p=0.95 top_k=0 min_p=0 repetition_penalty=1
2026-10-06 23:31:19.858 INFO  serve: sampling defaults temperature 1 top_p 0.95 top_k 0 min_p 0 repetition_penalty 1 (from generation_config.json; overrides: none)
2026-10-06 23:31:19.858 INFO  serve: request context limit 122880 tokens (the 122880-token K/V pool from engine.kv_capacity 122880; this family states no positional ceiling of its own)
2026-10-06 23:31:19.858 INFO  rank 2: prefix cache plan — 1 GiB budget, 4096 slots of 0.000 MiB, 0.000 GiB allocated; cached K/V blocks share the 122880-token pool
2026-10-06 23:31:20.034 INFO  tokenizer: loaded vocab 154820 merges 321649 added 36 (revision 0x700b4469fc43f23b; glm pattern, no normalizer, ignore_merges true)
2026-10-06 23:31:20.044 INFO  serve: grammar vocabulary built (154880 ids, tool markers present, call-turn EOS 154829)
2026-10-06 23:31:20.163 INFO  serve: JSON grammar tables built in 0.12 s
2026-10-06 23:31:20.398 INFO  bus: globaltimer offset 10217463009 ns (+-2 us)
2026-10-06 23:31:20.406 INFO  verbs: device roceP2p1s0f0 port 1 gid_index 3
2026-10-06 23:31:20.413 INFO  verbs: device rocep1s0f0 port 1 gid_index 3
2026-10-06 23:31:21.482 INFO  bus: rank 2 up — 3 peer(s) x 2 lane(s), lat 8x98304B, bulk 8x262144B, bulk pace 28.3 Gb/s per QP, window 4 per lane
2026-10-06 23:31:21.482 INFO  rank 2: boundary reducer host-driven
2026-10-06 23:31:21.616 INFO  rank 2: process memory locked (mlockall MCL_CURRENT, 14546 MiB)
2026-10-06 23:31:21.616 INFO  rank 2: resident image cache at /home/stephen/.cache/dgpp/resident
2026-10-06 23:31:21.617 INFO  bus engine: rank 2 pinned to cpu 19
2026-10-06 23:31:21.749 INFO  rank 2: memory plan for a 122880-token context — model weights (resident, packed bf16 matrices released) 95.10 GiB; bf16 decode packing (12-bit companions) 1.08 GiB; bf16 prefill expansion scratch 0.05 GiB; gemm workspace (at least) 0.06 GiB; dsa cache pool (latent bf16 + rope keys on every layer, fp8 index caches on the indexed layers) 10.60 GiB; dsa scratch (projections, selection, attention, the prefill dot tiles) 0.22 GiB; rotary table (bf16 cos/sin per position) 0.01 GiB; activations (session core, residual, block io, dense scratch, route staging) 0.14 GiB (0.01 GiB pinned); moe scratch (routed slots, shared expert, graph tables) 0.75 GiB (0.01 GiB pinned); prefix cache 0.00 GiB; engine 0.07 GiB
2026-10-06 23:31:21.749 INFO  rank 2: memory plan total 108.09 GiB (108.00 GiB device + 0.09 GiB pinned) + 4.00 GiB headroom against 116.61 GiB free (device free 113.92 GiB of 121.69 GiB, host available 116.61 GiB)
2026-10-06 23:31:21.749 INFO  memory ledger: rank 2 after the plan check — rss 1.18 GiB (anon 0.42, shmem 0.10, file 0.67; locked 14.21); device free 113.92 GiB, node available 116.61 GiB
2026-10-06 23:31:21.749 INFO  memory ledger: rank 2 after the bus — rss 1.18 GiB (anon 0.42, shmem 0.10, file 0.67; locked 14.21); device free 113.92 GiB, node available 116.61 GiB
2026-10-06 23:31:22.267 INFO  glm_dsa loader: rank 2 resident footprint 96.5 GiB; device free 113.8 of 121.7 GiB, host available 116.5 GiB
2026-10-06 23:31:22.942 INFO  glm_dsa loader: rank 2 resident image /home/stephen/.cache/dgpp/resident/a4f128845248d27f.img — 79/79 layers present, direct I/O
2026-10-06 23:31:22.957 INFO  l2 prefetch: on, window budget 12 MiB, boundary rate light, layer rate light
2026-10-06 23:31:22.957 INFO  memory ledger: glm_dsa: loader opened — rss 2.75 GiB (anon 0.49, shmem 1.56, file 0.69; locked 14.21); device free 111.90 GiB, node available 114.58 GiB
2026-10-06 23:31:23.978 INFO  memory ledger: glm_dsa: globals resident — rss 3.63 GiB (anon 0.49, shmem 1.56, file 1.58; locked 14.21); device free 110.56 GiB, node available 114.13 GiB
2026-10-06 23:31:38.398 INFO  rank 2 bf12: 82 decode matrices packed (1.40 GiB of bf16 -> 1.06 GiB, 137395 escapes, widest row 12, 0 rows kept raw; 0 matrices kept bf16) in 0.8 s
2026-10-06 23:31:38.398 INFO  rank 2 bf12: 82 of them released their bf16 bytes (1.45 GiB returned; prefill expands through a 48 MiB scratch)
2026-10-06 23:31:38.682 INFO  glm_dsa loader: rank 2 resident load complete — released 79 shard mappings (398.1 GiB) and evicted their page cache, freed the 1.46 GiB pinned staging mirror; image: 78 layers restored, 0 captured
2026-10-06 23:31:38.727 INFO  memory ledger: glm_dsa: layers resident, sources released — rss 1.25 GiB (anon 0.48, shmem 0.10, file 0.67; locked 14.19); device free 15.33 GiB, node available 17.97 GiB
2026-10-06 23:31:39.107 INFO  memory ledger: glm_dsa: arena, pool and scratch — rss 1.25 GiB (anon 0.48, shmem 0.10, file 0.67; locked 14.19); device free 4.28 GiB, node available 6.92 GiB
2026-10-06 23:31:39.156 INFO  memory ledger: rank 2 after the model — rss 1.26 GiB (anon 0.48, shmem 0.11, file 0.67; locked 14.19); device free 4.16 GiB, node available 6.80 GiB
2026-10-06 23:31:39.156 INFO  rank 2: model constructed in 17.4s (resident, 8 request slots, 122880-token pool in bf16, 2048-row forwards)
2026-10-06 23:31:39.156 INFO  rank 2: prefix cache on — 4096 snapshot slot(s) of 0.0 MiB (1.00 GiB asked)
2026-10-06 23:31:39.158 INFO  rank 2: graph engine samples on the device — 128 candidates per rank (8 rows x 4 ranks in a 98304-byte latency slot; the planned width is 128); constrained decoding available
2026-10-06 23:31:39.158 INFO  rank 2: prefill budget 0 tokens/tick (0 = full prompt), 0 with nothing decoding
2026-10-06 23:31:48.676 INFO  memory ledger: rank 2 after the graph engine — rss 1.26 GiB (anon 0.48, shmem 0.11, file 0.67; locked 14.19); device free 4.26 GiB, node available 6.91 GiB
2026-10-06 23:31:48.679 INFO  allreduce: device clock rate 2418000 kHz (stamps conversion)
2026-10-06 23:31:48.679 INFO  allreduce: rank 2 seq 1 launched (3 peers)
2026-10-06 23:31:48.679 INFO  allreduce: rank 2 seq 1 ready after 46.4us
2026-10-06 23:31:48.679 INFO  allreduce: rank 2 seq 1 done status=0 after 147.6us
2026-10-06 23:31:48.941 INFO  allreduce: rank 2 seq 2 launched (3 peers)
2026-10-06 23:31:48.941 INFO  allreduce: rank 2 seq 2 ready after 25.7us
2026-10-06 23:31:49.159 INFO  allreduce: rank 2 seq 2 done status=0 after 217738.4us
2026-10-06 23:31:49.160 INFO  allreduce: rank 2 seq 3 launched (3 peers)
2026-10-06 23:31:49.160 INFO  allreduce: rank 2 seq 3 ready after 19.4us
2026-10-06 23:31:49.161 INFO  allreduce: rank 2 seq 3 done status=0 after 1542.9us
2026-10-06 23:31:49.162 INFO  allreduce: rank 2 seq 4 launched (3 peers)
2026-10-06 23:31:49.162 INFO  allreduce: rank 2 seq 4 ready after 21.6us
2026-10-06 23:31:49.162 INFO  allreduce: rank 2 seq 4 done status=0 after 69.6us
2026-10-06 23:31:49.163 INFO  allreduce: rank 2 seq 5 launched (3 peers)
2026-10-06 23:31:49.163 INFO  allreduce: rank 2 seq 5 ready after 19.2us
2026-10-06 23:31:49.163 INFO  allreduce: rank 2 seq 5 done status=0 after 81.6us
2026-10-06 23:31:49.164 INFO  allreduce: rank 2 seq 6 launched (3 peers)
2026-10-06 23:31:49.164 INFO  allreduce: rank 2 seq 6 ready after 21.8us
2026-10-06 23:31:49.164 INFO  allreduce: rank 2 seq 6 done status=0 after 69.9us
2026-10-06 23:31:49.164 INFO  allreduce: rank 2 seq 7 launched (3 peers)
2026-10-06 23:31:49.164 INFO  allreduce: rank 2 seq 7 ready after 21.5us
2026-10-06 23:31:49.164 INFO  allreduce: rank 2 seq 7 done status=0 after 66.7us
2026-10-06 23:31:49.212 INFO  allreduce: rank 2 seq 8 launched (3 peers)
2026-10-06 23:31:49.212 INFO  allreduce: rank 2 seq 8 ready after 27.2us
2026-10-06 23:31:49.214 INFO  allreduce: rank 2 seq 8 done status=0 after 2586.8us
2026-10-06 23:31:49.261 INFO  allreduce: rank 2 seq 9 launched (3 peers)
2026-10-06 23:31:49.261 INFO  allreduce: rank 2 seq 9 ready after 19.5us
2026-10-06 23:31:49.261 INFO  allreduce: rank 2 seq 9 done status=0 after 65.6us
2026-10-06 23:31:49.261 INFO  allreduce: rank 2 seq 10 launched (3 peers)
2026-10-06 23:31:49.261 INFO  allreduce: rank 2 seq 10 ready after 23.4us
2026-10-06 23:31:49.261 INFO  allreduce: rank 2 seq 10 done status=0 after 88.8us
2026-10-06 23:31:49.262 INFO  allreduce: rank 2 seq 11 launched (3 peers)
2026-10-06 23:31:49.262 INFO  allreduce: rank 2 seq 11 ready after 22.8us
2026-10-06 23:31:49.262 INFO  allreduce: rank 2 seq 11 done status=0 after 68.7us
2026-10-06 23:31:49.262 INFO  allreduce: rank 2 seq 12 launched (3 peers)
2026-10-06 23:31:49.262 INFO  allreduce: rank 2 seq 12 ready after 21.1us
2026-10-06 23:31:49.262 INFO  allreduce: rank 2 seq 12 done status=0 after 68.7us
2026-10-06 23:31:49.263 INFO  allreduce: rank 2 seq 13 launched (3 peers)
2026-10-06 23:31:49.263 INFO  allreduce: rank 2 seq 13 ready after 22.5us
2026-10-06 23:31:49.263 INFO  allreduce: rank 2 seq 13 done status=0 after 70.0us
2026-10-06 23:31:49.264 INFO  allreduce: rank 2 seq 14 launched (3 peers)
2026-10-06 23:31:49.264 INFO  allreduce: rank 2 seq 14 ready after 25.7us
2026-10-06 23:31:49.264 INFO  allreduce: rank 2 seq 14 done status=0 after 95.6us
2026-10-06 23:31:49.264 INFO  allreduce: rank 2 seq 15 launched (3 peers)
2026-10-06 23:31:49.264 INFO  allreduce: rank 2 seq 15 ready after 22.6us
2026-10-06 23:31:49.264 INFO  allreduce: rank 2 seq 15 done status=0 after 68.7us
2026-10-06 23:31:49.265 INFO  allreduce: rank 2 seq 16 launched (3 peers)
2026-10-06 23:31:49.265 INFO  allreduce: rank 2 seq 16 ready after 17.9us
2026-10-06 23:31:49.265 INFO  allreduce: rank 2 seq 16 done status=0 after 82.9us
2026-10-06 23:31:49.369 INFO  bus graph era: variant 0 recorded with 158 collective node(s)
2026-10-06 23:31:49.369 INFO  rank 2: graph variant 0 shape: 2359 nodes, 2592 edges: kernel 2359 empty 0 memcpy 0 memset 0 host 0 event 0 other 0; max in-degree 2
2026-10-06 23:31:49.387 INFO  rank 2: graph variant 0 instantiated — 162.6 MiB of device memory (3.0 GiB free)
2026-10-06 23:31:49.389 INFO  bus graph era: variant 1 recorded with 158 collective node(s)
2026-10-06 23:31:49.389 INFO  rank 2: graph variant 1 shape: 2359 nodes, 2592 edges: kernel 2359 empty 0 memcpy 0 memset 0 host 0 event 0 other 0; max in-degree 2
2026-10-06 23:31:49.394 INFO  rank 2: graph variant 1 instantiated — 12.8 MiB of device memory (3.0 GiB free)
2026-10-06 23:31:49.394 INFO  rank 2: serving scalar graph variants 0/1 captured for request slot 0 (1 rows)
2026-10-06 23:31:49.397 INFO  bus graph era: variant 16 recorded with 158 collective node(s)
2026-10-06 23:31:49.397 INFO  rank 2: graph variant 16 shape: 2435 nodes, 2668 edges: kernel 2435 empty 0 memcpy 0 memset 0 host 0 event 0 other 0; max in-degree 2
2026-10-06 23:31:49.404 INFO  rank 2: graph variant 16 instantiated — 24.5 MiB of device memory (3.0 GiB free)
2026-10-06 23:31:49.405 INFO  bus graph era: variant 17 recorded with 158 collective node(s)
2026-10-06 23:31:49.406 INFO  rank 2: graph variant 17 shape: 2435 nodes, 2668 edges: kernel 2435 empty 0 memcpy 0 memset 0 host 0 event 0 other 0; max in-degree 2
2026-10-06 23:31:49.414 INFO  rank 2: graph variant 17 instantiated — 31.0 MiB of device memory (2.9 GiB free)
2026-10-06 23:31:49.414 INFO  rank 2: serving row-batched graph variants 16/17 captured for 2 slots x 1 rows = 2 fixed rows (a batch is selected at 2+ live requests, the smallest that covers the live slots)
2026-10-06 23:31:49.417 INFO  bus graph era: variant 18 recorded with 158 collective node(s)
2026-10-06 23:31:49.417 INFO  rank 2: graph variant 18 shape: 2436 nodes, 2669 edges: kernel 2436 empty 0 memcpy 0 memset 0 host 0 event 0 other 0; max in-degree 2
2026-10-06 23:31:49.425 INFO  rank 2: graph variant 18 instantiated — 28.3 MiB of device memory (2.9 GiB free)
2026-10-06 23:31:49.427 INFO  bus graph era: variant 19 recorded with 158 collective node(s)
2026-10-06 23:31:49.427 INFO  rank 2: graph variant 19 shape: 2436 nodes, 2669 edges: kernel 2436 empty 0 memcpy 0 memset 0 host 0 event 0 other 0; max in-degree 2
2026-10-06 23:31:49.436 INFO  rank 2: graph variant 19 instantiated — 33.6 MiB of device memory (2.9 GiB free)
2026-10-06 23:31:49.436 INFO  rank 2: serving row-batched graph variants 18/19 captured for 3 slots x 1 rows = 3 fixed rows (a batch is selected at 2+ live requests, the smallest that covers the live slots)
2026-10-06 23:31:49.438 INFO  bus graph era: variant 20 recorded with 158 collective node(s)
2026-10-06 23:31:49.438 INFO  rank 2: graph variant 20 shape: 2437 nodes, 2670 edges: kernel 2437 empty 0 memcpy 0 memset 0 host 0 event 0 other 0; max in-degree 2
2026-10-06 23:31:49.447 INFO  rank 2: graph variant 20 instantiated — 31.8 MiB of device memory (2.9 GiB free)
2026-10-06 23:31:49.449 INFO  bus graph era: variant 21 recorded with 158 collective node(s)
2026-10-06 23:31:49.449 INFO  rank 2: graph variant 21 shape: 2437 nodes, 2670 edges: kernel 2437 empty 0 memcpy 0 memset 0 host 0 event 0 other 0; max in-degree 2
2026-10-06 23:31:49.457 INFO  rank 2: graph variant 21 instantiated — 27.9 MiB of device memory (2.8 GiB free)
2026-10-06 23:31:49.457 INFO  rank 2: serving row-batched graph variants 20/21 captured for 4 slots x 1 rows = 4 fixed rows (a batch is selected at 2+ live requests, the smallest that covers the live slots)
2026-10-06 23:31:49.459 INFO  bus graph era: variant 22 recorded with 158 collective node(s)
2026-10-06 23:31:49.460 INFO  rank 2: graph variant 22 shape: 2664 nodes, 2897 edges: kernel 2664 empty 0 memcpy 0 memset 0 host 0 event 0 other 0; max in-degree 2
2026-10-06 23:31:49.469 INFO  rank 2: graph variant 22 instantiated — 33.1 MiB of device memory (2.8 GiB free)
2026-10-06 23:31:49.471 INFO  bus graph era: variant 23 recorded with 158 collective node(s)
2026-10-06 23:31:49.471 INFO  rank 2: graph variant 23 shape: 2664 nodes, 2897 edges: kernel 2664 empty 0 memcpy 0 memset 0 host 0 event 0 other 0; max in-degree 2
2026-10-06 23:31:49.481 INFO  rank 2: graph variant 23 instantiated — 38.2 MiB of device memory (2.8 GiB free)
2026-10-06 23:31:49.481 INFO  rank 2: serving row-batched graph variants 22/23 captured for 6 slots x 1 rows = 6 fixed rows (a batch is selected at 2+ live requests, the smallest that covers the live slots)
2026-10-06 23:31:49.483 INFO  bus graph era: variant 24 recorded with 158 collective node(s)
2026-10-06 23:31:49.483 INFO  rank 2: graph variant 24 shape: 2666 nodes, 2899 edges: kernel 2666 empty 0 memcpy 0 memset 0 host 0 event 0 other 0; max in-degree 2
2026-10-06 23:31:49.492 INFO  rank 2: graph variant 24 instantiated — 29.6 MiB of device memory (2.7 GiB free)
2026-10-06 23:31:49.494 INFO  bus graph era: variant 25 recorded with 158 collective node(s)
2026-10-06 23:31:49.494 INFO  rank 2: graph variant 25 shape: 2666 nodes, 2899 edges: kernel 2666 empty 0 memcpy 0 memset 0 host 0 event 0 other 0; max in-degree 2
2026-10-06 23:31:49.504 INFO  rank 2: graph variant 25 instantiated — 32.9 MiB of device memory (2.7 GiB free)
2026-10-06 23:31:49.504 INFO  rank 2: serving row-batched graph variants 24/25 captured for 8 slots x 1 rows = 8 fixed rows (a batch is selected at 2+ live requests, the smallest that covers the live slots)
2026-10-06 23:31:49.606 INFO  bus graph era: variant 2 recorded with 158 collective node(s)
2026-10-06 23:31:49.606 INFO  rank 2: graph variant 2 shape: 2359 nodes, 2592 edges: kernel 2359 empty 0 memcpy 0 memset 0 host 0 event 0 other 0; max in-degree 2
2026-10-06 23:31:49.614 INFO  rank 2: graph variant 2 instantiated — 29.7 MiB of device memory (2.7 GiB free)
2026-10-06 23:31:49.616 INFO  bus graph era: variant 3 recorded with 158 collective node(s)
2026-10-06 23:31:49.616 INFO  rank 2: graph variant 3 shape: 2359 nodes, 2592 edges: kernel 2359 empty 0 memcpy 0 memset 0 host 0 event 0 other 0; max in-degree 2
2026-10-06 23:31:49.625 INFO  rank 2: graph variant 3 instantiated — 28.5 MiB of device memory (2.6 GiB free)
2026-10-06 23:31:49.625 INFO  rank 2: serving scalar graph variants 2/3 captured for request slot 1 (1 rows)
2026-10-06 23:31:49.738 INFO  bus graph era: variant 4 recorded with 158 collective node(s)
2026-10-06 23:31:49.738 INFO  rank 2: graph variant 4 shape: 2359 nodes, 2592 edges: kernel 2359 empty 0 memcpy 0 memset 0 host 0 event 0 other 0; max in-degree 2
2026-10-06 23:31:49.747 INFO  rank 2: graph variant 4 instantiated — 32.8 MiB of device memory (2.6 GiB free)
2026-10-06 23:31:49.749 INFO  bus graph era: variant 5 recorded with 158 collective node(s)
2026-10-06 23:31:49.749 INFO  rank 2: graph variant 5 shape: 2359 nodes, 2592 edges: kernel 2359 empty 0 memcpy 0 memset 0 host 0 event 0 other 0; max in-degree 2
2026-10-06 23:31:49.757 INFO  rank 2: graph variant 5 instantiated — 28.5 MiB of device memory (2.6 GiB free)
2026-10-06 23:31:49.757 INFO  rank 2: serving scalar graph variants 4/5 captured for request slot 2 (1 rows)
2026-10-06 23:31:49.905 INFO  bus graph era: variant 6 recorded with 158 collective node(s)
2026-10-06 23:31:49.905 INFO  rank 2: graph variant 6 shape: 2359 nodes, 2592 edges: kernel 2359 empty 0 memcpy 0 memset 0 host 0 event 0 other 0; max in-degree 2
2026-10-06 23:31:49.914 INFO  rank 2: graph variant 6 instantiated — 32.3 MiB of device memory (2.5 GiB free)
2026-10-06 23:31:49.916 INFO  bus graph era: variant 7 recorded with 158 collective node(s)
2026-10-06 23:31:49.916 INFO  rank 2: graph variant 7 shape: 2359 nodes, 2592 edges: kernel 2359 empty 0 memcpy 0 memset 0 host 0 event 0 other 0; max in-degree 2
2026-10-06 23:31:49.924 INFO  rank 2: graph variant 7 instantiated — 28.5 MiB of device memory (2.5 GiB free)
2026-10-06 23:31:49.924 INFO  rank 2: serving scalar graph variants 6/7 captured for request slot 3 (1 rows)
2026-10-06 23:31:50.029 INFO  bus graph era: variant 8 recorded with 158 collective node(s)
2026-10-06 23:31:50.029 INFO  rank 2: graph variant 8 shape: 2359 nodes, 2592 edges: kernel 2359 empty 0 memcpy 0 memset 0 host 0 event 0 other 0; max in-degree 2
2026-10-06 23:31:50.038 INFO  rank 2: graph variant 8 instantiated — 32.3 MiB of device memory (2.5 GiB free)
2026-10-06 23:31:50.040 INFO  bus graph era: variant 9 recorded with 158 collective node(s)
2026-10-06 23:31:50.040 INFO  rank 2: graph variant 9 shape: 2359 nodes, 2592 edges: kernel 2359 empty 0 memcpy 0 memset 0 host 0 event 0 other 0; max in-degree 2
2026-10-06 23:31:50.048 INFO  rank 2: graph variant 9 instantiated — 28.4 MiB of device memory (2.5 GiB free)
2026-10-06 23:31:50.048 INFO  rank 2: serving scalar graph variants 8/9 captured for request slot 4 (1 rows)
2026-10-06 23:31:50.151 INFO  bus graph era: variant 10 recorded with 158 collective node(s)
2026-10-06 23:31:50.151 INFO  rank 2: graph variant 10 shape: 2359 nodes, 2592 edges: kernel 2359 empty 0 memcpy 0 memset 0 host 0 event 0 other 0; max in-degree 2
2026-10-06 23:31:50.160 INFO  rank 2: graph variant 10 instantiated — 30.0 MiB of device memory (2.4 GiB free)
2026-10-06 23:31:50.162 INFO  bus graph era: variant 11 recorded with 158 collective node(s)
2026-10-06 23:31:50.162 INFO  rank 2: graph variant 11 shape: 2359 nodes, 2592 edges: kernel 2359 empty 0 memcpy 0 memset 0 host 0 event 0 other 0; max in-degree 2
2026-10-06 23:31:50.171 INFO  rank 2: graph variant 11 instantiated — 33.2 MiB of device memory (2.4 GiB free)
2026-10-06 23:31:50.171 INFO  rank 2: serving scalar graph variants 10/11 captured for request slot 5 (1 rows)
2026-10-06 23:31:50.272 INFO  bus graph era: variant 12 recorded with 158 collective node(s)
2026-10-06 23:31:50.272 INFO  rank 2: graph variant 12 shape: 2359 nodes, 2592 edges: kernel 2359 empty 0 memcpy 0 memset 0 host 0 event 0 other 0; max in-degree 2
2026-10-06 23:31:50.280 INFO  rank 2: graph variant 12 instantiated — 26.9 MiB of device memory (2.4 GiB free)
2026-10-06 23:31:50.282 INFO  bus graph era: variant 13 recorded with 158 collective node(s)
2026-10-06 23:31:50.282 INFO  rank 2: graph variant 13 shape: 2359 nodes, 2592 edges: kernel 2359 empty 0 memcpy 0 memset 0 host 0 event 0 other 0; max in-degree 2
2026-10-06 23:31:50.291 INFO  rank 2: graph variant 13 instantiated — 33.2 MiB of device memory (2.3 GiB free)
2026-10-06 23:31:50.291 INFO  rank 2: serving scalar graph variants 12/13 captured for request slot 6 (1 rows)
2026-10-06 23:31:50.396 INFO  bus graph era: variant 14 recorded with 158 collective node(s)
2026-10-06 23:31:50.396 INFO  rank 2: graph variant 14 shape: 2359 nodes, 2592 edges: kernel 2359 empty 0 memcpy 0 memset 0 host 0 event 0 other 0; max in-degree 2
2026-10-06 23:31:50.404 INFO  rank 2: graph variant 14 instantiated — 25.5 MiB of device memory (2.3 GiB free)
2026-10-06 23:31:50.406 INFO  bus graph era: variant 15 recorded with 158 collective node(s)
2026-10-06 23:31:50.406 INFO  rank 2: graph variant 15 shape: 2359 nodes, 2592 edges: kernel 2359 empty 0 memcpy 0 memset 0 host 0 event 0 other 0; max in-degree 2
2026-10-06 23:31:50.415 INFO  rank 2: graph variant 15 instantiated — 32.8 MiB of device memory (2.3 GiB free)
2026-10-06 23:31:50.415 INFO  rank 2: serving scalar graph variants 14/15 captured for request slot 7 (1 rows)
2026-10-06 23:31:50.415 INFO  rank 2: warm capture complete — 8 scalar variants and the row batches for 2 slots, 3 slots, 4 slots, 6 slots, 8 slots recorded before the first request
2026-10-06 23:31:50.415 INFO  memory ledger: rank 2 after the warm capture — rss 1.98 GiB (anon 1.19, shmem 0.12, file 0.67; locked 14.19); device free 2.28 GiB, node available 4.93 GiB
2026-10-06 23:31:50.415 INFO  rank 2: graph variants warm-captured in 1.74s
2026-10-06 23:31:50.415 INFO  rank 2: following rank 0's journal (admission full, window 256)
2026-10-06 23:31:50.700 INFO  sched: request 'chatcmpl-d3123de2de68b11b' starting prefill in slot 0 (62 prompt tokens)
2026-10-06 23:31:51.315 INFO  sched: request 'chatcmpl-d3123de2de68b11b' prefix cache miss — 3 cut(s), the cache is empty
2026-10-06 23:31:51.315 INFO  sched: request 'chatcmpl-d3123de2de68b11b' admitted to slot 0 (reserve 1 blocks; pool 1/960 blocks in use) — first token 785
2026-10-06 23:31:54.475 INFO  sched: request 'chatcmpl-d3123de2de68b11b' retired (steps): 64 tok in 3.8 s — prefill 62 tok (0 cached) in 615 ms; decode 63 tok / 63 passes in 3.2 s: 19.9 tok/s, 50.2 ms/tok, 50 ms/pass, 1.00 tok/pass
2026-10-06 23:31:54.484 INFO  sched: request 'chatcmpl-d3123de2de68b11c' starting prefill in slot 0 (37 prompt tokens)
2026-10-06 23:31:54.921 INFO  sched: request 'chatcmpl-d3123de2de68b11c' prefix cache miss — 3 cut(s), the cache is empty
2026-10-06 23:31:54.921 INFO  sched: request 'chatcmpl-d3123de2de68b11c' admitted to slot 0 (reserve 3 blocks; pool 3/960 blocks in use) — first token 785
2026-10-06 23:32:00.616 INFO  stats: rank 2 | 10.0 s | decode 17.8 tok/s, 48.9 ms/tok, 49.4 ms/step (177 steps / 179 tok, 87 % of wall) | prefill 2 prompts / 99 tok, 10 tok/s, 10.62 ms/tok, 526 ms avg (10 % of wall), 0 tok cached (0/2 hits) | live 1, queued 0 | pool 3/960 blocks (0 %) | prefix cache 0/4096 entries
2026-10-06 23:32:07.675 INFO  sched: request 'chatcmpl-d3123de2de68b11c' retired (steps): 256 tok in 13.2 s — prefill 37 tok (0 cached) in 437 ms; decode 255 tok / 255 passes in 12.8 s: 20.0 tok/s, 50.0 ms/tok, 50 ms/pass, 1.00 tok/pass
2026-10-06 23:32:07.700 INFO  sched: request 'chatcmpl-d3123de2de68b11d' starting prefill in slot 0 (37 prompt tokens)
2026-10-06 23:32:08.132 INFO  sched: request 'chatcmpl-d3123de2de68b11d' prefix cache miss — 3 cut(s), the cache is empty
2026-10-06 23:32:08.133 INFO  sched: request 'chatcmpl-d3123de2de68b11d' admitted to slot 0 (reserve 3 blocks; pool 3/960 blocks in use) — first token 785
2026-10-06 23:32:10.634 INFO  stats: rank 2 | 10.0 s | decode 19.2 tok/s, 49.2 ms/tok, 49.5 ms/step (191 steps / 192 tok, 94 % of wall) | prefill 1 prompt / 37 tok, 4 tok/s, 11.69 ms/tok, 432 ms avg (4 % of wall), 0 tok cached (0/1 hit) | live 1, queued 0 | pool 3/960 blocks (0 %) | prefix cache 0/4096 entries
2026-10-06 23:32:20.675 INFO  stats: rank 2 | 10.0 s | decode 20.0 tok/s, 49.4 ms/tok, 49.4 ms/step (201 steps / 201 tok, 99 % of wall) | prefill 0 prompts / 0 tok, 0 tok cached (0/0 hits) | live 1, queued 0 | pool 3/960 blocks (0 %) | prefix cache 0/4096 entries
2026-10-06 23:32:20.875 INFO  sched: request 'chatcmpl-d3123de2de68b11d' retired (steps): 256 tok in 13.2 s — prefill 37 tok (0 cached) in 432 ms; decode 255 tok / 255 passes in 12.7 s: 20.0 tok/s, 50.0 ms/tok, 50 ms/pass, 1.00 tok/pass
2026-10-06 23:32:20.884 INFO  sched: request 'chatcmpl-d3123de2de68b11e' starting prefill in slot 0 (37 prompt tokens)
2026-10-06 23:32:21.309 INFO  sched: request 'chatcmpl-d3123de2de68b11e' prefix cache miss — 3 cut(s), the cache is empty
2026-10-06 23:32:21.309 INFO  sched: request 'chatcmpl-d3123de2de68b11e' admitted to slot 0 (reserve 3 blocks; pool 3/960 blocks in use) — first token 785
2026-10-06 23:32:30.708 INFO  stats: rank 2 | 10.0 s | decode 19.2 tok/s, 49.1 ms/tok, 49.4 ms/step (192 steps / 193 tok, 95 % of wall) | prefill 1 prompt / 37 tok, 4 tok/s, 11.47 ms/tok, 424 ms avg (4 % of wall), 0 tok cached (0/1 hit) | live 1, queued 0 | pool 3/960 blocks (0 %) | prefix cache 0/4096 entries
2026-10-06 23:32:34.057 INFO  sched: request 'chatcmpl-d3123de2de68b11e' retired (steps): 256 tok in 13.2 s — prefill 37 tok (0 cached) in 424 ms; decode 255 tok / 255 passes in 12.7 s: 20.0 tok/s, 50.0 ms/tok, 50 ms/pass, 1.00 tok/pass
2026-10-06 23:32:34.066 INFO  sched: request 'chatcmpl-d3123de2de68b11f' starting prefill in slot 0 (51 prompt tokens)
2026-10-06 23:32:34.588 INFO  sched: request 'chatcmpl-d3123de2de68b11f' prefix cache miss — 3 cut(s), the cache is empty
2026-10-06 23:32:34.588 INFO  sched: request 'chatcmpl-d3123de2de68b11f' admitted to slot 0 (reserve 3 blocks; pool 3/960 blocks in use) — first token 785
2026-10-06 23:32:40.741 INFO  stats: rank 2 | 10.0 s | decode 19.0 tok/s, 49.2 ms/tok, 49.5 ms/step (190 steps / 191 tok, 94 % of wall) | prefill 1 prompt / 51 tok, 5 tok/s, 10.23 ms/tok, 522 ms avg (5 % of wall), 0 tok cached (0/1 hit) | live 1, queued 0 | pool 3/960 blocks (0 %) | prefix cache 0/4096 entries
2026-10-06 23:32:47.333 INFO  sched: request 'chatcmpl-d3123de2de68b11f' retired (steps): 256 tok in 13.3 s — prefill 51 tok (0 cached) in 522 ms; decode 255 tok / 255 passes in 12.7 s: 20.0 tok/s, 50.0 ms/tok, 50 ms/pass, 1.00 tok/pass
2026-10-06 23:32:47.348 INFO  sched: request 'chatcmpl-d3123de2de68b120' starting prefill in slot 0 (51 prompt tokens)
2026-10-06 23:32:47.874 INFO  sched: request 'chatcmpl-d3123de2de68b120' prefix cache miss — 3 cut(s), the cache is empty
2026-10-06 23:32:47.874 INFO  sched: request 'chatcmpl-d3123de2de68b120' admitted to slot 0 (reserve 3 blocks; pool 3/960 blocks in use) — first token 785
2026-10-06 23:32:50.785 INFO  stats: rank 2 | 10.0 s | decode 19.0 tok/s, 49.2 ms/tok, 49.5 ms/step (190 steps / 191 tok, 94 % of wall) | prefill 1 prompt / 51 tok, 5 tok/s, 10.31 ms/tok, 526 ms avg (5 % of wall), 0 tok cached (0/1 hit) | live 1, queued 0 | pool 3/960 blocks (0 %) | prefix cache 0/4096 entries
2026-10-06 23:33:00.628 INFO  sched: request 'chatcmpl-d3123de2de68b120' retired (steps): 256 tok in 13.3 s — prefill 51 tok (0 cached) in 526 ms; decode 255 tok / 255 passes in 12.8 s: 20.0 tok/s, 50.0 ms/tok, 50 ms/pass, 1.00 tok/pass
2026-10-06 23:33:00.643 INFO  sched: request 'chatcmpl-d3123de2de68b121' starting prefill in slot 0 (51 prompt tokens)
2026-10-06 23:33:01.165 INFO  sched: request 'chatcmpl-d3123de2de68b121' prefix cache miss — 3 cut(s), the cache is empty
2026-10-06 23:33:01.165 INFO  sched: request 'chatcmpl-d3123de2de68b121' admitted to slot 0 (reserve 3 blocks; pool 3/960 blocks in use) — first token 785
2026-10-06 23:33:01.217 INFO  stats: rank 2 | 10.4 s | decode 19.1 tok/s, 49.2 ms/tok, 49.4 ms/step (198 steps / 199 tok, 94 % of wall) | prefill 1 prompt / 51 tok, 5 tok/s, 10.23 ms/tok, 522 ms avg (5 % of wall), 0 tok cached (0/1 hit) | live 1, queued 0 | pool 3/960 blocks (0 %) | prefix cache 0/4096 entries
2026-10-06 23:33:11.228 INFO  stats: rank 2 | 10.0 s | decode 20.0 tok/s, 49.5 ms/tok, 49.5 ms/step (200 steps / 200 tok, 99 % of wall) | prefill 0 prompts / 0 tok, 0 tok cached (0/0 hits) | live 1, queued 0 | pool 3/960 blocks (0 %) | prefix cache 0/4096 entries
2026-10-06 23:33:13.924 INFO  sched: request 'chatcmpl-d3123de2de68b121' retired (steps): 256 tok in 13.3 s — prefill 51 tok (0 cached) in 522 ms; decode 255 tok / 255 passes in 12.8 s: 20.0 tok/s, 50.0 ms/tok, 50 ms/pass, 1.00 tok/pass
2026-10-06 23:33:13.961 INFO  sched: request 'chatcmpl-d3123de2de68b122' starting prefill in slot 0 (46 prompt tokens)
2026-10-06 23:33:14.460 INFO  sched: request 'chatcmpl-d3123de2de68b122' prefix cache miss — 3 cut(s), the cache is empty
2026-10-06 23:33:14.460 INFO  sched: request 'chatcmpl-d3123de2de68b122' admitted to slot 0 (reserve 3 blocks; pool 3/960 blocks in use) — first token 785
2026-10-06 23:33:21.260 INFO  stats: rank 2 | 10.0 s | decode 19.0 tok/s, 49.1 ms/tok, 49.4 ms/step (190 steps / 191 tok, 94 % of wall) | prefill 1 prompt / 46 tok, 5 tok/s, 10.87 ms/tok, 500 ms avg (5 % of wall), 0 tok cached (0/1 hit) | live 1, queued 0 | pool 3/960 blocks (0 %) | prefix cache 0/4096 entries
2026-10-06 23:33:27.202 INFO  sched: request 'chatcmpl-d3123de2de68b122' retired (steps): 256 tok in 13.2 s — prefill 46 tok (0 cached) in 500 ms; decode 255 tok / 255 passes in 12.7 s: 20.0 tok/s, 50.0 ms/tok, 50 ms/pass, 1.00 tok/pass
2026-10-06 23:33:27.222 INFO  sched: request 'chatcmpl-d3123de2de68b123' starting prefill in slot 0 (46 prompt tokens)
2026-10-06 23:33:27.714 INFO  sched: request 'chatcmpl-d3123de2de68b123' prefix cache miss — 3 cut(s), the cache is empty
2026-10-06 23:33:27.714 INFO  sched: request 'chatcmpl-d3123de2de68b123' admitted to slot 0 (reserve 3 blocks; pool 3/960 blocks in use) — first token 785
2026-10-06 23:33:31.281 INFO  stats: rank 2 | 10.0 s | decode 19.1 tok/s, 49.2 ms/tok, 49.5 ms/step (190 steps / 191 tok, 94 % of wall) | prefill 1 prompt / 46 tok, 5 tok/s, 10.68 ms/tok, 491 ms avg (5 % of wall), 0 tok cached (0/1 hit) | live 1, queued 0 | pool 3/960 blocks (0 %) | prefix cache 0/4096 entries
2026-10-06 23:33:40.481 INFO  sched: request 'chatcmpl-d3123de2de68b123' retired (steps): 256 tok in 13.3 s — prefill 46 tok (0 cached) in 491 ms; decode 255 tok / 255 passes in 12.8 s: 20.0 tok/s, 50.1 ms/tok, 50 ms/pass, 1.00 tok/pass
2026-10-06 23:33:40.512 INFO  sched: request 'chatcmpl-d3123de2de68b124' starting prefill in slot 0 (46 prompt tokens)
2026-10-06 23:33:41.013 INFO  sched: request 'chatcmpl-d3123de2de68b124' prefix cache miss — 3 cut(s), the cache is empty
2026-10-06 23:33:41.013 INFO  sched: request 'chatcmpl-d3123de2de68b124' admitted to slot 0 (reserve 3 blocks; pool 3/960 blocks in use) — first token 785
2026-10-06 23:33:41.318 INFO  stats: rank 2 | 10.0 s | decode 19.0 tok/s, 49.2 ms/tok, 49.4 ms/step (190 steps / 191 tok, 94 % of wall) | prefill 1 prompt / 46 tok, 5 tok/s, 10.90 ms/tok, 502 ms avg (5 % of wall), 0 tok cached (0/1 hit) | live 1, queued 0 | pool 3/960 blocks (0 %) | prefix cache 0/4096 entries
2026-10-06 23:33:51.344 INFO  stats: rank 2 | 10.0 s | decode 19.7 tok/s, 50.1 ms/tok, 50.1 ms/step (198 steps / 198 tok, 99 % of wall) | prefill 0 prompts / 0 tok, 0 tok cached (0/0 hits) | live 1, queued 0 | pool 3/960 blocks (0 %) | prefix cache 0/4096 entries
2026-10-06 23:33:53.889 INFO  sched: request 'chatcmpl-d3123de2de68b124' retired (steps): 256 tok in 13.4 s — prefill 46 tok (0 cached) in 502 ms; decode 255 tok / 255 passes in 12.9 s: 19.8 tok/s, 50.5 ms/tok, 50 ms/pass, 1.00 tok/pass
2026-10-06 23:33:53.925 INFO  sched: request 'chatcmpl-d3123de2de68b125' starting prefill in slot 0 (68 prompt tokens)
2026-10-06 23:33:54.565 INFO  sched: request 'chatcmpl-d3123de2de68b125' prefix cache miss — 3 cut(s), the cache is empty
2026-10-06 23:33:54.565 INFO  sched: request 'chatcmpl-d3123de2de68b125' admitted to slot 0 (reserve 3 blocks; pool 3/960 blocks in use) — first token 1654
2026-10-06 23:34:01.347 INFO  stats: rank 2 | 10.0 s | decode 18.6 tok/s, 49.6 ms/tok, 49.8 ms/step (185 steps / 186 tok, 92 % of wall) | prefill 1 prompt / 68 tok, 7 tok/s, 9.41 ms/tok, 640 ms avg (6 % of wall), 0 tok cached (0/1 hit) | live 1, queued 0 | pool 3/960 blocks (0 %) | prefix cache 0/4096 entries
2026-10-06 23:34:07.471 INFO  sched: request 'chatcmpl-d3123de2de68b125' retired (steps): 256 tok in 13.5 s — prefill 68 tok (0 cached) in 640 ms; decode 255 tok / 255 passes in 12.9 s: 19.8 tok/s, 50.6 ms/tok, 51 ms/pass, 1.00 tok/pass
2026-10-06 23:34:07.480 INFO  sched: request 'chatcmpl-d3123de2de68b126' starting prefill in slot 0 (68 prompt tokens)
2026-10-06 23:34:08.124 INFO  sched: request 'chatcmpl-d3123de2de68b126' prefix cache miss — 3 cut(s), the cache is empty
2026-10-06 23:34:08.124 INFO  sched: request 'chatcmpl-d3123de2de68b126' admitted to slot 0 (reserve 3 blocks; pool 3/960 blocks in use) — first token 1654
2026-10-06 23:34:11.361 INFO  stats: rank 2 | 10.0 s | decode 18.5 tok/s, 50.0 ms/tok, 50.3 ms/step (184 steps / 185 tok, 92 % of wall) | prefill 1 prompt / 68 tok, 7 tok/s, 9.47 ms/tok, 644 ms avg (6 % of wall), 0 tok cached (0/1 hit) | live 1, queued 0 | pool 3/960 blocks (0 %) | prefix cache 0/4096 entries
2026-10-06 23:34:21.067 INFO  sched: request 'chatcmpl-d3123de2de68b126' retired (steps): 256 tok in 13.6 s — prefill 68 tok (0 cached) in 644 ms; decode 255 tok / 255 passes in 12.9 s: 19.7 tok/s, 50.8 ms/tok, 51 ms/pass, 1.00 tok/pass
2026-10-06 23:34:21.093 INFO  sched: request 'chatcmpl-d3123de2de68b127' starting prefill in slot 0 (68 prompt tokens)
2026-10-06 23:34:21.743 INFO  sched: request 'chatcmpl-d3123de2de68b127' prefix cache miss — 3 cut(s), the cache is empty
2026-10-06 23:34:21.743 INFO  sched: request 'chatcmpl-d3123de2de68b127' admitted to slot 0 (reserve 3 blocks; pool 3/960 blocks in use) — first token 1654
2026-10-06 23:34:21.796 INFO  stats: rank 2 | 10.4 s | decode 18.6 tok/s, 49.7 ms/tok, 50.0 ms/step (193 steps / 194 tok, 92 % of wall) | prefill 1 prompt / 68 tok, 7 tok/s, 9.56 ms/tok, 650 ms avg (6 % of wall), 0 tok cached (0/1 hit) | live 1, queued 0 | pool 3/960 blocks (0 %) | prefix cache 0/4096 entries
2026-10-06 23:34:31.835 INFO  stats: rank 2 | 10.0 s | decode 19.6 tok/s, 50.4 ms/tok, 50.4 ms/step (197 steps / 197 tok, 99 % of wall) | prefill 0 prompts / 0 tok, 0 tok cached (0/0 hits) | live 1, queued 0 | pool 3/960 blocks (0 %) | prefix cache 0/4096 entries
2026-10-06 23:34:34.682 INFO  sched: request 'chatcmpl-d3123de2de68b127' retired (steps): 256 tok in 13.6 s — prefill 68 tok (0 cached) in 650 ms; decode 255 tok / 255 passes in 12.9 s: 19.7 tok/s, 50.7 ms/tok, 51 ms/pass, 1.00 tok/pass
2026-10-06 23:34:34.712 INFO  sched: request 'chatcmpl-d3123de2de68b128' starting prefill in slot 0 (40 prompt tokens)
2026-10-06 23:34:35.182 INFO  sched: request 'chatcmpl-d3123de2de68b128' prefix cache miss — 3 cut(s), the cache is empty
2026-10-06 23:34:35.182 INFO  sched: request 'chatcmpl-d3123de2de68b128' admitted to slot 0 (reserve 3 blocks; pool 3/960 blocks in use) — first token 785
2026-10-06 23:34:41.882 INFO  stats: rank 2 | 10.0 s | decode 18.8 tok/s, 49.9 ms/tok, 50.2 ms/step (188 steps / 189 tok, 94 % of wall) | prefill 1 prompt / 40 tok, 4 tok/s, 11.76 ms/tok, 470 ms avg (5 % of wall), 0 tok cached (0/1 hit) | live 1, queued 0 | pool 3/960 blocks (0 %) | prefix cache 0/4096 entries
2026-10-06 23:34:48.128 INFO  sched: request 'chatcmpl-d3123de2de68b128' retired (steps): 256 tok in 13.4 s — prefill 40 tok (0 cached) in 470 ms; decode 255 tok / 255 passes in 12.9 s: 19.7 tok/s, 50.8 ms/tok, 51 ms/pass, 1.00 tok/pass
2026-10-06 23:34:48.149 INFO  sched: request 'chatcmpl-d3123de2de68b129' starting prefill in slot 0 (40 prompt tokens)
2026-10-06 23:34:48.606 INFO  sched: request 'chatcmpl-d3123de2de68b129' prefix cache miss — 3 cut(s), the cache is empty
2026-10-06 23:34:48.606 INFO  sched: request 'chatcmpl-d3123de2de68b129' admitted to slot 0 (reserve 3 blocks; pool 3/960 blocks in use) — first token 785
2026-10-06 23:34:51.920 INFO  stats: rank 2 | 10.0 s | decode 19.0 tok/s, 49.5 ms/tok, 49.8 ms/step (190 steps / 191 tok, 94 % of wall) | prefill 1 prompt / 40 tok, 4 tok/s, 11.44 ms/tok, 458 ms avg (5 % of wall), 0 tok cached (0/1 hit) | live 1, queued 0 | pool 3/960 blocks (0 %) | prefix cache 0/4096 entries
2026-10-06 23:35:01.362 INFO  sched: request 'chatcmpl-d3123de2de68b129' retired (steps): 256 tok in 13.2 s — prefill 40 tok (0 cached) in 458 ms; decode 255 tok / 255 passes in 12.8 s: 20.0 tok/s, 50.0 ms/tok, 50 ms/pass, 1.00 tok/pass
2026-10-06 23:35:01.388 INFO  sched: request 'chatcmpl-d3123de2de68b12a' starting prefill in slot 0 (40 prompt tokens)
2026-10-06 23:35:01.847 INFO  sched: request 'chatcmpl-d3123de2de68b12a' prefix cache miss — 3 cut(s), the cache is empty
2026-10-06 23:35:01.847 INFO  sched: request 'chatcmpl-d3123de2de68b12a' admitted to slot 0 (reserve 3 blocks; pool 3/960 blocks in use) — first token 785
2026-10-06 23:35:01.956 INFO  stats: rank 2 | 10.0 s | decode 19.1 tok/s, 49.2 ms/tok, 49.4 ms/step (191 steps / 192 tok, 94 % of wall) | prefill 1 prompt / 40 tok, 4 tok/s, 11.48 ms/tok, 459 ms avg (5 % of wall), 0 tok cached (0/1 hit) | live 1, queued 0 | pool 3/960 blocks (0 %) | prefix cache 0/4096 entries
2026-10-06 23:35:12.008 INFO  stats: rank 2 | 10.1 s | decode 19.2 tok/s, 51.5 ms/tok, 51.5 ms/step (193 steps / 193 tok, 99 % of wall) | prefill 0 prompts / 0 tok, 0 tok cached (0/0 hits) | live 1, queued 0 | pool 3/960 blocks (0 %) | prefix cache 0/4096 entries
2026-10-06 23:35:14.999 INFO  sched: request 'chatcmpl-d3123de2de68b12a' retired (steps): 256 tok in 13.6 s — prefill 40 tok (0 cached) in 459 ms; decode 255 tok / 255 passes in 13.2 s: 19.4 tok/s, 51.6 ms/tok, 52 ms/pass, 1.00 tok/pass
2026-10-06 23:35:16.150 INFO  journal: stop record — exiting
2026-10-06 23:35:16.205 INFO  rank 2: graph engine sampling summary — 0 sampled decode steps, 0 served by the exact gather fallback (0.0%), 128 candidates per rank
2026-10-06 23:35:17.385 INFO  rank 2: exited cleanly
