2026-10-06 16:34:02.939 INFO  dgpp-serve 0.1.0+g8f1c4cbcc1e9.dirty (git 8f1c4cbcc1e9)
2026-10-06 16:34:02.939 INFO  config /tmp/bus4/deployments/9001da87f999c767/cluster.json: model HawkBearPig/GLM-5.3-Flash-NVFP4-FP8, world 2, rank 1, http :18080, fabric :29970, journal :29971
2026-10-06 16:34:02.940 INFO  model HawkBearPig/GLM-5.3-Flash-NVFP4-FP8 -> /home/stephen/.cache/huggingface/hub/models--HawkBearPig--GLM-5.3-Flash-NVFP4-FP8/snapshots/17b8d4d83e33e836e9549d7e1a8d25b5117203c1
2026-10-06 16:34:02.941 INFO  journal: connected to rank 0 at 192.168.88.11:29971 (120000 attempt window)
2026-10-06 16:34:02.941 INFO  rank 1: settings from rank 0: model=HawkBearPig/GLM-5.3-Flash-NVFP4-FP8 world=2 fabric=29970 journal=29971 conc=2 kv=262144 kvdt=fp8 ngt=resident dw=checkpoint mtpef=fp8 bfw=bf12 fp8head=gemv pf=bounded emsh=replicated maxtok=32768 queue=8 eos=1 graph=1 compact=0 mtp=1 mtpd=1 mss=0 msrow=8 msbase=28 mslam=0 msmin=1 msad=1 msss=0.93 mdr=auto mdt=1 mvf=token dbr=0 batchmin=2 cand=128 pcgib=2 adm=full win=256 pfbudget=-1 pfidle=0 pmin=1024 phead=1 pace=-1 inflight=-1 reasoning_in_content=0 rs=off dflash=off dfw=checkpoint
2026-10-06 16:34:02.941 INFO  config: model=HawkBearPig/GLM-5.3-Flash-NVFP4-FP8 world=2 fabric=29970 journal=29971 conc=2 kv=262144 kvdt=fp8 ngt=resident dw=checkpoint mtpef=fp8 bfw=bf12 fp8head=gemv pf=bounded emsh=replicated maxtok=32768 queue=8 eos=1 graph=1 compact=0 mtp=1 mtpd=1 mss=0 msrow=8 msbase=28 mslam=0 msmin=1 msad=1 msss=0.93 mdr=auto mdt=1 mvf=token dbr=0 batchmin=2 cand=128 pcgib=2 adm=full win=256 pfbudget=-1 pfidle=0 pmin=1024 phead=1 pace=-1 inflight=-1 reasoning_in_content=0 rs=off dflash=off dfw=checkpoint (digest 10a6a14d2411efcb)
2026-10-06 16:34:03.067 INFO  serve: model family glm5 (/home/stephen/.cache/huggingface/hub/models--HawkBearPig--GLM-5.3-Flash-NVFP4-FP8/snapshots/17b8d4d83e33e836e9549d7e1a8d25b5117203c1)
2026-10-06 16:34:03.067 INFO  serve: decode rows 8 (2 slot(s) x 2 row(s) per request, floor 8, the glm5 family's cap 8)
2026-10-06 16:34:03.067 WARN  generation config /home/stephen/.cache/huggingface/hub/models--HawkBearPig--GLM-5.3-Flash-NVFP4-FP8/snapshots/17b8d4d83e33e836e9549d7e1a8d25b5117203c1/generation_config.json omits top_k, min_p, repetition_penalty; using greedy-safe/neutral fallbacks for those fields
2026-10-06 16:34:03.067 INFO  generation defaults: temperature=1 top_p=0.95 top_k=0 min_p=0 repetition_penalty=1
2026-10-06 16:34:03.067 INFO  serve: sampling defaults temperature 1 top_p 0.95 top_k 0 min_p 0 repetition_penalty 1 (from generation_config.json; overrides: none)
2026-10-06 16:34:03.067 INFO  serve: request context limit 262144 tokens (the 262144-token K/V pool from engine.kv_capacity 262144; this family states no positional ceiling of its own)
2026-10-06 16:34:03.067 INFO  rank 1: prefix cache plan — 2 GiB budget, 29 slots of 70.422 MiB, 1.994 GiB allocated; cached K/V blocks share the 262144-token pool
2026-10-06 16:34:03.246 INFO  tokenizer: loaded vocab 154820 merges 321649 added 36 (revision 0x700b4469fc43f23b; glm pattern, no normalizer, ignore_merges true)
2026-10-06 16:34:03.256 INFO  serve: grammar vocabulary built (154880 ids, tool markers present, call-turn EOS 154829)
2026-10-06 16:34:03.358 INFO  serve: JSON grammar tables built in 0.10 s
2026-10-06 16:34:03.595 INFO  bus: globaltimer offset -62034436090 ns (+-2 us)
2026-10-06 16:34:03.607 INFO  verbs: device roceP2p1s0f0 port 1 gid_index 3
2026-10-06 16:34:03.613 INFO  verbs: device rocep1s0f0 port 1 gid_index 3
2026-10-06 16:34:04.162 INFO  bus: rank 1 up — 1 peer(s) x 2 lane(s), lat 8x65536B, bulk 8x262144B, bulk pace 85.0 Gb/s per QP, window 4 per lane
2026-10-06 16:34:04.162 INFO  rank 1: boundary reducer host-driven
2026-10-06 16:34:04.309 INFO  rank 1: process memory locked (mlockall MCL_CURRENT, 14546 MiB)
2026-10-06 16:34:04.309 INFO  rank 1: resident image cache at /home/stephen/.cache/dgpp/resident
2026-10-06 16:34:04.310 INFO  bus engine: rank 1 pinned to cpu 19
2026-10-06 16:34:04.396 INFO  rank 1: memory plan for a 262144-token context — vision weights (replicated) 1.05 GiB; vision workspace (bounded image prefill) 0.33 GiB; model weights (resident, packed bf16 matrices released) 89.73 GiB (3.53 GiB pinned); tensor-parallel slice views 1.34 GiB; bf16 decode packing (12-bit companions) 3.83 GiB; bf16 prefill expansion scratch 0.19 GiB; gemm workspace (at least) 0.06 GiB; kda scratch 0.16 GiB; kv cache pool (fp8) 1.61 GiB; dsa scratch 0.25 GiB; moe scratch 0.68 GiB (0.00 GiB pinned); kda state (request slots) 0.14 GiB; kda speculative snapshots 0.55 GiB; draft hidden cache (per position) 4.00 GiB; draft activations 0.05 GiB; activations (per-forward rows) 0.32 GiB (0.00 GiB pinned); route-trace staging 0.10 GiB (0.10 GiB pinned); prefix cache 1.99 GiB; engine 0.07 GiB
2026-10-06 16:34:04.396 INFO  rank 1: memory plan total 106.44 GiB (100.74 GiB device + 5.70 GiB pinned) + 4.00 GiB headroom against 116.66 GiB free (device free 114.10 GiB of 121.69 GiB, host available 116.66 GiB)
2026-10-06 16:34:04.396 INFO  memory ledger: rank 1 after the plan check — rss 1.15 GiB (anon 0.42, shmem 0.07, file 0.67; locked 14.21); device free 114.10 GiB, node available 116.66 GiB
2026-10-06 16:34:04.396 INFO  memory ledger: rank 1 after the bus — rss 1.15 GiB (anon 0.42, shmem 0.07, file 0.67; locked 14.21); device free 114.10 GiB, node available 116.66 GiB
2026-10-06 16:34:04.748 INFO  glm loader: rank 1 resident footprint 91.2 GiB; device free 114.1 of 121.7 GiB, host available 116.6 GiB
2026-10-06 16:34:06.680 INFO  glm loader: rank 1 resident image /home/stephen/.cache/dgpp/resident/8c6e72b4e136d684.img — 46/46 layers present, direct I/O
2026-10-06 16:34:06.724 INFO  l2 prefetch: on, window budget 12 MiB, boundary rate light, layer rate light
2026-10-06 16:34:06.724 INFO  glm loader: rank 1 boot digest from the resident image (713 tensors, 2.91 GiB)
2026-10-06 16:34:24.579 INFO  glm loader: rank 1 resident load complete — released 40 shard mappings (181.7 GiB) and evicted their page cache; image: 46 layers restored, 0 captured
2026-10-06 16:34:25.232 INFO  rank 1 bf12: 70 decode matrices packed (4.98 GiB of bf16 -> 3.74 GiB, 419039 escapes, widest row 64, 55 rows kept raw; 0 matrices kept bf16) in 2.7 s
2026-10-06 16:34:25.232 INFO  rank 1 bf12: 70 of them released their bf16 bytes (5.04 GiB returned; prefill expands through a 196 MiB scratch)
2026-10-06 16:34:30.769 INFO  rank 1 boot phases: digest 0.0 s (3.96 GiB hashed), globals 2.1 s, layers 21.6 s
2026-10-06 16:34:30.769 INFO  memory ledger: rank 1 after the model — rss 4.78 GiB (anon 0.41, shmem 3.70, file 0.67; locked 14.19); device free 9.43 GiB, node available 11.97 GiB
2026-10-06 16:34:30.769 INFO  rank 1: model constructed in 26.4s (resident, 2 request slots, 262144-token pool in fp8, 2048-row forwards)
2026-10-06 16:34:30.769 INFO  rank 1: prefix cache on — 29 snapshot slot(s) of 70.4 MiB (2.00 GiB asked)
2026-10-06 16:34:30.835 INFO  rank 1: graph engine samples on the device — 128 candidates per rank (4 rows x 2 ranks in a 65536-byte latency slot; the planned width is 128); constrained decoding available
2026-10-06 16:34:30.836 INFO  rank 1: prefill budget 256 tokens/tick (0 = full prompt), 256 with nothing decoding
2026-10-06 16:34:30.836 INFO  rank 1: sampled requests draft a draw from the draft's distribution under the ratio verify (engine.mtp_draft auto)
2026-10-06 16:34:37.694 INFO  memory ledger: rank 1 after the graph engine — rss 4.78 GiB (anon 0.41, shmem 3.71, file 0.67; locked 14.19); device free 7.43 GiB, node available 9.97 GiB
2026-10-06 16:34:37.976 INFO  allreduce: device clock rate 2418000 kHz (stamps conversion)
2026-10-06 16:34:37.976 INFO  allreduce: rank 1 seq 1 launched (1 peers)
2026-10-06 16:34:37.976 INFO  allreduce: rank 1 seq 1 ready after 41.8us
2026-10-06 16:34:37.976 INFO  allreduce: rank 1 seq 1 done status=0 after 108.9us
2026-10-06 16:34:38.023 INFO  allreduce: rank 1 seq 2 launched (1 peers)
2026-10-06 16:34:38.023 INFO  allreduce: rank 1 seq 2 ready after 8.8us
2026-10-06 16:34:38.023 INFO  allreduce: rank 1 seq 2 done status=0 after 29.7us
2026-10-06 16:34:38.024 INFO  allreduce: rank 1 seq 3 launched (1 peers)
2026-10-06 16:34:38.024 INFO  allreduce: rank 1 seq 3 ready after 12.6us
2026-10-06 16:34:38.024 INFO  allreduce: rank 1 seq 3 done status=0 after 72.9us
2026-10-06 16:34:38.024 INFO  allreduce: rank 1 seq 4 launched (1 peers)
2026-10-06 16:34:38.024 INFO  allreduce: rank 1 seq 4 ready after 9.4us
2026-10-06 16:34:38.024 INFO  allreduce: rank 1 seq 4 done status=0 after 30.3us
2026-10-06 16:34:38.025 INFO  allreduce: rank 1 seq 5 launched (1 peers)
2026-10-06 16:34:38.025 INFO  allreduce: rank 1 seq 5 ready after 9.7us
2026-10-06 16:34:38.025 INFO  allreduce: rank 1 seq 5 done status=0 after 72.7us
2026-10-06 16:34:38.026 INFO  allreduce: rank 1 seq 6 launched (1 peers)
2026-10-06 16:34:38.026 INFO  allreduce: rank 1 seq 6 ready after 9.3us
2026-10-06 16:34:38.026 INFO  allreduce: rank 1 seq 6 done status=0 after 53.6us
2026-10-06 16:34:38.029 INFO  allreduce: rank 1 seq 7 launched (1 peers)
2026-10-06 16:34:38.030 INFO  allreduce: rank 1 seq 7 ready after 12.0us
2026-10-06 16:34:38.030 INFO  allreduce: rank 1 seq 7 done status=0 after 170.6us
2026-10-06 16:34:38.031 INFO  allreduce: rank 1 seq 8 launched (1 peers)
2026-10-06 16:34:38.031 INFO  allreduce: rank 1 seq 8 ready after 9.4us
2026-10-06 16:34:38.031 INFO  allreduce: rank 1 seq 8 done status=0 after 51.6us
2026-10-06 16:34:38.031 INFO  allreduce: rank 1 seq 9 launched (1 peers)
2026-10-06 16:34:38.031 INFO  allreduce: rank 1 seq 9 ready after 9.4us
2026-10-06 16:34:38.031 INFO  allreduce: rank 1 seq 9 done status=0 after 60.5us
2026-10-06 16:34:38.032 INFO  allreduce: rank 1 seq 10 launched (1 peers)
2026-10-06 16:34:38.032 INFO  allreduce: rank 1 seq 10 ready after 9.2us
2026-10-06 16:34:38.032 INFO  allreduce: rank 1 seq 10 done status=0 after 30.1us
2026-10-06 16:34:38.033 INFO  allreduce: rank 1 seq 11 launched (1 peers)
2026-10-06 16:34:38.033 INFO  allreduce: rank 1 seq 11 ready after 9.3us
2026-10-06 16:34:38.033 INFO  allreduce: rank 1 seq 11 done status=0 after 73.1us
2026-10-06 16:34:38.034 INFO  allreduce: rank 1 seq 12 launched (1 peers)
2026-10-06 16:34:38.034 INFO  allreduce: rank 1 seq 12 ready after 9.4us
2026-10-06 16:34:38.034 INFO  allreduce: rank 1 seq 12 done status=0 after 60.8us
2026-10-06 16:34:38.035 INFO  allreduce: rank 1 seq 13 launched (1 peers)
2026-10-06 16:34:38.035 INFO  allreduce: rank 1 seq 13 ready after 9.3us
2026-10-06 16:34:38.035 INFO  allreduce: rank 1 seq 13 done status=0 after 53.3us
2026-10-06 16:34:38.036 INFO  allreduce: rank 1 seq 14 launched (1 peers)
2026-10-06 16:34:38.036 INFO  allreduce: rank 1 seq 14 ready after 11.1us
2026-10-06 16:34:38.036 INFO  allreduce: rank 1 seq 14 done status=0 after 31.9us
2026-10-06 16:34:38.037 INFO  allreduce: rank 1 seq 15 launched (1 peers)
2026-10-06 16:34:38.037 INFO  allreduce: rank 1 seq 15 ready after 8.5us
2026-10-06 16:34:38.037 INFO  allreduce: rank 1 seq 15 done status=0 after 73.5us
2026-10-06 16:34:38.038 INFO  allreduce: rank 1 seq 16 launched (1 peers)
2026-10-06 16:34:38.038 INFO  allreduce: rank 1 seq 16 ready after 8.4us
2026-10-06 16:34:38.038 INFO  allreduce: rank 1 seq 16 done status=0 after 53.4us
2026-10-06 16:34:38.137 INFO  bus graph era: variant 0 recorded with 94 collective node(s)
2026-10-06 16:34:38.137 INFO  rank 1: graph variant 0 shape: 1297 nodes, 1612 edges: kernel 1297 empty 0 memcpy 0 memset 0 host 0 event 0 other 0; max in-degree 2
2026-10-06 16:34:38.141 INFO  rank 1: graph variant 0 instantiated — 22.8 MiB of device memory (6.9 GiB free)
2026-10-06 16:34:38.142 INFO  bus graph era: variant 1 recorded with 94 collective node(s)
2026-10-06 16:34:38.142 INFO  rank 1: graph variant 1 shape: 1297 nodes, 1612 edges: kernel 1297 empty 0 memcpy 0 memset 0 host 0 event 0 other 0; max in-degree 2
2026-10-06 16:34:38.146 INFO  rank 1: graph variant 1 instantiated — 21.1 MiB of device memory (6.9 GiB free)
2026-10-06 16:34:38.146 INFO  rank 1: serving scalar graph variants 0/1 captured for request slot 0 (2 rows, MTP)
2026-10-06 16:34:38.148 INFO  bus graph era: variant 4 recorded with 94 collective node(s)
2026-10-06 16:34:38.148 INFO  rank 1: graph variant 4 shape: 1311 nodes, 1626 edges: kernel 1311 empty 0 memcpy 0 memset 0 host 0 event 0 other 0; max in-degree 2
2026-10-06 16:34:38.154 INFO  rank 1: graph variant 4 instantiated — 29.4 MiB of device memory (6.9 GiB free)
2026-10-06 16:34:38.155 INFO  bus graph era: variant 5 recorded with 94 collective node(s)
2026-10-06 16:34:38.155 INFO  rank 1: graph variant 5 shape: 1311 nodes, 1626 edges: kernel 1311 empty 0 memcpy 0 memset 0 host 0 event 0 other 0; max in-degree 2
2026-10-06 16:34:38.162 INFO  rank 1: graph variant 5 instantiated — 34.9 MiB of device memory (6.8 GiB free)
2026-10-06 16:34:38.162 INFO  rank 1: serving row-batched graph variants 4/5 captured for 2 slots x 2 rows = 4 fixed rows, MTP (a batch is selected at 2+ live requests, the smallest that covers the live slots)
2026-10-06 16:34:38.261 INFO  bus graph era: variant 2 recorded with 94 collective node(s)
2026-10-06 16:34:38.261 INFO  rank 1: graph variant 2 shape: 1297 nodes, 1612 edges: kernel 1297 empty 0 memcpy 0 memset 0 host 0 event 0 other 0; max in-degree 2
2026-10-06 16:34:38.267 INFO  rank 1: graph variant 2 instantiated — 29.8 MiB of device memory (6.8 GiB free)
2026-10-06 16:34:38.268 INFO  bus graph era: variant 3 recorded with 94 collective node(s)
2026-10-06 16:34:38.268 INFO  rank 1: graph variant 3 shape: 1297 nodes, 1612 edges: kernel 1297 empty 0 memcpy 0 memset 0 host 0 event 0 other 0; max in-degree 2
2026-10-06 16:34:38.274 INFO  rank 1: graph variant 3 instantiated — 32.8 MiB of device memory (6.8 GiB free)
2026-10-06 16:34:38.274 INFO  rank 1: serving scalar graph variants 2/3 captured for request slot 1 (2 rows, MTP)
2026-10-06 16:34:38.274 INFO  rank 1: warm capture complete — 2 scalar variants and the row batches for 2 slots recorded before the first request
2026-10-06 16:34:38.274 INFO  memory ledger: rank 1 after the warm capture — rss 5.18 GiB (anon 0.80, shmem 3.71, file 0.67; locked 14.19); device free 6.77 GiB, node available 9.30 GiB
2026-10-06 16:34:38.274 INFO  rank 1: graph variants warm-captured in 0.58s
2026-10-06 16:34:38.275 INFO  rank 1: following rank 0's journal (admission full, window 256)
2026-10-06 16:34:39.307 INFO  sched: request 'chatcmpl-40aebdc34db635f6' starting prefill in slot 0 (542 prompt tokens)
2026-10-06 16:34:39.307 INFO  sched: request 'chatcmpl-40aebdc34db635f6' prefix cache miss — 2 cut(s), the cache is empty
2026-10-06 16:34:39.307 INFO  sched: request 'chatcmpl-40aebdc34db635f6' prefilling in slot 0 (256 tokens/tick)
2026-10-06 16:34:40.686 INFO  sched: request 'chatcmpl-40aebdc34db635f6' admitted to slot 0 (reserve 5 blocks; pool 5/2048 blocks in use) — first token 785
2026-10-06 16:34:40.686 INFO  sched: request 'chatcmpl-40aebdc34db635f6' retired (steps): 1 tok in 1.4 s — prefill 542 tok (0 cached) in 1378 ms; decode 0 tok / 0 passes in 0.0 s
2026-10-06 16:34:40.709 INFO  sched: request 'chatcmpl-40aebdc34db635f7' starting prefill in slot 0 (32190 prompt tokens)
2026-10-06 16:34:40.709 INFO  sched: request 'chatcmpl-40aebdc34db635f7' prefix cache miss — 17 cut(s), the cache is empty
2026-10-06 16:34:40.710 INFO  sched: request 'chatcmpl-40aebdc34db635f7' prefilling in slot 0 (256 tokens/tick)
2026-10-06 16:34:48.807 INFO  stats: rank 1 | 10.4 s | decode 0.1 tok/s, 0.0 ms/tok, 0.0 ms/step (0 steps / 1 tok, 0 % of wall) | prefill 1 prompt / 4126 tok, 398 tok/s, 2.30 ms/tok, 9471 ms avg (91 % of wall), 0 tok cached (0/2 hits) | live 1, queued 0 | pool 252/2048 blocks (12 %) | prefix cache 0/29 entries | 1 prefilling
2026-10-06 16:34:59.000 INFO  stats: rank 1 | 10.2 s | decode 0.0 tok/s, 0.0 ms/tok, 0.0 ms/step (0 steps / 0 tok, 0 % of wall) | prefill 0 prompts / 4352 tok, 427 tok/s, 2.34 ms/tok (100 % of wall), 0 tok cached (0/0 hits) | live 1, queued 0 | pool 252/2048 blocks (12 %) | prefix cache 0/29 entries | 1 prefilling
2026-10-06 16:35:09.155 INFO  stats: rank 1 | 10.2 s | decode 0.0 tok/s, 0.0 ms/tok, 0.0 ms/step (0 steps / 0 tok, 0 % of wall) | prefill 0 prompts / 4352 tok, 429 tok/s, 2.33 ms/tok (100 % of wall), 0 tok cached (0/0 hits) | live 1, queued 0 | pool 252/2048 blocks (12 %) | prefix cache 0/29 entries | 1 prefilling
2026-10-06 16:35:19.392 INFO  stats: rank 1 | 10.2 s | decode 0.0 tok/s, 0.0 ms/tok, 0.0 ms/step (0 steps / 0 tok, 0 % of wall) | prefill 0 prompts / 4352 tok, 425 tok/s, 2.35 ms/tok (100 % of wall), 0 tok cached (0/0 hits) | live 1, queued 0 | pool 252/2048 blocks (12 %) | prefix cache 0/29 entries | 1 prefilling
2026-10-06 16:35:29.781 INFO  stats: rank 1 | 10.4 s | decode 0.0 tok/s, 0.0 ms/tok, 0.0 ms/step (0 steps / 0 tok, 0 % of wall) | prefill 0 prompts / 4352 tok, 419 tok/s, 2.38 ms/tok (100 % of wall), 0 tok cached (0/0 hits) | live 1, queued 0 | pool 252/2048 blocks (12 %) | prefix cache 0/29 entries | 1 prefilling
2026-10-06 16:35:40.262 INFO  stats: rank 1 | 10.5 s | decode 0.0 tok/s, 0.0 ms/tok, 0.0 ms/step (0 steps / 0 tok, 0 % of wall) | prefill 0 prompts / 4352 tok, 415 tok/s, 2.41 ms/tok (100 % of wall), 0 tok cached (0/0 hits) | live 1, queued 0 | pool 252/2048 blocks (12 %) | prefix cache 0/29 entries | 1 prefilling
2026-10-06 16:35:50.711 INFO  stats: rank 1 | 10.4 s | decode 0.0 tok/s, 0.0 ms/tok, 0.0 ms/step (0 steps / 0 tok, 0 % of wall) | prefill 0 prompts / 4352 tok, 416 tok/s, 2.40 ms/tok (100 % of wall), 0 tok cached (0/0 hits) | live 1, queued 0 | pool 252/2048 blocks (12 %) | prefix cache 0/29 entries | 1 prefilling
2026-10-06 16:35:56.984 INFO  sched: request 'chatcmpl-40aebdc34db635f7' admitted to slot 0 (reserve 252 blocks; pool 253/2048 blocks in use) — first token 785
2026-10-06 16:35:56.984 INFO  sched: request 'chatcmpl-40aebdc34db635f7' retired (steps): 1 tok in 76.3 s — prefill 32190 tok (0 cached) in 76216 ms; decode 0 tok / 0 passes in 0.1 s
2026-10-06 16:35:57.012 INFO  sched: request 'chatcmpl-40aebdc34db635f8' starting prefill in slot 0 (32168 prompt tokens)
2026-10-06 16:35:57.012 INFO  sched: request 'chatcmpl-40aebdc34db635f8' prefix cache miss — 17 cut(s) probed against 2 entries; the nearest entry (position 32188) shares the first 39 of the prompt's 32168 tokens (the prompt differs from it from that token on)
2026-10-06 16:35:57.013 INFO  sched: request 'chatcmpl-40aebdc34db635f8' prefilling in slot 0 (256 tokens/tick)
2026-10-06 16:36:01.006 INFO  stats: rank 1 | 10.3 s | decode 0.1 tok/s, 0.0 ms/tok, 0.0 ms/step (0 steps / 1 tok, 0 % of wall) | prefill 1 prompt / 4286 tok, 416 tok/s, 2.39 ms/tok, 10254 ms avg (100 % of wall), 0 tok cached (0/1 hit) | live 1, queued 0 | pool 504/2048 blocks (25 %) | prefix cache 2/29 entries | 1 prefilling
2026-10-06 16:36:11.165 INFO  stats: rank 1 | 10.2 s | decode 0.0 tok/s, 0.0 ms/tok, 0.0 ms/step (0 steps / 0 tok, 0 % of wall) | prefill 0 prompts / 4352 tok, 428 tok/s, 2.33 ms/tok (100 % of wall), 0 tok cached (0/0 hits) | live 1, queued 0 | pool 504/2048 blocks (25 %) | prefix cache 2/29 entries | 1 prefilling
2026-10-06 16:36:21.305 INFO  stats: rank 1 | 10.1 s | decode 0.0 tok/s, 0.0 ms/tok, 0.0 ms/step (0 steps / 0 tok, 0 % of wall) | prefill 0 prompts / 4352 tok, 429 tok/s, 2.33 ms/tok (100 % of wall), 0 tok cached (0/0 hits) | live 1, queued 0 | pool 504/2048 blocks (25 %) | prefix cache 2/29 entries | 1 prefilling
2026-10-06 16:36:31.532 INFO  stats: rank 1 | 10.2 s | decode 0.0 tok/s, 0.0 ms/tok, 0.0 ms/step (0 steps / 0 tok, 0 % of wall) | prefill 0 prompts / 4352 tok, 426 tok/s, 2.35 ms/tok (100 % of wall), 0 tok cached (0/0 hits) | live 1, queued 0 | pool 504/2048 blocks (25 %) | prefix cache 2/29 entries | 1 prefilling
2026-10-06 16:36:41.736 INFO  stats: rank 1 | 10.2 s | decode 0.0 tok/s, 0.0 ms/tok, 0.0 ms/step (0 steps / 0 tok, 0 % of wall) | prefill 0 prompts / 4352 tok, 427 tok/s, 2.34 ms/tok (100 % of wall), 0 tok cached (0/0 hits) | live 1, queued 0 | pool 504/2048 blocks (25 %) | prefix cache 2/29 entries | 1 prefilling
2026-10-06 16:36:52.043 INFO  stats: rank 1 | 10.3 s | decode 0.0 tok/s, 0.0 ms/tok, 0.0 ms/step (0 steps / 0 tok, 0 % of wall) | prefill 0 prompts / 4352 tok, 422 tok/s, 2.37 ms/tok (100 % of wall), 0 tok cached (0/0 hits) | live 1, queued 0 | pool 504/2048 blocks (25 %) | prefix cache 2/29 entries | 1 prefilling
2026-10-06 16:37:02.413 INFO  stats: rank 1 | 10.4 s | decode 0.0 tok/s, 0.0 ms/tok, 0.0 ms/step (0 steps / 0 tok, 0 % of wall) | prefill 0 prompts / 4352 tok, 420 tok/s, 2.38 ms/tok (100 % of wall), 0 tok cached (0/0 hits) | live 1, queued 0 | pool 504/2048 blocks (25 %) | prefix cache 2/29 entries | 1 prefilling
2026-10-06 16:37:12.735 INFO  stats: rank 1 | 10.3 s | decode 0.0 tok/s, 0.0 ms/tok, 0.0 ms/step (0 steps / 0 tok, 0 % of wall) | prefill 0 prompts / 4260 tok, 413 tok/s, 2.42 ms/tok (100 % of wall), 0 tok cached (0/0 hits) | live 1, queued 0 | pool 505/2048 blocks (25 %) | prefix cache 2/29 entries | 1 prefilling
2026-10-06 16:37:12.835 INFO  sched: request 'chatcmpl-40aebdc34db635f8' admitted to slot 0 (reserve 252 blocks; pool 505/2048 blocks in use) — first token 785
2026-10-06 16:37:12.836 INFO  sched: request 'chatcmpl-40aebdc34db635f8' retired (steps): 1 tok in 75.8 s — prefill 32168 tok (0 cached) in 75769 ms; decode 0 tok / 0 passes in 0.1 s
2026-10-06 16:37:12.870 INFO  sched: request 'chatcmpl-40aebdc34db635f9' starting prefill in slot 0 (32143 prompt tokens)
2026-10-06 16:37:12.870 INFO  sched: request 'chatcmpl-40aebdc34db635f9' prefix cache miss — 17 cut(s) probed against 5 entries; the nearest entry (position 32188) shares the first 39 of the prompt's 32143 tokens (the prompt differs from it from that token on)
2026-10-06 16:37:12.870 INFO  sched: request 'chatcmpl-40aebdc34db635f9' prefilling in slot 0 (256 tokens/tick)
2026-10-06 16:37:22.814 INFO  stats: rank 1 | 10.1 s | decode 0.1 tok/s, 0.0 ms/tok, 0.0 ms/step (0 steps / 1 tok, 0 % of wall) | prefill 1 prompt / 4356 tok, 432 tok/s, 2.30 ms/tok, 10035 ms avg (100 % of wall), 0 tok cached (0/1 hit) | live 1, queued 0 | pool 757/2048 blocks (37 %) | prefix cache 5/29 entries | 1 prefilling
2026-10-06 16:37:33.099 INFO  stats: rank 1 | 10.3 s | decode 0.0 tok/s, 0.0 ms/tok, 0.0 ms/step (0 steps / 0 tok, 0 % of wall) | prefill 0 prompts / 4352 tok, 423 tok/s, 2.36 ms/tok (100 % of wall), 0 tok cached (0/0 hits) | live 1, queued 0 | pool 757/2048 blocks (37 %) | prefix cache 5/29 entries | 1 prefilling
2026-10-06 16:37:43.331 INFO  stats: rank 1 | 10.2 s | decode 0.0 tok/s, 0.0 ms/tok, 0.0 ms/step (0 steps / 0 tok, 0 % of wall) | prefill 0 prompts / 4352 tok, 425 tok/s, 2.35 ms/tok (100 % of wall), 0 tok cached (0/0 hits) | live 1, queued 0 | pool 757/2048 blocks (37 %) | prefix cache 5/29 entries | 1 prefilling
2026-10-06 16:37:53.624 INFO  stats: rank 1 | 10.3 s | decode 0.0 tok/s, 0.0 ms/tok, 0.0 ms/step (0 steps / 0 tok, 0 % of wall) | prefill 0 prompts / 4352 tok, 423 tok/s, 2.36 ms/tok (100 % of wall), 0 tok cached (0/0 hits) | live 1, queued 0 | pool 757/2048 blocks (37 %) | prefix cache 5/29 entries | 1 prefilling
2026-10-06 16:38:03.923 INFO  stats: rank 1 | 10.3 s | decode 0.0 tok/s, 0.0 ms/tok, 0.0 ms/step (0 steps / 0 tok, 0 % of wall) | prefill 0 prompts / 4352 tok, 423 tok/s, 2.36 ms/tok (100 % of wall), 0 tok cached (0/0 hits) | live 1, queued 0 | pool 757/2048 blocks (37 %) | prefix cache 5/29 entries | 1 prefilling
2026-10-06 16:38:14.302 INFO  stats: rank 1 | 10.4 s | decode 0.0 tok/s, 0.0 ms/tok, 0.0 ms/step (0 steps / 0 tok, 0 % of wall) | prefill 0 prompts / 4352 tok, 419 tok/s, 2.38 ms/tok (100 % of wall), 0 tok cached (0/0 hits) | live 1, queued 0 | pool 757/2048 blocks (37 %) | prefix cache 5/29 entries | 1 prefilling
2026-10-06 16:38:24.724 INFO  stats: rank 1 | 10.4 s | decode 0.0 tok/s, 0.0 ms/tok, 0.0 ms/step (0 steps / 0 tok, 0 % of wall) | prefill 0 prompts / 4352 tok, 418 tok/s, 2.39 ms/tok (100 % of wall), 0 tok cached (0/0 hits) | live 1, queued 0 | pool 757/2048 blocks (37 %) | prefix cache 5/29 entries | 1 prefilling
2026-10-06 16:38:29.017 INFO  sched: request 'chatcmpl-40aebdc34db635f9' admitted to slot 0 (reserve 252 blocks; pool 758/2048 blocks in use) — first token 785
2026-10-06 16:38:29.017 INFO  sched: request 'chatcmpl-40aebdc34db635f9' retired (steps): 1 tok in 76.1 s — prefill 32143 tok (0 cached) in 76092 ms; decode 0 tok / 0 passes in 0.1 s
2026-10-06 16:38:29.799 INFO  sched: request 'chatcmpl-40aebdc34db635fa' starting prefill in slot 0 (32239 prompt tokens)
2026-10-06 16:38:29.799 INFO  sched: request 'chatcmpl-40aebdc34db635fa' prefix cache miss — 17 cut(s) probed against 7 entries; the nearest entry (position 32188) shares the first 10 of the prompt's 32239 tokens (the prompt differs from it from that token on)
2026-10-06 16:38:29.800 INFO  sched: request 'chatcmpl-40aebdc34db635fa' prefilling in slot 0 (256 tokens/tick)
2026-10-06 16:38:35.289 INFO  stats: rank 1 | 10.6 s | decode 0.1 tok/s, 0.0 ms/tok, 0.0 ms/step (0 steps / 1 tok, 0 % of wall) | prefill 1 prompt / 4239 tok, 401 tok/s, 2.31 ms/tok, 9774 ms avg (93 % of wall), 0 tok cached (0/1 hit) | live 1, queued 0 | pool 1011/2048 blocks (49 %) | prefix cache 7/29 entries | 1 prefilling
2026-10-06 16:38:45.539 INFO  stats: rank 1 | 10.2 s | decode 0.0 tok/s, 0.0 ms/tok, 0.0 ms/step (0 steps / 0 tok, 0 % of wall) | prefill 0 prompts / 4608 tok, 450 tok/s, 2.22 ms/tok (100 % of wall), 0 tok cached (0/0 hits) | live 1, queued 0 | pool 1011/2048 blocks (49 %) | prefix cache 7/29 entries | 1 prefilling
2026-10-06 16:38:56.086 INFO  stats: rank 1 | 10.5 s | decode 0.0 tok/s, 0.0 ms/tok, 0.0 ms/step (0 steps / 0 tok, 0 % of wall) | prefill 0 prompts / 4864 tok, 461 tok/s, 2.17 ms/tok (100 % of wall), 0 tok cached (0/0 hits) | live 1, queued 0 | pool 1011/2048 blocks (49 %) | prefix cache 7/29 entries | 1 prefilling
2026-10-06 16:39:06.581 INFO  stats: rank 1 | 10.5 s | decode 0.0 tok/s, 0.0 ms/tok, 0.0 ms/step (0 steps / 0 tok, 0 % of wall) | prefill 0 prompts / 4864 tok, 463 tok/s, 2.16 ms/tok (100 % of wall), 0 tok cached (0/0 hits) | live 1, queued 0 | pool 1011/2048 blocks (49 %) | prefix cache 7/29 entries | 1 prefilling
2026-10-06 16:39:17.013 INFO  stats: rank 1 | 10.4 s | decode 0.0 tok/s, 0.0 ms/tok, 0.0 ms/step (0 steps / 0 tok, 0 % of wall) | prefill 0 prompts / 4864 tok, 466 tok/s, 2.14 ms/tok (100 % of wall), 0 tok cached (0/0 hits) | live 1, queued 0 | pool 1011/2048 blocks (49 %) | prefix cache 7/29 entries | 1 prefilling
2026-10-06 16:39:27.490 INFO  stats: rank 1 | 10.5 s | decode 0.0 tok/s, 0.0 ms/tok, 0.0 ms/step (0 steps / 0 tok, 0 % of wall) | prefill 0 prompts / 4864 tok, 464 tok/s, 2.15 ms/tok (100 % of wall), 0 tok cached (0/0 hits) | live 1, queued 0 | pool 1011/2048 blocks (49 %) | prefix cache 7/29 entries | 1 prefilling
2026-10-06 16:39:37.520 INFO  stats: rank 1 | 10.0 s | decode 0.0 tok/s, 0.0 ms/tok, 0.0 ms/step (0 steps / 0 tok, 0 % of wall) | prefill 0 prompts / 4608 tok, 459 tok/s, 2.17 ms/tok (100 % of wall), 0 tok cached (0/0 hits) | live 1, queued 0 | pool 1011/2048 blocks (49 %) | prefix cache 7/29 entries | 1 prefilling
2026-10-06 16:39:39.861 INFO  sched: request 'chatcmpl-40aebdc34db635fa' admitted to slot 0 (reserve 254 blocks; pool 1012/2048 blocks in use) — first token 785
2026-10-06 16:39:47.358 INFO  sched: request 'chatcmpl-40aebdc34db635fa' retired (steps): 256 tok in 77.6 s — prefill 32239 tok (0 cached) in 70009 ms; decode 255 tok / 131 passes in 7.5 s: 33.8 tok/s, 29.6 ms/tok, 58 ms/pass, 1.95 tok/pass, accept p1 95 %
2026-10-06 16:39:47.379 INFO  sched: request 'chatcmpl-40aebdc34db635fb' starting prefill in slot 0 (32239 prompt tokens)
2026-10-06 16:39:47.380 INFO  sched: request 'chatcmpl-40aebdc34db635fb' prefilling in slot 0 (256 tokens/tick)
2026-10-06 16:39:47.465 INFO  sched: request 'chatcmpl-40aebdc34db635fb' admitted to slot 0 (reserve 254 blocks; pool 1015/2048 blocks in use) — first token 785
2026-10-06 16:39:47.576 INFO  stats: rank 1 | 10.1 s | decode 26.0 tok/s, 28.9 ms/tok, 56.6 ms/step (133 steps / 261 tok, 75 % of wall) | mtp 1.96 tok/step/req, accept p1 95 % | prefill 2 prompts / 1010 tok, 100 tok/s, 2.40 ms/tok, 1212 ms avg (24 % of wall), 32236 tok cached (1/1 hit) | live 1, queued 0 | pool 1016/2048 blocks (50 %) | prefix cache 10/29 entries
2026-10-06 16:39:54.955 INFO  sched: request 'chatcmpl-40aebdc34db635fb' retired (steps): 256 tok in 7.6 s — prefill 32239 tok (32236 cached) in 86 ms; decode 255 tok / 131 passes in 7.5 s: 34.0 tok/s, 29.4 ms/tok, 57 ms/pass, 1.95 tok/pass, accept p1 95 %
2026-10-06 16:39:54.992 INFO  sched: request 'chatcmpl-40aebdc34db635fc' starting prefill in slot 0 (32239 prompt tokens)
2026-10-06 16:39:54.992 INFO  sched: request 'chatcmpl-40aebdc34db635fc' prefilling in slot 0 (256 tokens/tick)
2026-10-06 16:39:55.076 INFO  sched: request 'chatcmpl-40aebdc34db635fc' admitted to slot 0 (reserve 254 blocks; pool 1015/2048 blocks in use) — first token 785
2026-10-06 16:39:57.623 INFO  stats: rank 1 | 10.0 s | decode 33.5 tok/s, 29.2 ms/tok, 56.5 ms/step (174 steps / 337 tok, 98 % of wall) | mtp 1.94 tok/step/req, accept p1 94 % | prefill 1 prompt / 3 tok, 0 tok/s, 28.20 ms/tok, 85 ms avg (1 % of wall), 32236 tok cached (1/1 hit) | live 1, queued 0 | pool 1016/2048 blocks (50 %) | prefix cache 10/29 entries
2026-10-06 16:40:02.582 INFO  sched: request 'chatcmpl-40aebdc34db635fc' retired (steps): 256 tok in 7.6 s — prefill 32239 tok (32236 cached) in 85 ms; decode 255 tok / 131 passes in 7.5 s: 34.0 tok/s, 29.4 ms/tok, 57 ms/pass, 1.95 tok/pass, accept p1 95 %
2026-10-06 16:40:03.733 INFO  sched: request 'chatcmpl-40aebdc34db635fd' starting prefill in slot 0 (65011 prompt tokens)
2026-10-06 16:40:03.733 INFO  sched: request 'chatcmpl-40aebdc34db635fd' prefix cache miss — 33 cut(s) probed against 10 entries; the nearest entry (position 32492) shares the first 13 of the prompt's 65011 tokens (the prompt differs from it from that token on)
2026-10-06 16:40:03.733 INFO  sched: request 'chatcmpl-40aebdc34db635fd' prefilling in slot 0 (256 tokens/tick)
2026-10-06 16:40:08.056 INFO  stats: rank 1 | 10.4 s | decode 16.3 tok/s, 28.8 ms/tok, 56.8 ms/step (86 steps / 170 tok, 47 % of wall) | mtp 1.98 tok/step/req, accept p1 99 % | prefill 0 prompts / 2048 tok, 196 tok/s, 2.11 ms/tok (41 % of wall), 0 tok cached (0/1 hit) | live 1, queued 0 | pool 1522/2048 blocks (74 %) | prefix cache 10/29 entries | 1 prefilling
2026-10-06 16:40:18.312 INFO  stats: rank 1 | 10.3 s | decode 0.0 tok/s, 0.0 ms/tok, 0.0 ms/step (0 steps / 0 tok, 0 % of wall) | prefill 0 prompts / 4608 tok, 449 tok/s, 2.22 ms/tok (100 % of wall), 0 tok cached (0/0 hits) | live 1, queued 0 | pool 1522/2048 blocks (74 %) | prefix cache 10/29 entries | 1 prefilling
2026-10-06 16:40:28.340 INFO  stats: rank 1 | 10.0 s | decode 0.0 tok/s, 0.0 ms/tok, 0.0 ms/step (0 steps / 0 tok, 0 % of wall) | prefill 0 prompts / 4608 tok, 460 tok/s, 2.17 ms/tok (100 % of wall), 0 tok cached (0/0 hits) | live 1, queued 0 | pool 1522/2048 blocks (74 %) | prefix cache 10/29 entries | 1 prefilling
2026-10-06 16:40:38.784 INFO  stats: rank 1 | 10.4 s | decode 0.0 tok/s, 0.0 ms/tok, 0.0 ms/step (0 steps / 0 tok, 0 % of wall) | prefill 0 prompts / 4864 tok, 466 tok/s, 2.15 ms/tok (100 % of wall), 0 tok cached (0/0 hits) | live 1, queued 0 | pool 1522/2048 blocks (74 %) | prefix cache 10/29 entries | 1 prefilling
2026-10-06 16:40:49.158 INFO  stats: rank 1 | 10.4 s | decode 0.0 tok/s, 0.0 ms/tok, 0.0 ms/step (0 steps / 0 tok, 0 % of wall) | prefill 0 prompts / 4864 tok, 469 tok/s, 2.13 ms/tok (100 % of wall), 0 tok cached (0/0 hits) | live 1, queued 0 | pool 1522/2048 blocks (74 %) | prefix cache 10/29 entries | 1 prefilling
2026-10-06 16:40:59.601 INFO  stats: rank 1 | 10.4 s | decode 0.0 tok/s, 0.0 ms/tok, 0.0 ms/step (0 steps / 0 tok, 0 % of wall) | prefill 0 prompts / 4864 tok, 466 tok/s, 2.15 ms/tok (100 % of wall), 0 tok cached (0/0 hits) | live 1, queued 0 | pool 1522/2048 blocks (74 %) | prefix cache 10/29 entries | 1 prefilling
2026-10-06 16:41:10.039 INFO  stats: rank 1 | 10.4 s | decode 0.0 tok/s, 0.0 ms/tok, 0.0 ms/step (0 steps / 0 tok, 0 % of wall) | prefill 0 prompts / 4864 tok, 466 tok/s, 2.14 ms/tok (100 % of wall), 0 tok cached (0/0 hits) | live 1, queued 0 | pool 1522/2048 blocks (74 %) | prefix cache 10/29 entries | 1 prefilling
2026-10-06 16:41:20.117 INFO  stats: rank 1 | 10.1 s | decode 0.0 tok/s, 0.0 ms/tok, 0.0 ms/step (0 steps / 0 tok, 0 % of wall) | prefill 0 prompts / 4608 tok, 457 tok/s, 2.19 ms/tok (100 % of wall), 0 tok cached (0/0 hits) | live 1, queued 0 | pool 1522/2048 blocks (74 %) | prefix cache 10/29 entries | 1 prefilling
2026-10-06 16:41:30.424 INFO  stats: rank 1 | 10.3 s | decode 0.0 tok/s, 0.0 ms/tok, 0.0 ms/step (0 steps / 0 tok, 0 % of wall) | prefill 0 prompts / 4608 tok, 447 tok/s, 2.23 ms/tok (100 % of wall), 0 tok cached (0/0 hits) | live 1, queued 0 | pool 1522/2048 blocks (74 %) | prefix cache 10/29 entries | 1 prefilling
2026-10-06 16:41:40.604 INFO  stats: rank 1 | 10.2 s | decode 0.0 tok/s, 0.0 ms/tok, 0.0 ms/step (0 steps / 0 tok, 0 % of wall) | prefill 0 prompts / 4608 tok, 453 tok/s, 2.21 ms/tok (100 % of wall), 0 tok cached (0/0 hits) | live 1, queued 0 | pool 1522/2048 blocks (74 %) | prefix cache 10/29 entries | 1 prefilling
2026-10-06 16:41:50.800 INFO  stats: rank 1 | 10.2 s | decode 0.0 tok/s, 0.0 ms/tok, 0.0 ms/step (0 steps / 0 tok, 0 % of wall) | prefill 0 prompts / 4608 tok, 452 tok/s, 2.21 ms/tok (100 % of wall), 0 tok cached (0/0 hits) | live 1, queued 0 | pool 1522/2048 blocks (74 %) | prefix cache 10/29 entries | 1 prefilling
2026-10-06 16:42:01.108 INFO  stats: rank 1 | 10.3 s | decode 0.0 tok/s, 0.0 ms/tok, 0.0 ms/step (0 steps / 0 tok, 0 % of wall) | prefill 0 prompts / 4608 tok, 447 tok/s, 2.24 ms/tok (100 % of wall), 0 tok cached (0/0 hits) | live 1, queued 0 | pool 1522/2048 blocks (74 %) | prefix cache 10/29 entries | 1 prefilling
2026-10-06 16:42:11.523 INFO  stats: rank 1 | 10.4 s | decode 0.0 tok/s, 0.0 ms/tok, 0.0 ms/step (0 steps / 0 tok, 0 % of wall) | prefill 0 prompts / 4608 tok, 442 tok/s, 2.26 ms/tok (100 % of wall), 0 tok cached (0/0 hits) | live 1, queued 0 | pool 1522/2048 blocks (74 %) | prefix cache 10/29 entries | 1 prefilling
2026-10-06 16:42:21.997 INFO  stats: rank 1 | 10.5 s | decode 0.0 tok/s, 0.0 ms/tok, 0.0 ms/step (0 steps / 0 tok, 0 % of wall) | prefill 0 prompts / 4608 tok, 440 tok/s, 2.27 ms/tok (100 % of wall), 0 tok cached (0/0 hits) | live 1, queued 0 | pool 1522/2048 blocks (74 %) | prefix cache 10/29 entries | 1 prefilling
2026-10-06 16:42:26.790 INFO  sched: request 'chatcmpl-40aebdc34db635fd' admitted to slot 0 (reserve 510 blocks; pool 1523/2048 blocks in use) — first token 785
2026-10-06 16:42:32.017 INFO  stats: rank 1 | 10.0 s | decode 17.8 tok/s, 29.1 ms/tok, 57.5 ms/step (90 steps / 178 tok, 52 % of wall) | mtp 1.98 tok/step/req, accept p1 97 % | prefill 1 prompt / 2035 tok, 203 tok/s, 2.35 ms/tok, 4789 ms avg (48 % of wall), 0 tok cached (0/0 hits) | live 1, queued 0 | pool 1524/2048 blocks (74 %) | prefix cache 12/29 entries
2026-10-06 16:42:34.358 INFO  sched: request 'chatcmpl-40aebdc34db635fd' retired (steps): 256 tok in 150.6 s — prefill 65011 tok (0 cached) in 142957 ms; decode 255 tok / 130 passes in 7.7 s: 33.3 tok/s, 30.1 ms/tok, 59 ms/pass, 1.96 tok/pass, accept p1 97 %
2026-10-06 16:42:34.404 INFO  sched: request 'chatcmpl-40aebdc34db635fe' starting prefill in slot 0 (65011 prompt tokens)
2026-10-06 16:42:34.405 INFO  sched: request 'chatcmpl-40aebdc34db635fe' prefilling in slot 0 (256 tokens/tick)
2026-10-06 16:42:34.490 INFO  sched: request 'chatcmpl-40aebdc34db635fe' admitted to slot 0 (reserve 510 blocks; pool 1526/2048 blocks in use) — first token 785
2026-10-06 16:42:42.075 INFO  sched: request 'chatcmpl-40aebdc34db635fe' retired (steps): 256 tok in 7.7 s — prefill 65011 tok (65008 cached) in 86 ms; decode 255 tok / 130 passes in 7.6 s: 33.6 tok/s, 29.7 ms/tok, 58 ms/pass, 1.96 tok/pass, accept p1 97 %
2026-10-06 16:42:42.075 INFO  stats: rank 1 | 10.1 s | decode 33.2 tok/s, 29.4 ms/tok, 57.8 ms/step (170 steps / 334 tok, 98 % of wall) | mtp 1.96 tok/step/req, accept p1 97 % | prefill 1 prompt / 3 tok, 0 tok/s, 28.52 ms/tok, 86 ms avg (1 % of wall), 65008 tok cached (1/1 hit) | live 0, queued 0 | pool 1523/2048 blocks (74 %) | prefix cache 13/29 entries
2026-10-06 16:42:42.108 INFO  sched: request 'chatcmpl-40aebdc34db635ff' starting prefill in slot 0 (65011 prompt tokens)
2026-10-06 16:42:42.109 INFO  sched: request 'chatcmpl-40aebdc34db635ff' prefilling in slot 0 (256 tokens/tick)
2026-10-06 16:42:42.194 INFO  sched: request 'chatcmpl-40aebdc34db635ff' admitted to slot 0 (reserve 510 blocks; pool 1526/2048 blocks in use) — first token 785
2026-10-06 16:42:49.763 INFO  sched: request 'chatcmpl-40aebdc34db635ff' retired (steps): 256 tok in 7.7 s — prefill 65011 tok (65008 cached) in 86 ms; decode 255 tok / 130 passes in 7.6 s: 33.7 tok/s, 29.7 ms/tok, 58 ms/pass, 1.96 tok/pass, accept p1 97 %
2026-10-06 16:42:51.973 INFO  sched: request 'chatcmpl-40aebdc34db63600' starting prefill in slot 0 (130539 prompt tokens)
2026-10-06 16:42:51.973 INFO  sched: request 'chatcmpl-40aebdc34db63600' prefix cache miss — 65 cut(s) probed against 8 entries; the nearest entry (position 65264) shares the first 12 of the prompt's 130539 tokens (the prompt differs from it from that token on)
2026-10-06 16:42:51.973 INFO  sched: request 'chatcmpl-40aebdc34db63600' prefilling in slot 0 (256 tokens/tick)
2026-10-06 16:42:52.518 INFO  stats: rank 1 | 10.4 s | decode 24.5 tok/s, 29.2 ms/tok, 57.6 ms/step (130 steps / 256 tok, 72 % of wall) | mtp 1.97 tok/step/req, accept p1 97 % | prefill 1 prompt / 259 tok, 25 tok/s, 2.44 ms/tok, 631 ms avg (6 % of wall), 65008 tok cached (1/2 hits) | live 1, queued 0 | pool 2040/2048 blocks (100 %) | prefix cache 8/29 entries | 1 prefilling
2026-10-06 16:43:02.563 INFO  stats: rank 1 | 10.0 s | decode 0.0 tok/s, 0.0 ms/tok, 0.0 ms/step (0 steps / 0 tok, 0 % of wall) | prefill 0 prompts / 4608 tok, 459 tok/s, 2.18 ms/tok (100 % of wall), 0 tok cached (0/0 hits) | live 1, queued 0 | pool 2040/2048 blocks (100 %) | prefix cache 8/29 entries | 1 prefilling
2026-10-06 16:43:12.767 INFO  stats: rank 1 | 10.2 s | decode 0.0 tok/s, 0.0 ms/tok, 0.0 ms/step (0 steps / 0 tok, 0 % of wall) | prefill 0 prompts / 4608 tok, 452 tok/s, 2.21 ms/tok (100 % of wall), 0 tok cached (0/0 hits) | live 1, queued 0 | pool 2040/2048 blocks (100 %) | prefix cache 8/29 entries | 1 prefilling
2026-10-06 16:43:23.250 INFO  stats: rank 1 | 10.5 s | decode 0.0 tok/s, 0.0 ms/tok, 0.0 ms/step (0 steps / 0 tok, 0 % of wall) | prefill 0 prompts / 4864 tok, 464 tok/s, 2.15 ms/tok (100 % of wall), 0 tok cached (0/0 hits) | live 1, queued 0 | pool 2040/2048 blocks (100 %) | prefix cache 8/29 entries | 1 prefilling
2026-10-06 16:43:33.747 INFO  stats: rank 1 | 10.5 s | decode 0.0 tok/s, 0.0 ms/tok, 0.0 ms/step (0 steps / 0 tok, 0 % of wall) | prefill 0 prompts / 4864 tok, 463 tok/s, 2.16 ms/tok (100 % of wall), 0 tok cached (0/0 hits) | live 1, queued 0 | pool 2040/2048 blocks (100 %) | prefix cache 8/29 entries | 1 prefilling
2026-10-06 16:43:44.112 INFO  stats: rank 1 | 10.4 s | decode 0.0 tok/s, 0.0 ms/tok, 0.0 ms/step (0 steps / 0 tok, 0 % of wall) | prefill 0 prompts / 4864 tok, 469 tok/s, 2.13 ms/tok (100 % of wall), 0 tok cached (0/0 hits) | live 1, queued 0 | pool 2040/2048 blocks (100 %) | prefix cache 8/29 entries | 1 prefilling
2026-10-06 16:43:54.491 INFO  stats: rank 1 | 10.4 s | decode 0.0 tok/s, 0.0 ms/tok, 0.0 ms/step (0 steps / 0 tok, 0 % of wall) | prefill 0 prompts / 4864 tok, 469 tok/s, 2.13 ms/tok (100 % of wall), 0 tok cached (0/0 hits) | live 1, queued 0 | pool 2040/2048 blocks (100 %) | prefix cache 8/29 entries | 1 prefilling
2026-10-06 16:44:05.031 INFO  stats: rank 1 | 10.5 s | decode 0.0 tok/s, 0.0 ms/tok, 0.0 ms/step (0 steps / 0 tok, 0 % of wall) | prefill 0 prompts / 4864 tok, 461 tok/s, 2.17 ms/tok (100 % of wall), 0 tok cached (0/0 hits) | live 1, queued 0 | pool 2040/2048 blocks (100 %) | prefix cache 8/29 entries | 1 prefilling
2026-10-06 16:44:15.323 INFO  stats: rank 1 | 10.3 s | decode 0.0 tok/s, 0.0 ms/tok, 0.0 ms/step (0 steps / 0 tok, 0 % of wall) | prefill 0 prompts / 4608 tok, 448 tok/s, 2.23 ms/tok (100 % of wall), 0 tok cached (0/0 hits) | live 1, queued 0 | pool 2040/2048 blocks (100 %) | prefix cache 8/29 entries | 1 prefilling
2026-10-06 16:44:25.498 INFO  stats: rank 1 | 10.2 s | decode 0.0 tok/s, 0.0 ms/tok, 0.0 ms/step (0 steps / 0 tok, 0 % of wall) | prefill 0 prompts / 4608 tok, 453 tok/s, 2.21 ms/tok (100 % of wall), 0 tok cached (0/0 hits) | live 1, queued 0 | pool 2040/2048 blocks (100 %) | prefix cache 8/29 entries | 1 prefilling
2026-10-06 16:44:35.701 INFO  stats: rank 1 | 10.2 s | decode 0.0 tok/s, 0.0 ms/tok, 0.0 ms/step (0 steps / 0 tok, 0 % of wall) | prefill 0 prompts / 4608 tok, 452 tok/s, 2.21 ms/tok (100 % of wall), 0 tok cached (0/0 hits) | live 1, queued 0 | pool 2040/2048 blocks (100 %) | prefix cache 8/29 entries | 1 prefilling
2026-10-06 16:44:46.011 INFO  stats: rank 1 | 10.3 s | decode 0.0 tok/s, 0.0 ms/tok, 0.0 ms/step (0 steps / 0 tok, 0 % of wall) | prefill 0 prompts / 4608 tok, 447 tok/s, 2.24 ms/tok (100 % of wall), 0 tok cached (0/0 hits) | live 1, queued 0 | pool 2040/2048 blocks (100 %) | prefix cache 8/29 entries | 1 prefilling
2026-10-06 16:44:56.381 INFO  stats: rank 1 | 10.4 s | decode 0.0 tok/s, 0.0 ms/tok, 0.0 ms/step (0 steps / 0 tok, 0 % of wall) | prefill 0 prompts / 4608 tok, 444 tok/s, 2.25 ms/tok (100 % of wall), 0 tok cached (0/0 hits) | live 1, queued 0 | pool 2040/2048 blocks (100 %) | prefix cache 8/29 entries | 1 prefilling
2026-10-06 16:45:06.833 INFO  stats: rank 1 | 10.5 s | decode 0.0 tok/s, 0.0 ms/tok, 0.0 ms/step (0 steps / 0 tok, 0 % of wall) | prefill 0 prompts / 4608 tok, 441 tok/s, 2.27 ms/tok (100 % of wall), 0 tok cached (0/0 hits) | live 1, queued 0 | pool 2040/2048 blocks (100 %) | prefix cache 8/29 entries | 1 prefilling
2026-10-06 16:45:17.358 INFO  stats: rank 1 | 10.5 s | decode 0.0 tok/s, 0.0 ms/tok, 0.0 ms/step (0 steps / 0 tok, 0 % of wall) | prefill 0 prompts / 4608 tok, 438 tok/s, 2.28 ms/tok (100 % of wall), 0 tok cached (0/0 hits) | live 1, queued 0 | pool 2040/2048 blocks (100 %) | prefix cache 8/29 entries | 1 prefilling
2026-10-06 16:45:27.407 INFO  stats: rank 1 | 10.0 s | decode 0.0 tok/s, 0.0 ms/tok, 0.0 ms/step (0 steps / 0 tok, 0 % of wall) | prefill 0 prompts / 4352 tok, 433 tok/s, 2.31 ms/tok (100 % of wall), 0 tok cached (0/0 hits) | live 1, queued 0 | pool 2040/2048 blocks (100 %) | prefix cache 8/29 entries | 1 prefilling
2026-10-06 16:45:37.572 INFO  stats: rank 1 | 10.2 s | decode 0.0 tok/s, 0.0 ms/tok, 0.0 ms/step (0 steps / 0 tok, 0 % of wall) | prefill 0 prompts / 4352 tok, 428 tok/s, 2.33 ms/tok (100 % of wall), 0 tok cached (0/0 hits) | live 1, queued 0 | pool 2040/2048 blocks (100 %) | prefix cache 8/29 entries | 1 prefilling
2026-10-06 16:45:47.825 INFO  stats: rank 1 | 10.3 s | decode 0.0 tok/s, 0.0 ms/tok, 0.0 ms/step (0 steps / 0 tok, 0 % of wall) | prefill 0 prompts / 4352 tok, 424 tok/s, 2.35 ms/tok (100 % of wall), 0 tok cached (0/0 hits) | live 1, queued 0 | pool 2040/2048 blocks (100 %) | prefix cache 8/29 entries | 1 prefilling
2026-10-06 16:45:58.119 INFO  stats: rank 1 | 10.3 s | decode 0.0 tok/s, 0.0 ms/tok, 0.0 ms/step (0 steps / 0 tok, 0 % of wall) | prefill 0 prompts / 4352 tok, 423 tok/s, 2.36 ms/tok (100 % of wall), 0 tok cached (0/0 hits) | live 1, queued 0 | pool 2040/2048 blocks (100 %) | prefix cache 8/29 entries | 1 prefilling
2026-10-06 16:46:08.585 INFO  stats: rank 1 | 10.5 s | decode 0.0 tok/s, 0.0 ms/tok, 0.0 ms/step (0 steps / 0 tok, 0 % of wall) | prefill 0 prompts / 4352 tok, 416 tok/s, 2.40 ms/tok (100 % of wall), 0 tok cached (0/0 hits) | live 1, queued 0 | pool 2040/2048 blocks (100 %) | prefix cache 8/29 entries | 1 prefilling
2026-10-06 16:46:18.969 INFO  stats: rank 1 | 10.4 s | decode 0.0 tok/s, 0.0 ms/tok, 0.0 ms/step (0 steps / 0 tok, 0 % of wall) | prefill 0 prompts / 4352 tok, 419 tok/s, 2.38 ms/tok (100 % of wall), 0 tok cached (0/0 hits) | live 1, queued 0 | pool 2040/2048 blocks (100 %) | prefix cache 8/29 entries | 1 prefilling
2026-10-06 16:46:29.341 INFO  stats: rank 1 | 10.4 s | decode 0.0 tok/s, 0.0 ms/tok, 0.0 ms/step (0 steps / 0 tok, 0 % of wall) | prefill 0 prompts / 4352 tok, 420 tok/s, 2.38 ms/tok (100 % of wall), 0 tok cached (0/0 hits) | live 1, queued 0 | pool 2040/2048 blocks (100 %) | prefix cache 8/29 entries | 1 prefilling
2026-10-06 16:46:39.778 INFO  stats: rank 1 | 10.4 s | decode 0.0 tok/s, 0.0 ms/tok, 0.0 ms/step (0 steps / 0 tok, 0 % of wall) | prefill 0 prompts / 4352 tok, 417 tok/s, 2.40 ms/tok (100 % of wall), 0 tok cached (0/0 hits) | live 1, queued 0 | pool 2040/2048 blocks (100 %) | prefix cache 8/29 entries | 1 prefilling
2026-10-06 16:46:50.367 INFO  stats: rank 1 | 10.6 s | decode 0.0 tok/s, 0.0 ms/tok, 0.0 ms/step (0 steps / 0 tok, 0 % of wall) | prefill 0 prompts / 4352 tok, 411 tok/s, 2.43 ms/tok (100 % of wall), 0 tok cached (0/0 hits) | live 1, queued 0 | pool 2040/2048 blocks (100 %) | prefix cache 8/29 entries | 1 prefilling
2026-10-06 16:47:00.582 INFO  stats: rank 1 | 10.2 s | decode 0.0 tok/s, 0.0 ms/tok, 0.0 ms/step (0 steps / 0 tok, 0 % of wall) | prefill 0 prompts / 4096 tok, 401 tok/s, 2.49 ms/tok (100 % of wall), 0 tok cached (0/0 hits) | live 1, queued 0 | pool 2040/2048 blocks (100 %) | prefix cache 8/29 entries | 1 prefilling
2026-10-06 16:47:10.748 INFO  stats: rank 1 | 10.2 s | decode 0.0 tok/s, 0.0 ms/tok, 0.0 ms/step (0 steps / 0 tok, 0 % of wall) | prefill 0 prompts / 4096 tok, 403 tok/s, 2.48 ms/tok (100 % of wall), 0 tok cached (0/0 hits) | live 1, queued 0 | pool 2040/2048 blocks (100 %) | prefix cache 8/29 entries | 1 prefilling
2026-10-06 16:47:21.013 INFO  stats: rank 1 | 10.3 s | decode 0.0 tok/s, 0.0 ms/tok, 0.0 ms/step (0 steps / 0 tok, 0 % of wall) | prefill 0 prompts / 4096 tok, 399 tok/s, 2.50 ms/tok (100 % of wall), 0 tok cached (0/0 hits) | live 1, queued 0 | pool 2040/2048 blocks (100 %) | prefix cache 8/29 entries | 1 prefilling
2026-10-06 16:47:31.366 INFO  stats: rank 1 | 10.4 s | decode 0.0 tok/s, 0.0 ms/tok, 0.0 ms/step (0 steps / 0 tok, 0 % of wall) | prefill 0 prompts / 4096 tok, 396 tok/s, 2.53 ms/tok (100 % of wall), 0 tok cached (0/0 hits) | live 1, queued 0 | pool 2040/2048 blocks (100 %) | prefix cache 8/29 entries | 1 prefilling
2026-10-06 16:47:41.751 INFO  stats: rank 1 | 10.4 s | decode 0.0 tok/s, 0.0 ms/tok, 0.0 ms/step (0 steps / 0 tok, 0 % of wall) | prefill 0 prompts / 4096 tok, 394 tok/s, 2.53 ms/tok (100 % of wall), 0 tok cached (0/0 hits) | live 1, queued 0 | pool 2040/2048 blocks (100 %) | prefix cache 8/29 entries | 1 prefilling
2026-10-06 16:47:52.059 INFO  stats: rank 1 | 10.3 s | decode 0.0 tok/s, 0.0 ms/tok, 0.0 ms/step (0 steps / 0 tok, 0 % of wall) | prefill 0 prompts / 4096 tok, 397 tok/s, 2.52 ms/tok (100 % of wall), 0 tok cached (0/0 hits) | live 1, queued 0 | pool 2040/2048 blocks (100 %) | prefix cache 8/29 entries | 1 prefilling
2026-10-06 16:47:54.106 INFO  sched: request 'chatcmpl-40aebdc34db63600' admitted to slot 0 (reserve 1022 blocks; pool 2041/2048 blocks in use) — first token 785
2026-10-06 16:48:01.850 INFO  sched: request 'chatcmpl-40aebdc34db63600' retired (steps): 256 tok in 309.9 s — prefill 130539 tok (0 cached) in 301929 ms; decode 255 tok / 130 passes in 7.9 s: 32.1 tok/s, 31.2 ms/tok, 61 ms/pass, 1.96 tok/pass, accept p1 96 %
2026-10-06 16:48:01.918 INFO  sched: request 'chatcmpl-40aebdc34db63601' starting prefill in slot 0 (130539 prompt tokens)
2026-10-06 16:48:01.919 INFO  sched: request 'chatcmpl-40aebdc34db63601' prefilling in slot 0 (256 tokens/tick)
2026-10-06 16:48:02.004 INFO  sched: request 'chatcmpl-40aebdc34db63601' admitted to slot 0 (reserve 1022 blocks; pool 2044/2048 blocks in use) — first token 785
2026-10-06 16:48:02.060 INFO  stats: rank 1 | 10.0 s | decode 25.9 tok/s, 29.8 ms/tok, 58.9 ms/step (131 steps / 259 tok, 77 % of wall) | mtp 1.98 tok/step/req, accept p1 96 % | prefill 2 prompts / 750 tok, 75 tok/s, 2.84 ms/tok, 1065 ms avg (21 % of wall), 130536 tok cached (1/1 hit) | live 1, queued 0 | pool 2045/2048 blocks (100 %) | prefix cache 11/29 entries
2026-10-06 16:48:09.745 INFO  sched: request 'chatcmpl-40aebdc34db63601' retired (steps): 256 tok in 7.8 s — prefill 130539 tok (130536 cached) in 87 ms; decode 255 tok / 130 passes in 7.7 s: 32.9 tok/s, 30.4 ms/tok, 60 ms/pass, 1.96 tok/pass, accept p1 96 %
2026-10-06 16:48:09.808 INFO  sched: request 'chatcmpl-40aebdc34db63602' starting prefill in slot 0 (130539 prompt tokens)
2026-10-06 16:48:09.810 INFO  sched: request 'chatcmpl-40aebdc34db63602' prefilling in slot 0 (256 tokens/tick)
2026-10-06 16:48:09.895 INFO  sched: request 'chatcmpl-40aebdc34db63602' admitted to slot 0 (reserve 1022 blocks; pool 2044/2048 blocks in use) — first token 785
2026-10-06 16:48:12.068 INFO  stats: rank 1 | 10.0 s | decode 32.4 tok/s, 30.1 ms/tok, 58.8 ms/step (166 steps / 324 tok, 98 % of wall) | mtp 1.95 tok/step/req, accept p1 95 % | prefill 1 prompt / 3 tok, 0 tok/s, 28.83 ms/tok, 86 ms avg (1 % of wall), 130536 tok cached (1/1 hit) | live 1, queued 0 | pool 2045/2048 blocks (100 %) | prefix cache 11/29 entries
2026-10-06 16:48:17.630 INFO  sched: request 'chatcmpl-40aebdc34db63602' retired (steps): 256 tok in 7.8 s — prefill 130539 tok (130536 cached) in 86 ms; decode 255 tok / 130 passes in 7.7 s: 33.0 tok/s, 30.3 ms/tok, 59 ms/pass, 1.96 tok/pass, accept p1 96 %
2026-10-06 16:48:21.804 INFO  sched: request 'chatcmpl-40aebdc34db63603' starting prefill in slot 0 (261632 prompt tokens)
2026-10-06 16:48:21.805 INFO  sched: request 'chatcmpl-40aebdc34db63603' prefix cache miss — 129 cut(s), the cache is empty
2026-10-06 16:48:21.805 INFO  sched: request 'chatcmpl-40aebdc34db63603' prefilling in slot 0 (256 tokens/tick)
2026-10-06 16:48:22.352 INFO  stats: rank 1 | 10.3 s | decode 18.0 tok/s, 29.7 ms/tok, 59.2 ms/step (93 steps / 185 tok, 53 % of wall) | mtp 1.99 tok/step/req, accept p1 99 % | prefill 0 prompts / 256 tok, 25 tok/s, 2.14 ms/tok (5 % of wall), 0 tok cached (0/1 hit) | live 1, queued 0 | pool 2046/2048 blocks (100 %) | prefix cache 0/29 entries | 1 prefilling
2026-10-06 16:48:32.385 INFO  stats: rank 1 | 10.0 s | decode 0.0 tok/s, 0.0 ms/tok, 0.0 ms/step (0 steps / 0 tok, 0 % of wall) | prefill 0 prompts / 4608 tok, 459 tok/s, 2.18 ms/tok (100 % of wall), 0 tok cached (0/0 hits) | live 1, queued 0 | pool 2046/2048 blocks (100 %) | prefix cache 0/29 entries | 1 prefilling
2026-10-06 16:48:42.568 INFO  stats: rank 1 | 10.2 s | decode 0.0 tok/s, 0.0 ms/tok, 0.0 ms/step (0 steps / 0 tok, 0 % of wall) | prefill 0 prompts / 4608 tok, 453 tok/s, 2.21 ms/tok (100 % of wall), 0 tok cached (0/0 hits) | live 1, queued 0 | pool 2046/2048 blocks (100 %) | prefix cache 0/29 entries | 1 prefilling
2026-10-06 16:48:53.026 INFO  stats: rank 1 | 10.5 s | decode 0.0 tok/s, 0.0 ms/tok, 0.0 ms/step (0 steps / 0 tok, 0 % of wall) | prefill 0 prompts / 4864 tok, 465 tok/s, 2.15 ms/tok (100 % of wall), 0 tok cached (0/0 hits) | live 1, queued 0 | pool 2046/2048 blocks (100 %) | prefix cache 0/29 entries | 1 prefilling
2026-10-06 16:49:03.536 INFO  stats: rank 1 | 10.5 s | decode 0.0 tok/s, 0.0 ms/tok, 0.0 ms/step (0 steps / 0 tok, 0 % of wall) | prefill 0 prompts / 4864 tok, 463 tok/s, 2.16 ms/tok (100 % of wall), 0 tok cached (0/0 hits) | live 1, queued 0 | pool 2046/2048 blocks (100 %) | prefix cache 0/29 entries | 1 prefilling
2026-10-06 16:49:13.978 INFO  stats: rank 1 | 10.4 s | decode 0.0 tok/s, 0.0 ms/tok, 0.0 ms/step (0 steps / 0 tok, 0 % of wall) | prefill 0 prompts / 4864 tok, 466 tok/s, 2.15 ms/tok (100 % of wall), 0 tok cached (0/0 hits) | live 1, queued 0 | pool 2046/2048 blocks (100 %) | prefix cache 0/29 entries | 1 prefilling
2026-10-06 16:49:24.404 INFO  stats: rank 1 | 10.4 s | decode 0.0 tok/s, 0.0 ms/tok, 0.0 ms/step (0 steps / 0 tok, 0 % of wall) | prefill 0 prompts / 4864 tok, 467 tok/s, 2.14 ms/tok (100 % of wall), 0 tok cached (0/0 hits) | live 1, queued 0 | pool 2046/2048 blocks (100 %) | prefix cache 0/29 entries | 1 prefilling
2026-10-06 16:49:34.410 INFO  stats: rank 1 | 10.0 s | decode 0.0 tok/s, 0.0 ms/tok, 0.0 ms/step (0 steps / 0 tok, 0 % of wall) | prefill 0 prompts / 4608 tok, 461 tok/s, 2.17 ms/tok (100 % of wall), 0 tok cached (0/0 hits) | live 1, queued 0 | pool 2046/2048 blocks (100 %) | prefix cache 0/29 entries | 1 prefilling
2026-10-06 16:49:44.691 INFO  stats: rank 1 | 10.3 s | decode 0.0 tok/s, 0.0 ms/tok, 0.0 ms/step (0 steps / 0 tok, 0 % of wall) | prefill 0 prompts / 4608 tok, 448 tok/s, 2.23 ms/tok (100 % of wall), 0 tok cached (0/0 hits) | live 1, queued 0 | pool 2046/2048 blocks (100 %) | prefix cache 0/29 entries | 1 prefilling
2026-10-06 16:49:54.834 INFO  stats: rank 1 | 10.1 s | decode 0.0 tok/s, 0.0 ms/tok, 0.0 ms/step (0 steps / 0 tok, 0 % of wall) | prefill 0 prompts / 4608 tok, 454 tok/s, 2.20 ms/tok (100 % of wall), 0 tok cached (0/0 hits) | live 1, queued 0 | pool 2046/2048 blocks (100 %) | prefix cache 0/29 entries | 1 prefilling
2026-10-06 16:50:05.060 INFO  stats: rank 1 | 10.2 s | decode 0.0 tok/s, 0.0 ms/tok, 0.0 ms/step (0 steps / 0 tok, 0 % of wall) | prefill 0 prompts / 4608 tok, 451 tok/s, 2.22 ms/tok (100 % of wall), 0 tok cached (0/0 hits) | live 1, queued 0 | pool 2046/2048 blocks (100 %) | prefix cache 0/29 entries | 1 prefilling
2026-10-06 16:50:15.333 INFO  stats: rank 1 | 10.3 s | decode 0.0 tok/s, 0.0 ms/tok, 0.0 ms/step (0 steps / 0 tok, 0 % of wall) | prefill 0 prompts / 4608 tok, 449 tok/s, 2.23 ms/tok (100 % of wall), 0 tok cached (0/0 hits) | live 1, queued 0 | pool 2046/2048 blocks (100 %) | prefix cache 0/29 entries | 1 prefilling
2026-10-06 16:50:25.691 INFO  stats: rank 1 | 10.4 s | decode 0.0 tok/s, 0.0 ms/tok, 0.0 ms/step (0 steps / 0 tok, 0 % of wall) | prefill 0 prompts / 4608 tok, 445 tok/s, 2.25 ms/tok (100 % of wall), 0 tok cached (0/0 hits) | live 1, queued 0 | pool 2046/2048 blocks (100 %) | prefix cache 0/29 entries | 1 prefilling
2026-10-06 16:50:36.171 INFO  stats: rank 1 | 10.5 s | decode 0.0 tok/s, 0.0 ms/tok, 0.0 ms/step (0 steps / 0 tok, 0 % of wall) | prefill 0 prompts / 4608 tok, 440 tok/s, 2.27 ms/tok (100 % of wall), 0 tok cached (0/0 hits) | live 1, queued 0 | pool 2046/2048 blocks (100 %) | prefix cache 0/29 entries | 1 prefilling
2026-10-06 16:50:46.736 INFO  stats: rank 1 | 10.6 s | decode 0.0 tok/s, 0.0 ms/tok, 0.0 ms/step (0 steps / 0 tok, 0 % of wall) | prefill 0 prompts / 4608 tok, 436 tok/s, 2.29 ms/tok (100 % of wall), 0 tok cached (0/0 hits) | live 1, queued 0 | pool 2046/2048 blocks (100 %) | prefix cache 0/29 entries | 1 prefilling
2026-10-06 16:50:56.763 INFO  stats: rank 1 | 10.0 s | decode 0.0 tok/s, 0.0 ms/tok, 0.0 ms/step (0 steps / 0 tok, 0 % of wall) | prefill 0 prompts / 4352 tok, 434 tok/s, 2.30 ms/tok (100 % of wall), 0 tok cached (0/0 hits) | live 1, queued 0 | pool 2046/2048 blocks (100 %) | prefix cache 0/29 entries | 1 prefilling
2026-10-06 16:51:06.927 INFO  stats: rank 1 | 10.2 s | decode 0.0 tok/s, 0.0 ms/tok, 0.0 ms/step (0 steps / 0 tok, 0 % of wall) | prefill 0 prompts / 4352 tok, 428 tok/s, 2.33 ms/tok (100 % of wall), 0 tok cached (0/0 hits) | live 1, queued 0 | pool 2046/2048 blocks (100 %) | prefix cache 0/29 entries | 1 prefilling
2026-10-06 16:51:17.146 INFO  stats: rank 1 | 10.2 s | decode 0.0 tok/s, 0.0 ms/tok, 0.0 ms/step (0 steps / 0 tok, 0 % of wall) | prefill 0 prompts / 4352 tok, 426 tok/s, 2.35 ms/tok (100 % of wall), 0 tok cached (0/0 hits) | live 1, queued 0 | pool 2046/2048 blocks (100 %) | prefix cache 0/29 entries | 1 prefilling
2026-10-06 16:51:27.420 INFO  stats: rank 1 | 10.3 s | decode 0.0 tok/s, 0.0 ms/tok, 0.0 ms/step (0 steps / 0 tok, 0 % of wall) | prefill 0 prompts / 4352 tok, 424 tok/s, 2.36 ms/tok (100 % of wall), 0 tok cached (0/0 hits) | live 1, queued 0 | pool 2046/2048 blocks (100 %) | prefix cache 0/29 entries | 1 prefilling
2026-10-06 16:51:37.883 INFO  stats: rank 1 | 10.5 s | decode 0.0 tok/s, 0.0 ms/tok, 0.0 ms/step (0 steps / 0 tok, 0 % of wall) | prefill 0 prompts / 4352 tok, 416 tok/s, 2.40 ms/tok (100 % of wall), 0 tok cached (0/0 hits) | live 1, queued 0 | pool 2046/2048 blocks (100 %) | prefix cache 0/29 entries | 1 prefilling
2026-10-06 16:51:48.275 INFO  stats: rank 1 | 10.4 s | decode 0.0 tok/s, 0.0 ms/tok, 0.0 ms/step (0 steps / 0 tok, 0 % of wall) | prefill 0 prompts / 4352 tok, 419 tok/s, 2.39 ms/tok (100 % of wall), 0 tok cached (0/0 hits) | live 1, queued 0 | pool 2046/2048 blocks (100 %) | prefix cache 0/29 entries | 1 prefilling
2026-10-06 16:51:58.634 INFO  stats: rank 1 | 10.4 s | decode 0.0 tok/s, 0.0 ms/tok, 0.0 ms/step (0 steps / 0 tok, 0 % of wall) | prefill 0 prompts / 4352 tok, 420 tok/s, 2.38 ms/tok (100 % of wall), 0 tok cached (0/0 hits) | live 1, queued 0 | pool 2046/2048 blocks (100 %) | prefix cache 0/29 entries | 1 prefilling
2026-10-06 16:52:09.063 INFO  stats: rank 1 | 10.4 s | decode 0.0 tok/s, 0.0 ms/tok, 0.0 ms/step (0 steps / 0 tok, 0 % of wall) | prefill 0 prompts / 4352 tok, 417 tok/s, 2.40 ms/tok (100 % of wall), 0 tok cached (0/0 hits) | live 1, queued 0 | pool 2046/2048 blocks (100 %) | prefix cache 0/29 entries | 1 prefilling
2026-10-06 16:52:19.653 INFO  stats: rank 1 | 10.6 s | decode 0.0 tok/s, 0.0 ms/tok, 0.0 ms/step (0 steps / 0 tok, 0 % of wall) | prefill 0 prompts / 4352 tok, 411 tok/s, 2.43 ms/tok (100 % of wall), 0 tok cached (0/0 hits) | live 1, queued 0 | pool 2046/2048 blocks (100 %) | prefix cache 0/29 entries | 1 prefilling
2026-10-06 16:52:29.846 INFO  stats: rank 1 | 10.2 s | decode 0.0 tok/s, 0.0 ms/tok, 0.0 ms/step (0 steps / 0 tok, 0 % of wall) | prefill 0 prompts / 4096 tok, 402 tok/s, 2.49 ms/tok (100 % of wall), 0 tok cached (0/0 hits) | live 1, queued 0 | pool 2046/2048 blocks (100 %) | prefix cache 0/29 entries | 1 prefilling
2026-10-06 16:52:40.048 INFO  stats: rank 1 | 10.2 s | decode 0.0 tok/s, 0.0 ms/tok, 0.0 ms/step (0 steps / 0 tok, 0 % of wall) | prefill 0 prompts / 4096 tok, 401 tok/s, 2.49 ms/tok (100 % of wall), 0 tok cached (0/0 hits) | live 1, queued 0 | pool 2046/2048 blocks (100 %) | prefix cache 0/29 entries | 1 prefilling
2026-10-06 16:52:50.327 INFO  stats: rank 1 | 10.3 s | decode 0.0 tok/s, 0.0 ms/tok, 0.0 ms/step (0 steps / 0 tok, 0 % of wall) | prefill 0 prompts / 4096 tok, 398 tok/s, 2.51 ms/tok (100 % of wall), 0 tok cached (0/0 hits) | live 1, queued 0 | pool 2046/2048 blocks (100 %) | prefix cache 0/29 entries | 1 prefilling
2026-10-06 16:53:00.655 INFO  stats: rank 1 | 10.3 s | decode 0.0 tok/s, 0.0 ms/tok, 0.0 ms/step (0 steps / 0 tok, 0 % of wall) | prefill 0 prompts / 4096 tok, 397 tok/s, 2.52 ms/tok (100 % of wall), 0 tok cached (0/0 hits) | live 1, queued 0 | pool 2046/2048 blocks (100 %) | prefix cache 0/29 entries | 1 prefilling
2026-10-06 16:53:11.035 INFO  stats: rank 1 | 10.4 s | decode 0.0 tok/s, 0.0 ms/tok, 0.0 ms/step (0 steps / 0 tok, 0 % of wall) | prefill 0 prompts / 4096 tok, 395 tok/s, 2.53 ms/tok (100 % of wall), 0 tok cached (0/0 hits) | live 1, queued 0 | pool 2046/2048 blocks (100 %) | prefix cache 0/29 entries | 1 prefilling
2026-10-06 16:53:21.324 INFO  stats: rank 1 | 10.3 s | decode 0.0 tok/s, 0.0 ms/tok, 0.0 ms/step (0 steps / 0 tok, 0 % of wall) | prefill 0 prompts / 4096 tok, 398 tok/s, 2.51 ms/tok (100 % of wall), 0 tok cached (0/0 hits) | live 1, queued 0 | pool 2046/2048 blocks (100 %) | prefix cache 0/29 entries | 1 prefilling
2026-10-06 16:53:31.759 INFO  stats: rank 1 | 10.4 s | decode 0.0 tok/s, 0.0 ms/tok, 0.0 ms/step (0 steps / 0 tok, 0 % of wall) | prefill 0 prompts / 4096 tok, 393 tok/s, 2.55 ms/tok (100 % of wall), 0 tok cached (0/0 hits) | live 1, queued 0 | pool 2046/2048 blocks (100 %) | prefix cache 0/29 entries | 1 prefilling
2026-10-06 16:53:42.338 INFO  stats: rank 1 | 10.6 s | decode 0.0 tok/s, 0.0 ms/tok, 0.0 ms/step (0 steps / 0 tok, 0 % of wall) | prefill 0 prompts / 4096 tok, 387 tok/s, 2.58 ms/tok (100 % of wall), 0 tok cached (0/0 hits) | live 1, queued 0 | pool 2046/2048 blocks (100 %) | prefix cache 0/29 entries | 1 prefilling
2026-10-06 16:53:52.919 INFO  stats: rank 1 | 10.6 s | decode 0.0 tok/s, 0.0 ms/tok, 0.0 ms/step (0 steps / 0 tok, 0 % of wall) | prefill 0 prompts / 4096 tok, 387 tok/s, 2.58 ms/tok (100 % of wall), 0 tok cached (0/0 hits) | live 1, queued 0 | pool 2046/2048 blocks (100 %) | prefix cache 0/29 entries | 1 prefilling
2026-10-06 16:54:03.063 INFO  stats: rank 1 | 10.1 s | decode 0.0 tok/s, 0.0 ms/tok, 0.0 ms/step (0 steps / 0 tok, 0 % of wall) | prefill 0 prompts / 3840 tok, 379 tok/s, 2.64 ms/tok (100 % of wall), 0 tok cached (0/0 hits) | live 1, queued 0 | pool 2046/2048 blocks (100 %) | prefix cache 0/29 entries | 1 prefilling
2026-10-06 16:54:13.117 INFO  stats: rank 1 | 10.1 s | decode 0.0 tok/s, 0.0 ms/tok, 0.0 ms/step (0 steps / 0 tok, 0 % of wall) | prefill 0 prompts / 3840 tok, 382 tok/s, 2.62 ms/tok (100 % of wall), 0 tok cached (0/0 hits) | live 1, queued 0 | pool 2046/2048 blocks (100 %) | prefix cache 0/29 entries | 1 prefilling
2026-10-06 16:54:23.186 INFO  stats: rank 1 | 10.1 s | decode 0.0 tok/s, 0.0 ms/tok, 0.0 ms/step (0 steps / 0 tok, 0 % of wall) | prefill 0 prompts / 3840 tok, 381 tok/s, 2.62 ms/tok (100 % of wall), 0 tok cached (0/0 hits) | live 1, queued 0 | pool 2046/2048 blocks (100 %) | prefix cache 0/29 entries | 1 prefilling
2026-10-06 16:54:33.320 INFO  stats: rank 1 | 10.1 s | decode 0.0 tok/s, 0.0 ms/tok, 0.0 ms/step (0 steps / 0 tok, 0 % of wall) | prefill 0 prompts / 3840 tok, 379 tok/s, 2.64 ms/tok (100 % of wall), 0 tok cached (0/0 hits) | live 1, queued 0 | pool 2046/2048 blocks (100 %) | prefix cache 0/29 entries | 1 prefilling
2026-10-06 16:54:43.545 INFO  stats: rank 1 | 10.2 s | decode 0.0 tok/s, 0.0 ms/tok, 0.0 ms/step (0 steps / 0 tok, 0 % of wall) | prefill 0 prompts / 3840 tok, 376 tok/s, 2.66 ms/tok (100 % of wall), 0 tok cached (0/0 hits) | live 1, queued 0 | pool 2046/2048 blocks (100 %) | prefix cache 0/29 entries | 1 prefilling
2026-10-06 16:54:53.766 INFO  stats: rank 1 | 10.2 s | decode 0.0 tok/s, 0.0 ms/tok, 0.0 ms/step (0 steps / 0 tok, 0 % of wall) | prefill 0 prompts / 3840 tok, 376 tok/s, 2.66 ms/tok (100 % of wall), 0 tok cached (0/0 hits) | live 1, queued 0 | pool 2046/2048 blocks (100 %) | prefix cache 0/29 entries | 1 prefilling
2026-10-06 16:55:04.008 INFO  stats: rank 1 | 10.2 s | decode 0.0 tok/s, 0.0 ms/tok, 0.0 ms/step (0 steps / 0 tok, 0 % of wall) | prefill 0 prompts / 3840 tok, 375 tok/s, 2.67 ms/tok (100 % of wall), 0 tok cached (0/0 hits) | live 1, queued 0 | pool 2046/2048 blocks (100 %) | prefix cache 0/29 entries | 1 prefilling
2026-10-06 16:55:14.381 INFO  stats: rank 1 | 10.4 s | decode 0.0 tok/s, 0.0 ms/tok, 0.0 ms/step (0 steps / 0 tok, 0 % of wall) | prefill 0 prompts / 3840 tok, 370 tok/s, 2.70 ms/tok (100 % of wall), 0 tok cached (0/0 hits) | live 1, queued 0 | pool 2046/2048 blocks (100 %) | prefix cache 0/29 entries | 1 prefilling
2026-10-06 16:55:24.780 INFO  stats: rank 1 | 10.4 s | decode 0.0 tok/s, 0.0 ms/tok, 0.0 ms/step (0 steps / 0 tok, 0 % of wall) | prefill 0 prompts / 3840 tok, 369 tok/s, 2.71 ms/tok (100 % of wall), 0 tok cached (0/0 hits) | live 1, queued 0 | pool 2046/2048 blocks (100 %) | prefix cache 0/29 entries | 1 prefilling
2026-10-06 16:55:35.396 INFO  stats: rank 1 | 10.6 s | decode 0.0 tok/s, 0.0 ms/tok, 0.0 ms/step (0 steps / 0 tok, 0 % of wall) | prefill 0 prompts / 3840 tok, 362 tok/s, 2.76 ms/tok (100 % of wall), 0 tok cached (0/0 hits) | live 1, queued 0 | pool 2046/2048 blocks (100 %) | prefix cache 0/29 entries | 1 prefilling
2026-10-06 16:55:46.088 INFO  stats: rank 1 | 10.7 s | decode 0.0 tok/s, 0.0 ms/tok, 0.0 ms/step (0 steps / 0 tok, 0 % of wall) | prefill 0 prompts / 3840 tok, 359 tok/s, 2.78 ms/tok (100 % of wall), 0 tok cached (0/0 hits) | live 1, queued 0 | pool 2046/2048 blocks (100 %) | prefix cache 0/29 entries | 1 prefilling
2026-10-06 16:55:56.698 INFO  stats: rank 1 | 10.6 s | decode 0.0 tok/s, 0.0 ms/tok, 0.0 ms/step (0 steps / 0 tok, 0 % of wall) | prefill 0 prompts / 3840 tok, 362 tok/s, 2.76 ms/tok (100 % of wall), 0 tok cached (0/0 hits) | live 1, queued 0 | pool 2046/2048 blocks (100 %) | prefix cache 0/29 entries | 1 prefilling
2026-10-06 16:56:07.275 INFO  stats: rank 1 | 10.6 s | decode 0.0 tok/s, 0.0 ms/tok, 0.0 ms/step (0 steps / 0 tok, 0 % of wall) | prefill 0 prompts / 3840 tok, 363 tok/s, 2.75 ms/tok (100 % of wall), 0 tok cached (0/0 hits) | live 1, queued 0 | pool 2046/2048 blocks (100 %) | prefix cache 0/29 entries | 1 prefilling
2026-10-06 16:56:17.303 INFO  stats: rank 1 | 10.0 s | decode 0.0 tok/s, 0.0 ms/tok, 0.0 ms/step (0 steps / 0 tok, 0 % of wall) | prefill 0 prompts / 3584 tok, 357 tok/s, 2.80 ms/tok (100 % of wall), 0 tok cached (0/0 hits) | live 1, queued 0 | pool 2046/2048 blocks (100 %) | prefix cache 0/29 entries | 1 prefilling
2026-10-06 16:56:27.370 INFO  stats: rank 1 | 10.1 s | decode 0.0 tok/s, 0.0 ms/tok, 0.0 ms/step (0 steps / 0 tok, 0 % of wall) | prefill 0 prompts / 3584 tok, 356 tok/s, 2.81 ms/tok (100 % of wall), 0 tok cached (0/0 hits) | live 1, queued 0 | pool 2046/2048 blocks (100 %) | prefix cache 0/29 entries | 1 prefilling
2026-10-06 16:56:37.508 INFO  stats: rank 1 | 10.1 s | decode 0.0 tok/s, 0.0 ms/tok, 0.0 ms/step (0 steps / 0 tok, 0 % of wall) | prefill 0 prompts / 3584 tok, 354 tok/s, 2.83 ms/tok (100 % of wall), 0 tok cached (0/0 hits) | live 1, queued 0 | pool 2046/2048 blocks (100 %) | prefix cache 0/29 entries | 1 prefilling
2026-10-06 16:56:47.588 INFO  stats: rank 1 | 10.1 s | decode 0.0 tok/s, 0.0 ms/tok, 0.0 ms/step (0 steps / 0 tok, 0 % of wall) | prefill 0 prompts / 3584 tok, 356 tok/s, 2.81 ms/tok (100 % of wall), 0 tok cached (0/0 hits) | live 1, queued 0 | pool 2046/2048 blocks (100 %) | prefix cache 0/29 entries | 1 prefilling
2026-10-06 16:56:58.020 INFO  stats: rank 1 | 10.4 s | decode 0.0 tok/s, 0.0 ms/tok, 0.0 ms/step (0 steps / 0 tok, 0 % of wall) | prefill 0 prompts / 3584 tok, 344 tok/s, 2.91 ms/tok (100 % of wall), 0 tok cached (0/0 hits) | live 1, queued 0 | pool 2046/2048 blocks (100 %) | prefix cache 0/29 entries | 1 prefilling
2026-10-06 16:57:08.297 INFO  stats: rank 1 | 10.3 s | decode 0.0 tok/s, 0.0 ms/tok, 0.0 ms/step (0 steps / 0 tok, 0 % of wall) | prefill 0 prompts / 3584 tok, 349 tok/s, 2.87 ms/tok (100 % of wall), 0 tok cached (0/0 hits) | live 1, queued 0 | pool 2046/2048 blocks (100 %) | prefix cache 0/29 entries | 1 prefilling
2026-10-06 16:57:18.672 INFO  stats: rank 1 | 10.4 s | decode 0.0 tok/s, 0.0 ms/tok, 0.0 ms/step (0 steps / 0 tok, 0 % of wall) | prefill 0 prompts / 3584 tok, 345 tok/s, 2.89 ms/tok (100 % of wall), 0 tok cached (0/0 hits) | live 1, queued 0 | pool 2046/2048 blocks (100 %) | prefix cache 0/29 entries | 1 prefilling
2026-10-06 16:57:29.098 INFO  stats: rank 1 | 10.4 s | decode 0.0 tok/s, 0.0 ms/tok, 0.0 ms/step (0 steps / 0 tok, 0 % of wall) | prefill 0 prompts / 3584 tok, 344 tok/s, 2.91 ms/tok (100 % of wall), 0 tok cached (0/0 hits) | live 1, queued 0 | pool 2046/2048 blocks (100 %) | prefix cache 0/29 entries | 1 prefilling
2026-10-06 16:57:39.476 INFO  stats: rank 1 | 10.4 s | decode 0.0 tok/s, 0.0 ms/tok, 0.0 ms/step (0 steps / 0 tok, 0 % of wall) | prefill 0 prompts / 3584 tok, 345 tok/s, 2.89 ms/tok (100 % of wall), 0 tok cached (0/0 hits) | live 1, queued 0 | pool 2046/2048 blocks (100 %) | prefix cache 0/29 entries | 1 prefilling
2026-10-06 16:57:49.824 INFO  stats: rank 1 | 10.3 s | decode 0.0 tok/s, 0.0 ms/tok, 0.0 ms/step (0 steps / 0 tok, 0 % of wall) | prefill 0 prompts / 3584 tok, 346 tok/s, 2.89 ms/tok (100 % of wall), 0 tok cached (0/0 hits) | live 1, queued 0 | pool 2046/2048 blocks (100 %) | prefix cache 0/29 entries | 1 prefilling
2026-10-06 16:58:00.304 INFO  stats: rank 1 | 10.5 s | decode 0.0 tok/s, 0.0 ms/tok, 0.0 ms/step (0 steps / 0 tok, 0 % of wall) | prefill 0 prompts / 3584 tok, 342 tok/s, 2.92 ms/tok (100 % of wall), 0 tok cached (0/0 hits) | live 1, queued 0 | pool 2046/2048 blocks (100 %) | prefix cache 0/29 entries | 1 prefilling
2026-10-06 16:58:10.764 INFO  stats: rank 1 | 10.5 s | decode 0.0 tok/s, 0.0 ms/tok, 0.0 ms/step (0 steps / 0 tok, 0 % of wall) | prefill 0 prompts / 3584 tok, 343 tok/s, 2.92 ms/tok (100 % of wall), 0 tok cached (0/0 hits) | live 1, queued 0 | pool 2046/2048 blocks (100 %) | prefix cache 0/29 entries | 1 prefilling
2026-10-06 16:58:21.354 INFO  stats: rank 1 | 10.6 s | decode 0.0 tok/s, 0.0 ms/tok, 0.0 ms/step (0 steps / 0 tok, 0 % of wall) | prefill 0 prompts / 3584 tok, 338 tok/s, 2.95 ms/tok (100 % of wall), 0 tok cached (0/0 hits) | live 1, queued 0 | pool 2046/2048 blocks (100 %) | prefix cache 0/29 entries | 1 prefilling
2026-10-06 16:58:31.971 INFO  stats: rank 1 | 10.6 s | decode 0.0 tok/s, 0.0 ms/tok, 0.0 ms/step (0 steps / 0 tok, 0 % of wall) | prefill 0 prompts / 3584 tok, 338 tok/s, 2.96 ms/tok (100 % of wall), 0 tok cached (0/0 hits) | live 1, queued 0 | pool 2046/2048 blocks (100 %) | prefix cache 0/29 entries | 1 prefilling
2026-10-06 16:58:42.667 INFO  stats: rank 1 | 10.7 s | decode 0.0 tok/s, 0.0 ms/tok, 0.0 ms/step (0 steps / 0 tok, 0 % of wall) | prefill 0 prompts / 3584 tok, 335 tok/s, 2.98 ms/tok (100 % of wall), 0 tok cached (0/0 hits) | live 1, queued 0 | pool 2046/2048 blocks (100 %) | prefix cache 0/29 entries | 1 prefilling
2026-10-06 16:58:53.356 INFO  stats: rank 1 | 10.7 s | decode 0.0 tok/s, 0.0 ms/tok, 0.0 ms/step (0 steps / 0 tok, 0 % of wall) | prefill 0 prompts / 3584 tok, 335 tok/s, 2.98 ms/tok (100 % of wall), 0 tok cached (0/0 hits) | live 1, queued 0 | pool 2046/2048 blocks (100 %) | prefix cache 0/29 entries | 1 prefilling
2026-10-06 16:59:04.048 INFO  stats: rank 1 | 10.7 s | decode 0.0 tok/s, 0.0 ms/tok, 0.0 ms/step (0 steps / 0 tok, 0 % of wall) | prefill 0 prompts / 3584 tok, 335 tok/s, 2.98 ms/tok (100 % of wall), 0 tok cached (0/0 hits) | live 1, queued 0 | pool 2046/2048 blocks (100 %) | prefix cache 0/29 entries | 1 prefilling
2026-10-06 16:59:14.851 INFO  stats: rank 1 | 10.8 s | decode 0.0 tok/s, 0.0 ms/tok, 0.0 ms/step (0 steps / 0 tok, 0 % of wall) | prefill 0 prompts / 3584 tok, 332 tok/s, 3.01 ms/tok (100 % of wall), 0 tok cached (0/0 hits) | live 1, queued 0 | pool 2046/2048 blocks (100 %) | prefix cache 0/29 entries | 1 prefilling
2026-10-06 16:59:24.980 INFO  stats: rank 1 | 10.1 s | decode 0.0 tok/s, 0.0 ms/tok, 0.0 ms/step (0 steps / 0 tok, 0 % of wall) | prefill 0 prompts / 3328 tok, 329 tok/s, 3.04 ms/tok (100 % of wall), 0 tok cached (0/0 hits) | live 1, queued 0 | pool 2046/2048 blocks (100 %) | prefix cache 0/29 entries | 1 prefilling
2026-10-06 16:59:31.319 INFO  sched: request 'chatcmpl-40aebdc34db63603' admitted to slot 0 (reserve 2046 blocks; pool 2047/2048 blocks in use) — first token 785
2026-10-06 16:59:34.991 INFO  stats: rank 1 | 10.0 s | decode 11.2 tok/s, 32.5 ms/tok, 61.7 ms/step (59 steps / 112 tok, 36 % of wall) | mtp 1.90 tok/step/req, accept p1 88 % | prefill 1 prompt / 2048 tok, 205 tok/s, 3.09 ms/tok, 6332 ms avg (63 % of wall), 0 tok cached (0/0 hits) | live 1, queued 0 | pool 2048/2048 blocks (100 %) | prefix cache 2/29 entries
2026-10-06 16:59:39.639 INFO  sched: request 'chatcmpl-40aebdc34db63603' retired (steps): 256 tok in 677.8 s — prefill 261632 tok (0 cached) in 669094 ms; decode 255 tok / 133 passes in 8.7 s: 29.2 tok/s, 34.3 ms/tok, 66 ms/pass, 1.92 tok/pass, accept p1 92 %
2026-10-06 16:59:39.755 INFO  sched: request 'chatcmpl-40aebdc34db63604' starting prefill in slot 0 (261632 prompt tokens)
2026-10-06 16:59:39.756 INFO  sched: request 'chatcmpl-40aebdc34db63604' prefilling in slot 0 (256 tokens/tick)
2026-10-06 16:59:39.863 INFO  sched: request 'chatcmpl-40aebdc34db63604' admitted to slot 0 (reserve 2046 blocks; pool 2047/2048 blocks in use) — first token 785
2026-10-06 16:59:45.041 INFO  stats: rank 1 | 10.0 s | decode 30.1 tok/s, 32.1 ms/tok, 62.0 ms/step (157 steps / 303 tok, 97 % of wall) | mtp 1.93 tok/step/req, accept p1 93 % | prefill 1 prompt / 4 tok, 0 tok/s, 27.08 ms/tok, 108 ms avg (1 % of wall), 261628 tok cached (1/1 hit) | live 1, queued 0 | pool 2048/2048 blocks (100 %) | prefix cache 1/29 entries
2026-10-06 16:59:48.185 INFO  sched: request 'chatcmpl-40aebdc34db63604' retired (steps): 256 tok in 8.4 s — prefill 261632 tok (261628 cached) in 108 ms; decode 255 tok / 133 passes in 8.3 s: 30.6 tok/s, 32.6 ms/tok, 63 ms/pass, 1.92 tok/pass, accept p1 92 %
2026-10-06 16:59:48.294 INFO  sched: request 'chatcmpl-40aebdc34db63605' starting prefill in slot 0 (261632 prompt tokens)
2026-10-06 16:59:48.295 INFO  sched: request 'chatcmpl-40aebdc34db63605' prefilling in slot 0 (256 tokens/tick)
2026-10-06 16:59:48.399 INFO  sched: request 'chatcmpl-40aebdc34db63605' admitted to slot 0 (reserve 2046 blocks; pool 2047/2048 blocks in use) — first token 785
2026-10-06 16:59:55.097 INFO  stats: rank 1 | 10.1 s | decode 30.2 tok/s, 32.0 ms/tok, 62.0 ms/step (157 steps / 304 tok, 97 % of wall) | mtp 1.94 tok/step/req, accept p1 94 % | prefill 1 prompt / 4 tok, 0 tok/s, 26.29 ms/tok, 105 ms avg (1 % of wall), 261628 tok cached (1/1 hit) | live 1, queued 0 | pool 2048/2048 blocks (100 %) | prefix cache 1/29 entries
2026-10-06 16:59:56.730 INFO  sched: request 'chatcmpl-40aebdc34db63605' retired (steps): 256 tok in 8.4 s — prefill 261632 tok (261628 cached) in 105 ms; decode 255 tok / 133 passes in 8.3 s: 30.6 tok/s, 32.7 ms/tok, 63 ms/pass, 1.92 tok/pass, accept p1 92 %
2026-10-06 16:59:57.647 INFO  journal: stop record — exiting
2026-10-06 16:59:57.657 INFO  rank 1: graph engine sampling summary — 0 sampled decode steps, 0 served by the exact gather fallback (0.0%), 128 candidates per rank
2026-10-06 16:59:59.482 INFO  rank 1: exited cleanly
